2026-09-11 01:59:16 INFO: Warehouse initialization | grid=5x10, physical=14x15, num_skus=500, num_robots=5, num_ws=3
2026-09-11 01:59:16 INFO: Warehouse initialized | 50 pods  (average number of skus per pod = 30.00), 3 workstations, 5 robots
2026-09-11 01:59:16 INFO: [OptManager] Building time-space network ...
2026-09-11 01:59:16 INFO: [OptManager] Network ready: 2650 nodes, 14602 travelling arcs, 2597 idle arcs.
2026-09-11 01:59:16 INFO: 
=============================================
2026-09-11 01:59:16 INFO:   START SIMULATION  {TIME HORIZON = 00:00:02}
2026-09-11 01:59:16 DEBUG:    EVENT NUM 1     current_time = 00:00:00   ARRIVAL_ORDER         [queue size = 1]
2026-09-11 01:59:16 DEBUG: Order 0 arrived: items_required = [191].     [orders_in_system = 1]
2026-09-11 01:59:16 DEBUG: Order 1 arrived: items_required = [255].     [orders_in_system = 2]
2026-09-11 01:59:16 DEBUG: Order 2 arrived: items_required = [165, 384].     [orders_in_system = 3]
2026-09-11 01:59:16 DEBUG: Order 3 arrived: items_required = [138].     [orders_in_system = 4]
2026-09-11 01:59:16 DEBUG: Order 4 arrived: items_required = [196].     [orders_in_system = 5]
2026-09-11 01:59:16 DEBUG: Order 5 arrived: items_required = [253].     [orders_in_system = 6]
2026-09-11 01:59:16 DEBUG: Order 6 arrived: items_required = [256, 188, 183].     [orders_in_system = 7]
2026-09-11 01:59:16 DEBUG: Order 7 arrived: items_required = [296].     [orders_in_system = 8]
2026-09-11 01:59:16 DEBUG: Order 8 arrived: items_required = [276, 177].     [orders_in_system = 9]
2026-09-11 01:59:16 DEBUG: Order 9 arrived: items_required = [178, 297, 252].     [orders_in_system = 10]
2026-09-11 01:59:16 DEBUG: Order 10 arrived: items_required = [422, 325].     [orders_in_system = 11]
2026-09-11 01:59:16 DEBUG: Order 11 arrived: items_required = [275].     [orders_in_system = 12]
2026-09-11 01:59:16 DEBUG: Order 12 arrived: items_required = [226, 241].     [orders_in_system = 13]
2026-09-11 01:59:16 DEBUG: Order 13 arrived: items_required = [331].     [orders_in_system = 14]
2026-09-11 01:59:16 DEBUG: Order 14 arrived: items_required = [217].     [orders_in_system = 15]
2026-09-11 01:59:16 DEBUG: Order 15 arrived: items_required = [167, 221].     [orders_in_system = 16]
2026-09-11 01:59:16 DEBUG: Order 16 arrived: items_required = [155].     [orders_in_system = 17]
2026-09-11 01:59:16 DEBUG: Order 17 arrived: items_required = [474, 226, 222].     [orders_in_system = 18]
2026-09-11 01:59:16 DEBUG: Order 18 arrived: items_required = [252].     [orders_in_system = 19]
2026-09-11 01:59:16 DEBUG: Order 19 arrived: items_required = [246, 368, 219].     [orders_in_system = 20]
2026-09-11 01:59:16 DEBUG: Order 20 arrived: items_required = [248].     [orders_in_system = 21]
2026-09-11 01:59:16 DEBUG: Order 21 arrived: items_required = [188].     [orders_in_system = 22]
2026-09-11 01:59:16 DEBUG: Order 22 arrived: items_required = [434, 368].     [orders_in_system = 23]
2026-09-11 01:59:16 DEBUG: Order 23 arrived: items_required = [232, 195].     [orders_in_system = 24]
2026-09-11 01:59:16 DEBUG: Order 24 arrived: items_required = [365, 182].     [orders_in_system = 25]
2026-09-11 01:59:16 DEBUG: Order 25 arrived: items_required = [278].     [orders_in_system = 26]
2026-09-11 01:59:16 DEBUG: Order 26 arrived: items_required = [329].     [orders_in_system = 27]
2026-09-11 01:59:16 DEBUG: Order 27 arrived: items_required = [282].     [orders_in_system = 28]
2026-09-11 01:59:16 DEBUG: Order 28 arrived: items_required = [181].     [orders_in_system = 29]
2026-09-11 01:59:16 DEBUG: Order 29 arrived: items_required = [280, 153].     [orders_in_system = 30]
2026-09-11 01:59:16 DEBUG: Order 30 arrived: items_required = [383].     [orders_in_system = 31]
2026-09-11 01:59:16 DEBUG: Order 31 arrived: items_required = [151, 145, 263, 253].     [orders_in_system = 32]
2026-09-11 01:59:16 DEBUG: Order 32 arrived: items_required = [102].     [orders_in_system = 33]
2026-09-11 01:59:16 DEBUG: Order 33 arrived: items_required = [298, 184, 242].     [orders_in_system = 34]
2026-09-11 01:59:16 DEBUG: Order 34 arrived: items_required = [322].     [orders_in_system = 35]
2026-09-11 01:59:16 DEBUG: Order 35 arrived: items_required = [134, 281, 280].     [orders_in_system = 36]
2026-09-11 01:59:16 DEBUG: Order 36 arrived: items_required = [165].     [orders_in_system = 37]
2026-09-11 01:59:16 DEBUG: Order 37 arrived: items_required = [298].     [orders_in_system = 38]
2026-09-11 01:59:16 DEBUG: Order 38 arrived: items_required = [205, 203].     [orders_in_system = 39]
2026-09-11 01:59:16 DEBUG: Order 39 arrived: items_required = [174].     [orders_in_system = 40]
2026-09-11 01:59:16 DEBUG: Order 40 arrived: items_required = [330].     [orders_in_system = 41]
2026-09-11 01:59:16 DEBUG: Order 41 arrived: items_required = [282, 362].     [orders_in_system = 42]
2026-09-11 01:59:16 DEBUG: Order 42 arrived: items_required = [171, 237].     [orders_in_system = 43]
2026-09-11 01:59:16 DEBUG: Order 43 arrived: items_required = [263].     [orders_in_system = 44]
2026-09-11 01:59:16 DEBUG: Order 44 arrived: items_required = [175, 129].     [orders_in_system = 45]
2026-09-11 01:59:16 DEBUG: Order 45 arrived: items_required = [351, 260, 295].     [orders_in_system = 46]
2026-09-11 01:59:16 DEBUG: Order 46 arrived: items_required = [281].     [orders_in_system = 47]
2026-09-11 01:59:16 DEBUG: Order 47 arrived: items_required = [165, 379, 270, 267].     [orders_in_system = 48]
2026-09-11 01:59:16 DEBUG: Order 48 arrived: items_required = [369].     [orders_in_system = 49]
2026-09-11 01:59:16 DEBUG: Order 49 arrived: items_required = [154].     [orders_in_system = 50]
2026-09-11 01:59:16 DEBUG:    EVENT NUM 2     current_time = 00:00:01   RUN_OPTIMIZER         [queue size = 1]
2026-09-11 01:59:16 INFO: Solving stage 1 ... 
2026-09-11 01:59:16 INFO: 
[lns_stage1] start | 50 orders, 50 pods, 3 workstations (50 free to move) | budget 30s
2026-09-11 01:59:16 INFO: [lns_stage1] initial objective 44.2000
2026-09-11 01:59:16 INFO: [lns_stage1] iter 2 | objective 41.1000 | improved by 3.1000 | hole 25 orders | 0s elapsed
2026-09-11 01:59:16 INFO: [lns_stage1] iter 3 | objective 39.7000 | improved by 1.4000 | hole 25 orders | 0s elapsed
2026-09-11 01:59:17 INFO: [lns_stage1] iter 16 | objective 39.3000 | improved by 0.4000 | hole 20 orders | 0s elapsed
2026-09-11 01:59:17 INFO: [lns_stage1] iter 21 | objective 38.6000 | improved by 0.7000 | hole 25 orders | 1s elapsed
2026-09-11 01:59:17 INFO: [lns_stage1] iter 23 | objective 37.0000 | improved by 1.6000 | hole 25 orders | 1s elapsed
2026-09-11 01:59:17 INFO: [lns_stage1] iter 34 | objective 36.5000 | improved by 0.5000 | hole 25 orders | 1s elapsed
2026-09-11 01:59:19 INFO: [lns_stage1] done | 3.3s, 200 iterations | final objective 36.5000 
2026-09-11 01:59:19 INFO: Stage 1 solved.
2026-09-11 01:59:19 INFO: Solving stage 2 ... 
2026-09-11 01:59:19 INFO: 
[lns_stage2] start | 83 item order pairs, 20 pods, 3 workstations, 50 time steps | budget 200s
2026-09-11 01:59:20 INFO: [lns_stage2] initial objective 49.3590
2026-09-11 01:59:21 INFO: [lns_stage2] iter 4 | objective 51.7330 | improved by 2.3740 | hole 6 pods | 1s elapsed
2026-09-11 01:59:21 INFO: [lns_stage2] iter 5 | objective 53.9457 | improved by 2.2127 | hole 6 pods | 1s elapsed
2026-09-11 01:59:22 INFO: [lns_stage2] iter 6 | objective 62.8012 | improved by 8.8555 | hole 6 pods | 2s elapsed
2026-09-11 01:59:22 INFO: [lns_stage2] iter 7 | objective 63.0200 | improved by 0.2188 | hole 6 pods | 3s elapsed
2026-09-11 01:59:23 INFO: [lns_stage2] iter 8 | objective 63.1501 | improved by 0.1301 | hole 9 pods | 3s elapsed
2026-09-11 01:59:24 INFO: [lns_stage2] iter 10 | objective 65.4593 | improved by 2.3092 | hole 9 pods | 4s elapsed
2026-09-11 01:59:25 INFO: [lns_stage2] iter 11 | objective 69.2116 | improved by 3.7523 | hole 9 pods | 5s elapsed
2026-09-11 01:59:25 INFO: [lns_stage2] iter 13 | objective 70.9484 | improved by 1.7368 | hole 6 pods | 6s elapsed
2026-09-11 01:59:26 INFO: [lns_stage2] iter 14 | objective 71.0967 | improved by 0.1483 | hole 6 pods | 6s elapsed
2026-09-11 01:59:27 INFO: [lns_stage2] iter 15 | objective 71.2716 | improved by 0.1749 | hole 9 pods | 7s elapsed
2026-09-11 01:59:27 INFO: [lns_stage2] iter 18 | objective 72.4200 | improved by 1.1484 | hole 6 pods | 8s elapsed
2026-09-11 01:59:28 INFO: [lns_stage2] iter 19 | objective 74.2508 | improved by 1.8308 | hole 6 pods | 8s elapsed
2026-09-11 01:59:28 INFO: [lns_stage2] iter 20 | objective 75.2947 | improved by 1.0439 | hole 6 pods | 9s elapsed
2026-09-11 01:59:29 INFO: [lns_stage2] iter 21 | objective 76.9016 | improved by 1.6069 | hole 6 pods | 10s elapsed
2026-09-11 01:59:30 INFO: [lns_stage2] iter 24 | objective 77.6532 | improved by 0.7516 | hole 6 pods | 11s elapsed
2026-09-11 01:59:33 INFO: [lns_stage2] iter 31 | objective 78.0328 | improved by 0.3796 | hole 8 pods | 14s elapsed
2026-09-11 01:59:38 INFO: [lns_stage2] iter 44 | objective 78.0570 | improved by 0.0242 | hole 6 pods | 18s elapsed
2026-09-11 01:59:41 INFO: [lns_stage2] iter 51 | objective 78.5465 | improved by 0.4895 | hole 8 pods | 22s elapsed
2026-09-11 01:59:44 INFO: [lns_stage2] iter 56 | objective 80.0496 | improved by 1.5031 | hole 10 pods | 25s elapsed
2026-09-11 01:59:46 INFO: [lns_stage2] iter 63 | objective 80.0677 | improved by 0.0181 | hole 6 pods | 27s elapsed
2026-09-11 01:59:53 INFO: [lns_stage2] iter 86 | objective 80.3328 | improved by 0.2651 | hole 5 pods | 34s elapsed
2026-09-11 02:00:40 INFO: [lns_stage2] done | 80.5s, 240 iterations | final objective 80.3328 
2026-09-11 02:00:40 INFO: Stage 2 solved.
2026-09-11 02:00:40 DEBUG: Order 1 will be opened at workstation 0. [opened orders = 0 / 4]
2026-09-11 02:00:40 DEBUG: Order 17 will be opened at workstation 0. [opened orders = 0 / 4]
2026-09-11 02:00:40 DEBUG: Order 18 will be opened at workstation 0. [opened orders = 0 / 4]
2026-09-11 02:00:40 DEBUG: Order 49 will be opened at workstation 0. [opened orders = 0 / 4]
2026-09-11 02:00:40 DEBUG: Order 0 queued at workstation 0. [order_queue len = 1]
2026-09-11 02:00:40 DEBUG: Order 29 queued at workstation 0. [order_queue len = 2]
2026-09-11 02:00:40 DEBUG: Order 32 queued at workstation 0. [order_queue len = 3]
2026-09-11 02:00:40 DEBUG: Order 3 queued at workstation 0. [order_queue len = 4]
2026-09-11 02:00:40 DEBUG: Order 7 queued at workstation 0. [order_queue len = 5]
2026-09-11 02:00:40 DEBUG: Order 20 queued at workstation 0. [order_queue len = 6]
2026-09-11 02:00:40 DEBUG: Order 21 queued at workstation 0. [order_queue len = 7]
2026-09-11 02:00:40 DEBUG: Order 26 queued at workstation 0. [order_queue len = 8]
2026-09-11 02:00:40 DEBUG: Order 43 queued at workstation 0. [order_queue len = 9]
2026-09-11 02:00:40 DEBUG: Order 15 queued at workstation 0. [order_queue len = 10]
2026-09-11 02:00:40 DEBUG: Order 13 queued at workstation 0. [order_queue len = 11]
2026-09-11 02:00:40 DEBUG: Order 24 queued at workstation 0. [order_queue len = 12]
2026-09-11 02:00:40 DEBUG: Order 37 queued at workstation 0. [order_queue len = 13]
2026-09-11 02:00:40 DEBUG: Order 12 queued at workstation 0. [order_queue len = 14]
2026-09-11 02:00:40 DEBUG: Order 4 will be opened at workstation 1. [opened orders = 0 / 4]
2026-09-11 02:00:40 DEBUG: Order 40 will be opened at workstation 1. [opened orders = 0 / 4]
2026-09-11 02:00:40 DEBUG: Order 11 will be opened at workstation 1. [opened orders = 0 / 4]
2026-09-11 02:00:40 DEBUG: Order 9 will be opened at workstation 1. [opened orders = 0 / 4]
2026-09-11 02:00:40 DEBUG: Order 33 queued at workstation 1. [order_queue len = 1]
2026-09-11 02:00:40 DEBUG: Order 19 queued at workstation 1. [order_queue len = 2]
2026-09-11 02:00:40 DEBUG: Order 48 queued at workstation 1. [order_queue len = 3]
2026-09-11 02:00:40 DEBUG: Order 39 queued at workstation 1. [order_queue len = 4]
2026-09-11 02:00:40 DEBUG: Order 46 queued at workstation 1. [order_queue len = 5]
2026-09-11 02:00:40 DEBUG: Order 22 queued at workstation 1. [order_queue len = 6]
2026-09-11 02:00:40 DEBUG: Order 2 queued at workstation 1. [order_queue len = 7]
2026-09-11 02:00:40 DEBUG: Order 47 queued at workstation 1. [order_queue len = 8]
2026-09-11 02:00:40 DEBUG: Order 31 queued at workstation 1. [order_queue len = 9]
2026-09-11 02:00:40 DEBUG: Order 34 queued at workstation 1. [order_queue len = 10]
2026-09-11 02:00:40 DEBUG: Order 6 queued at workstation 1. [order_queue len = 11]
2026-09-11 02:00:40 DEBUG: Order 16 will be opened at workstation 2. [opened orders = 0 / 4]
2026-09-11 02:00:40 DEBUG: Order 28 will be opened at workstation 2. [opened orders = 0 / 4]
2026-09-11 02:00:40 DEBUG: Order 41 will be opened at workstation 2. [opened orders = 0 / 4]
2026-09-11 02:00:40 DEBUG: Order 23 will be opened at workstation 2. [opened orders = 0 / 4]
2026-09-11 02:00:40 DEBUG: Order 27 queued at workstation 2. [order_queue len = 1]
2026-09-11 02:00:40 DEBUG: Order 30 queued at workstation 2. [order_queue len = 2]
2026-09-11 02:00:40 DEBUG: Order 35 queued at workstation 2. [order_queue len = 3]
2026-09-11 02:00:40 DEBUG: Order 10 queued at workstation 2. [order_queue len = 4]
2026-09-11 02:00:40 DEBUG: Order 14 queued at workstation 2. [order_queue len = 5]
2026-09-11 02:00:40 DEBUG: Order 36 queued at workstation 2. [order_queue len = 6]
2026-09-11 02:00:40 DEBUG: Order 8 queued at workstation 2. [order_queue len = 7]
2026-09-11 02:00:40 DEBUG: Order 42 queued at workstation 2. [order_queue len = 8]
2026-09-11 02:00:40 DEBUG: Order 5 queued at workstation 2. [order_queue len = 9]
2026-09-11 02:00:40 DEBUG: Order 25 queued at workstation 2. [order_queue len = 10]
2026-09-11 02:00:40 DEBUG: Order 44 queued at workstation 2. [order_queue len = 11]
2026-09-11 02:00:40 DEBUG: Order 38 queued at workstation 2. [order_queue len = 12]
2026-09-11 02:00:40 DEBUG: Order 45 queued at workstation 2. [order_queue len = 13]
2026-09-11 02:00:40 WARNING: Task designing ended. Optimizer designed 37 tasks.
2026-09-11 02:00:40 DEBUG:    EVENT NUM 3     current_time = 00:00:01   RELEASE_TASK          [queue size = 50]
2026-09-11 02:00:40 DEBUG: Task 0 released: pod 41 required by workstation(s) [0].  [released tasks = 1]
2026-09-11 02:00:40 DEBUG:    EVENT NUM 4     current_time = 00:00:01   OPEN_ORDER            [queue size = 50]
2026-09-11 02:00:40 DEBUG: Order 1 (skus required = {255}) opened at workstation 0.   [open_orders = 1/4]
2026-09-11 02:00:40 DEBUG:    EVENT NUM 5     current_time = 00:00:01   OPEN_ORDER            [queue size = 50]
2026-09-11 02:00:40 DEBUG: Order 17 (skus required = {474, 226, 222}) opened at workstation 0.   [open_orders = 2/4]
2026-09-11 02:00:40 DEBUG:    EVENT NUM 6     current_time = 00:00:01   OPEN_ORDER            [queue size = 50]
2026-09-11 02:00:40 DEBUG: Order 18 (skus required = {252}) opened at workstation 0.   [open_orders = 3/4]
2026-09-11 02:00:40 DEBUG:    EVENT NUM 7     current_time = 00:00:01   OPEN_ORDER            [queue size = 50]
2026-09-11 02:00:40 DEBUG: Order 49 (skus required = {154}) opened at workstation 0.   [open_orders = 4/4]
2026-09-11 02:00:40 DEBUG:    EVENT NUM 8     current_time = 00:00:01   OPEN_ORDER            [queue size = 50]
2026-09-11 02:00:40 DEBUG: Order 4 (skus required = {196}) opened at workstation 1.   [open_orders = 1/4]
2026-09-11 02:00:40 DEBUG:    EVENT NUM 9     current_time = 00:00:01   OPEN_ORDER            [queue size = 50]
2026-09-11 02:00:40 DEBUG: Order 40 (skus required = {330}) opened at workstation 1.   [open_orders = 2/4]
2026-09-11 02:00:40 DEBUG:    EVENT NUM 10    current_time = 00:00:01   OPEN_ORDER            [queue size = 50]
2026-09-11 02:00:40 DEBUG: Order 11 (skus required = {275}) opened at workstation 1.   [open_orders = 3/4]
2026-09-11 02:00:40 DEBUG:    EVENT NUM 11    current_time = 00:00:01   OPEN_ORDER            [queue size = 50]
2026-09-11 02:00:40 DEBUG: Order 9 (skus required = {297, 178, 252}) opened at workstation 1.   [open_orders = 4/4]
2026-09-11 02:00:40 DEBUG:    EVENT NUM 12    current_time = 00:00:01   OPEN_ORDER            [queue size = 50]
2026-09-11 02:00:40 DEBUG: Order 16 (skus required = {155}) opened at workstation 2.   [open_orders = 1/4]
2026-09-11 02:00:40 DEBUG:    EVENT NUM 13    current_time = 00:00:01   OPEN_ORDER            [queue size = 50]
2026-09-11 02:00:40 DEBUG: Order 28 (skus required = {181}) opened at workstation 2.   [open_orders = 2/4]
2026-09-11 02:00:40 DEBUG:    EVENT NUM 14    current_time = 00:00:01   OPEN_ORDER            [queue size = 50]
2026-09-11 02:00:40 DEBUG: Order 41 (skus required = {282, 362}) opened at workstation 2.   [open_orders = 3/4]
2026-09-11 02:00:40 DEBUG:    EVENT NUM 15    current_time = 00:00:01   OPEN_ORDER            [queue size = 50]
2026-09-11 02:00:40 DEBUG: Order 23 (skus required = {232, 195}) opened at workstation 2.   [open_orders = 4/4]
2026-09-11 02:00:40 DEBUG:    EVENT NUM 16    current_time = 00:00:01   START_TASK            [queue size = 50]
2026-09-11 02:00:40 DEBUG: Task 0 selected (pod 41) at depth 0 (0 non-servable, 0 pod-busy skipped before it)
2026-09-11 02:00:40 DEBUG: Task 0 started: robot 1 -> pod 41 -> workstation 0 for orders {1, 17} (arrival = 38.6 s).   [idle robots = 4/5]
2026-09-11 02:00:40 DEBUG:    EVENT NUM 17    current_time = 00:00:01   START_TASK            [queue size = 50]
2026-09-11 02:00:40 DEBUG: No released tasks.
2026-09-11 02:00:40 DEBUG:    EVENT NUM 18    current_time = 00:00:01   START_TASK            [queue size = 49]
2026-09-11 02:00:40 DEBUG: No released tasks.
2026-09-11 02:00:40 DEBUG:    EVENT NUM 19    current_time = 00:00:01   START_TASK            [queue size = 48]
2026-09-11 02:00:40 DEBUG: No released tasks.
2026-09-11 02:00:40 DEBUG:    EVENT NUM 20    current_time = 00:00:01   START_TASK            [queue size = 47]
2026-09-11 02:00:40 DEBUG: No released tasks.
2026-09-11 02:00:40 DEBUG:    EVENT NUM 21    current_time = 00:00:01   START_TASK            [queue size = 46]
2026-09-11 02:00:40 DEBUG: No released tasks.
2026-09-11 02:00:40 DEBUG:    EVENT NUM 22    current_time = 00:00:01   START_TASK            [queue size = 45]
2026-09-11 02:00:40 DEBUG: No released tasks.
2026-09-11 02:00:40 DEBUG:    EVENT NUM 23    current_time = 00:00:01   START_TASK            [queue size = 44]
2026-09-11 02:00:40 DEBUG: No released tasks.
2026-09-11 02:00:40 DEBUG:    EVENT NUM 24    current_time = 00:00:01   START_TASK            [queue size = 43]
2026-09-11 02:00:40 DEBUG: No released tasks.
2026-09-11 02:00:40 DEBUG:    EVENT NUM 25    current_time = 00:00:01   START_TASK            [queue size = 42]
2026-09-11 02:00:40 DEBUG: No released tasks.
2026-09-11 02:00:40 DEBUG:    EVENT NUM 26    current_time = 00:00:01   START_TASK            [queue size = 41]
2026-09-11 02:00:40 DEBUG: No released tasks.
2026-09-11 02:00:40 DEBUG:    EVENT NUM 27    current_time = 00:00:01   START_TASK            [queue size = 40]
2026-09-11 02:00:40 DEBUG: No released tasks.
2026-09-11 02:00:40 DEBUG:    EVENT NUM 28    current_time = 00:00:01   START_TASK            [queue size = 39]
2026-09-11 02:00:40 DEBUG: No released tasks.
2026-09-11 02:00:40 INFO:   END SIMULATION.

2026-09-11 02:00:40 INFO: Writing statistics report ...
2026-09-11 02:00:40 INFO: Report saved to: c:\Users\chiod\Documents\OMERO_TaskDesign\Simulator\output\reports\heuristic\Opt_True\report_0_OptTrue_Seed987034.txt
