2026-09-11 01:19:47 INFO: Warehouse initialization | grid=5x10, physical=14x15, num_skus=500, num_robots=5, num_ws=3
2026-09-11 01:19:47 INFO: Warehouse initialized | 50 pods  (average number of skus per pod = 30.00), 3 workstations, 5 robots
2026-09-11 01:19:47 INFO: [OptManager] Building time-space network ...
2026-09-11 01:19:47 INFO: [OptManager] Network ready: 2650 nodes, 14602 travelling arcs, 2597 idle arcs.
2026-09-11 01:19:47 INFO: 
=============================================
2026-09-11 01:19:47 INFO:   START SIMULATION  {TIME HORIZON = 00:00:02}
2026-09-11 01:19:47 DEBUG:    EVENT NUM 1     current_time = 00:00:00   ARRIVAL_ORDER         [queue size = 1]
2026-09-11 01:19:47 DEBUG: Order 0 arrived: items_required = [160, 256].     [orders_in_system = 1]
2026-09-11 01:19:47 DEBUG: Order 1 arrived: items_required = [260, 348].     [orders_in_system = 2]
2026-09-11 01:19:47 DEBUG: Order 2 arrived: items_required = [157].     [orders_in_system = 3]
2026-09-11 01:19:47 DEBUG: Order 3 arrived: items_required = [211, 234].     [orders_in_system = 4]
2026-09-11 01:19:47 DEBUG: Order 4 arrived: items_required = [37].     [orders_in_system = 5]
2026-09-11 01:19:47 DEBUG: Order 5 arrived: items_required = [150].     [orders_in_system = 6]
2026-09-11 01:19:47 DEBUG: Order 6 arrived: items_required = [253, 98].     [orders_in_system = 7]
2026-09-11 01:19:47 DEBUG: Order 7 arrived: items_required = [304, 208].     [orders_in_system = 8]
2026-09-11 01:19:47 DEBUG: Order 8 arrived: items_required = [218].     [orders_in_system = 9]
2026-09-11 01:19:47 DEBUG: Order 9 arrived: items_required = [197].     [orders_in_system = 10]
2026-09-11 01:19:47 DEBUG: Order 10 arrived: items_required = [223].     [orders_in_system = 11]
2026-09-11 01:19:47 DEBUG: Order 11 arrived: items_required = [278, 332].     [orders_in_system = 12]
2026-09-11 01:19:47 DEBUG: Order 12 arrived: items_required = [415, 179, 330, 256].     [orders_in_system = 13]
2026-09-11 01:19:47 DEBUG: Order 13 arrived: items_required = [275].     [orders_in_system = 14]
2026-09-11 01:19:47 DEBUG: Order 14 arrived: items_required = [80, 451].     [orders_in_system = 15]
2026-09-11 01:19:47 DEBUG: Order 15 arrived: items_required = [276].     [orders_in_system = 16]
2026-09-11 01:19:47 DEBUG: Order 16 arrived: items_required = [223].     [orders_in_system = 17]
2026-09-11 01:19:47 DEBUG: Order 17 arrived: items_required = [334].     [orders_in_system = 18]
2026-09-11 01:19:47 DEBUG: Order 18 arrived: items_required = [375].     [orders_in_system = 19]
2026-09-11 01:19:47 DEBUG: Order 19 arrived: items_required = [250].     [orders_in_system = 20]
2026-09-11 01:19:47 DEBUG: Order 20 arrived: items_required = [211].     [orders_in_system = 21]
2026-09-11 01:19:47 DEBUG: Order 21 arrived: items_required = [206].     [orders_in_system = 22]
2026-09-11 01:19:47 DEBUG: Order 22 arrived: items_required = [285].     [orders_in_system = 23]
2026-09-11 01:19:47 DEBUG: Order 23 arrived: items_required = [350, 265, 310, 213, 313].     [orders_in_system = 24]
2026-09-11 01:19:47 DEBUG: Order 24 arrived: items_required = [406].     [orders_in_system = 25]
2026-09-11 01:19:47 DEBUG: Order 25 arrived: items_required = [255, 255, 204].     [orders_in_system = 26]
2026-09-11 01:19:47 DEBUG: Order 26 arrived: items_required = [194].     [orders_in_system = 27]
2026-09-11 01:19:47 DEBUG: Order 27 arrived: items_required = [324, 243, 349].     [orders_in_system = 28]
2026-09-11 01:19:47 DEBUG: Order 28 arrived: items_required = [246, 215, 364].     [orders_in_system = 29]
2026-09-11 01:19:47 DEBUG: Order 29 arrived: items_required = [410, 221, 147].     [orders_in_system = 30]
2026-09-11 01:19:47 DEBUG: Order 30 arrived: items_required = [251, 351].     [orders_in_system = 31]
2026-09-11 01:19:47 DEBUG: Order 31 arrived: items_required = [324, 195].     [orders_in_system = 32]
2026-09-11 01:19:47 DEBUG: Order 32 arrived: items_required = [202, 401, 240, 260, 244].     [orders_in_system = 33]
2026-09-11 01:19:47 DEBUG: Order 33 arrived: items_required = [276, 228].     [orders_in_system = 34]
2026-09-11 01:19:47 DEBUG: Order 34 arrived: items_required = [418].     [orders_in_system = 35]
2026-09-11 01:19:47 DEBUG: Order 35 arrived: items_required = [274, 317].     [orders_in_system = 36]
2026-09-11 01:19:47 DEBUG: Order 36 arrived: items_required = [356, 232].     [orders_in_system = 37]
2026-09-11 01:19:47 DEBUG: Order 37 arrived: items_required = [292].     [orders_in_system = 38]
2026-09-11 01:19:47 DEBUG: Order 38 arrived: items_required = [150].     [orders_in_system = 39]
2026-09-11 01:19:47 DEBUG: Order 39 arrived: items_required = [339, 241].     [orders_in_system = 40]
2026-09-11 01:19:47 DEBUG: Order 40 arrived: items_required = [119].     [orders_in_system = 41]
2026-09-11 01:19:47 DEBUG: Order 41 arrived: items_required = [342].     [orders_in_system = 42]
2026-09-11 01:19:47 DEBUG: Order 42 arrived: items_required = [187, 204, 293].     [orders_in_system = 43]
2026-09-11 01:19:47 DEBUG: Order 43 arrived: items_required = [400].     [orders_in_system = 44]
2026-09-11 01:19:47 DEBUG: Order 44 arrived: items_required = [270].     [orders_in_system = 45]
2026-09-11 01:19:47 DEBUG: Order 45 arrived: items_required = [165, 269].     [orders_in_system = 46]
2026-09-11 01:19:47 DEBUG: Order 46 arrived: items_required = [376].     [orders_in_system = 47]
2026-09-11 01:19:47 DEBUG: Order 47 arrived: items_required = [337, 211, 270, 209].     [orders_in_system = 48]
2026-09-11 01:19:47 DEBUG: Order 48 arrived: items_required = [188, 315].     [orders_in_system = 49]
2026-09-11 01:19:47 DEBUG: Order 49 arrived: items_required = [192, 195, 293, 258, 167].     [orders_in_system = 50]
2026-09-11 01:19:47 DEBUG:    EVENT NUM 2     current_time = 00:00:01   RUN_OPTIMIZER         [queue size = 1]
2026-09-11 01:19:47 INFO: Solving stage 1 ... 
2026-09-11 01:19:47 INFO: 
[lns_stage1] start | 50 orders, 50 pods, 3 workstations (50 free to move) | budget 30s
2026-09-11 01:19:48 INFO: [lns_stage1] initial objective 52.1000
2026-09-11 01:19:48 INFO: [lns_stage1] iter 3 | objective 49.2000 | improved by 2.9000 | hole 20 orders | 0s elapsed
2026-09-11 01:19:48 INFO: [lns_stage1] iter 4 | objective 45.6000 | improved by 3.6000 | hole 20 orders | 0s elapsed
2026-09-11 01:19:48 INFO: [lns_stage1] iter 9 | objective 42.6000 | improved by 3.0000 | hole 25 orders | 0s elapsed
2026-09-11 01:19:48 INFO: [lns_stage1] iter 10 | objective 41.6000 | improved by 1.0000 | hole 25 orders | 0s elapsed
2026-09-11 01:19:48 INFO: [lns_stage1] iter 12 | objective 40.0000 | improved by 1.6000 | hole 20 orders | 0s elapsed
2026-09-11 01:19:48 INFO: [lns_stage1] iter 13 | objective 38.7000 | improved by 1.3000 | hole 20 orders | 0s elapsed
2026-09-11 01:19:48 INFO: [lns_stage1] iter 29 | objective 38.5000 | improved by 0.2000 | hole 20 orders | 1s elapsed
2026-09-11 01:19:50 INFO: [lns_stage1] iter 131 | objective 37.7000 | improved by 0.8000 | hole 20 orders | 3s elapsed
2026-09-11 01:19:53 INFO: [lns_stage1] done | 5.5s, 296 iterations | final objective 37.7000 
2026-09-11 01:19:53 INFO: Stage 1 solved.
2026-09-11 01:19:53 INFO: Solving stage 2 ... 
2026-09-11 01:19:53 INFO: 
[lns_stage2] start | 92 item order pairs, 19 pods, 3 workstations, 50 time steps | budget 200s
2026-09-11 01:19:54 INFO: [lns_stage2] initial objective 26.5175
2026-09-11 01:19:55 INFO: [lns_stage2] iter 3 | objective 50.0782 | improved by 23.5607 | hole 9 pods | 2s elapsed
2026-09-11 01:19:55 INFO: [lns_stage2] iter 5 | objective 63.6545 | improved by 13.5763 | hole 6 pods | 2s elapsed
2026-09-11 01:19:56 INFO: [lns_stage2] iter 6 | objective 68.9383 | improved by 5.2838 | hole 6 pods | 3s elapsed
2026-09-11 01:19:58 INFO: [lns_stage2] iter 7 | objective 76.2026 | improved by 7.2643 | hole 6 pods | 5s elapsed
2026-09-11 01:19:59 INFO: [lns_stage2] iter 9 | objective 77.1422 | improved by 0.9396 | hole 6 pods | 6s elapsed
2026-09-11 01:20:00 INFO: [lns_stage2] iter 10 | objective 80.1303 | improved by 2.9881 | hole 6 pods | 7s elapsed
2026-09-11 01:20:01 INFO: [lns_stage2] iter 12 | objective 81.0177 | improved by 0.8874 | hole 6 pods | 8s elapsed
2026-09-11 01:20:01 INFO: [lns_stage2] iter 13 | objective 81.1708 | improved by 0.1531 | hole 6 pods | 8s elapsed
2026-09-11 01:20:03 INFO: [lns_stage2] iter 14 | objective 82.2605 | improved by 1.0897 | hole 9 pods | 10s elapsed
2026-09-11 01:20:04 INFO: [lns_stage2] iter 15 | objective 82.3867 | improved by 0.1262 | hole 9 pods | 11s elapsed
2026-09-11 01:20:05 INFO: [lns_stage2] iter 18 | objective 82.4272 | improved by 0.0405 | hole 9 pods | 12s elapsed
2026-09-11 01:20:07 INFO: [lns_stage2] iter 21 | objective 82.5320 | improved by 0.1048 | hole 6 pods | 14s elapsed
2026-09-11 01:20:08 INFO: [lns_stage2] iter 24 | objective 84.0889 | improved by 1.5569 | hole 6 pods | 15s elapsed
2026-09-11 01:20:08 INFO: [lns_stage2] iter 25 | objective 84.1612 | improved by 0.0723 | hole 6 pods | 15s elapsed
2026-09-11 01:20:10 INFO: [lns_stage2] iter 33 | objective 84.4415 | improved by 0.2803 | hole 5 pods | 17s elapsed
2026-09-11 01:20:12 INFO: [lns_stage2] iter 34 | objective 85.1364 | improved by 0.6949 | hole 8 pods | 19s elapsed
2026-09-11 01:20:21 INFO: [lns_stage2] iter 60 | objective 85.1665 | improved by 0.0301 | hole 6 pods | 28s elapsed
2026-09-11 01:20:24 INFO: [lns_stage2] iter 66 | objective 85.3671 | improved by 0.2006 | hole 8 pods | 31s elapsed
2026-09-11 01:20:25 INFO: [lns_stage2] iter 69 | objective 85.4841 | improved by 0.1170 | hole 8 pods | 32s elapsed
2026-09-11 01:20:32 INFO: [lns_stage2] iter 95 | objective 85.5485 | improved by 0.0644 | hole 6 pods | 39s elapsed
2026-09-11 01:20:35 INFO: [lns_stage2] iter 106 | objective 85.5826 | improved by 0.0341 | hole 7 pods | 42s elapsed
2026-09-11 01:20:39 INFO: [lns_stage2] iter 118 | objective 86.5302 | improved by 0.9476 | hole 8 pods | 46s elapsed
2026-09-11 01:20:42 INFO: [lns_stage2] iter 126 | objective 86.6184 | improved by 0.0882 | hole 7 pods | 49s elapsed
2026-09-11 01:20:47 INFO: [lns_stage2] iter 142 | objective 86.6505 | improved by 0.0321 | hole 7 pods | 54s elapsed
2026-09-11 01:20:55 INFO: [lns_stage2] iter 168 | objective 86.7648 | improved by 0.1143 | hole 8 pods | 62s elapsed
2026-09-11 01:20:56 INFO: [lns_stage2] iter 173 | objective 86.8911 | improved by 0.1263 | hole 5 pods | 63s elapsed
2026-09-11 01:21:08 INFO: [lns_stage2] iter 207 | objective 86.9653 | improved by 0.0742 | hole 7 pods | 75s elapsed
2026-09-11 01:21:30 INFO: [lns_stage2] iter 266 | objective 87.0195 | improved by 0.0542 | hole 7 pods | 97s elapsed
2026-09-11 01:22:08 INFO: [lns_stage2] iter 394 | objective 88.7502 | improved by 1.7307 | hole 7 pods | 135s elapsed
2026-09-11 01:22:21 INFO: [lns_stage2] iter 439 | objective 88.7763 | improved by 0.0261 | hole 4 pods | 148s elapsed
2026-09-11 01:22:30 INFO: [lns_stage2] iter 471 | objective 88.8124 | improved by 0.0361 | hole 4 pods | 157s elapsed
2026-09-11 01:23:13 INFO: [lns_stage2] done | 200.3s, 605 iterations | final objective 88.8124 
2026-09-11 01:23:13 INFO: Stage 2 solved.
2026-09-11 01:23:13 DEBUG: Order 48 will be opened at workstation 0. [opened orders = 0 / 4]
2026-09-11 01:23:13 DEBUG: Order 34 will be opened at workstation 0. [opened orders = 0 / 4]
2026-09-11 01:23:13 DEBUG: Order 16 will be opened at workstation 0. [opened orders = 0 / 4]
2026-09-11 01:23:13 DEBUG: Order 19 will be opened at workstation 0. [opened orders = 0 / 4]
2026-09-11 01:23:13 DEBUG: Order 41 queued at workstation 0. [order_queue len = 1]
2026-09-11 01:23:13 DEBUG: Order 31 queued at workstation 0. [order_queue len = 2]
2026-09-11 01:23:13 DEBUG: Order 45 queued at workstation 0. [order_queue len = 3]
2026-09-11 01:23:13 DEBUG: Order 27 queued at workstation 0. [order_queue len = 4]
2026-09-11 01:23:13 DEBUG: Order 29 queued at workstation 0. [order_queue len = 5]
2026-09-11 01:23:13 DEBUG: Order 8 queued at workstation 0. [order_queue len = 6]
2026-09-11 01:23:13 DEBUG: Order 23 queued at workstation 0. [order_queue len = 7]
2026-09-11 01:23:13 DEBUG: Order 49 queued at workstation 0. [order_queue len = 8]
2026-09-11 01:23:13 DEBUG: Order 12 queued at workstation 0. [order_queue len = 9]
2026-09-11 01:23:13 DEBUG: Order 21 will be opened at workstation 1. [opened orders = 0 / 4]
2026-09-11 01:23:13 DEBUG: Order 24 will be opened at workstation 1. [opened orders = 0 / 4]
2026-09-11 01:23:13 DEBUG: Order 9 will be opened at workstation 1. [opened orders = 0 / 4]
2026-09-11 01:23:13 DEBUG: Order 22 will be opened at workstation 1. [opened orders = 0 / 4]
2026-09-11 01:23:13 DEBUG: Order 25 queued at workstation 1. [order_queue len = 1]
2026-09-11 01:23:13 DEBUG: Order 35 queued at workstation 1. [order_queue len = 2]
2026-09-11 01:23:13 DEBUG: Order 26 queued at workstation 1. [order_queue len = 3]
2026-09-11 01:23:13 DEBUG: Order 40 queued at workstation 1. [order_queue len = 4]
2026-09-11 01:23:13 DEBUG: Order 7 queued at workstation 1. [order_queue len = 5]
2026-09-11 01:23:13 DEBUG: Order 42 queued at workstation 1. [order_queue len = 6]
2026-09-11 01:23:13 DEBUG: Order 46 queued at workstation 1. [order_queue len = 7]
2026-09-11 01:23:13 DEBUG: Order 17 queued at workstation 1. [order_queue len = 8]
2026-09-11 01:23:13 DEBUG: Order 43 queued at workstation 1. [order_queue len = 9]
2026-09-11 01:23:13 DEBUG: Order 14 queued at workstation 1. [order_queue len = 10]
2026-09-11 01:23:13 DEBUG: Order 37 queued at workstation 1. [order_queue len = 11]
2026-09-11 01:23:13 DEBUG: Order 5 queued at workstation 1. [order_queue len = 12]
2026-09-11 01:23:13 DEBUG: Order 13 queued at workstation 1. [order_queue len = 13]
2026-09-11 01:23:13 DEBUG: Order 18 queued at workstation 1. [order_queue len = 14]
2026-09-11 01:23:13 DEBUG: Order 38 queued at workstation 1. [order_queue len = 15]
2026-09-11 01:23:13 DEBUG: Order 39 queued at workstation 1. [order_queue len = 16]
2026-09-11 01:23:13 DEBUG: Order 3 will be opened at workstation 2. [opened orders = 0 / 4]
2026-09-11 01:23:13 DEBUG: Order 11 will be opened at workstation 2. [opened orders = 0 / 4]
2026-09-11 01:23:13 DEBUG: Order 10 will be opened at workstation 2. [opened orders = 0 / 4]
2026-09-11 01:23:13 DEBUG: Order 20 will be opened at workstation 2. [opened orders = 0 / 4]
2026-09-11 01:23:13 DEBUG: Order 6 queued at workstation 2. [order_queue len = 1]
2026-09-11 01:23:13 DEBUG: Order 2 queued at workstation 2. [order_queue len = 2]
2026-09-11 01:23:13 DEBUG: Order 4 queued at workstation 2. [order_queue len = 3]
2026-09-11 01:23:13 DEBUG: Order 28 queued at workstation 2. [order_queue len = 4]
2026-09-11 01:23:13 DEBUG: Order 15 queued at workstation 2. [order_queue len = 5]
2026-09-11 01:23:13 DEBUG: Order 33 queued at workstation 2. [order_queue len = 6]
2026-09-11 01:23:13 DEBUG: Order 1 queued at workstation 2. [order_queue len = 7]
2026-09-11 01:23:13 DEBUG: Order 44 queued at workstation 2. [order_queue len = 8]
2026-09-11 01:23:13 DEBUG: Order 0 queued at workstation 2. [order_queue len = 9]
2026-09-11 01:23:13 DEBUG: Order 30 queued at workstation 2. [order_queue len = 10]
2026-09-11 01:23:13 DEBUG: Order 32 queued at workstation 2. [order_queue len = 11]
2026-09-11 01:23:13 DEBUG: Order 36 queued at workstation 2. [order_queue len = 12]
2026-09-11 01:23:13 DEBUG: Order 47 queued at workstation 2. [order_queue len = 13]
2026-09-11 01:23:13 WARNING: Task designing ended. Optimizer designed 39 tasks.
2026-09-11 01:23:13 DEBUG:    EVENT NUM 3     current_time = 00:00:01   RELEASE_TASK          [queue size = 52]
2026-09-11 01:23:13 DEBUG: Task 0 released: pod 43 required by workstation(s) [2].  [released tasks = 1]
2026-09-11 01:23:13 DEBUG:    EVENT NUM 4     current_time = 00:00:01   OPEN_ORDER            [queue size = 52]
2026-09-11 01:23:13 DEBUG: Order 48 (skus required = {315, 188}) opened at workstation 0.   [open_orders = 1/4]
2026-09-11 01:23:13 DEBUG:    EVENT NUM 5     current_time = 00:00:01   OPEN_ORDER            [queue size = 52]
2026-09-11 01:23:13 DEBUG: Order 34 (skus required = {418}) opened at workstation 0.   [open_orders = 2/4]
2026-09-11 01:23:13 DEBUG:    EVENT NUM 6     current_time = 00:00:01   OPEN_ORDER            [queue size = 52]
2026-09-11 01:23:13 DEBUG: Order 16 (skus required = {223}) opened at workstation 0.   [open_orders = 3/4]
2026-09-11 01:23:13 DEBUG:    EVENT NUM 7     current_time = 00:00:01   OPEN_ORDER            [queue size = 52]
2026-09-11 01:23:13 DEBUG: Order 19 (skus required = {250}) opened at workstation 0.   [open_orders = 4/4]
2026-09-11 01:23:13 DEBUG:    EVENT NUM 8     current_time = 00:00:01   OPEN_ORDER            [queue size = 52]
2026-09-11 01:23:13 DEBUG: Order 21 (skus required = {206}) opened at workstation 1.   [open_orders = 1/4]
2026-09-11 01:23:13 DEBUG:    EVENT NUM 9     current_time = 00:00:01   OPEN_ORDER            [queue size = 52]
2026-09-11 01:23:13 DEBUG: Order 24 (skus required = {406}) opened at workstation 1.   [open_orders = 2/4]
2026-09-11 01:23:13 DEBUG:    EVENT NUM 10    current_time = 00:00:01   OPEN_ORDER            [queue size = 52]
2026-09-11 01:23:13 DEBUG: Order 9 (skus required = {197}) opened at workstation 1.   [open_orders = 3/4]
2026-09-11 01:23:13 DEBUG:    EVENT NUM 11    current_time = 00:00:01   OPEN_ORDER            [queue size = 52]
2026-09-11 01:23:13 DEBUG: Order 22 (skus required = {285}) opened at workstation 1.   [open_orders = 4/4]
2026-09-11 01:23:13 DEBUG:    EVENT NUM 12    current_time = 00:00:01   OPEN_ORDER            [queue size = 52]
2026-09-11 01:23:13 DEBUG: Order 3 (skus required = {234, 211}) opened at workstation 2.   [open_orders = 1/4]
2026-09-11 01:23:13 DEBUG:    EVENT NUM 13    current_time = 00:00:01   OPEN_ORDER            [queue size = 52]
2026-09-11 01:23:13 DEBUG: Order 11 (skus required = {332, 278}) opened at workstation 2.   [open_orders = 2/4]
2026-09-11 01:23:13 DEBUG:    EVENT NUM 14    current_time = 00:00:01   OPEN_ORDER            [queue size = 52]
2026-09-11 01:23:13 DEBUG: Order 10 (skus required = {223}) opened at workstation 2.   [open_orders = 3/4]
2026-09-11 01:23:13 DEBUG:    EVENT NUM 15    current_time = 00:00:01   OPEN_ORDER            [queue size = 52]
2026-09-11 01:23:13 DEBUG: Order 20 (skus required = {211}) opened at workstation 2.   [open_orders = 4/4]
2026-09-11 01:23:13 DEBUG:    EVENT NUM 16    current_time = 00:00:01   START_TASK            [queue size = 52]
2026-09-11 01:23:13 DEBUG: Task 0 selected (pod 43) at depth 0 (0 non-servable, 0 pod-busy skipped before it)
2026-09-11 01:23:13 DEBUG: Task 0 started: robot 1 -> pod 43 -> workstation 2 for orders {11, 3} (arrival = 21.3 s).   [idle robots = 4/5]
2026-09-11 01:23:13 DEBUG:    EVENT NUM 17    current_time = 00:00:01   START_TASK            [queue size = 52]
2026-09-11 01:23:13 DEBUG: No released tasks.
2026-09-11 01:23:13 DEBUG:    EVENT NUM 18    current_time = 00:00:01   START_TASK            [queue size = 51]
2026-09-11 01:23:13 DEBUG: No released tasks.
2026-09-11 01:23:13 DEBUG:    EVENT NUM 19    current_time = 00:00:01   START_TASK            [queue size = 50]
2026-09-11 01:23:13 DEBUG: No released tasks.
2026-09-11 01:23:13 DEBUG:    EVENT NUM 20    current_time = 00:00:01   START_TASK            [queue size = 49]
2026-09-11 01:23:13 DEBUG: No released tasks.
2026-09-11 01:23:13 DEBUG:    EVENT NUM 21    current_time = 00:00:01   START_TASK            [queue size = 48]
2026-09-11 01:23:13 DEBUG: No released tasks.
2026-09-11 01:23:13 DEBUG:    EVENT NUM 22    current_time = 00:00:01   START_TASK            [queue size = 47]
2026-09-11 01:23:13 DEBUG: No released tasks.
2026-09-11 01:23:13 DEBUG:    EVENT NUM 23    current_time = 00:00:01   START_TASK            [queue size = 46]
2026-09-11 01:23:13 DEBUG: No released tasks.
2026-09-11 01:23:13 DEBUG:    EVENT NUM 24    current_time = 00:00:01   START_TASK            [queue size = 45]
2026-09-11 01:23:13 DEBUG: No released tasks.
2026-09-11 01:23:13 DEBUG:    EVENT NUM 25    current_time = 00:00:01   START_TASK            [queue size = 44]
2026-09-11 01:23:13 DEBUG: No released tasks.
2026-09-11 01:23:13 DEBUG:    EVENT NUM 26    current_time = 00:00:01   START_TASK            [queue size = 43]
2026-09-11 01:23:13 DEBUG: No released tasks.
2026-09-11 01:23:13 DEBUG:    EVENT NUM 27    current_time = 00:00:01   START_TASK            [queue size = 42]
2026-09-11 01:23:13 DEBUG: No released tasks.
2026-09-11 01:23:13 DEBUG:    EVENT NUM 28    current_time = 00:00:01   START_TASK            [queue size = 41]
2026-09-11 01:23:13 DEBUG: No released tasks.
2026-09-11 01:23:13 INFO:   END SIMULATION.

2026-09-11 01:23:13 INFO: Writing statistics report ...
2026-09-11 01:23:13 INFO: Report saved to: c:\Users\chiod\Documents\OMERO_TaskDesign\Simulator\output\reports\heuristic\Opt_True\report_0_OptTrue_Seed343310.txt
