2026-09-11 01:48:15 INFO: Warehouse initialization | grid=5x10, physical=14x15, num_skus=500, num_robots=5, num_ws=3
2026-09-11 01:48:15 INFO: Warehouse initialized | 50 pods  (average number of skus per pod = 30.00), 3 workstations, 5 robots
2026-09-11 01:48:15 INFO: [OptManager] Building time-space network ...
2026-09-11 01:48:15 INFO: [OptManager] Network ready: 2650 nodes, 14602 travelling arcs, 2597 idle arcs.
2026-09-11 01:48:15 INFO: 
=============================================
2026-09-11 01:48:15 INFO:   START SIMULATION  {TIME HORIZON = 00:00:02}
2026-09-11 01:48:15 DEBUG:    EVENT NUM 1     current_time = 00:00:00   ARRIVAL_ORDER         [queue size = 1]
2026-09-11 01:48:15 DEBUG: Order 0 arrived: items_required = [457].     [orders_in_system = 1]
2026-09-11 01:48:15 DEBUG: Order 1 arrived: items_required = [321].     [orders_in_system = 2]
2026-09-11 01:48:15 DEBUG: Order 2 arrived: items_required = [167].     [orders_in_system = 3]
2026-09-11 01:48:15 DEBUG: Order 3 arrived: items_required = [293].     [orders_in_system = 4]
2026-09-11 01:48:15 DEBUG: Order 4 arrived: items_required = [182].     [orders_in_system = 5]
2026-09-11 01:48:15 DEBUG: Order 5 arrived: items_required = [355].     [orders_in_system = 6]
2026-09-11 01:48:15 DEBUG: Order 6 arrived: items_required = [291, 287].     [orders_in_system = 7]
2026-09-11 01:48:15 DEBUG: Order 7 arrived: items_required = [146, 268].     [orders_in_system = 8]
2026-09-11 01:48:15 DEBUG: Order 8 arrived: items_required = [354].     [orders_in_system = 9]
2026-09-11 01:48:15 DEBUG: Order 9 arrived: items_required = [290, 98].     [orders_in_system = 10]
2026-09-11 01:48:15 DEBUG: Order 10 arrived: items_required = [80, 391, 423].     [orders_in_system = 11]
2026-09-11 01:48:15 DEBUG: Order 11 arrived: items_required = [160, 261].     [orders_in_system = 12]
2026-09-11 01:48:15 DEBUG: Order 12 arrived: items_required = [244, 357].     [orders_in_system = 13]
2026-09-11 01:48:15 DEBUG: Order 13 arrived: items_required = [189].     [orders_in_system = 14]
2026-09-11 01:48:15 DEBUG: Order 14 arrived: items_required = [386].     [orders_in_system = 15]
2026-09-11 01:48:15 DEBUG: Order 15 arrived: items_required = [25, 193].     [orders_in_system = 16]
2026-09-11 01:48:15 DEBUG: Order 16 arrived: items_required = [200, 249].     [orders_in_system = 17]
2026-09-11 01:48:15 DEBUG: Order 17 arrived: items_required = [297].     [orders_in_system = 18]
2026-09-11 01:48:15 DEBUG: Order 18 arrived: items_required = [234].     [orders_in_system = 19]
2026-09-11 01:48:15 DEBUG: Order 19 arrived: items_required = [327, 205, 283].     [orders_in_system = 20]
2026-09-11 01:48:15 DEBUG: Order 20 arrived: items_required = [207].     [orders_in_system = 21]
2026-09-11 01:48:15 DEBUG: Order 21 arrived: items_required = [294].     [orders_in_system = 22]
2026-09-11 01:48:15 DEBUG: Order 22 arrived: items_required = [160, 258].     [orders_in_system = 23]
2026-09-11 01:48:15 DEBUG: Order 23 arrived: items_required = [259].     [orders_in_system = 24]
2026-09-11 01:48:15 DEBUG: Order 24 arrived: items_required = [223, 250].     [orders_in_system = 25]
2026-09-11 01:48:15 DEBUG: Order 25 arrived: items_required = [409, 227].     [orders_in_system = 26]
2026-09-11 01:48:15 DEBUG: Order 26 arrived: items_required = [376, 349].     [orders_in_system = 27]
2026-09-11 01:48:15 DEBUG: Order 27 arrived: items_required = [349, 327].     [orders_in_system = 28]
2026-09-11 01:48:15 DEBUG: Order 28 arrived: items_required = [252, 371].     [orders_in_system = 29]
2026-09-11 01:48:15 DEBUG: Order 29 arrived: items_required = [256, 252].     [orders_in_system = 30]
2026-09-11 01:48:15 DEBUG: Order 30 arrived: items_required = [312, 225].     [orders_in_system = 31]
2026-09-11 01:48:15 DEBUG: Order 31 arrived: items_required = [342, 357].     [orders_in_system = 32]
2026-09-11 01:48:15 DEBUG: Order 32 arrived: items_required = [233].     [orders_in_system = 33]
2026-09-11 01:48:15 DEBUG: Order 33 arrived: items_required = [320].     [orders_in_system = 34]
2026-09-11 01:48:15 DEBUG: Order 34 arrived: items_required = [304].     [orders_in_system = 35]
2026-09-11 01:48:15 DEBUG: Order 35 arrived: items_required = [229, 160, 248].     [orders_in_system = 36]
2026-09-11 01:48:15 DEBUG: Order 36 arrived: items_required = [137, 188].     [orders_in_system = 37]
2026-09-11 01:48:15 DEBUG: Order 37 arrived: items_required = [209].     [orders_in_system = 38]
2026-09-11 01:48:15 DEBUG: Order 38 arrived: items_required = [165].     [orders_in_system = 39]
2026-09-11 01:48:15 DEBUG: Order 39 arrived: items_required = [193].     [orders_in_system = 40]
2026-09-11 01:48:15 DEBUG: Order 40 arrived: items_required = [188].     [orders_in_system = 41]
2026-09-11 01:48:15 DEBUG: Order 41 arrived: items_required = [222, 283, 197, 225, 379].     [orders_in_system = 42]
2026-09-11 01:48:15 DEBUG: Order 42 arrived: items_required = [351].     [orders_in_system = 43]
2026-09-11 01:48:15 DEBUG: Order 43 arrived: items_required = [216, 287].     [orders_in_system = 44]
2026-09-11 01:48:15 DEBUG: Order 44 arrived: items_required = [171, 238].     [orders_in_system = 45]
2026-09-11 01:48:15 DEBUG: Order 45 arrived: items_required = [145, 230].     [orders_in_system = 46]
2026-09-11 01:48:15 DEBUG: Order 46 arrived: items_required = [216, 222].     [orders_in_system = 47]
2026-09-11 01:48:15 DEBUG: Order 47 arrived: items_required = [335, 294].     [orders_in_system = 48]
2026-09-11 01:48:15 DEBUG: Order 48 arrived: items_required = [293, 446].     [orders_in_system = 49]
2026-09-11 01:48:15 DEBUG: Order 49 arrived: items_required = [235].     [orders_in_system = 50]
2026-09-11 01:48:15 DEBUG:    EVENT NUM 2     current_time = 00:00:01   RUN_OPTIMIZER         [queue size = 1]
2026-09-11 01:48:15 INFO: Solving stage 1 ... 
2026-09-11 01:48:15 INFO: 
[lns_stage1] start | 50 orders, 50 pods, 3 workstations (50 free to move) | budget 30s
2026-09-11 01:48:15 INFO: [lns_stage1] initial objective 51.0000
2026-09-11 01:48:15 INFO: [lns_stage1] iter 2 | objective 45.7000 | improved by 5.3000 | hole 25 orders | 0s elapsed
2026-09-11 01:48:15 INFO: [lns_stage1] iter 3 | objective 43.0000 | improved by 2.7000 | hole 25 orders | 0s elapsed
2026-09-11 01:48:15 INFO: [lns_stage1] iter 5 | objective 39.6000 | improved by 3.4000 | hole 20 orders | 0s elapsed
2026-09-11 01:48:16 INFO: [lns_stage1] iter 38 | objective 37.7000 | improved by 1.9000 | hole 20 orders | 1s elapsed
2026-09-11 01:48:16 INFO: [lns_stage1] iter 54 | objective 36.4000 | improved by 1.3000 | hole 25 orders | 1s elapsed
2026-09-11 01:48:18 INFO: [lns_stage1] done | 3.4s, 220 iterations | final objective 36.4000 
2026-09-11 01:48:18 INFO: Stage 1 solved.
2026-09-11 01:48:18 INFO: Solving stage 2 ... 
2026-09-11 01:48:18 INFO: 
[lns_stage2] start | 83 item order pairs, 19 pods, 3 workstations, 50 time steps | budget 200s
2026-09-11 01:48:19 INFO: [lns_stage2] initial objective 28.5058
2026-09-11 01:48:20 INFO: [lns_stage2] iter 4 | objective 37.5986 | improved by 9.0928 | hole 6 pods | 1s elapsed
2026-09-11 01:48:20 INFO: [lns_stage2] iter 5 | objective 40.9392 | improved by 3.3406 | hole 6 pods | 2s elapsed
2026-09-11 01:48:21 INFO: [lns_stage2] iter 6 | objective 47.5836 | improved by 6.6444 | hole 6 pods | 2s elapsed
2026-09-11 01:48:21 INFO: [lns_stage2] iter 7 | objective 50.2095 | improved by 2.6259 | hole 6 pods | 3s elapsed
2026-09-11 01:48:22 INFO: [lns_stage2] iter 8 | objective 50.9284 | improved by 0.7189 | hole 6 pods | 4s elapsed
2026-09-11 01:48:23 INFO: [lns_stage2] iter 9 | objective 54.2978 | improved by 3.3694 | hole 6 pods | 5s elapsed
2026-09-11 01:48:24 INFO: [lns_stage2] iter 10 | objective 55.2867 | improved by 0.9889 | hole 6 pods | 5s elapsed
2026-09-11 01:48:24 INFO: [lns_stage2] iter 11 | objective 61.7897 | improved by 6.5030 | hole 6 pods | 6s elapsed
2026-09-11 01:48:24 INFO: [lns_stage2] iter 12 | objective 62.9012 | improved by 1.1115 | hole 6 pods | 6s elapsed
2026-09-11 01:48:25 INFO: [lns_stage2] iter 13 | objective 63.1835 | improved by 0.2823 | hole 6 pods | 7s elapsed
2026-09-11 01:48:27 INFO: [lns_stage2] iter 14 | objective 66.4716 | improved by 3.2881 | hole 9 pods | 8s elapsed
2026-09-11 01:48:28 INFO: [lns_stage2] iter 15 | objective 67.0834 | improved by 0.6118 | hole 9 pods | 9s elapsed
2026-09-11 01:48:29 INFO: [lns_stage2] iter 18 | objective 69.4377 | improved by 2.3543 | hole 6 pods | 10s elapsed
2026-09-11 01:48:29 INFO: [lns_stage2] iter 19 | objective 71.4159 | improved by 1.9782 | hole 6 pods | 11s elapsed
2026-09-11 01:48:30 INFO: [lns_stage2] iter 21 | objective 71.5000 | improved by 0.0841 | hole 6 pods | 12s elapsed
2026-09-11 01:48:32 INFO: [lns_stage2] iter 25 | objective 73.8640 | improved by 2.3640 | hole 6 pods | 13s elapsed
2026-09-11 01:48:33 INFO: [lns_stage2] iter 28 | objective 75.2744 | improved by 1.4104 | hole 6 pods | 15s elapsed
2026-09-11 01:48:36 INFO: [lns_stage2] iter 35 | objective 75.4449 | improved by 0.1705 | hole 5 pods | 17s elapsed
2026-09-11 01:48:37 INFO: [lns_stage2] iter 39 | objective 75.5151 | improved by 0.0702 | hole 5 pods | 19s elapsed
2026-09-11 01:48:39 INFO: [lns_stage2] iter 41 | objective 77.3307 | improved by 1.8156 | hole 8 pods | 20s elapsed
2026-09-11 01:48:43 INFO: [lns_stage2] iter 48 | objective 79.3798 | improved by 2.0491 | hole 7 pods | 24s elapsed
2026-09-11 01:49:01 INFO: [lns_stage2] iter 101 | objective 79.3939 | improved by 0.0141 | hole 8 pods | 43s elapsed
2026-09-11 01:49:28 INFO: [lns_stage2] iter 173 | objective 79.4601 | improved by 0.0662 | hole 8 pods | 70s elapsed
2026-09-11 01:50:20 INFO: [lns_stage2] done | 121.2s, 329 iterations | final objective 79.4601 
2026-09-11 01:50:20 INFO: Stage 2 solved.
2026-09-11 01:50:20 DEBUG: Order 1 will be opened at workstation 0. [opened orders = 0 / 4]
2026-09-11 01:50:20 DEBUG: Order 39 will be opened at workstation 0. [opened orders = 0 / 4]
2026-09-11 01:50:20 DEBUG: Order 49 will be opened at workstation 0. [opened orders = 0 / 4]
2026-09-11 01:50:20 DEBUG: Order 29 will be opened at workstation 0. [opened orders = 0 / 4]
2026-09-11 01:50:20 DEBUG: Order 15 queued at workstation 0. [order_queue len = 1]
2026-09-11 01:50:20 DEBUG: Order 23 queued at workstation 0. [order_queue len = 2]
2026-09-11 01:50:20 DEBUG: Order 35 queued at workstation 0. [order_queue len = 3]
2026-09-11 01:50:20 DEBUG: Order 22 queued at workstation 0. [order_queue len = 4]
2026-09-11 01:50:20 DEBUG: Order 28 queued at workstation 0. [order_queue len = 5]
2026-09-11 01:50:20 DEBUG: Order 34 queued at workstation 0. [order_queue len = 6]
2026-09-11 01:50:20 DEBUG: Order 26 queued at workstation 0. [order_queue len = 7]
2026-09-11 01:50:20 DEBUG: Order 27 queued at workstation 0. [order_queue len = 8]
2026-09-11 01:50:20 DEBUG: Order 37 queued at workstation 0. [order_queue len = 9]
2026-09-11 01:50:20 DEBUG: Order 45 queued at workstation 0. [order_queue len = 10]
2026-09-11 01:50:20 DEBUG: Order 2 will be opened at workstation 1. [opened orders = 0 / 4]
2026-09-11 01:50:20 DEBUG: Order 14 will be opened at workstation 1. [opened orders = 0 / 4]
2026-09-11 01:50:20 DEBUG: Order 18 will be opened at workstation 1. [opened orders = 0 / 4]
2026-09-11 01:50:20 DEBUG: Order 46 will be opened at workstation 1. [opened orders = 0 / 4]
2026-09-11 01:50:20 DEBUG: Order 7 queued at workstation 1. [order_queue len = 1]
2026-09-11 01:50:20 DEBUG: Order 24 queued at workstation 1. [order_queue len = 2]
2026-09-11 01:50:20 DEBUG: Order 43 queued at workstation 1. [order_queue len = 3]
2026-09-11 01:50:20 DEBUG: Order 13 queued at workstation 1. [order_queue len = 4]
2026-09-11 01:50:20 DEBUG: Order 33 queued at workstation 1. [order_queue len = 5]
2026-09-11 01:50:20 DEBUG: Order 20 queued at workstation 1. [order_queue len = 6]
2026-09-11 01:50:20 DEBUG: Order 25 queued at workstation 1. [order_queue len = 7]
2026-09-11 01:50:20 DEBUG: Order 30 queued at workstation 1. [order_queue len = 8]
2026-09-11 01:50:20 DEBUG: Order 38 queued at workstation 1. [order_queue len = 9]
2026-09-11 01:50:20 DEBUG: Order 42 queued at workstation 1. [order_queue len = 10]
2026-09-11 01:50:20 DEBUG: Order 48 queued at workstation 1. [order_queue len = 11]
2026-09-11 01:50:20 DEBUG: Order 41 queued at workstation 1. [order_queue len = 12]
2026-09-11 01:50:20 DEBUG: Order 4 will be opened at workstation 2. [opened orders = 0 / 4]
2026-09-11 01:50:20 DEBUG: Order 31 will be opened at workstation 2. [opened orders = 0 / 4]
2026-09-11 01:50:20 DEBUG: Order 32 will be opened at workstation 2. [opened orders = 0 / 4]
2026-09-11 01:50:20 DEBUG: Order 40 will be opened at workstation 2. [opened orders = 0 / 4]
2026-09-11 01:50:20 DEBUG: Order 0 queued at workstation 2. [order_queue len = 1]
2026-09-11 01:50:20 DEBUG: Order 11 queued at workstation 2. [order_queue len = 2]
2026-09-11 01:50:20 DEBUG: Order 16 queued at workstation 2. [order_queue len = 3]
2026-09-11 01:50:20 DEBUG: Order 17 queued at workstation 2. [order_queue len = 4]
2026-09-11 01:50:20 DEBUG: Order 21 queued at workstation 2. [order_queue len = 5]
2026-09-11 01:50:20 DEBUG: Order 6 queued at workstation 2. [order_queue len = 6]
2026-09-11 01:50:20 DEBUG: Order 8 queued at workstation 2. [order_queue len = 7]
2026-09-11 01:50:20 DEBUG: Order 44 queued at workstation 2. [order_queue len = 8]
2026-09-11 01:50:20 DEBUG: Order 36 queued at workstation 2. [order_queue len = 9]
2026-09-11 01:50:20 DEBUG: Order 3 queued at workstation 2. [order_queue len = 10]
2026-09-11 01:50:20 DEBUG: Order 5 queued at workstation 2. [order_queue len = 11]
2026-09-11 01:50:20 DEBUG: Order 47 queued at workstation 2. [order_queue len = 12]
2026-09-11 01:50:20 DEBUG: Order 9 queued at workstation 2. [order_queue len = 13]
2026-09-11 01:50:20 DEBUG: Order 10 queued at workstation 2. [order_queue len = 14]
2026-09-11 01:50:20 DEBUG: Order 19 queued at workstation 2. [order_queue len = 15]
2026-09-11 01:50:20 DEBUG: Order 12 queued at workstation 2. [order_queue len = 16]
2026-09-11 01:50:20 WARNING: Task designing ended. Optimizer designed 35 tasks.
2026-09-11 01:50:20 DEBUG:    EVENT NUM 3     current_time = 00:00:01   RELEASE_TASK          [queue size = 48]
2026-09-11 01:50:20 DEBUG: Task 0 released: pod 42 required by workstation(s) [0].  [released tasks = 1]
2026-09-11 01:50:20 DEBUG:    EVENT NUM 4     current_time = 00:00:01   OPEN_ORDER            [queue size = 48]
2026-09-11 01:50:20 DEBUG: Order 1 (skus required = {321}) opened at workstation 0.   [open_orders = 1/4]
2026-09-11 01:50:20 DEBUG:    EVENT NUM 5     current_time = 00:00:01   OPEN_ORDER            [queue size = 48]
2026-09-11 01:50:20 DEBUG: Order 39 (skus required = {193}) opened at workstation 0.   [open_orders = 2/4]
2026-09-11 01:50:20 DEBUG:    EVENT NUM 6     current_time = 00:00:01   OPEN_ORDER            [queue size = 48]
2026-09-11 01:50:20 DEBUG: Order 49 (skus required = {235}) opened at workstation 0.   [open_orders = 3/4]
2026-09-11 01:50:20 DEBUG:    EVENT NUM 7     current_time = 00:00:01   OPEN_ORDER            [queue size = 48]
2026-09-11 01:50:20 DEBUG: Order 29 (skus required = {256, 252}) opened at workstation 0.   [open_orders = 4/4]
2026-09-11 01:50:20 DEBUG:    EVENT NUM 8     current_time = 00:00:01   OPEN_ORDER            [queue size = 48]
2026-09-11 01:50:20 DEBUG: Order 2 (skus required = {167}) opened at workstation 1.   [open_orders = 1/4]
2026-09-11 01:50:20 DEBUG:    EVENT NUM 9     current_time = 00:00:01   OPEN_ORDER            [queue size = 48]
2026-09-11 01:50:20 DEBUG: Order 14 (skus required = {386}) opened at workstation 1.   [open_orders = 2/4]
2026-09-11 01:50:20 DEBUG:    EVENT NUM 10    current_time = 00:00:01   OPEN_ORDER            [queue size = 48]
2026-09-11 01:50:20 DEBUG: Order 18 (skus required = {234}) opened at workstation 1.   [open_orders = 3/4]
2026-09-11 01:50:20 DEBUG:    EVENT NUM 11    current_time = 00:00:01   OPEN_ORDER            [queue size = 48]
2026-09-11 01:50:20 DEBUG: Order 46 (skus required = {216, 222}) opened at workstation 1.   [open_orders = 4/4]
2026-09-11 01:50:20 DEBUG:    EVENT NUM 12    current_time = 00:00:01   OPEN_ORDER            [queue size = 48]
2026-09-11 01:50:20 DEBUG: Order 4 (skus required = {182}) opened at workstation 2.   [open_orders = 1/4]
2026-09-11 01:50:20 DEBUG:    EVENT NUM 13    current_time = 00:00:01   OPEN_ORDER            [queue size = 48]
2026-09-11 01:50:20 DEBUG: Order 31 (skus required = {357, 342}) opened at workstation 2.   [open_orders = 2/4]
2026-09-11 01:50:20 DEBUG:    EVENT NUM 14    current_time = 00:00:01   OPEN_ORDER            [queue size = 48]
2026-09-11 01:50:20 DEBUG: Order 32 (skus required = {233}) opened at workstation 2.   [open_orders = 3/4]
2026-09-11 01:50:20 DEBUG:    EVENT NUM 15    current_time = 00:00:01   OPEN_ORDER            [queue size = 48]
2026-09-11 01:50:20 DEBUG: Order 40 (skus required = {188}) opened at workstation 2.   [open_orders = 4/4]
2026-09-11 01:50:20 DEBUG:    EVENT NUM 16    current_time = 00:00:01   START_TASK            [queue size = 48]
2026-09-11 01:50:20 DEBUG: Task 0 selected (pod 42) at depth 0 (0 non-servable, 0 pod-busy skipped before it)
2026-09-11 01:50:20 DEBUG: Task 0 started: robot 0 -> pod 42 -> workstation 0 for orders {1, 49, 29, 39} (arrival = 33.6 s).   [idle robots = 4/5]
2026-09-11 01:50:20 DEBUG:    EVENT NUM 17    current_time = 00:00:01   START_TASK            [queue size = 48]
2026-09-11 01:50:20 DEBUG: No released tasks.
2026-09-11 01:50:20 DEBUG:    EVENT NUM 18    current_time = 00:00:01   START_TASK            [queue size = 47]
2026-09-11 01:50:20 DEBUG: No released tasks.
2026-09-11 01:50:20 DEBUG:    EVENT NUM 19    current_time = 00:00:01   START_TASK            [queue size = 46]
2026-09-11 01:50:20 DEBUG: No released tasks.
2026-09-11 01:50:20 DEBUG:    EVENT NUM 20    current_time = 00:00:01   START_TASK            [queue size = 45]
2026-09-11 01:50:20 DEBUG: No released tasks.
2026-09-11 01:50:20 DEBUG:    EVENT NUM 21    current_time = 00:00:01   START_TASK            [queue size = 44]
2026-09-11 01:50:20 DEBUG: No released tasks.
2026-09-11 01:50:20 DEBUG:    EVENT NUM 22    current_time = 00:00:01   START_TASK            [queue size = 43]
2026-09-11 01:50:20 DEBUG: No released tasks.
2026-09-11 01:50:20 DEBUG:    EVENT NUM 23    current_time = 00:00:01   START_TASK            [queue size = 42]
2026-09-11 01:50:20 DEBUG: No released tasks.
2026-09-11 01:50:20 DEBUG:    EVENT NUM 24    current_time = 00:00:01   START_TASK            [queue size = 41]
2026-09-11 01:50:20 DEBUG: No released tasks.
2026-09-11 01:50:20 DEBUG:    EVENT NUM 25    current_time = 00:00:01   START_TASK            [queue size = 40]
2026-09-11 01:50:20 DEBUG: No released tasks.
2026-09-11 01:50:20 DEBUG:    EVENT NUM 26    current_time = 00:00:01   START_TASK            [queue size = 39]
2026-09-11 01:50:20 DEBUG: No released tasks.
2026-09-11 01:50:20 DEBUG:    EVENT NUM 27    current_time = 00:00:01   START_TASK            [queue size = 38]
2026-09-11 01:50:20 DEBUG: No released tasks.
2026-09-11 01:50:20 DEBUG:    EVENT NUM 28    current_time = 00:00:01   START_TASK            [queue size = 37]
2026-09-11 01:50:20 DEBUG: No released tasks.
2026-09-11 01:50:20 INFO:   END SIMULATION.

2026-09-11 01:50:20 INFO: Writing statistics report ...
2026-09-11 01:50:20 INFO: Report saved to: c:\Users\chiod\Documents\OMERO_TaskDesign\Simulator\output\reports\heuristic\Opt_True\report_0_OptTrue_Seed789124.txt
