2026-07-13 17:11:14 INFO: Warehouse initialization | grid=15x20, physical=34x25, num_skus=4500, num_robots=20, num_ws=4
2026-07-13 17:11:14 INFO: Warehouse initialized | 300 pods  (average number of skus per pod = 20.93), 4 workstations, 20 robots
2026-07-13 17:11:14 INFO: [OptManager] Building time-space network ...
2026-07-13 17:11:15 INFO: [OptManager] Network ready: 30400 nodes, 231514 travelling arcs, 30096 idle arcs.
2026-07-13 17:11:15 INFO: 
=============================================
2026-07-13 17:11:15 INFO:   START SIMULATION  {TIME HORIZON = 01:00:00}
2026-07-13 17:11:15 DEBUG:    EVENT NUM 1     current_time = 00:00:00   ARRIVAL_ORDER         [queue size = 1]
2026-07-13 17:11:15 DEBUG: Order 0 arrived: items_required = [433].     [orders_in_system = 1]
2026-07-13 17:11:15 DEBUG: Order 1 arrived: items_required = [2975, 3285].     [orders_in_system = 2]
2026-07-13 17:11:15 DEBUG: Order 2 arrived: items_required = [1940].     [orders_in_system = 3]
2026-07-13 17:11:15 DEBUG: Order 3 arrived: items_required = [3042].     [orders_in_system = 4]
2026-07-13 17:11:15 DEBUG: Order 4 arrived: items_required = [3173].     [orders_in_system = 5]
2026-07-13 17:11:15 DEBUG: Order 5 arrived: items_required = [1868, 2714].     [orders_in_system = 6]
2026-07-13 17:11:15 DEBUG: Order 6 arrived: items_required = [2626].     [orders_in_system = 7]
2026-07-13 17:11:15 DEBUG: Order 7 arrived: items_required = [2459].     [orders_in_system = 8]
2026-07-13 17:11:15 DEBUG: Order 8 arrived: items_required = [3200, 3521, 2472].     [orders_in_system = 9]
2026-07-13 17:11:15 DEBUG: Order 9 arrived: items_required = [1339].     [orders_in_system = 10]
2026-07-13 17:11:15 DEBUG: Order 10 arrived: items_required = [1847].     [orders_in_system = 11]
2026-07-13 17:11:15 DEBUG: Order 11 arrived: items_required = [3555].     [orders_in_system = 12]
2026-07-13 17:11:15 DEBUG: Order 12 arrived: items_required = [3991, 2290].     [orders_in_system = 13]
2026-07-13 17:11:15 DEBUG: Order 13 arrived: items_required = [1362, 135].     [orders_in_system = 14]
2026-07-13 17:11:15 DEBUG: Order 14 arrived: items_required = [1320].     [orders_in_system = 15]
2026-07-13 17:11:15 DEBUG: Order 15 arrived: items_required = [2801].     [orders_in_system = 16]
2026-07-13 17:11:15 DEBUG: Order 16 arrived: items_required = [1979, 2299, 2670].     [orders_in_system = 17]
2026-07-13 17:11:15 DEBUG: Order 17 arrived: items_required = [2101].     [orders_in_system = 18]
2026-07-13 17:11:15 DEBUG: Order 18 arrived: items_required = [3747].     [orders_in_system = 19]
2026-07-13 17:11:15 DEBUG: Order 19 arrived: items_required = [2298, 2358, 2374].     [orders_in_system = 20]
2026-07-13 17:11:15 DEBUG: Order 20 arrived: items_required = [2170].     [orders_in_system = 21]
2026-07-13 17:11:15 DEBUG: Order 21 arrived: items_required = [1896].     [orders_in_system = 22]
2026-07-13 17:11:15 DEBUG: Order 22 arrived: items_required = [2331].     [orders_in_system = 23]
2026-07-13 17:11:15 DEBUG: Order 23 arrived: items_required = [3418].     [orders_in_system = 24]
2026-07-13 17:11:15 DEBUG: Order 24 arrived: items_required = [3039, 2837].     [orders_in_system = 25]
2026-07-13 17:11:15 DEBUG: Order 25 arrived: items_required = [2452].     [orders_in_system = 26]
2026-07-13 17:11:15 DEBUG: Order 26 arrived: items_required = [3347].     [orders_in_system = 27]
2026-07-13 17:11:15 DEBUG: Order 27 arrived: items_required = [2205, 2723, 3136].     [orders_in_system = 28]
2026-07-13 17:11:15 DEBUG: Order 28 arrived: items_required = [1687, 2631, 668, 2200, 2174, 59, 2654].     [orders_in_system = 29]
2026-07-13 17:11:15 DEBUG: Order 29 arrived: items_required = [1142, 2384].     [orders_in_system = 30]
2026-07-13 17:11:15 DEBUG: Order 30 arrived: items_required = [2927].     [orders_in_system = 31]
2026-07-13 17:11:15 DEBUG: Order 31 arrived: items_required = [2911, 2498].     [orders_in_system = 32]
2026-07-13 17:11:15 DEBUG: Order 32 arrived: items_required = [2869, 2800].     [orders_in_system = 33]
2026-07-13 17:11:15 DEBUG: Order 33 arrived: items_required = [2680, 1783].     [orders_in_system = 34]
2026-07-13 17:11:15 DEBUG: Order 34 arrived: items_required = [2327, 2859].     [orders_in_system = 35]
2026-07-13 17:11:15 DEBUG: Order 35 arrived: items_required = [1659].     [orders_in_system = 36]
2026-07-13 17:11:15 DEBUG: Order 36 arrived: items_required = [3693, 718, 676].     [orders_in_system = 37]
2026-07-13 17:11:15 DEBUG: Order 37 arrived: items_required = [1797, 1925].     [orders_in_system = 38]
2026-07-13 17:11:15 DEBUG: Order 38 arrived: items_required = [1954, 2815, 2333].     [orders_in_system = 39]
2026-07-13 17:11:15 DEBUG: Order 39 arrived: items_required = [4301].     [orders_in_system = 40]
2026-07-13 17:11:15 DEBUG: Order 40 arrived: items_required = [1886, 2298].     [orders_in_system = 41]
2026-07-13 17:11:15 DEBUG: Order 41 arrived: items_required = [2746, 3015].     [orders_in_system = 42]
2026-07-13 17:11:15 DEBUG: Order 42 arrived: items_required = [784].     [orders_in_system = 43]
2026-07-13 17:11:15 DEBUG: Order 43 arrived: items_required = [1042].     [orders_in_system = 44]
2026-07-13 17:11:15 DEBUG: Order 44 arrived: items_required = [2744].     [orders_in_system = 45]
2026-07-13 17:11:15 DEBUG: Order 45 arrived: items_required = [737, 3585, 916, 2400, 3520].     [orders_in_system = 46]
2026-07-13 17:11:15 DEBUG: Order 46 arrived: items_required = [2696, 1496].     [orders_in_system = 47]
2026-07-13 17:11:15 DEBUG: Order 47 arrived: items_required = [289, 4275].     [orders_in_system = 48]
2026-07-13 17:11:15 DEBUG: Order 48 arrived: items_required = [3509, 3779].     [orders_in_system = 49]
2026-07-13 17:11:15 DEBUG: Order 49 arrived: items_required = [496].     [orders_in_system = 50]
2026-07-13 17:11:15 DEBUG: Order 50 arrived: items_required = [1337].     [orders_in_system = 51]
2026-07-13 17:11:15 DEBUG: Order 51 arrived: items_required = [3110, 3929].     [orders_in_system = 52]
2026-07-13 17:11:15 DEBUG: Order 52 arrived: items_required = [3412].     [orders_in_system = 53]
2026-07-13 17:11:15 DEBUG: Order 53 arrived: items_required = [2645].     [orders_in_system = 54]
2026-07-13 17:11:15 DEBUG: Order 54 arrived: items_required = [2878, 1736].     [orders_in_system = 55]
2026-07-13 17:11:15 DEBUG: Order 55 arrived: items_required = [2767, 2483].     [orders_in_system = 56]
2026-07-13 17:11:15 DEBUG: Order 56 arrived: items_required = [2471].     [orders_in_system = 57]
2026-07-13 17:11:15 DEBUG: Order 57 arrived: items_required = [2400].     [orders_in_system = 58]
2026-07-13 17:11:15 DEBUG: Order 58 arrived: items_required = [3354].     [orders_in_system = 59]
2026-07-13 17:11:15 DEBUG: Order 59 arrived: items_required = [1926].     [orders_in_system = 60]
2026-07-13 17:11:15 DEBUG: Order 60 arrived: items_required = [2058, 1586].     [orders_in_system = 61]
2026-07-13 17:11:15 DEBUG: Order 61 arrived: items_required = [3005].     [orders_in_system = 62]
2026-07-13 17:11:15 DEBUG: Order 62 arrived: items_required = [1769].     [orders_in_system = 63]
2026-07-13 17:11:15 DEBUG: Order 63 arrived: items_required = [1902, 1699].     [orders_in_system = 64]
2026-07-13 17:11:15 DEBUG: Order 64 arrived: items_required = [1890, 561, 1699].     [orders_in_system = 65]
2026-07-13 17:11:15 DEBUG: Order 65 arrived: items_required = [2394].     [orders_in_system = 66]
2026-07-13 17:11:15 DEBUG: Order 66 arrived: items_required = [4262].     [orders_in_system = 67]
2026-07-13 17:11:15 DEBUG: Order 67 arrived: items_required = [453, 2845, 4461, 2158].     [orders_in_system = 68]
2026-07-13 17:11:15 DEBUG: Order 68 arrived: items_required = [2151].     [orders_in_system = 69]
2026-07-13 17:11:15 DEBUG: Order 69 arrived: items_required = [1660].     [orders_in_system = 70]
2026-07-13 17:11:15 DEBUG: Order 70 arrived: items_required = [933].     [orders_in_system = 71]
2026-07-13 17:11:15 DEBUG: Order 71 arrived: items_required = [4230].     [orders_in_system = 72]
2026-07-13 17:11:15 DEBUG: Order 72 arrived: items_required = [1389, 1287].     [orders_in_system = 73]
2026-07-13 17:11:15 DEBUG: Order 73 arrived: items_required = [857, 2119, 1407].     [orders_in_system = 74]
2026-07-13 17:11:15 DEBUG: Order 74 arrived: items_required = [2311].     [orders_in_system = 75]
2026-07-13 17:11:15 DEBUG: Order 75 arrived: items_required = [2929].     [orders_in_system = 76]
2026-07-13 17:11:15 DEBUG: Order 76 arrived: items_required = [1984].     [orders_in_system = 77]
2026-07-13 17:11:15 DEBUG: Order 77 arrived: items_required = [1886, 2410].     [orders_in_system = 78]
2026-07-13 17:11:15 DEBUG: Order 78 arrived: items_required = [2195, 1777].     [orders_in_system = 79]
2026-07-13 17:11:15 DEBUG: Order 79 arrived: items_required = [1928].     [orders_in_system = 80]
2026-07-13 17:11:15 DEBUG: Order 80 arrived: items_required = [1096].     [orders_in_system = 81]
2026-07-13 17:11:15 DEBUG: Order 81 arrived: items_required = [3243, 2520].     [orders_in_system = 82]
2026-07-13 17:11:15 DEBUG: Order 82 arrived: items_required = [4344].     [orders_in_system = 83]
2026-07-13 17:11:15 DEBUG: Order 83 arrived: items_required = [323, 1851, 1991, 3725].     [orders_in_system = 84]
2026-07-13 17:11:15 DEBUG: Order 84 arrived: items_required = [2888, 1544, 2569].     [orders_in_system = 85]
2026-07-13 17:11:15 DEBUG: Order 85 arrived: items_required = [1203].     [orders_in_system = 86]
2026-07-13 17:11:15 DEBUG: Order 86 arrived: items_required = [1885].     [orders_in_system = 87]
2026-07-13 17:11:15 DEBUG: Order 87 arrived: items_required = [875, 1265].     [orders_in_system = 88]
2026-07-13 17:11:15 DEBUG: Order 88 arrived: items_required = [1077].     [orders_in_system = 89]
2026-07-13 17:11:15 DEBUG: Order 89 arrived: items_required = [3307, 1565].     [orders_in_system = 90]
2026-07-13 17:11:15 DEBUG: Order 90 arrived: items_required = [1076].     [orders_in_system = 91]
2026-07-13 17:11:15 DEBUG: Order 91 arrived: items_required = [2341, 2224].     [orders_in_system = 92]
2026-07-13 17:11:15 DEBUG: Order 92 arrived: items_required = [3240, 4218].     [orders_in_system = 93]
2026-07-13 17:11:15 DEBUG: Order 93 arrived: items_required = [2707, 3001, 3360].     [orders_in_system = 94]
2026-07-13 17:11:15 DEBUG: Order 94 arrived: items_required = [610].     [orders_in_system = 95]
2026-07-13 17:11:15 DEBUG: Order 95 arrived: items_required = [1201].     [orders_in_system = 96]
2026-07-13 17:11:15 DEBUG: Order 96 arrived: items_required = [1335].     [orders_in_system = 97]
2026-07-13 17:11:15 DEBUG: Order 97 arrived: items_required = [1184, 759].     [orders_in_system = 98]
2026-07-13 17:11:15 DEBUG: Order 98 arrived: items_required = [2743, 1140].     [orders_in_system = 99]
2026-07-13 17:11:15 DEBUG: Order 99 arrived: items_required = [2943, 3758].     [orders_in_system = 100]
2026-07-13 17:11:15 DEBUG:    EVENT NUM 2     current_time = 00:00:01   RUN_OPTIMIZER         [queue size = 1]
2026-07-13 17:11:15 INFO: Solving stage 1 ... 
2026-07-13 17:11:15 INFO: [ls_stage1] Building initial solution ...
2026-07-13 17:11:15 INFO: [ls_stage1] Initial objective = 174.5300
2026-07-13 17:11:15 WARNING: 
Variables size:
  shape x = (168, 300)
  shape y = (4, 300)
  shape z = (100, 4)
  constraints_satisfied = 201876

2026-07-13 17:11:16 INFO: [ls_stage1] Iter 1: IMPROVEMENT move=('swap', 19, 38) obj=170.7000
2026-07-13 17:11:18 INFO: [ls_stage1] Iter 2: IMPROVEMENT move=('swap', 12, 30) obj=168.1500
2026-07-13 17:11:19 INFO: [ls_stage1] Iter 3: IMPROVEMENT move=('swap', 41, 91) obj=165.5500
2026-07-13 17:11:20 INFO: [ls_stage1] Iter 4: IMPROVEMENT move=('swap', 64, 87) obj=163.1900
2026-07-13 17:11:22 INFO: [ls_stage1] Iter 5: IMPROVEMENT move=('swap', 0, 97) obj=161.7700
2026-07-13 17:11:23 INFO: [ls_stage1] Iter 6: IMPROVEMENT move=('swap', 61, 78) obj=160.4200
2026-07-13 17:11:24 INFO: [ls_stage1] Iter 7: IMPROVEMENT move=('swap', 7, 69) obj=157.9400
2026-07-13 17:11:25 INFO: [ls_stage1] Iter 8: IMPROVEMENT move=('swap', 77, 89) obj=156.5900
2026-07-13 17:11:27 INFO: [ls_stage1] Iter 9: IMPROVEMENT move=('swap', 35, 58) obj=155.3000
2026-07-13 17:11:28 INFO: [ls_stage1] Iter 10: IMPROVEMENT move=('moveto', 9, 2) obj=154.1100
2026-07-13 17:11:29 INFO: [ls_stage1] Iter 11: IMPROVEMENT move=('swap', 52, 62) obj=152.8100
2026-07-13 17:11:30 INFO: [ls_stage1] Iter 12: IMPROVEMENT move=('swap', 24, 55) obj=151.6100
2026-07-13 17:11:32 INFO: [ls_stage1] Iter 13: IMPROVEMENT move=('moveto', 39, 2) obj=150.4200
2026-07-13 17:11:33 INFO: [ls_stage1] Iter 14: IMPROVEMENT move=('repod', 52, 255) obj=150.2700
2026-07-13 17:11:34 INFO: [ls_stage1] Iter 15: IMPROVEMENT move=('repod', 57, 129) obj=148.9600
2026-07-13 17:11:35 INFO: [ls_stage1] Iter 16: IMPROVEMENT move=('repod', 126, 45) obj=147.7000
2026-07-13 17:11:37 INFO: [ls_stage1] Iter 17: IMPROVEMENT move=('swap', 48, 86) obj=147.5800
2026-07-13 17:11:38 INFO: [ls_stage1] Iter 18: IMPROVEMENT move=('swap', 61, 87) obj=147.4600
2026-07-13 17:11:39 INFO: [ls_stage1] Iter 19: IMPROVEMENT move=('repod', 165, 124) obj=147.3800
2026-07-13 17:11:41 INFO: [ls_stage1] Iter 20: IMPROVEMENT move=('swap', 32, 85) obj=147.2600
2026-07-13 17:11:42 INFO: [ls_stage1] Iter 21: IMPROVEMENT move=('swap', 17, 98) obj=146.0000
2026-07-13 17:11:43 INFO: [ls_stage1] Iter 22: IMPROVEMENT move=('swap', 76, 99) obj=145.9000
2026-07-13 17:11:44 INFO: [ls_stage1] Iter 23: IMPROVEMENT move=('swap', 70, 94) obj=145.8200
2026-07-13 17:11:46 INFO: [ls_stage1] Iter 24: IMPROVEMENT move=('repod', 41, 143) obj=145.6800
2026-07-13 17:11:47 INFO: [ls_stage1] Iter 25: IMPROVEMENT move=('swap', 44, 61) obj=145.6400
2026-07-13 17:11:48 INFO: [ls_stage1] Iter 26: IMPROVEMENT move=('repod', 27, 143) obj=144.4100
2026-07-13 17:11:49 INFO: [ls_stage1] Iter 27: IMPROVEMENT move=('swap', 37, 71) obj=144.3500
2026-07-13 17:11:51 INFO: [ls_stage1] Iter 28: IMPROVEMENT move=('repod', 93, 284) obj=144.3100
2026-07-13 17:11:52 INFO: [ls_stage1] Iter 29: IMPROVEMENT move=('moveto', 77, 3) obj=144.2700
2026-07-13 17:11:53 INFO: [ls_stage1] Iter 30: IMPROVEMENT move=('swap', 23, 94) obj=143.1000
2026-07-13 17:11:55 INFO: [ls_stage1] Iter 31: IMPROVEMENT move=('repod', 127, 20) obj=143.0000
2026-07-13 17:11:56 INFO: [ls_stage1] Iter 32: IMPROVEMENT move=('repod', 32, 155) obj=142.8800
2026-07-13 17:11:57 INFO: [ls_stage1] Iter 33: IMPROVEMENT move=('moveto', 15, 3) obj=142.8400
2026-07-13 17:11:58 INFO: [ls_stage1] Iter 34: IMPROVEMENT move=('swap', 3, 99) obj=142.8200
2026-07-13 17:12:00 INFO: [ls_stage1] Iter 35: IMPROVEMENT move=('swap', 14, 17) obj=142.7800
2026-07-13 17:12:01 INFO: [ls_stage1] Iter 36: IMPROVEMENT move=('repod', 67, 278) obj=142.6700
2026-07-13 17:12:02 INFO: [ls_stage1] Iter 37: IMPROVEMENT move=('repod', 127, 47) obj=141.4500
2026-07-13 17:12:03 INFO: [ls_stage1] Iter 38: IMPROVEMENT move=('swap', 20, 90) obj=141.4100
2026-07-13 17:12:05 INFO: [ls_stage1] Iter 39: IMPROVEMENT move=('repod', 66, 265) obj=141.3400
2026-07-13 17:12:06 INFO: [ls_stage1] Iter 40: PLATEAU move=('swap', 19, 97) obj=141.3400
2026-07-13 17:12:07 INFO: [ls_stage1] Iter 41: IMPROVEMENT move=('repod', 145, 163) obj=140.1200
2026-07-13 17:12:08 INFO: [ls_stage1] Iter 42: IMPROVEMENT move=('swap', 37, 83) obj=140.0200
2026-07-13 17:12:10 INFO: [ls_stage1] Iter 43: IMPROVEMENT move=('moveto', 94, 3) obj=140.0000
2026-07-13 17:12:11 INFO: [ls_stage1] Iter 44: IMPROVEMENT move=('swap', 37, 47) obj=139.9600
2026-07-13 17:12:12 INFO: [ls_stage1] Iter 45: IMPROVEMENT move=('repod', 97, 128) obj=139.8900
2026-07-13 17:12:14 INFO: [ls_stage1] Iter 46: IMPROVEMENT move=('repod', 52, 264) obj=139.8200
2026-07-13 17:12:15 INFO: [ls_stage1] Iter 47: IMPROVEMENT move=('repod', 141, 297) obj=139.7700
2026-07-13 17:12:16 INFO: [ls_stage1] Iter 48: IMPROVEMENT move=('swap', 47, 70) obj=139.7500
2026-07-13 17:12:17 INFO: [ls_stage1] Iter 49: IMPROVEMENT move=('moveto', 31, 3) obj=139.7300
2026-07-13 17:12:19 INFO: [ls_stage1] Iter 50: IMPROVEMENT move=('swap', 56, 96) obj=139.6900
2026-07-13 17:12:20 INFO: [ls_stage1] Iter 51: IMPROVEMENT move=('swap', 54, 70) obj=139.6500
2026-07-13 17:12:21 INFO: [ls_stage1] Iter 52: IMPROVEMENT move=('swap', 9, 32) obj=138.5200
2026-07-13 17:12:22 INFO: [ls_stage1] Iter 53: IMPROVEMENT move=('swap', 32, 66) obj=138.4800
2026-07-13 17:12:24 INFO: [ls_stage1] Iter 54: IMPROVEMENT move=('repod', 158, 182) obj=138.4500
2026-07-13 17:12:25 INFO: [ls_stage1] Iter 55: IMPROVEMENT move=('swap', 61, 66) obj=138.4300
2026-07-13 17:12:26 INFO: [ls_stage1] Iter 56: IMPROVEMENT move=('repod', 35, 270) obj=138.3600
2026-07-13 17:12:27 INFO: [ls_stage1] Iter 57: PLATEAU move=('swap', 44, 89) obj=138.3600
2026-07-13 17:12:29 INFO: [ls_stage1] Iter 58: IMPROVEMENT move=('moveto', 56, 3) obj=138.3400
2026-07-13 17:12:30 INFO: [ls_stage1] Iter 59: IMPROVEMENT move=('swap', 31, 85) obj=138.3200
2026-07-13 17:12:31 INFO: [ls_stage1] Iter 60: IMPROVEMENT move=('repod', 5, 258) obj=138.2800
2026-07-13 17:12:33 INFO: [ls_stage1] Iter 61: PLATEAU move=('swap', 45, 48) obj=138.2800
2026-07-13 17:12:34 INFO: [ls_stage1] Iter 62: PLATEAU move=('swap', 2, 53) obj=138.2800
2026-07-13 17:12:35 INFO: [ls_stage1] Iter 63: PLATEAU move=('swap', 38, 55) obj=138.2800
2026-07-13 17:12:36 INFO: [ls_stage1] Iter 64: PLATEAU move=('swap', 1, 63) obj=138.2800
2026-07-13 17:12:38 INFO: [ls_stage1] Iter 65: PLATEAU move=('swap', 40, 81) obj=138.2800
2026-07-13 17:12:39 INFO: [ls_stage1] Iter 66: PLATEAU move=('swap', 15, 45) obj=138.2800
2026-07-13 17:12:40 INFO: [ls_stage1] Iter 67: IMPROVEMENT move=('swap', 69, 90) obj=138.2600
2026-07-13 17:12:41 INFO: [ls_stage1] Iter 68: PLATEAU move=('swap', 5, 75) obj=138.2600
2026-07-13 17:12:43 INFO: [ls_stage1] Iter 69: PLATEAU move=('swap', 14, 70) obj=138.2600
2026-07-13 17:12:44 INFO: [ls_stage1] Iter 70: PLATEAU move=('moveto', 4, 0) obj=138.2600
2026-07-13 17:12:45 INFO: [ls_stage1] Iter 71: PLATEAU move=('swap', 13, 17) obj=138.2600
2026-07-13 17:12:47 INFO: [ls_stage1] Iter 72: PLATEAU move=('swap', 7, 60) obj=138.2600
2026-07-13 17:12:48 INFO: [ls_stage1] Iter 73: PLATEAU move=('swap', 8, 89) obj=138.2600
2026-07-13 17:12:49 INFO: [ls_stage1] Iter 74: IMPROVEMENT move=('swap', 29, 95) obj=138.2100
2026-07-13 17:12:50 INFO: [ls_stage1] Iter 75: PLATEAU move=('swap', 9, 58) obj=138.2100
2026-07-13 17:12:52 INFO: [ls_stage1] Iter 76: PLATEAU move=('swap', 8, 9) obj=138.2100
2026-07-13 17:12:53 INFO: [ls_stage1] Iter 77: PLATEAU move=('swap', 28, 40) obj=138.2100
2026-07-13 17:12:54 INFO: [ls_stage1] Iter 78: PLATEAU move=('swap', 54, 68) obj=138.2100
2026-07-13 17:12:55 INFO: [ls_stage1] Iter 79: PLATEAU move=('swap', 12, 52) obj=138.2100
2026-07-13 17:12:57 INFO: [ls_stage1] Iter 80: PLATEAU move=('moveto', 97, 3) obj=138.2100
2026-07-13 17:12:58 INFO: [ls_stage1] Iter 81: PLATEAU move=('swap', 49, 96) obj=138.2100
2026-07-13 17:12:59 INFO: [ls_stage1] Iter 82: PLATEAU move=('swap', 60, 70) obj=138.2100
2026-07-13 17:13:01 INFO: [ls_stage1] Iter 83: PLATEAU move=('swap', 25, 83) obj=138.2100
2026-07-13 17:13:02 INFO: [ls_stage1] Iter 84: PLATEAU move=('swap', 40, 81) obj=138.2100
2026-07-13 17:13:02 INFO: [ls_stage1] Converged after 10 iterations without imprevement.
2026-07-13 17:13:02 INFO: [ls_stage1] Final objective = 138.2100
2026-07-13 17:13:02 INFO: Stage 1 solved.
2026-07-13 17:13:02 INFO: Solving stage 2 ... 
2026-07-13 17:13:02 INFO: [ls_stage2] Building initial solution ...
2026-07-13 17:13:32 INFO: [ls_stage2] Feasible initial solution: obj = 76.4443
2026-07-13 17:13:32 WARNING: 
Variables size:
  x shape = (168, 100)
  f0 = (100, 100)
  g0 = (100, 100)
  v0 = (100, 100)
  y shape = (113, 261610)
  num constraints satisfied = 1439345

2026-07-13 17:14:01 INFO: [ls_stage2] Iter 1: improved move=('multi_item', (np.int64(3), np.int64(13), np.int64(69)), -5) obj=76.8979
2026-07-13 17:14:02 WARNING: _rebuild_pod_row: pod 124 cannot reach ws 19 by t=41 from 17 t=41 — staying put
2026-07-13 17:14:31 INFO: [ls_stage2] Candidate rejected: move=('multi_item', (np.int64(132), np.int64(73)), -4) obj=77.3823 violations=['EC18']
2026-07-13 17:15:01 INFO: [ls_stage2] Iter 2: improved move=('item', 86, -6) obj=77.3692
2026-07-13 17:15:30 INFO: [ls_stage2] Iter 3: improved move=('multi_item', (np.int64(121), np.int64(73), np.int64(97)), -5) obj=78.0349
2026-07-13 17:16:00 INFO: [ls_stage2] Iter 4: improved move=('multi_item', (np.int64(107), np.int64(14), np.int64(124)), -5) obj=78.7465
2026-07-13 17:16:30 INFO: [ls_stage2] Iter 5: improved move=('item', 14, -8) obj=79.3029
2026-07-13 17:16:59 INFO: [ls_stage2] Iter 6: improved move=('item', 159, -8) obj=79.9153
2026-07-13 17:17:29 INFO: [ls_stage2] Iter 7: improved move=('item', 151, -8) obj=80.4077
2026-07-13 17:17:59 INFO: [ls_stage2] Iter 8: improved move=('item', 21, -8) obj=80.9801
2026-07-13 17:18:29 INFO: [ls_stage2] Iter 9: improved move=('multi_item', (np.int64(82), np.int64(37), np.int64(116)), -5) obj=81.5156
2026-07-13 17:18:58 INFO: [ls_stage2] Iter 10: improved move=('item', 86, -6) obj=81.9509
2026-07-13 17:19:28 INFO: [ls_stage2] Iter 11: improved move=('item', 26, -8) obj=82.5793
2026-07-13 17:19:58 INFO: [ls_stage2] Iter 12: improved move=('multi_item', (np.int64(124), np.int64(116), np.int64(81)), -4) obj=83.0117
2026-07-13 17:20:27 INFO: [ls_stage2] Iter 13: improved move=('item', 159, -8) obj=83.5601
2026-07-13 17:20:57 INFO: [ls_stage2] Iter 14: improved move=('item', 73, -8) obj=84.1245
2026-07-13 17:21:27 INFO: [ls_stage2] Iter 15: improved move=('multi_item', (np.int64(147), np.int64(97), np.int64(155)), -5) obj=84.5680
2026-07-13 17:21:57 INFO: [ls_stage2] Iter 16: improved move=('multi_item', (np.int64(137), np.int64(26), np.int64(128)), -4) obj=85.1065
2026-07-13 17:22:26 INFO: [ls_stage2] Iter 17: improved move=('item', 151, -8) obj=85.5349
2026-07-13 17:22:56 INFO: [ls_stage2] Iter 18: improved move=('multi_item', (np.int64(127), np.int64(162), np.int64(146)), -5) obj=86.0324
2026-07-13 17:23:26 INFO: [ls_stage2] Iter 19: improved move=('item', 21, -8) obj=86.5408
2026-07-13 17:23:56 INFO: [ls_stage2] Iter 20: improved move=('item', 21, -8) obj=86.9852
2026-07-13 17:24:25 INFO: [ls_stage2] Iter 21: improved move=('item', 26, -8) obj=87.5176
2026-07-13 17:24:55 INFO: [ls_stage2] Iter 22: improved move=('item', 73, -8) obj=88.0180
2026-07-13 17:25:25 INFO: [ls_stage2] Iter 23: improved move=('multi_item', (np.int64(21), np.int64(34), np.int64(73)), -4) obj=88.4755
2026-07-13 17:25:54 INFO: [ls_stage2] Iter 24: improved move=('item', 98, -8) obj=88.9119
2026-07-13 17:26:24 INFO: [ls_stage2] Iter 25: improved move=('multi_item', (np.int64(40), np.int64(122), np.int64(32)), -5) obj=89.3926
2026-07-13 17:26:24 WARNING: _rebuild_pod_row: pod 124 at 17 t=41 > arrive_t=40 — skipping
2026-07-13 17:26:54 INFO: [ls_stage2] Candidate rejected: move=('multi_item', (np.int64(98), np.int64(10), np.int64(132)), -5) obj=89.9684 violations=['EC18']
2026-07-13 17:26:54 WARNING: _rebuild_pod_row: pod 243 cannot reach ws 13 by t=1 from 212 t=0 — staying put
2026-07-13 17:26:54 WARNING: _rebuild_pod_row: pod 124 at 17 t=41 > arrive_t=40 — skipping
2026-07-13 17:27:23 INFO: [ls_stage2] Candidate rejected: move=('multi_item', (np.int64(132), np.int64(75), np.int64(25)), -5) obj=89.8284 violations=['EC18']
2026-07-13 17:27:53 INFO: [ls_stage2] Iter 26: improved move=('item', 160, -8) obj=89.8130
2026-07-13 17:28:23 INFO: [ls_stage2] Iter 27: improved move=('multi_item', (np.int64(70), np.int64(117), np.int64(97)), -4) obj=90.2206
2026-07-13 17:28:23 WARNING: _rebuild_pod_row: pod 124 at 19 t=41 > arrive_t=40 — skipping
2026-07-13 17:28:52 INFO: [ls_stage2] Candidate rejected: move=('multi_item', (np.int64(29), np.int64(158), np.int64(26)), -5) obj=90.7270 violations=['EC18']
2026-07-13 17:29:22 INFO: [ls_stage2] Iter 28: improved move=('item', 14, -8) obj=90.7130
2026-07-13 17:29:52 INFO: [ls_stage2] Iter 29: improved move=('multi_item', (np.int64(160), np.int64(65)), -5) obj=91.0694
2026-07-13 17:30:21 INFO: [ls_stage2] Iter 30: improved move=('multi_item', (np.int64(26), np.int64(32), np.int64(46)), -4) obj=91.4498
2026-07-13 17:30:51 INFO: [ls_stage2] Iter 31: improved move=('item', 159, -8) obj=91.9342
2026-07-13 17:30:51 WARNING: _rebuild_pod_row: pod 163 cannot reach ws 15 by t=1 from 436 t=0 — staying put
2026-07-13 17:30:51 WARNING: _rebuild_pod_row: pod 163 cannot reach ws 15 by t=6 from 436 t=2 — staying put
2026-07-13 17:31:21 INFO: [ls_stage2] Candidate rejected: move=('multi_item', (np.int64(145), np.int64(26), np.int64(144)), -5) obj=92.4700 violations=['EC18']
2026-07-13 17:31:50 INFO: [ls_stage2] Iter 32: improved move=('multi_item', (np.int64(52), np.int64(107), np.int64(31)), -5) obj=92.2697
2026-07-13 17:32:20 INFO: [ls_stage2] Iter 33: improved move=('item', 26, -8) obj=92.7061
2026-07-13 17:32:20 WARNING: _rebuild_pod_row: pod 124 at 17 t=41 > arrive_t=40 — skipping
2026-07-13 17:32:50 INFO: [ls_stage2] Candidate rejected: move=('multi_item', (np.int64(33), np.int64(132), np.int64(126)), -5) obj=93.2269 violations=['EC18']
2026-07-13 17:33:19 INFO: [ls_stage2] Iter 34: improved move=('item', 14, -8) obj=93.1345
2026-07-13 17:33:49 INFO: [ls_stage2] Iter 35: improved move=('multi_item', (np.int64(13), np.int64(163), np.int64(162)), -5) obj=93.6900
2026-07-13 17:34:19 INFO: [ls_stage2] Iter 36: improved move=('multi_item', (np.int64(106), np.int64(74)), -5) obj=94.0905
2026-07-13 17:34:48 INFO: [ls_stage2] Iter 37: improved move=('item', 73, -8) obj=94.4949
2026-07-13 17:35:18 INFO: [ls_stage2] Iter 38: improved move=('multi_item', (np.int64(158), np.int64(23), np.int64(26)), -5) obj=94.9554
2026-07-13 17:35:48 INFO: [ls_stage2] Iter 39: improved move=('multi_item', (np.int64(133), np.int64(30), np.int64(18)), -5) obj=95.4009
2026-07-13 17:36:17 INFO: [ls_stage2] Iter 40: improved move=('multi_item', (np.int64(106), np.int64(36), np.int64(26)), -5) obj=95.8467
2026-07-13 17:36:47 INFO: [ls_stage2] Iter 41: improved move=('multi_item', (np.int64(31), np.int64(49), np.int64(71)), -5) obj=96.2342
