2026-09-04 21:21:36 INFO: Warehouse initialization | grid=15x20, physical=34x25, num_skus=3000, num_robots=20, num_ws=4
2026-09-04 21:21:36 INFO: Warehouse initialized | 300 pods  (average number of skus per pod = 30.00), 4 workstations, 20 robots
2026-09-04 21:21:36 INFO: [OptManager] Building time-space network ...
2026-09-04 21:21:36 INFO: [OptManager] Network ready: 21280 nodes, 159154 travelling arcs, 20976 idle arcs.
2026-09-04 21:21:36 INFO: 
=============================================
2026-09-04 21:21:36 INFO:   START SIMULATION  {TIME HORIZON = 01:00:00}
2026-09-04 21:21:36 DEBUG:    EVENT NUM 1     current_time = 00:00:00   ARRIVAL_ORDER         [queue size = 1]
2026-09-04 21:21:36 DEBUG: Order 0 arrived: items_required = [1768].     [orders_in_system = 1]
2026-09-04 21:21:36 DEBUG: Order 1 arrived: items_required = [1494].     [orders_in_system = 2]
2026-09-04 21:21:36 DEBUG: Order 2 arrived: items_required = [1065].     [orders_in_system = 3]
2026-09-04 21:21:36 DEBUG: Order 3 arrived: items_required = [1658, 1553].     [orders_in_system = 4]
2026-09-04 21:21:36 DEBUG: Order 4 arrived: items_required = [1648, 1592].     [orders_in_system = 5]
2026-09-04 21:21:36 DEBUG: Order 5 arrived: items_required = [1769].     [orders_in_system = 6]
2026-09-04 21:21:36 DEBUG: Order 6 arrived: items_required = [1992].     [orders_in_system = 7]
2026-09-04 21:21:36 DEBUG: Order 7 arrived: items_required = [516, 2014].     [orders_in_system = 8]
2026-09-04 21:21:36 DEBUG: Order 8 arrived: items_required = [2128].     [orders_in_system = 9]
2026-09-04 21:21:36 DEBUG: Order 9 arrived: items_required = [1780].     [orders_in_system = 10]
2026-09-04 21:21:36 DEBUG: Order 10 arrived: items_required = [2030].     [orders_in_system = 11]
2026-09-04 21:21:36 DEBUG: Order 11 arrived: items_required = [1894, 1509].     [orders_in_system = 12]
2026-09-04 21:21:36 DEBUG: Order 12 arrived: items_required = [1703].     [orders_in_system = 13]
2026-09-04 21:21:36 DEBUG: Order 13 arrived: items_required = [2296].     [orders_in_system = 14]
2026-09-04 21:21:36 DEBUG: Order 14 arrived: items_required = [1214, 1478].     [orders_in_system = 15]
2026-09-04 21:21:36 DEBUG: Order 15 arrived: items_required = [1119, 1140].     [orders_in_system = 16]
2026-09-04 21:21:36 DEBUG: Order 16 arrived: items_required = [757].     [orders_in_system = 17]
2026-09-04 21:21:36 DEBUG: Order 17 arrived: items_required = [1935].     [orders_in_system = 18]
2026-09-04 21:21:36 DEBUG: Order 18 arrived: items_required = [1517, 1521].     [orders_in_system = 19]
2026-09-04 21:21:36 DEBUG: Order 19 arrived: items_required = [1366, 1076].     [orders_in_system = 20]
2026-09-04 21:21:36 DEBUG: Order 20 arrived: items_required = [1442].     [orders_in_system = 21]
2026-09-04 21:21:36 DEBUG: Order 21 arrived: items_required = [1910].     [orders_in_system = 22]
2026-09-04 21:21:36 DEBUG: Order 22 arrived: items_required = [1634].     [orders_in_system = 23]
2026-09-04 21:21:36 DEBUG: Order 23 arrived: items_required = [1948, 1633].     [orders_in_system = 24]
2026-09-04 21:21:36 DEBUG: Order 24 arrived: items_required = [1817, 1229, 1574].     [orders_in_system = 25]
2026-09-04 21:21:36 DEBUG: Order 25 arrived: items_required = [1377].     [orders_in_system = 26]
2026-09-04 21:21:36 DEBUG: Order 26 arrived: items_required = [1496, 1721].     [orders_in_system = 27]
2026-09-04 21:21:36 DEBUG: Order 27 arrived: items_required = [847, 883].     [orders_in_system = 28]
2026-09-04 21:21:36 DEBUG: Order 28 arrived: items_required = [2147].     [orders_in_system = 29]
2026-09-04 21:21:36 DEBUG: Order 29 arrived: items_required = [1531].     [orders_in_system = 30]
2026-09-04 21:21:36 DEBUG: Order 30 arrived: items_required = [1471, 1651].     [orders_in_system = 31]
2026-09-04 21:21:36 DEBUG: Order 31 arrived: items_required = [998, 900, 1203, 1276].     [orders_in_system = 32]
2026-09-04 21:21:36 DEBUG: Order 32 arrived: items_required = [2655, 1335].     [orders_in_system = 33]
2026-09-04 21:21:36 DEBUG: Order 33 arrived: items_required = [1524].     [orders_in_system = 34]
2026-09-04 21:21:36 DEBUG: Order 34 arrived: items_required = [1752].     [orders_in_system = 35]
2026-09-04 21:21:36 DEBUG: Order 35 arrived: items_required = [1214].     [orders_in_system = 36]
2026-09-04 21:21:36 DEBUG: Order 36 arrived: items_required = [1749].     [orders_in_system = 37]
2026-09-04 21:21:36 DEBUG: Order 37 arrived: items_required = [903, 1582].     [orders_in_system = 38]
2026-09-04 21:21:36 DEBUG: Order 38 arrived: items_required = [1680, 1683].     [orders_in_system = 39]
2026-09-04 21:21:36 DEBUG: Order 39 arrived: items_required = [1545].     [orders_in_system = 40]
2026-09-04 21:21:36 DEBUG: Order 40 arrived: items_required = [1796].     [orders_in_system = 41]
2026-09-04 21:21:36 DEBUG: Order 41 arrived: items_required = [1234, 1298].     [orders_in_system = 42]
2026-09-04 21:21:36 DEBUG: Order 42 arrived: items_required = [456].     [orders_in_system = 43]
2026-09-04 21:21:36 DEBUG: Order 43 arrived: items_required = [2171].     [orders_in_system = 44]
2026-09-04 21:21:36 DEBUG: Order 44 arrived: items_required = [740].     [orders_in_system = 45]
2026-09-04 21:21:36 DEBUG: Order 45 arrived: items_required = [936, 1385].     [orders_in_system = 46]
2026-09-04 21:21:36 DEBUG: Order 46 arrived: items_required = [1479, 1253].     [orders_in_system = 47]
2026-09-04 21:21:36 DEBUG: Order 47 arrived: items_required = [1834, 1514].     [orders_in_system = 48]
2026-09-04 21:21:36 DEBUG: Order 48 arrived: items_required = [1914, 1308].     [orders_in_system = 49]
2026-09-04 21:21:36 DEBUG: Order 49 arrived: items_required = [973].     [orders_in_system = 50]
2026-09-04 21:21:36 DEBUG: Order 50 arrived: items_required = [2119, 1429, 1417, 1957].     [orders_in_system = 51]
2026-09-04 21:21:36 DEBUG: Order 51 arrived: items_required = [1832, 2488].     [orders_in_system = 52]
2026-09-04 21:21:36 DEBUG: Order 52 arrived: items_required = [1074].     [orders_in_system = 53]
2026-09-04 21:21:36 DEBUG: Order 53 arrived: items_required = [1035, 2032].     [orders_in_system = 54]
2026-09-04 21:21:36 DEBUG: Order 54 arrived: items_required = [1008].     [orders_in_system = 55]
2026-09-04 21:21:36 DEBUG: Order 55 arrived: items_required = [1174, 1278].     [orders_in_system = 56]
2026-09-04 21:21:36 DEBUG: Order 56 arrived: items_required = [1149].     [orders_in_system = 57]
2026-09-04 21:21:36 DEBUG: Order 57 arrived: items_required = [1505].     [orders_in_system = 58]
2026-09-04 21:21:36 DEBUG: Order 58 arrived: items_required = [1784, 1623, 1230].     [orders_in_system = 59]
2026-09-04 21:21:36 DEBUG: Order 59 arrived: items_required = [1557].     [orders_in_system = 60]
2026-09-04 21:21:36 DEBUG: Order 60 arrived: items_required = [1661].     [orders_in_system = 61]
2026-09-04 21:21:36 DEBUG: Order 61 arrived: items_required = [1651].     [orders_in_system = 62]
2026-09-04 21:21:36 DEBUG: Order 62 arrived: items_required = [820].     [orders_in_system = 63]
2026-09-04 21:21:36 DEBUG: Order 63 arrived: items_required = [1505].     [orders_in_system = 64]
2026-09-04 21:21:36 DEBUG: Order 64 arrived: items_required = [587, 1348].     [orders_in_system = 65]
2026-09-04 21:21:36 DEBUG: Order 65 arrived: items_required = [1068].     [orders_in_system = 66]
2026-09-04 21:21:36 DEBUG: Order 66 arrived: items_required = [812, 2486].     [orders_in_system = 67]
2026-09-04 21:21:36 DEBUG: Order 67 arrived: items_required = [1758, 1619].     [orders_in_system = 68]
2026-09-04 21:21:36 DEBUG: Order 68 arrived: items_required = [1146].     [orders_in_system = 69]
2026-09-04 21:21:36 DEBUG: Order 69 arrived: items_required = [1354, 1508].     [orders_in_system = 70]
2026-09-04 21:21:36 DEBUG: Order 70 arrived: items_required = [1890].     [orders_in_system = 71]
2026-09-04 21:21:36 DEBUG: Order 71 arrived: items_required = [1112].     [orders_in_system = 72]
2026-09-04 21:21:36 DEBUG: Order 72 arrived: items_required = [1654, 1293, 1045, 1266].     [orders_in_system = 73]
2026-09-04 21:21:36 DEBUG: Order 73 arrived: items_required = [1525].     [orders_in_system = 74]
2026-09-04 21:21:36 DEBUG: Order 74 arrived: items_required = [1251].     [orders_in_system = 75]
2026-09-04 21:21:36 DEBUG: Order 75 arrived: items_required = [1718, 878, 1430].     [orders_in_system = 76]
2026-09-04 21:21:36 DEBUG: Order 76 arrived: items_required = [1729].     [orders_in_system = 77]
2026-09-04 21:21:36 DEBUG: Order 77 arrived: items_required = [1344, 987].     [orders_in_system = 78]
2026-09-04 21:21:36 DEBUG: Order 78 arrived: items_required = [1473].     [orders_in_system = 79]
2026-09-04 21:21:36 DEBUG: Order 79 arrived: items_required = [2269].     [orders_in_system = 80]
2026-09-04 21:21:36 DEBUG: Order 80 arrived: items_required = [740].     [orders_in_system = 81]
2026-09-04 21:21:36 DEBUG: Order 81 arrived: items_required = [977, 1440].     [orders_in_system = 82]
2026-09-04 21:21:36 DEBUG: Order 82 arrived: items_required = [1823].     [orders_in_system = 83]
2026-09-04 21:21:36 DEBUG: Order 83 arrived: items_required = [1632, 1908, 1691, 1637].     [orders_in_system = 84]
2026-09-04 21:21:36 DEBUG: Order 84 arrived: items_required = [2559].     [orders_in_system = 85]
2026-09-04 21:21:36 DEBUG: Order 85 arrived: items_required = [901, 2010, 1478, 1597, 134].     [orders_in_system = 86]
2026-09-04 21:21:36 DEBUG: Order 86 arrived: items_required = [2126, 1514].     [orders_in_system = 87]
2026-09-04 21:21:36 DEBUG: Order 87 arrived: items_required = [1273, 1920, 2264].     [orders_in_system = 88]
2026-09-04 21:21:36 DEBUG: Order 88 arrived: items_required = [1908].     [orders_in_system = 89]
2026-09-04 21:21:36 DEBUG: Order 89 arrived: items_required = [1249].     [orders_in_system = 90]
2026-09-04 21:21:36 DEBUG: Order 90 arrived: items_required = [1758].     [orders_in_system = 91]
2026-09-04 21:21:36 DEBUG: Order 91 arrived: items_required = [2068].     [orders_in_system = 92]
2026-09-04 21:21:36 DEBUG: Order 92 arrived: items_required = [1558].     [orders_in_system = 93]
2026-09-04 21:21:36 DEBUG: Order 93 arrived: items_required = [1798].     [orders_in_system = 94]
2026-09-04 21:21:36 DEBUG: Order 94 arrived: items_required = [1113].     [orders_in_system = 95]
2026-09-04 21:21:36 DEBUG: Order 95 arrived: items_required = [793, 1427, 1605].     [orders_in_system = 96]
2026-09-04 21:21:36 DEBUG: Order 96 arrived: items_required = [1256].     [orders_in_system = 97]
2026-09-04 21:21:36 DEBUG: Order 97 arrived: items_required = [1503, 2689].     [orders_in_system = 98]
2026-09-04 21:21:36 DEBUG: Order 98 arrived: items_required = [1685].     [orders_in_system = 99]
2026-09-04 21:21:36 DEBUG: Order 99 arrived: items_required = [2352].     [orders_in_system = 100]
2026-09-04 21:21:36 DEBUG: Order 100 arrived: items_required = [1995, 1003, 1121, 1906].     [orders_in_system = 101]
2026-09-04 21:21:36 DEBUG: Order 101 arrived: items_required = [1436, 1257, 1066].     [orders_in_system = 102]
2026-09-04 21:21:36 DEBUG: Order 102 arrived: items_required = [2236, 1459].     [orders_in_system = 103]
2026-09-04 21:21:36 DEBUG: Order 103 arrived: items_required = [1866, 871].     [orders_in_system = 104]
2026-09-04 21:21:36 DEBUG: Order 104 arrived: items_required = [1080, 846].     [orders_in_system = 105]
2026-09-04 21:21:36 DEBUG: Order 105 arrived: items_required = [1311].     [orders_in_system = 106]
2026-09-04 21:21:36 DEBUG: Order 106 arrived: items_required = [2198, 1935].     [orders_in_system = 107]
2026-09-04 21:21:36 DEBUG: Order 107 arrived: items_required = [1097, 1988, 881, 1511].     [orders_in_system = 108]
2026-09-04 21:21:36 DEBUG: Order 108 arrived: items_required = [1322, 1499].     [orders_in_system = 109]
2026-09-04 21:21:36 DEBUG: Order 109 arrived: items_required = [1805, 1283, 780].     [orders_in_system = 110]
2026-09-04 21:21:36 DEBUG: Order 110 arrived: items_required = [1074].     [orders_in_system = 111]
2026-09-04 21:21:36 DEBUG: Order 111 arrived: items_required = [746].     [orders_in_system = 112]
2026-09-04 21:21:36 DEBUG: Order 112 arrived: items_required = [1349, 2202].     [orders_in_system = 113]
2026-09-04 21:21:36 DEBUG: Order 113 arrived: items_required = [487].     [orders_in_system = 114]
2026-09-04 21:21:36 DEBUG: Order 114 arrived: items_required = [1615, 2240].     [orders_in_system = 115]
2026-09-04 21:21:36 DEBUG: Order 115 arrived: items_required = [1609].     [orders_in_system = 116]
2026-09-04 21:21:36 DEBUG: Order 116 arrived: items_required = [1271].     [orders_in_system = 117]
2026-09-04 21:21:36 DEBUG: Order 117 arrived: items_required = [2566, 1049, 1641, 834, 2466].     [orders_in_system = 118]
2026-09-04 21:21:36 DEBUG: Order 118 arrived: items_required = [1657, 1710].     [orders_in_system = 119]
2026-09-04 21:21:36 DEBUG: Order 119 arrived: items_required = [1415].     [orders_in_system = 120]
2026-09-04 21:21:36 DEBUG: Order 120 arrived: items_required = [2056, 1624].     [orders_in_system = 121]
2026-09-04 21:21:36 DEBUG: Order 121 arrived: items_required = [2648, 628, 1704].     [orders_in_system = 122]
2026-09-04 21:21:36 DEBUG: Order 122 arrived: items_required = [1616].     [orders_in_system = 123]
2026-09-04 21:21:36 DEBUG: Order 123 arrived: items_required = [1895, 1048].     [orders_in_system = 124]
2026-09-04 21:21:36 DEBUG: Order 124 arrived: items_required = [1255].     [orders_in_system = 125]
2026-09-04 21:21:36 DEBUG: Order 125 arrived: items_required = [1328].     [orders_in_system = 126]
2026-09-04 21:21:36 DEBUG: Order 126 arrived: items_required = [1691, 1274, 1006].     [orders_in_system = 127]
2026-09-04 21:21:36 DEBUG: Order 127 arrived: items_required = [1364].     [orders_in_system = 128]
2026-09-04 21:21:36 DEBUG: Order 128 arrived: items_required = [666].     [orders_in_system = 129]
2026-09-04 21:21:36 DEBUG: Order 129 arrived: items_required = [817].     [orders_in_system = 130]
2026-09-04 21:21:36 DEBUG: Order 130 arrived: items_required = [1222, 1171].     [orders_in_system = 131]
2026-09-04 21:21:36 DEBUG: Order 131 arrived: items_required = [1733].     [orders_in_system = 132]
2026-09-04 21:21:36 DEBUG: Order 132 arrived: items_required = [1259].     [orders_in_system = 133]
2026-09-04 21:21:36 DEBUG: Order 133 arrived: items_required = [1073, 1429].     [orders_in_system = 134]
2026-09-04 21:21:36 DEBUG: Order 134 arrived: items_required = [1740, 1669, 1568].     [orders_in_system = 135]
2026-09-04 21:21:36 DEBUG: Order 135 arrived: items_required = [1968].     [orders_in_system = 136]
2026-09-04 21:21:36 DEBUG: Order 136 arrived: items_required = [2646, 1425, 1885].     [orders_in_system = 137]
2026-09-04 21:21:36 DEBUG: Order 137 arrived: items_required = [1657].     [orders_in_system = 138]
2026-09-04 21:21:36 DEBUG: Order 138 arrived: items_required = [1471, 1815].     [orders_in_system = 139]
2026-09-04 21:21:36 DEBUG: Order 139 arrived: items_required = [1347, 153].     [orders_in_system = 140]
2026-09-04 21:21:36 DEBUG: Order 140 arrived: items_required = [1393].     [orders_in_system = 141]
2026-09-04 21:21:36 DEBUG: Order 141 arrived: items_required = [1983].     [orders_in_system = 142]
2026-09-04 21:21:36 DEBUG: Order 142 arrived: items_required = [2018, 2638].     [orders_in_system = 143]
2026-09-04 21:21:36 DEBUG: Order 143 arrived: items_required = [2360, 892].     [orders_in_system = 144]
2026-09-04 21:21:36 DEBUG: Order 144 arrived: items_required = [1821, 1104].     [orders_in_system = 145]
2026-09-04 21:21:36 DEBUG: Order 145 arrived: items_required = [1361].     [orders_in_system = 146]
2026-09-04 21:21:36 DEBUG: Order 146 arrived: items_required = [2665].     [orders_in_system = 147]
2026-09-04 21:21:36 DEBUG: Order 147 arrived: items_required = [1568].     [orders_in_system = 148]
2026-09-04 21:21:36 DEBUG: Order 148 arrived: items_required = [2677, 1585].     [orders_in_system = 149]
2026-09-04 21:21:36 DEBUG: Order 149 arrived: items_required = [2043, 288].     [orders_in_system = 150]
2026-09-04 21:21:36 DEBUG:    EVENT NUM 2     current_time = 00:00:01   RUN_OPTIMIZER         [queue size = 1]
2026-09-04 21:21:36 INFO: Solving stage 1 ... 
2026-09-04 21:21:36 INFO: 
[lns_stage1] start | 150 orders, 300 pods, 4 workstations (150 free to move) | budget 30s
2026-09-04 21:21:36 INFO: [lns_stage1] initial objective 180.9865
2026-09-04 21:21:37 INFO: [lns_stage1] iter 1 | objective 178.2973 | improved by 2.6892 | hole 30 orders | 1s elapsed
2026-09-04 21:21:37 INFO: [lns_stage1] iter 2 | objective 174.1216 | improved by 4.1757 | hole 30 orders | 1s elapsed
2026-09-04 21:21:37 INFO: [lns_stage1] iter 3 | objective 172.8784 | improved by 1.2432 | hole 30 orders | 1s elapsed
2026-09-04 21:21:38 INFO: [lns_stage1] iter 4 | objective 172.7973 | improved by 0.0811 | hole 30 orders | 1s elapsed
2026-09-04 21:21:38 INFO: [lns_stage1] iter 5 | objective 167.1351 | improved by 5.6622 | hole 35 orders | 2s elapsed
2026-09-04 21:21:38 INFO: [lns_stage1] iter 6 | objective 165.8919 | improved by 1.2432 | hole 35 orders | 2s elapsed
2026-09-04 21:21:38 INFO: [lns_stage1] iter 7 | objective 164.5270 | improved by 1.3649 | hole 35 orders | 2s elapsed
2026-09-04 21:21:38 INFO: [lns_stage1] iter 8 | objective 163.3243 | improved by 1.2027 | hole 35 orders | 2s elapsed
2026-09-04 21:21:39 INFO: [lns_stage1] iter 9 | objective 159.0270 | improved by 4.2973 | hole 35 orders | 2s elapsed
2026-09-04 21:21:39 INFO: [lns_stage1] iter 10 | objective 158.8649 | improved by 0.1622 | hole 35 orders | 3s elapsed
2026-09-04 21:21:39 INFO: [lns_stage1] iter 11 | objective 158.1892 | improved by 0.6757 | hole 40 orders | 3s elapsed
2026-09-04 21:21:40 INFO: [lns_stage1] iter 14 | objective 155.9865 | improved by 2.2027 | hole 40 orders | 4s elapsed
2026-09-04 21:21:40 INFO: [lns_stage1] iter 15 | objective 154.3378 | improved by 1.6486 | hole 40 orders | 4s elapsed
2026-09-04 21:21:41 INFO: [lns_stage1] iter 16 | objective 154.1757 | improved by 0.1622 | hole 40 orders | 5s elapsed
2026-09-04 21:21:42 INFO: [lns_stage1] iter 18 | objective 151.6081 | improved by 2.5676 | hole 45 orders | 5s elapsed
2026-09-04 21:21:42 INFO: [lns_stage1] iter 20 | objective 150.6892 | improved by 0.9189 | hole 45 orders | 6s elapsed
2026-09-04 21:21:42 INFO: [lns_stage1] iter 21 | objective 149.2838 | improved by 1.4054 | hole 45 orders | 6s elapsed
2026-09-04 21:21:43 INFO: [lns_stage1] iter 22 | objective 149.2027 | improved by 0.0811 | hole 45 orders | 7s elapsed
2026-09-04 21:21:43 INFO: [lns_stage1] iter 23 | objective 148.9189 | improved by 0.2838 | hole 50 orders | 7s elapsed
2026-09-04 21:21:45 INFO: [lns_stage1] iter 27 | objective 148.8378 | improved by 0.0811 | hole 65 orders | 8s elapsed
2026-09-04 21:21:46 INFO: [lns_stage1] iter 28 | objective 147.5676 | improved by 1.2703 | hole 70 orders | 10s elapsed
2026-09-04 21:21:51 INFO: [lns_stage1] iter 30 | objective 146.6757 | improved by 0.8919 | hole 70 orders | 14s elapsed
2026-09-04 21:21:52 INFO: [lns_stage1] iter 32 | objective 143.9459 | improved by 2.7297 | hole 70 orders | 16s elapsed
2026-09-04 21:21:53 INFO: [lns_stage1] iter 33 | objective 143.3514 | improved by 0.5946 | hole 70 orders | 16s elapsed
2026-09-04 21:21:53 INFO: [lns_stage1] iter 35 | objective 143.3108 | improved by 0.0405 | hole 70 orders | 17s elapsed
2026-09-04 21:21:54 INFO: [lns_stage1] iter 37 | objective 143.2297 | improved by 0.0811 | hole 70 orders | 18s elapsed
2026-09-04 21:21:55 INFO: [lns_stage1] iter 39 | objective 142.4324 | improved by 0.7973 | hole 75 orders | 19s elapsed
2026-09-04 21:22:01 INFO: [lns_stage1] iter 50 | objective 141.4865 | improved by 0.9459 | hole 75 orders | 25s elapsed
2026-09-04 21:22:02 INFO: [lns_stage1] iter 53 | objective 141.4054 | improved by 0.0811 | hole 70 orders | 26s elapsed
2026-09-04 21:22:05 INFO: [lns_stage1] iter 60 | objective 141.0405 | improved by 0.3649 | hole 70 orders | 29s elapsed
2026-09-04 21:22:07 INFO: [lns_stage1] done | 30.9s, 65 iterations | final objective 141.0405 | feasible True
2026-09-04 21:22:07 INFO: Stage 1 solved.
2026-09-04 21:22:07 INFO: Solving stage 2 ... 
2026-09-04 21:22:07 INFO: 
[lns_stage2] start | 248 item order pairs, 84 pods, 4 workstations, 70 time steps | budget 400s
2026-09-04 21:22:21 INFO: [lns_stage2] initial objective 89.7551
2026-09-04 21:22:35 INFO: [lns_stage2] iter 1 | objective 92.3998 | improved by 2.6447 | hole 10 pods | 27s elapsed
2026-09-04 21:22:50 INFO: [lns_stage2] iter 2 | objective 111.2676 | improved by 18.8679 | hole 10 pods | 43s elapsed
2026-09-04 21:23:07 INFO: [lns_stage2] iter 3 | objective 114.8919 | improved by 3.6242 | hole 10 pods | 59s elapsed
2026-09-04 21:23:48 INFO: [lns_stage2] iter 4 | objective 121.5746 | improved by 6.6827 | hole 10 pods | 100s elapsed
2026-09-04 21:24:18 INFO: [lns_stage2] iter 5 | objective 129.5636 | improved by 7.9890 | hole 10 pods | 131s elapsed
2026-09-04 21:24:19 INFO: [lns_stage2] iter 6 | objective 134.7065 | improved by 5.1429 | hole 10 pods | 132s elapsed
2026-09-04 21:24:20 INFO: [lns_stage2] iter 7 | objective 142.1572 | improved by 7.4507 | hole 10 pods | 133s elapsed
2026-09-04 21:24:23 INFO: [lns_stage2] iter 8 | objective 143.4601 | improved by 1.3029 | hole 10 pods | 136s elapsed
2026-09-04 21:24:26 INFO: [lns_stage2] iter 9 | objective 147.6110 | improved by 4.1509 | hole 10 pods | 139s elapsed
2026-09-04 21:24:29 INFO: [lns_stage2] iter 10 | objective 148.1449 | improved by 0.5339 | hole 10 pods | 142s elapsed
2026-09-04 21:24:30 INFO: [lns_stage2] iter 11 | objective 148.9407 | improved by 0.7958 | hole 10 pods | 143s elapsed
2026-09-04 21:24:34 INFO: [lns_stage2] iter 12 | objective 153.0329 | improved by 4.0921 | hole 10 pods | 147s elapsed
2026-09-04 21:24:43 INFO: [lns_stage2] iter 13 | objective 156.6763 | improved by 3.6434 | hole 10 pods | 156s elapsed
2026-09-04 21:24:46 INFO: [lns_stage2] iter 14 | objective 161.6554 | improved by 4.9791 | hole 10 pods | 159s elapsed
2026-09-04 21:24:52 INFO: [lns_stage2] iter 15 | objective 167.2644 | improved by 5.6091 | hole 10 pods | 165s elapsed
2026-09-04 21:24:54 INFO: [lns_stage2] iter 16 | objective 167.8822 | improved by 0.6178 | hole 10 pods | 167s elapsed
2026-09-04 21:24:57 INFO: [lns_stage2] iter 17 | objective 169.6546 | improved by 1.7724 | hole 10 pods | 170s elapsed
2026-09-04 21:24:58 INFO: [lns_stage2] iter 18 | objective 170.6546 | improved by 1.0000 | hole 10 pods | 171s elapsed
2026-09-04 21:25:00 INFO: [lns_stage2] iter 20 | objective 170.8462 | improved by 0.1916 | hole 10 pods | 173s elapsed
2026-09-04 21:25:05 INFO: [lns_stage2] iter 21 | objective 173.1032 | improved by 2.2570 | hole 13 pods | 177s elapsed
2026-09-04 21:25:11 INFO: [lns_stage2] iter 24 | objective 176.7815 | improved by 3.6783 | hole 13 pods | 184s elapsed
2026-09-04 21:25:15 INFO: [lns_stage2] iter 25 | objective 180.3712 | improved by 3.5897 | hole 13 pods | 187s elapsed
2026-09-04 21:25:18 INFO: [lns_stage2] iter 26 | objective 180.6136 | improved by 0.2424 | hole 13 pods | 191s elapsed
2026-09-04 21:25:35 INFO: [lns_stage2] iter 27 | objective 187.7008 | improved by 7.0872 | hole 16 pods | 207s elapsed
2026-09-04 21:25:55 INFO: [lns_stage2] iter 28 | objective 193.1241 | improved by 5.4234 | hole 16 pods | 228s elapsed
2026-09-04 21:26:01 INFO: [lns_stage2] iter 29 | objective 193.6319 | improved by 0.5077 | hole 16 pods | 234s elapsed
2026-09-04 21:26:03 INFO: [lns_stage2] iter 30 | objective 193.9914 | improved by 0.3595 | hole 16 pods | 235s elapsed
2026-09-04 21:26:11 INFO: [lns_stage2] iter 31 | objective 196.9036 | improved by 2.9122 | hole 16 pods | 243s elapsed
2026-09-04 21:26:12 INFO: [lns_stage2] iter 32 | objective 197.2339 | improved by 0.3304 | hole 16 pods | 245s elapsed
