2026-09-04 19:49:06 INFO: Warehouse initialization | grid=15x20, physical=34x25, num_skus=3000, num_robots=20, num_ws=4
2026-09-04 19:49:06 INFO: Warehouse initialized | 300 pods  (average number of skus per pod = 30.00), 4 workstations, 20 robots
2026-09-04 19:49:06 INFO: [OptManager] Building time-space network ...
2026-09-04 19:49:07 INFO: [OptManager] Network ready: 21280 nodes, 159154 travelling arcs, 20976 idle arcs.
2026-09-04 19:49:07 INFO: 
=============================================
2026-09-04 19:49:07 INFO:   START SIMULATION  {TIME HORIZON = 01:00:00}
2026-09-04 19:49:07 DEBUG:    EVENT NUM 1     current_time = 00:00:00   ARRIVAL_ORDER         [queue size = 1]
2026-09-04 19:49:07 DEBUG: Order 0 arrived: items_required = [876, 1901].     [orders_in_system = 1]
2026-09-04 19:49:07 DEBUG: Order 1 arrived: items_required = [1784].     [orders_in_system = 2]
2026-09-04 19:49:07 DEBUG: Order 2 arrived: items_required = [1567, 1049, 1075, 1036, 966, 1741, 879, 1402, 2039, 1267].     [orders_in_system = 3]
2026-09-04 19:49:07 DEBUG: Order 3 arrived: items_required = [1396].     [orders_in_system = 4]
2026-09-04 19:49:07 DEBUG: Order 4 arrived: items_required = [1770, 1899, 1909].     [orders_in_system = 5]
2026-09-04 19:49:07 DEBUG: Order 5 arrived: items_required = [2050, 2925].     [orders_in_system = 6]
2026-09-04 19:49:07 DEBUG: Order 6 arrived: items_required = [2482].     [orders_in_system = 7]
2026-09-04 19:49:07 DEBUG: Order 7 arrived: items_required = [1146].     [orders_in_system = 8]
2026-09-04 19:49:07 DEBUG: Order 8 arrived: items_required = [1679].     [orders_in_system = 9]
2026-09-04 19:49:07 DEBUG: Order 9 arrived: items_required = [1402].     [orders_in_system = 10]
2026-09-04 19:49:07 DEBUG: Order 10 arrived: items_required = [1790].     [orders_in_system = 11]
2026-09-04 19:49:07 DEBUG: Order 11 arrived: items_required = [2260, 1405, 2185, 1652].     [orders_in_system = 12]
2026-09-04 19:49:07 DEBUG: Order 12 arrived: items_required = [1844, 1447, 2184].     [orders_in_system = 13]
2026-09-04 19:49:07 DEBUG: Order 13 arrived: items_required = [1753].     [orders_in_system = 14]
2026-09-04 19:49:07 DEBUG: Order 14 arrived: items_required = [1227].     [orders_in_system = 15]
2026-09-04 19:49:07 DEBUG: Order 15 arrived: items_required = [1752, 1550].     [orders_in_system = 16]
2026-09-04 19:49:07 DEBUG: Order 16 arrived: items_required = [530, 1276, 2399, 1042, 1928].     [orders_in_system = 17]
2026-09-04 19:49:07 DEBUG: Order 17 arrived: items_required = [1404].     [orders_in_system = 18]
2026-09-04 19:49:07 DEBUG: Order 18 arrived: items_required = [2254].     [orders_in_system = 19]
2026-09-04 19:49:07 DEBUG: Order 19 arrived: items_required = [1407].     [orders_in_system = 20]
2026-09-04 19:49:07 DEBUG: Order 20 arrived: items_required = [2146].     [orders_in_system = 21]
2026-09-04 19:49:07 DEBUG: Order 21 arrived: items_required = [1226, 1210].     [orders_in_system = 22]
2026-09-04 19:49:07 DEBUG: Order 22 arrived: items_required = [1147].     [orders_in_system = 23]
2026-09-04 19:49:07 DEBUG: Order 23 arrived: items_required = [1305, 882].     [orders_in_system = 24]
2026-09-04 19:49:07 DEBUG: Order 24 arrived: items_required = [1290].     [orders_in_system = 25]
2026-09-04 19:49:07 DEBUG: Order 25 arrived: items_required = [2283].     [orders_in_system = 26]
2026-09-04 19:49:07 DEBUG: Order 26 arrived: items_required = [2190, 1170, 764, 1018].     [orders_in_system = 27]
2026-09-04 19:49:07 DEBUG: Order 27 arrived: items_required = [1683, 1571].     [orders_in_system = 28]
2026-09-04 19:49:07 DEBUG: Order 28 arrived: items_required = [1586, 1070].     [orders_in_system = 29]
2026-09-04 19:49:07 DEBUG: Order 29 arrived: items_required = [1414, 1007, 1350, 1745, 808].     [orders_in_system = 30]
2026-09-04 19:49:07 DEBUG: Order 30 arrived: items_required = [1238, 2016].     [orders_in_system = 31]
2026-09-04 19:49:07 DEBUG: Order 31 arrived: items_required = [1621].     [orders_in_system = 32]
2026-09-04 19:49:07 DEBUG: Order 32 arrived: items_required = [1824].     [orders_in_system = 33]
2026-09-04 19:49:07 DEBUG: Order 33 arrived: items_required = [1769, 731].     [orders_in_system = 34]
2026-09-04 19:49:07 DEBUG: Order 34 arrived: items_required = [1474, 1637].     [orders_in_system = 35]
2026-09-04 19:49:07 DEBUG: Order 35 arrived: items_required = [1226].     [orders_in_system = 36]
2026-09-04 19:49:07 DEBUG: Order 36 arrived: items_required = [1604].     [orders_in_system = 37]
2026-09-04 19:49:07 DEBUG: Order 37 arrived: items_required = [1753, 1269].     [orders_in_system = 38]
2026-09-04 19:49:07 DEBUG: Order 38 arrived: items_required = [926, 1716].     [orders_in_system = 39]
2026-09-04 19:49:07 DEBUG: Order 39 arrived: items_required = [1564].     [orders_in_system = 40]
2026-09-04 19:49:07 DEBUG: Order 40 arrived: items_required = [2547, 2401].     [orders_in_system = 41]
2026-09-04 19:49:07 DEBUG: Order 41 arrived: items_required = [1475, 2610].     [orders_in_system = 42]
2026-09-04 19:49:07 DEBUG: Order 42 arrived: items_required = [1297, 1561].     [orders_in_system = 43]
2026-09-04 19:49:07 DEBUG: Order 43 arrived: items_required = [1600, 2220].     [orders_in_system = 44]
2026-09-04 19:49:07 DEBUG: Order 44 arrived: items_required = [1192].     [orders_in_system = 45]
2026-09-04 19:49:07 DEBUG: Order 45 arrived: items_required = [1420].     [orders_in_system = 46]
2026-09-04 19:49:07 DEBUG: Order 46 arrived: items_required = [1777].     [orders_in_system = 47]
2026-09-04 19:49:07 DEBUG: Order 47 arrived: items_required = [1631, 1350, 2364].     [orders_in_system = 48]
2026-09-04 19:49:07 DEBUG: Order 48 arrived: items_required = [1814, 1689, 1584, 1359].     [orders_in_system = 49]
2026-09-04 19:49:07 DEBUG: Order 49 arrived: items_required = [284, 2301, 1598, 1483, 607].     [orders_in_system = 50]
2026-09-04 19:49:07 DEBUG: Order 50 arrived: items_required = [1768].     [orders_in_system = 51]
2026-09-04 19:49:07 DEBUG: Order 51 arrived: items_required = [2246].     [orders_in_system = 52]
2026-09-04 19:49:07 DEBUG: Order 52 arrived: items_required = [890].     [orders_in_system = 53]
2026-09-04 19:49:07 DEBUG: Order 53 arrived: items_required = [2181].     [orders_in_system = 54]
2026-09-04 19:49:07 DEBUG: Order 54 arrived: items_required = [1935, 1059, 1376].     [orders_in_system = 55]
2026-09-04 19:49:07 DEBUG: Order 55 arrived: items_required = [726, 1205].     [orders_in_system = 56]
2026-09-04 19:49:07 DEBUG: Order 56 arrived: items_required = [1926].     [orders_in_system = 57]
2026-09-04 19:49:07 DEBUG: Order 57 arrived: items_required = [1422, 1414].     [orders_in_system = 58]
2026-09-04 19:49:07 DEBUG: Order 58 arrived: items_required = [1419].     [orders_in_system = 59]
2026-09-04 19:49:07 DEBUG: Order 59 arrived: items_required = [1780].     [orders_in_system = 60]
2026-09-04 19:49:07 DEBUG: Order 60 arrived: items_required = [1255].     [orders_in_system = 61]
2026-09-04 19:49:07 DEBUG: Order 61 arrived: items_required = [1516, 1853].     [orders_in_system = 62]
2026-09-04 19:49:07 DEBUG: Order 62 arrived: items_required = [2305].     [orders_in_system = 63]
2026-09-04 19:49:07 DEBUG: Order 63 arrived: items_required = [2511, 1456, 2322, 1168].     [orders_in_system = 64]
2026-09-04 19:49:07 DEBUG: Order 64 arrived: items_required = [1681, 1099].     [orders_in_system = 65]
2026-09-04 19:49:07 DEBUG: Order 65 arrived: items_required = [862, 1501, 2340, 1196].     [orders_in_system = 66]
2026-09-04 19:49:07 DEBUG: Order 66 arrived: items_required = [536, 585].     [orders_in_system = 67]
2026-09-04 19:49:07 DEBUG: Order 67 arrived: items_required = [1496, 2194].     [orders_in_system = 68]
2026-09-04 19:49:07 DEBUG: Order 68 arrived: items_required = [1836].     [orders_in_system = 69]
2026-09-04 19:49:07 DEBUG: Order 69 arrived: items_required = [1645, 850].     [orders_in_system = 70]
2026-09-04 19:49:07 DEBUG: Order 70 arrived: items_required = [1413, 1177, 993].     [orders_in_system = 71]
2026-09-04 19:49:07 DEBUG: Order 71 arrived: items_required = [1978, 1807, 1034, 697, 2091].     [orders_in_system = 72]
2026-09-04 19:49:07 DEBUG: Order 72 arrived: items_required = [2024].     [orders_in_system = 73]
2026-09-04 19:49:07 DEBUG: Order 73 arrived: items_required = [974].     [orders_in_system = 74]
2026-09-04 19:49:07 DEBUG: Order 74 arrived: items_required = [1405, 1702].     [orders_in_system = 75]
2026-09-04 19:49:07 DEBUG: Order 75 arrived: items_required = [2159, 1249].     [orders_in_system = 76]
2026-09-04 19:49:07 DEBUG: Order 76 arrived: items_required = [1603, 1406].     [orders_in_system = 77]
2026-09-04 19:49:07 DEBUG: Order 77 arrived: items_required = [1733, 1382, 880, 1247, 1418, 1389].     [orders_in_system = 78]
2026-09-04 19:49:07 DEBUG: Order 78 arrived: items_required = [1559, 866].     [orders_in_system = 79]
2026-09-04 19:49:07 DEBUG: Order 79 arrived: items_required = [1024, 1620].     [orders_in_system = 80]
2026-09-04 19:49:07 DEBUG: Order 80 arrived: items_required = [1684, 1371].     [orders_in_system = 81]
2026-09-04 19:49:07 DEBUG: Order 81 arrived: items_required = [968].     [orders_in_system = 82]
2026-09-04 19:49:07 DEBUG: Order 82 arrived: items_required = [1111, 1784, 1050].     [orders_in_system = 83]
2026-09-04 19:49:07 DEBUG: Order 83 arrived: items_required = [589, 1148].     [orders_in_system = 84]
2026-09-04 19:49:07 DEBUG: Order 84 arrived: items_required = [2501, 1124, 1868].     [orders_in_system = 85]
2026-09-04 19:49:07 DEBUG: Order 85 arrived: items_required = [1601].     [orders_in_system = 86]
2026-09-04 19:49:07 DEBUG: Order 86 arrived: items_required = [1767, 1212].     [orders_in_system = 87]
2026-09-04 19:49:07 DEBUG: Order 87 arrived: items_required = [2231, 1832].     [orders_in_system = 88]
2026-09-04 19:49:07 DEBUG: Order 88 arrived: items_required = [2124, 1128, 1409, 780].     [orders_in_system = 89]
2026-09-04 19:49:07 DEBUG: Order 89 arrived: items_required = [2140].     [orders_in_system = 90]
2026-09-04 19:49:07 DEBUG: Order 90 arrived: items_required = [582].     [orders_in_system = 91]
2026-09-04 19:49:07 DEBUG: Order 91 arrived: items_required = [997, 1577, 2309].     [orders_in_system = 92]
2026-09-04 19:49:07 DEBUG: Order 92 arrived: items_required = [1630, 1198].     [orders_in_system = 93]
2026-09-04 19:49:07 DEBUG: Order 93 arrived: items_required = [1626, 1747, 1983].     [orders_in_system = 94]
2026-09-04 19:49:07 DEBUG: Order 94 arrived: items_required = [1544].     [orders_in_system = 95]
2026-09-04 19:49:07 DEBUG: Order 95 arrived: items_required = [1643, 1495].     [orders_in_system = 96]
2026-09-04 19:49:07 DEBUG: Order 96 arrived: items_required = [2416, 1476, 1071].     [orders_in_system = 97]
2026-09-04 19:49:07 DEBUG: Order 97 arrived: items_required = [1606].     [orders_in_system = 98]
2026-09-04 19:49:07 DEBUG: Order 98 arrived: items_required = [1359, 2394].     [orders_in_system = 99]
2026-09-04 19:49:07 DEBUG: Order 99 arrived: items_required = [819, 1449, 1585].     [orders_in_system = 100]
2026-09-04 19:49:07 DEBUG: Order 100 arrived: items_required = [1468, 1511].     [orders_in_system = 101]
2026-09-04 19:49:07 DEBUG: Order 101 arrived: items_required = [1341, 2214].     [orders_in_system = 102]
2026-09-04 19:49:07 DEBUG: Order 102 arrived: items_required = [2125, 1594, 1113].     [orders_in_system = 103]
2026-09-04 19:49:07 DEBUG: Order 103 arrived: items_required = [2238, 1634].     [orders_in_system = 104]
2026-09-04 19:49:07 DEBUG: Order 104 arrived: items_required = [825, 1618, 1722].     [orders_in_system = 105]
2026-09-04 19:49:07 DEBUG: Order 105 arrived: items_required = [995].     [orders_in_system = 106]
2026-09-04 19:49:07 DEBUG: Order 106 arrived: items_required = [1801].     [orders_in_system = 107]
2026-09-04 19:49:07 DEBUG: Order 107 arrived: items_required = [1232].     [orders_in_system = 108]
2026-09-04 19:49:07 DEBUG: Order 108 arrived: items_required = [1098].     [orders_in_system = 109]
2026-09-04 19:49:07 DEBUG: Order 109 arrived: items_required = [1374, 1184].     [orders_in_system = 110]
2026-09-04 19:49:07 DEBUG: Order 110 arrived: items_required = [1509].     [orders_in_system = 111]
2026-09-04 19:49:07 DEBUG: Order 111 arrived: items_required = [1313, 750, 1420].     [orders_in_system = 112]
2026-09-04 19:49:07 DEBUG: Order 112 arrived: items_required = [2244].     [orders_in_system = 113]
2026-09-04 19:49:07 DEBUG: Order 113 arrived: items_required = [1629, 914, 981].     [orders_in_system = 114]
2026-09-04 19:49:07 DEBUG: Order 114 arrived: items_required = [1484].     [orders_in_system = 115]
2026-09-04 19:49:07 DEBUG: Order 115 arrived: items_required = [871, 1345, 1337].     [orders_in_system = 116]
2026-09-04 19:49:07 DEBUG: Order 116 arrived: items_required = [518].     [orders_in_system = 117]
2026-09-04 19:49:07 DEBUG: Order 117 arrived: items_required = [1768, 1576, 1378, 1483].     [orders_in_system = 118]
2026-09-04 19:49:07 DEBUG: Order 118 arrived: items_required = [1398].     [orders_in_system = 119]
2026-09-04 19:49:07 DEBUG: Order 119 arrived: items_required = [1329, 1470, 1824, 1273, 871].     [orders_in_system = 120]
2026-09-04 19:49:07 DEBUG: Order 120 arrived: items_required = [1560, 1973, 1512].     [orders_in_system = 121]
2026-09-04 19:49:07 DEBUG: Order 121 arrived: items_required = [1602, 1899].     [orders_in_system = 122]
2026-09-04 19:49:07 DEBUG: Order 122 arrived: items_required = [1579, 841].     [orders_in_system = 123]
2026-09-04 19:49:07 DEBUG: Order 123 arrived: items_required = [1702].     [orders_in_system = 124]
2026-09-04 19:49:07 DEBUG: Order 124 arrived: items_required = [1319, 1245].     [orders_in_system = 125]
2026-09-04 19:49:07 DEBUG: Order 125 arrived: items_required = [1099].     [orders_in_system = 126]
2026-09-04 19:49:07 DEBUG: Order 126 arrived: items_required = [2187, 1467, 702, 2440, 1733].     [orders_in_system = 127]
2026-09-04 19:49:07 DEBUG: Order 127 arrived: items_required = [1467, 1528, 1107, 1522].     [orders_in_system = 128]
2026-09-04 19:49:07 DEBUG: Order 128 arrived: items_required = [1993, 1990].     [orders_in_system = 129]
2026-09-04 19:49:07 DEBUG: Order 129 arrived: items_required = [1502].     [orders_in_system = 130]
2026-09-04 19:49:07 DEBUG: Order 130 arrived: items_required = [1547].     [orders_in_system = 131]
2026-09-04 19:49:07 DEBUG: Order 131 arrived: items_required = [862, 2278, 681].     [orders_in_system = 132]
2026-09-04 19:49:07 DEBUG: Order 132 arrived: items_required = [1921, 982, 2160].     [orders_in_system = 133]
2026-09-04 19:49:07 DEBUG: Order 133 arrived: items_required = [1532].     [orders_in_system = 134]
2026-09-04 19:49:07 DEBUG: Order 134 arrived: items_required = [1071].     [orders_in_system = 135]
2026-09-04 19:49:07 DEBUG: Order 135 arrived: items_required = [1451].     [orders_in_system = 136]
2026-09-04 19:49:07 DEBUG: Order 136 arrived: items_required = [1330].     [orders_in_system = 137]
2026-09-04 19:49:07 DEBUG: Order 137 arrived: items_required = [1567, 1524].     [orders_in_system = 138]
2026-09-04 19:49:07 DEBUG: Order 138 arrived: items_required = [1785].     [orders_in_system = 139]
2026-09-04 19:49:07 DEBUG: Order 139 arrived: items_required = [2329, 2180, 1631, 1170].     [orders_in_system = 140]
2026-09-04 19:49:07 DEBUG: Order 140 arrived: items_required = [1880].     [orders_in_system = 141]
2026-09-04 19:49:07 DEBUG: Order 141 arrived: items_required = [1941].     [orders_in_system = 142]
2026-09-04 19:49:07 DEBUG: Order 142 arrived: items_required = [75, 1745].     [orders_in_system = 143]
2026-09-04 19:49:07 DEBUG: Order 143 arrived: items_required = [2144, 1528, 817].     [orders_in_system = 144]
2026-09-04 19:49:07 DEBUG: Order 144 arrived: items_required = [779].     [orders_in_system = 145]
2026-09-04 19:49:07 DEBUG: Order 145 arrived: items_required = [1843, 1471, 895].     [orders_in_system = 146]
2026-09-04 19:49:07 DEBUG: Order 146 arrived: items_required = [2077, 1154, 1632, 1397].     [orders_in_system = 147]
2026-09-04 19:49:07 DEBUG: Order 147 arrived: items_required = [435].     [orders_in_system = 148]
2026-09-04 19:49:07 DEBUG: Order 148 arrived: items_required = [1595, 1059].     [orders_in_system = 149]
2026-09-04 19:49:07 DEBUG: Order 149 arrived: items_required = [918].     [orders_in_system = 150]
2026-09-04 19:49:07 DEBUG:    EVENT NUM 2     current_time = 00:00:01   RUN_OPTIMIZER         [queue size = 1]
2026-09-04 19:49:07 INFO: Solving stage 1 ... 
2026-09-04 19:49:07 INFO: 
[lns_stage1] start | 150 orders, 300 pods, 4 workstations (150 free to move) | budget 30s
2026-09-04 19:49:07 INFO: [lns_stage1] initial objective 212.7838
2026-09-04 19:49:07 INFO: [lns_stage1] iter 1 | objective 205.3108 | improved by 7.4730 | hole 30 orders | 1s elapsed
2026-09-04 19:49:08 INFO: [lns_stage1] iter 2 | objective 202.5405 | improved by 2.7703 | hole 30 orders | 1s elapsed
2026-09-04 19:49:08 INFO: [lns_stage1] iter 3 | objective 201.1351 | improved by 1.4054 | hole 30 orders | 1s elapsed
2026-09-04 19:49:08 INFO: [lns_stage1] iter 4 | objective 196.8378 | improved by 4.2973 | hole 30 orders | 2s elapsed
2026-09-04 19:49:09 INFO: [lns_stage1] iter 6 | objective 193.6216 | improved by 3.2162 | hole 30 orders | 2s elapsed
2026-09-04 19:49:09 INFO: [lns_stage1] iter 7 | objective 190.8919 | improved by 2.7297 | hole 30 orders | 2s elapsed
2026-09-04 19:49:09 INFO: [lns_stage1] iter 8 | objective 189.4459 | improved by 1.4459 | hole 30 orders | 2s elapsed
2026-09-04 19:49:09 INFO: [lns_stage1] iter 10 | objective 188.1622 | improved by 1.2838 | hole 30 orders | 3s elapsed
2026-09-04 19:49:11 INFO: [lns_stage1] iter 15 | objective 186.9189 | improved by 1.2432 | hole 40 orders | 4s elapsed
2026-09-04 19:49:11 INFO: [lns_stage1] iter 16 | objective 186.7568 | improved by 0.1622 | hole 40 orders | 5s elapsed
2026-09-04 19:49:11 INFO: [lns_stage1] iter 17 | objective 186.2027 | improved by 0.5541 | hole 45 orders | 5s elapsed
2026-09-04 19:49:12 INFO: [lns_stage1] iter 18 | objective 183.4730 | improved by 2.7297 | hole 45 orders | 5s elapsed
2026-09-04 19:49:13 INFO: [lns_stage1] iter 21 | objective 182.9595 | improved by 0.5135 | hole 45 orders | 6s elapsed
2026-09-04 19:49:13 INFO: [lns_stage1] iter 22 | objective 182.9189 | improved by 0.0405 | hole 45 orders | 7s elapsed
2026-09-04 19:49:14 INFO: [lns_stage1] iter 23 | objective 180.3919 | improved by 2.5270 | hole 50 orders | 7s elapsed
2026-09-04 19:49:14 INFO: [lns_stage1] iter 24 | objective 178.9865 | improved by 1.4054 | hole 50 orders | 8s elapsed
2026-09-04 19:49:15 INFO: [lns_stage1] iter 27 | objective 177.8243 | improved by 1.1622 | hole 50 orders | 9s elapsed
2026-09-04 19:49:16 INFO: [lns_stage1] iter 28 | objective 177.5811 | improved by 0.2432 | hole 50 orders | 9s elapsed
2026-09-04 19:49:16 INFO: [lns_stage1] iter 29 | objective 174.5676 | improved by 3.0135 | hole 55 orders | 10s elapsed
2026-09-04 19:49:16 INFO: [lns_stage1] iter 30 | objective 173.0000 | improved by 1.5676 | hole 55 orders | 10s elapsed
2026-09-04 19:49:17 INFO: [lns_stage1] iter 31 | objective 172.9595 | improved by 0.0405 | hole 55 orders | 10s elapsed
2026-09-04 19:49:17 INFO: [lns_stage1] iter 33 | objective 172.9189 | improved by 0.0405 | hole 60 orders | 11s elapsed
2026-09-04 19:49:18 INFO: [lns_stage1] iter 34 | objective 172.8378 | improved by 0.0811 | hole 65 orders | 11s elapsed
2026-09-04 19:49:18 INFO: [lns_stage1] iter 35 | objective 172.2568 | improved by 0.5811 | hole 70 orders | 12s elapsed
2026-09-04 19:49:19 INFO: [lns_stage1] iter 36 | objective 170.7703 | improved by 1.4865 | hole 70 orders | 12s elapsed
2026-09-04 19:49:20 INFO: [lns_stage1] iter 37 | objective 170.6081 | improved by 0.1622 | hole 70 orders | 13s elapsed
2026-09-04 19:49:21 INFO: [lns_stage1] iter 39 | objective 170.2838 | improved by 0.3243 | hole 70 orders | 14s elapsed
2026-09-04 19:49:22 INFO: [lns_stage1] iter 40 | objective 168.8378 | improved by 1.4459 | hole 70 orders | 15s elapsed
2026-09-04 19:49:23 INFO: [lns_stage1] iter 42 | objective 167.1486 | improved by 1.6892 | hole 70 orders | 16s elapsed
2026-09-04 19:49:24 INFO: [lns_stage1] iter 44 | objective 166.6216 | improved by 0.5270 | hole 70 orders | 18s elapsed
2026-09-04 19:49:25 INFO: [lns_stage1] iter 45 | objective 166.4595 | improved by 0.1622 | hole 70 orders | 18s elapsed
2026-09-04 19:49:26 INFO: [lns_stage1] iter 46 | objective 166.4189 | improved by 0.0405 | hole 75 orders | 19s elapsed
2026-09-04 19:49:27 INFO: [lns_stage1] iter 51 | objective 166.1351 | improved by 0.2838 | hole 70 orders | 21s elapsed
2026-09-04 19:49:28 INFO: [lns_stage1] iter 53 | objective 165.6892 | improved by 0.4459 | hole 70 orders | 22s elapsed
2026-09-04 19:49:29 INFO: [lns_stage1] iter 56 | objective 165.5270 | improved by 0.1622 | hole 65 orders | 23s elapsed
2026-09-04 19:49:31 INFO: [lns_stage1] iter 58 | objective 164.1216 | improved by 1.4054 | hole 70 orders | 24s elapsed
2026-09-04 19:49:32 INFO: [lns_stage1] iter 59 | objective 163.6486 | improved by 0.4730 | hole 70 orders | 25s elapsed
2026-09-04 19:49:33 INFO: [lns_stage1] iter 62 | objective 160.8649 | improved by 2.7838 | hole 70 orders | 27s elapsed
2026-09-04 19:49:34 INFO: [lns_stage1] iter 63 | objective 159.7838 | improved by 1.0811 | hole 70 orders | 27s elapsed
2026-09-04 19:49:37 INFO: [lns_stage1] done | 30.2s, 68 iterations | final objective 159.7838 | feasible True
2026-09-04 19:49:37 INFO: Stage 1 solved.
2026-09-04 19:49:37 INFO: Solving stage 2 ... 
2026-09-04 19:49:37 INFO: 
[lns_stage2] start | 306 item order pairs, 92 pods, 4 workstations, 70 time steps | budget 400s
2026-09-04 19:49:54 INFO: [lns_stage2] initial objective 39.4827
2026-09-04 19:50:09 INFO: [lns_stage2] iter 1 | objective 59.1497 | improved by 19.6670 | hole 10 pods | 32s elapsed
2026-09-04 19:50:26 INFO: [lns_stage2] iter 2 | objective 71.9096 | improved by 12.7599 | hole 10 pods | 49s elapsed
2026-09-04 19:50:44 INFO: [lns_stage2] iter 3 | objective 80.8009 | improved by 8.8914 | hole 10 pods | 68s elapsed
2026-09-04 19:51:03 INFO: [lns_stage2] iter 4 | objective 93.3603 | improved by 12.5594 | hole 10 pods | 87s elapsed
2026-09-04 19:51:49 INFO: [lns_stage2] iter 5 | objective 97.2251 | improved by 3.8649 | hole 10 pods | 132s elapsed
2026-09-04 19:51:50 INFO: [lns_stage2] iter 6 | objective 101.6898 | improved by 4.4646 | hole 10 pods | 133s elapsed
