2026-07-11 18:43:21 INFO: Warehouse initialization | grid=25x24, physical=54x29, num_skus=9000, num_robots=30, num_ws=8
2026-07-11 18:43:21 INFO: Warehouse initialized | 600 pods  (average number of skus per pod = 20.88), 8 workstations, 30 robots
2026-07-11 18:43:21 INFO: [OptManager] Building time-space network ...
2026-07-11 18:43:24 INFO: [OptManager] Network ready: 60800 nodes, 914536 travelling arcs, 60192 idle arcs.
2026-07-11 18:43:24 INFO: 
=============================================
2026-07-11 18:43:24 INFO:   START SIMULATION  {TIME HORIZON = 01:00:00}
2026-07-11 18:43:24 DEBUG:    EVENT NUM 1     current_time = 00:00:00   ARRIVAL_ORDER         [queue size = 1]
2026-07-11 18:43:24 DEBUG: Order 0 arrived: items_required = [4006, 3316, 5427].     [orders_in_system = 1]
2026-07-11 18:43:24 DEBUG: Order 1 arrived: items_required = [5141].     [orders_in_system = 2]
2026-07-11 18:43:24 DEBUG: Order 2 arrived: items_required = [6839, 4075].     [orders_in_system = 3]
2026-07-11 18:43:24 DEBUG: Order 3 arrived: items_required = [4867].     [orders_in_system = 4]
2026-07-11 18:43:24 DEBUG: Order 4 arrived: items_required = [1153].     [orders_in_system = 5]
2026-07-11 18:43:24 DEBUG: Order 5 arrived: items_required = [3674, 7630, 1537].     [orders_in_system = 6]
2026-07-11 18:43:24 DEBUG: Order 6 arrived: items_required = [5546, 7287].     [orders_in_system = 7]
2026-07-11 18:43:24 DEBUG: Order 7 arrived: items_required = [5873, 7584].     [orders_in_system = 8]
2026-07-11 18:43:24 DEBUG: Order 8 arrived: items_required = [5218, 7288, 4861].     [orders_in_system = 9]
2026-07-11 18:43:24 DEBUG: Order 9 arrived: items_required = [1931].     [orders_in_system = 10]
2026-07-11 18:43:24 DEBUG: Order 10 arrived: items_required = [7681].     [orders_in_system = 11]
2026-07-11 18:43:24 DEBUG: Order 11 arrived: items_required = [4068].     [orders_in_system = 12]
2026-07-11 18:43:24 DEBUG: Order 12 arrived: items_required = [6762, 4589].     [orders_in_system = 13]
2026-07-11 18:43:24 DEBUG: Order 13 arrived: items_required = [4053].     [orders_in_system = 14]
2026-07-11 18:43:24 DEBUG: Order 14 arrived: items_required = [907].     [orders_in_system = 15]
2026-07-11 18:43:24 DEBUG: Order 15 arrived: items_required = [4915].     [orders_in_system = 16]
2026-07-11 18:43:24 DEBUG: Order 16 arrived: items_required = [5324].     [orders_in_system = 17]
2026-07-11 18:43:24 DEBUG: Order 17 arrived: items_required = [6796, 303].     [orders_in_system = 18]
2026-07-11 18:43:24 DEBUG: Order 18 arrived: items_required = [5842, 1712].     [orders_in_system = 19]
2026-07-11 18:43:24 DEBUG: Order 19 arrived: items_required = [5219, 8094, 4551].     [orders_in_system = 20]
2026-07-11 18:43:24 DEBUG: Order 20 arrived: items_required = [7583].     [orders_in_system = 21]
2026-07-11 18:43:24 DEBUG: Order 21 arrived: items_required = [4194, 4957, 3997, 7088].     [orders_in_system = 22]
2026-07-11 18:43:24 DEBUG: Order 22 arrived: items_required = [4436, 8941, 6790].     [orders_in_system = 23]
2026-07-11 18:43:24 DEBUG: Order 23 arrived: items_required = [7087, 3567, 6126].     [orders_in_system = 24]
2026-07-11 18:43:24 DEBUG: Order 24 arrived: items_required = [1080, 6162, 792, 5985].     [orders_in_system = 25]
2026-07-11 18:43:24 DEBUG: Order 25 arrived: items_required = [4436, 3739, 2183, 3422].     [orders_in_system = 26]
2026-07-11 18:43:24 DEBUG: Order 26 arrived: items_required = [1548, 3864].     [orders_in_system = 27]
2026-07-11 18:43:24 DEBUG: Order 27 arrived: items_required = [3205, 6154, 5233, 4781, 3635, 7210, 5345, 5949].     [orders_in_system = 28]
2026-07-11 18:43:24 DEBUG: Order 28 arrived: items_required = [2322, 7109, 4223, 7641].     [orders_in_system = 29]
2026-07-11 18:43:24 DEBUG: Order 29 arrived: items_required = [7807].     [orders_in_system = 30]
2026-07-11 18:43:24 DEBUG: Order 30 arrived: items_required = [4162].     [orders_in_system = 31]
2026-07-11 18:43:24 DEBUG: Order 31 arrived: items_required = [5324, 4313, 6037, 2215, 4622].     [orders_in_system = 32]
2026-07-11 18:43:24 DEBUG: Order 32 arrived: items_required = [3939, 6567].     [orders_in_system = 33]
2026-07-11 18:43:24 DEBUG: Order 33 arrived: items_required = [4647, 1777].     [orders_in_system = 34]
2026-07-11 18:43:24 DEBUG: Order 34 arrived: items_required = [2758, 3772].     [orders_in_system = 35]
2026-07-11 18:43:24 DEBUG: Order 35 arrived: items_required = [530].     [orders_in_system = 36]
2026-07-11 18:43:24 DEBUG: Order 36 arrived: items_required = [4618, 3491, 6438].     [orders_in_system = 37]
2026-07-11 18:43:24 DEBUG: Order 37 arrived: items_required = [3837].     [orders_in_system = 38]
2026-07-11 18:43:24 DEBUG: Order 38 arrived: items_required = [6142, 4162].     [orders_in_system = 39]
2026-07-11 18:43:24 DEBUG: Order 39 arrived: items_required = [3178, 5057, 3655, 4366, 4050].     [orders_in_system = 40]
2026-07-11 18:43:24 DEBUG: Order 40 arrived: items_required = [4262, 3362, 3092, 6704].     [orders_in_system = 41]
2026-07-11 18:43:24 DEBUG: Order 41 arrived: items_required = [1859, 3246].     [orders_in_system = 42]
2026-07-11 18:43:24 DEBUG: Order 42 arrived: items_required = [3121, 5412].     [orders_in_system = 43]
2026-07-11 18:43:24 DEBUG: Order 43 arrived: items_required = [5090].     [orders_in_system = 44]
2026-07-11 18:43:24 DEBUG: Order 44 arrived: items_required = [7476].     [orders_in_system = 45]
2026-07-11 18:43:24 DEBUG: Order 45 arrived: items_required = [8152, 4999].     [orders_in_system = 46]
2026-07-11 18:43:24 DEBUG: Order 46 arrived: items_required = [4237].     [orders_in_system = 47]
2026-07-11 18:43:24 DEBUG: Order 47 arrived: items_required = [4387, 3346].     [orders_in_system = 48]
2026-07-11 18:43:24 DEBUG: Order 48 arrived: items_required = [5531, 6752].     [orders_in_system = 49]
2026-07-11 18:43:24 DEBUG: Order 49 arrived: items_required = [5040, 5628].     [orders_in_system = 50]
2026-07-11 18:43:24 DEBUG: Order 50 arrived: items_required = [4088, 4513, 1706].     [orders_in_system = 51]
2026-07-11 18:43:24 DEBUG: Order 51 arrived: items_required = [7271].     [orders_in_system = 52]
2026-07-11 18:43:24 DEBUG: Order 52 arrived: items_required = [5560, 3461].     [orders_in_system = 53]
2026-07-11 18:43:24 DEBUG: Order 53 arrived: items_required = [5307, 2965, 6860].     [orders_in_system = 54]
2026-07-11 18:43:24 DEBUG: Order 54 arrived: items_required = [2329].     [orders_in_system = 55]
2026-07-11 18:43:24 DEBUG: Order 55 arrived: items_required = [6950, 5151, 1173].     [orders_in_system = 56]
2026-07-11 18:43:24 DEBUG: Order 56 arrived: items_required = [3524].     [orders_in_system = 57]
2026-07-11 18:43:24 DEBUG: Order 57 arrived: items_required = [5833].     [orders_in_system = 58]
2026-07-11 18:43:24 DEBUG: Order 58 arrived: items_required = [4700].     [orders_in_system = 59]
2026-07-11 18:43:24 DEBUG: Order 59 arrived: items_required = [6019, 6637, 2574, 8462].     [orders_in_system = 60]
2026-07-11 18:43:24 DEBUG: Order 60 arrived: items_required = [5447, 3064].     [orders_in_system = 61]
2026-07-11 18:43:24 DEBUG: Order 61 arrived: items_required = [4662, 1320].     [orders_in_system = 62]
2026-07-11 18:43:24 DEBUG: Order 62 arrived: items_required = [3696, 6329, 7108].     [orders_in_system = 63]
2026-07-11 18:43:24 DEBUG: Order 63 arrived: items_required = [5058].     [orders_in_system = 64]
2026-07-11 18:43:24 DEBUG: Order 64 arrived: items_required = [4617, 3261].     [orders_in_system = 65]
2026-07-11 18:43:24 DEBUG: Order 65 arrived: items_required = [5364].     [orders_in_system = 66]
2026-07-11 18:43:24 DEBUG: Order 66 arrived: items_required = [3330, 3704, 4921].     [orders_in_system = 67]
2026-07-11 18:43:24 DEBUG: Order 67 arrived: items_required = [2509, 1067].     [orders_in_system = 68]
2026-07-11 18:43:24 DEBUG: Order 68 arrived: items_required = [1049, 3282].     [orders_in_system = 69]
2026-07-11 18:43:24 DEBUG: Order 69 arrived: items_required = [4384].     [orders_in_system = 70]
2026-07-11 18:43:24 DEBUG: Order 70 arrived: items_required = [2363, 7918].     [orders_in_system = 71]
2026-07-11 18:43:24 DEBUG: Order 71 arrived: items_required = [4640, 5631].     [orders_in_system = 72]
2026-07-11 18:43:24 DEBUG: Order 72 arrived: items_required = [4677, 1785, 2369].     [orders_in_system = 73]
2026-07-11 18:43:24 DEBUG: Order 73 arrived: items_required = [3725].     [orders_in_system = 74]
2026-07-11 18:43:24 DEBUG: Order 74 arrived: items_required = [3378, 4801].     [orders_in_system = 75]
2026-07-11 18:43:24 DEBUG: Order 75 arrived: items_required = [6234].     [orders_in_system = 76]
2026-07-11 18:43:24 DEBUG: Order 76 arrived: items_required = [5035].     [orders_in_system = 77]
2026-07-11 18:43:24 DEBUG: Order 77 arrived: items_required = [2040].     [orders_in_system = 78]
2026-07-11 18:43:24 DEBUG: Order 78 arrived: items_required = [6323].     [orders_in_system = 79]
2026-07-11 18:43:24 DEBUG: Order 79 arrived: items_required = [4323, 3088].     [orders_in_system = 80]
2026-07-11 18:43:24 DEBUG: Order 80 arrived: items_required = [5582, 4126, 5191, 2685].     [orders_in_system = 81]
2026-07-11 18:43:24 DEBUG: Order 81 arrived: items_required = [596].     [orders_in_system = 82]
2026-07-11 18:43:24 DEBUG: Order 82 arrived: items_required = [4658].     [orders_in_system = 83]
2026-07-11 18:43:24 DEBUG: Order 83 arrived: items_required = [1694].     [orders_in_system = 84]
2026-07-11 18:43:24 DEBUG: Order 84 arrived: items_required = [3498].     [orders_in_system = 85]
2026-07-11 18:43:24 DEBUG: Order 85 arrived: items_required = [3167, 3430, 6438, 3852].     [orders_in_system = 86]
2026-07-11 18:43:24 DEBUG: Order 86 arrived: items_required = [5540, 6333].     [orders_in_system = 87]
2026-07-11 18:43:24 DEBUG: Order 87 arrived: items_required = [6452, 4189, 5405, 3669, 4131].     [orders_in_system = 88]
2026-07-11 18:43:24 DEBUG: Order 88 arrived: items_required = [4140].     [orders_in_system = 89]
2026-07-11 18:43:24 DEBUG: Order 89 arrived: items_required = [5196].     [orders_in_system = 90]
2026-07-11 18:43:24 DEBUG: Order 90 arrived: items_required = [4899].     [orders_in_system = 91]
2026-07-11 18:43:24 DEBUG: Order 91 arrived: items_required = [8443].     [orders_in_system = 92]
2026-07-11 18:43:24 DEBUG: Order 92 arrived: items_required = [7243].     [orders_in_system = 93]
2026-07-11 18:43:24 DEBUG: Order 93 arrived: items_required = [4874, 2741].     [orders_in_system = 94]
2026-07-11 18:43:24 DEBUG: Order 94 arrived: items_required = [2766, 4467, 6418, 5830].     [orders_in_system = 95]
2026-07-11 18:43:24 DEBUG: Order 95 arrived: items_required = [3480].     [orders_in_system = 96]
2026-07-11 18:43:24 DEBUG: Order 96 arrived: items_required = [6312, 5583].     [orders_in_system = 97]
2026-07-11 18:43:24 DEBUG: Order 97 arrived: items_required = [4534, 3893, 3379, 5934, 3426, 3815].     [orders_in_system = 98]
2026-07-11 18:43:24 DEBUG: Order 98 arrived: items_required = [5184].     [orders_in_system = 99]
2026-07-11 18:43:24 DEBUG: Order 99 arrived: items_required = [579, 4862].     [orders_in_system = 100]
2026-07-11 18:43:24 DEBUG:    EVENT NUM 2     current_time = 00:00:01   RUN_OPTIMIZER         [queue size = 1]
2026-07-11 18:43:24 INFO: Solving stage 1 ... 
2026-07-11 18:43:24 INFO: [ls_stage1] Building initial solution ...
2026-07-11 18:43:24 INFO: [ls_stage1] Initial objective = 249.2500
2026-07-11 18:43:24 WARNING: 
Variables size:
  shape x = (208, 600)
  shape y = (8, 600)
  shape z = (100, 8)
  constraints_satisfied = 998724

2026-07-11 18:43:26 INFO: [ls_stage1] Iter 1: IMPROVEMENT move=('swap', 23, 49) obj=246.6100
2026-07-11 18:43:28 INFO: [ls_stage1] Iter 2: IMPROVEMENT move=('swap', 30, 57) obj=245.1900
2026-07-11 18:43:31 INFO: [ls_stage1] Iter 3: IMPROVEMENT move=('swap', 37, 56) obj=243.7800
2026-07-11 18:43:33 INFO: [ls_stage1] Iter 4: IMPROVEMENT move=('moveto', 83, 6) obj=242.4200
2026-07-11 18:43:35 INFO: [ls_stage1] Iter 5: IMPROVEMENT move=('swap', 8, 94) obj=240.5900
2026-07-11 18:43:37 INFO: [ls_stage1] Iter 6: IMPROVEMENT move=('repod', 87, 496) obj=239.1300
2026-07-11 18:43:39 INFO: [ls_stage1] Iter 7: IMPROVEMENT move=('swap', 86, 88) obj=237.7000
2026-07-11 18:43:42 INFO: [ls_stage1] Iter 8: IMPROVEMENT move=('swap', 40, 54) obj=236.3500
2026-07-11 18:43:44 INFO: [ls_stage1] Iter 9: IMPROVEMENT move=('moveto', 43, 1) obj=235.0200
2026-07-11 18:43:46 INFO: [ls_stage1] Iter 10: IMPROVEMENT move=('swap', 15, 86) obj=233.8800
2026-07-11 18:43:48 INFO: [ls_stage1] Iter 11: IMPROVEMENT move=('swap', 3, 48) obj=232.6100
2026-07-11 18:43:51 INFO: [ls_stage1] Iter 12: IMPROVEMENT move=('swap', 11, 12) obj=231.5400
2026-07-11 18:43:53 INFO: [ls_stage1] Iter 13: IMPROVEMENT move=('swap', 79, 96) obj=230.3300
2026-07-11 18:43:55 INFO: [ls_stage1] Iter 14: IMPROVEMENT move=('swap', 72, 76) obj=230.0100
2026-07-11 18:43:57 INFO: [ls_stage1] Iter 15: IMPROVEMENT move=('swap', 11, 29) obj=229.8100
2026-07-11 18:43:59 INFO: [ls_stage1] Iter 16: IMPROVEMENT move=('swap', 55, 97) obj=229.5700
2026-07-11 18:44:02 INFO: [ls_stage1] Iter 17: IMPROVEMENT move=('repod', 202, 392) obj=228.2200
2026-07-11 18:44:04 INFO: [ls_stage1] Iter 18: IMPROVEMENT move=('repod', 149, 414) obj=227.9800
2026-07-11 18:44:06 INFO: [ls_stage1] Iter 19: IMPROVEMENT move=('swap', 58, 61) obj=227.6800
2026-07-11 18:44:08 INFO: [ls_stage1] Iter 20: IMPROVEMENT move=('swap', 65, 86) obj=227.5000
2026-07-11 18:44:11 INFO: [ls_stage1] Iter 21: IMPROVEMENT move=('repod', 175, 583) obj=227.2600
2026-07-11 18:44:13 INFO: [ls_stage1] Iter 22: IMPROVEMENT move=('swap', 6, 69) obj=226.1800
2026-07-11 18:44:15 INFO: [ls_stage1] Iter 23: IMPROVEMENT move=('swap', 6, 59) obj=225.9100
2026-07-11 18:44:17 INFO: [ls_stage1] Iter 24: IMPROVEMENT move=('moveto', 64, 3) obj=224.6300
2026-07-11 18:44:19 INFO: [ls_stage1] Iter 25: IMPROVEMENT move=('swap', 53, 89) obj=224.4300
2026-07-11 18:44:22 INFO: [ls_stage1] Iter 26: IMPROVEMENT move=('swap', 34, 95) obj=224.3100
2026-07-11 18:44:24 INFO: [ls_stage1] Iter 27: IMPROVEMENT move=('repod', 16, 489) obj=224.1000
2026-07-11 18:44:26 INFO: [ls_stage1] Iter 28: IMPROVEMENT move=('repod', 204, 386) obj=223.9100
2026-07-11 18:44:28 INFO: [ls_stage1] Iter 29: IMPROVEMENT move=('repod', 48, 540) obj=223.7100
2026-07-11 18:44:30 INFO: [ls_stage1] Iter 30: IMPROVEMENT move=('swap', 0, 44) obj=223.5500
2026-07-11 18:44:33 INFO: [ls_stage1] Iter 31: IMPROVEMENT move=('repod', 103, 362) obj=223.3200
2026-07-11 18:44:35 INFO: [ls_stage1] Iter 32: IMPROVEMENT move=('repod', 113, 544) obj=223.1400
2026-07-11 18:44:37 INFO: [ls_stage1] Iter 33: IMPROVEMENT move=('repod', 104, 557) obj=223.0200
2026-07-11 18:44:39 INFO: [ls_stage1] Iter 34: IMPROVEMENT move=('repod', 117, 499) obj=222.8800
2026-07-11 18:44:41 INFO: [ls_stage1] Iter 35: IMPROVEMENT move=('repod', 38, 503) obj=222.7800
2026-07-11 18:44:44 INFO: [ls_stage1] Iter 36: IMPROVEMENT move=('swap', 20, 92) obj=222.6400
2026-07-11 18:44:46 INFO: [ls_stage1] Iter 37: IMPROVEMENT move=('repod', 119, 463) obj=222.4900
2026-07-11 18:44:48 INFO: [ls_stage1] Iter 38: IMPROVEMENT move=('repod', 104, 499) obj=221.3200
2026-07-11 18:44:50 INFO: [ls_stage1] Iter 39: IMPROVEMENT move=('repod', 118, 355) obj=221.1700
2026-07-11 18:44:52 INFO: [ls_stage1] Iter 40: IMPROVEMENT move=('repod', 148, 445) obj=221.0600
2026-07-11 18:44:55 INFO: [ls_stage1] Iter 41: IMPROVEMENT move=('swap', 52, 68) obj=219.8900
2026-07-11 18:44:57 INFO: [ls_stage1] Iter 42: IMPROVEMENT move=('repod', 56, 532) obj=219.7800
2026-07-11 18:44:59 INFO: [ls_stage1] Iter 43: IMPROVEMENT move=('moveto', 70, 7) obj=219.7000
2026-07-11 18:45:01 INFO: [ls_stage1] Iter 44: IMPROVEMENT move=('swap', 10, 99) obj=218.5700
2026-07-11 18:45:03 INFO: [ls_stage1] Iter 45: IMPROVEMENT move=('moveto', 9, 7) obj=218.5100
2026-07-11 18:45:05 INFO: [ls_stage1] Iter 46: IMPROVEMENT move=('repod', 37, 338) obj=218.4200
2026-07-11 18:45:08 INFO: [ls_stage1] Iter 47: IMPROVEMENT move=('repod', 9, 249) obj=218.3400
2026-07-11 18:45:10 INFO: [ls_stage1] Iter 48: IMPROVEMENT move=('repod', 11, 386) obj=218.2100
2026-07-11 18:45:12 INFO: [ls_stage1] Iter 49: IMPROVEMENT move=('repod', 51, 489) obj=217.9700
2026-07-11 18:45:14 INFO: [ls_stage1] Iter 50: IMPROVEMENT move=('swap', 6, 60) obj=216.8500
2026-07-11 18:45:16 INFO: [ls_stage1] Iter 51: IMPROVEMENT move=('swap', 8, 72) obj=216.7700
2026-07-11 18:45:19 INFO: [ls_stage1] Iter 52: IMPROVEMENT move=('swap', 0, 8) obj=215.7800
2026-07-11 18:45:21 INFO: [ls_stage1] Iter 53: IMPROVEMENT move=('moveto', 11, 7) obj=215.7400
2026-07-11 18:45:23 INFO: [ls_stage1] Iter 54: IMPROVEMENT move=('repod', 90, 483) obj=215.6600
2026-07-11 18:45:25 INFO: [ls_stage1] Iter 55: IMPROVEMENT move=('moveto', 84, 0) obj=215.5800
2026-07-11 18:45:28 INFO: [ls_stage1] Iter 56: IMPROVEMENT move=('repod', 23, 335) obj=215.4600
2026-07-11 18:45:30 INFO: [ls_stage1] Iter 57: IMPROVEMENT move=('moveto', 65, 7) obj=215.3800
2026-07-11 18:45:32 INFO: [ls_stage1] Iter 58: IMPROVEMENT move=('moveto', 91, 3) obj=215.3400
2026-07-11 18:45:34 INFO: [ls_stage1] Iter 59: IMPROVEMENT move=('repod', 60, 368) obj=215.2400
2026-07-11 18:45:36 INFO: [ls_stage1] Iter 60: IMPROVEMENT move=('swap', 2, 61) obj=215.1800
2026-07-11 18:45:39 INFO: [ls_stage1] Iter 61: IMPROVEMENT move=('repod', 53, 492) obj=215.0100
2026-07-11 18:45:41 INFO: [ls_stage1] Iter 62: IMPROVEMENT move=('moveto', 32, 6) obj=214.9500
2026-07-11 18:45:43 INFO: [ls_stage1] Iter 63: IMPROVEMENT move=('repod', 138, 343) obj=214.7600
2026-07-11 18:45:45 INFO: [ls_stage1] Iter 64: IMPROVEMENT move=('repod', 30, 129) obj=214.7200
2026-07-11 18:45:48 INFO: [ls_stage1] Iter 65: IMPROVEMENT move=('repod', 179, 380) obj=214.6600
2026-07-11 18:45:50 INFO: [ls_stage1] Iter 66: IMPROVEMENT move=('swap', 13, 75) obj=214.5800
2026-07-11 18:45:52 INFO: [ls_stage1] Iter 67: IMPROVEMENT move=('swap', 2, 87) obj=214.5300
2026-07-11 18:45:54 INFO: [ls_stage1] Iter 68: IMPROVEMENT move=('swap', 33, 90) obj=214.5100
2026-07-11 18:45:56 INFO: [ls_stage1] Iter 69: IMPROVEMENT move=('repod', 158, 577) obj=214.4300
2026-07-11 18:45:59 INFO: [ls_stage1] Iter 70: IMPROVEMENT move=('swap', 0, 34) obj=214.3900
2026-07-11 18:46:01 INFO: [ls_stage1] Iter 71: IMPROVEMENT move=('moveto', 50, 7) obj=214.3300
2026-07-11 18:46:03 INFO: [ls_stage1] Iter 72: IMPROVEMENT move=('moveto', 74, 1) obj=213.1600
2026-07-11 18:46:05 INFO: [ls_stage1] Iter 73: IMPROVEMENT move=('swap', 50, 95) obj=212.0800
2026-07-11 18:46:08 INFO: [ls_stage1] Iter 74: IMPROVEMENT move=('swap', 34, 63) obj=212.0400
2026-07-11 18:46:10 INFO: [ls_stage1] Iter 75: IMPROVEMENT move=('swap', 79, 95) obj=211.9600
2026-07-11 18:46:12 INFO: [ls_stage1] Iter 76: IMPROVEMENT move=('repod', 47, 519) obj=211.9100
2026-07-11 18:46:14 INFO: [ls_stage1] Iter 77: IMPROVEMENT move=('repod', 35, 573) obj=211.8600
2026-07-11 18:46:16 INFO: [ls_stage1] Iter 78: IMPROVEMENT move=('swap', 4, 44) obj=211.8200
2026-07-11 18:46:19 INFO: [ls_stage1] Iter 79: IMPROVEMENT move=('moveto', 95, 0) obj=211.7800
2026-07-11 18:46:21 INFO: [ls_stage1] Iter 80: IMPROVEMENT move=('swap', 9, 63) obj=211.7600
