2026-09-04 20:04:28 INFO: Warehouse initialization | grid=30x30, physical=63x35, num_skus=10000, num_robots=40, num_ws=9
2026-09-04 20:04:28 INFO: Warehouse initialized | 900 pods  (average number of skus per pod = 30.00), 9 workstations, 40 robots
2026-09-04 20:04:28 INFO: [OptManager] Building time-space network ...
2026-09-04 20:04:31 INFO: [OptManager] Network ready: 63630 nodes, 1037170 travelling arcs, 62721 idle arcs.
2026-09-04 20:04:31 INFO: 
=============================================
2026-09-04 20:04:31 INFO:   START SIMULATION  {TIME HORIZON = 01:00:00}
2026-09-04 20:04:31 DEBUG:    EVENT NUM 1     current_time = 00:00:00   ARRIVAL_ORDER         [queue size = 1]
2026-09-04 20:04:31 DEBUG: Order 0 arrived: items_required = [4549, 3418].     [orders_in_system = 1]
2026-09-04 20:04:31 DEBUG: Order 1 arrived: items_required = [7150].     [orders_in_system = 2]
2026-09-04 20:04:31 DEBUG: Order 2 arrived: items_required = [7844, 6860].     [orders_in_system = 3]
2026-09-04 20:04:31 DEBUG: Order 3 arrived: items_required = [5310].     [orders_in_system = 4]
2026-09-04 20:04:31 DEBUG: Order 4 arrived: items_required = [6457].     [orders_in_system = 5]
2026-09-04 20:04:31 DEBUG: Order 5 arrived: items_required = [5063, 6149].     [orders_in_system = 6]
2026-09-04 20:04:31 DEBUG: Order 6 arrived: items_required = [5663].     [orders_in_system = 7]
2026-09-04 20:04:31 DEBUG: Order 7 arrived: items_required = [4438, 6044, 3755, 5383].     [orders_in_system = 8]
2026-09-04 20:04:31 DEBUG: Order 8 arrived: items_required = [4579].     [orders_in_system = 9]
2026-09-04 20:04:31 DEBUG: Order 9 arrived: items_required = [4390, 4993].     [orders_in_system = 10]
2026-09-04 20:04:31 DEBUG: Order 10 arrived: items_required = [6151].     [orders_in_system = 11]
2026-09-04 20:04:31 DEBUG: Order 11 arrived: items_required = [7223].     [orders_in_system = 12]
2026-09-04 20:04:31 DEBUG: Order 12 arrived: items_required = [3545, 4121, 7176].     [orders_in_system = 13]
2026-09-04 20:04:31 DEBUG: Order 13 arrived: items_required = [4037, 5556, 4800, 6334].     [orders_in_system = 14]
2026-09-04 20:04:31 DEBUG: Order 14 arrived: items_required = [5638].     [orders_in_system = 15]
2026-09-04 20:04:31 DEBUG: Order 15 arrived: items_required = [8659].     [orders_in_system = 16]
2026-09-04 20:04:31 DEBUG: Order 16 arrived: items_required = [5389, 6332].     [orders_in_system = 17]
2026-09-04 20:04:31 DEBUG: Order 17 arrived: items_required = [5909].     [orders_in_system = 18]
2026-09-04 20:04:31 DEBUG: Order 18 arrived: items_required = [6830].     [orders_in_system = 19]
2026-09-04 20:04:31 DEBUG: Order 19 arrived: items_required = [4526].     [orders_in_system = 20]
2026-09-04 20:04:31 DEBUG: Order 20 arrived: items_required = [3719].     [orders_in_system = 21]
2026-09-04 20:04:31 DEBUG: Order 21 arrived: items_required = [2663].     [orders_in_system = 22]
2026-09-04 20:04:31 DEBUG: Order 22 arrived: items_required = [6474, 7311, 4865].     [orders_in_system = 23]
2026-09-04 20:04:31 DEBUG: Order 23 arrived: items_required = [6125].     [orders_in_system = 24]
2026-09-04 20:04:31 DEBUG: Order 24 arrived: items_required = [5699, 5022].     [orders_in_system = 25]
2026-09-04 20:04:31 DEBUG: Order 25 arrived: items_required = [2483, 4002].     [orders_in_system = 26]
2026-09-04 20:04:31 DEBUG: Order 26 arrived: items_required = [7190, 3339, 4616].     [orders_in_system = 27]
2026-09-04 20:04:31 DEBUG: Order 27 arrived: items_required = [5625, 1883].     [orders_in_system = 28]
2026-09-04 20:04:31 DEBUG: Order 28 arrived: items_required = [3757, 3641].     [orders_in_system = 29]
2026-09-04 20:04:31 DEBUG: Order 29 arrived: items_required = [1996].     [orders_in_system = 30]
2026-09-04 20:04:31 DEBUG: Order 30 arrived: items_required = [4129].     [orders_in_system = 31]
2026-09-04 20:04:31 DEBUG: Order 31 arrived: items_required = [5820].     [orders_in_system = 32]
2026-09-04 20:04:31 DEBUG: Order 32 arrived: items_required = [5444].     [orders_in_system = 33]
2026-09-04 20:04:31 DEBUG: Order 33 arrived: items_required = [1835, 2442].     [orders_in_system = 34]
2026-09-04 20:04:31 DEBUG: Order 34 arrived: items_required = [4139, 3694].     [orders_in_system = 35]
2026-09-04 20:04:31 DEBUG: Order 35 arrived: items_required = [5963].     [orders_in_system = 36]
2026-09-04 20:04:31 DEBUG: Order 36 arrived: items_required = [5289, 3822].     [orders_in_system = 37]
2026-09-04 20:04:31 DEBUG: Order 37 arrived: items_required = [1443, 7069].     [orders_in_system = 38]
2026-09-04 20:04:31 DEBUG: Order 38 arrived: items_required = [4560].     [orders_in_system = 39]
2026-09-04 20:04:31 DEBUG: Order 39 arrived: items_required = [5697, 4507].     [orders_in_system = 40]
2026-09-04 20:04:31 DEBUG: Order 40 arrived: items_required = [5021, 3672].     [orders_in_system = 41]
2026-09-04 20:04:31 DEBUG: Order 41 arrived: items_required = [5472, 5404, 6923].     [orders_in_system = 42]
2026-09-04 20:04:31 DEBUG: Order 42 arrived: items_required = [4013].     [orders_in_system = 43]
2026-09-04 20:04:31 DEBUG: Order 43 arrived: items_required = [4983, 6456].     [orders_in_system = 44]
2026-09-04 20:04:31 DEBUG: Order 44 arrived: items_required = [2512, 4308].     [orders_in_system = 45]
2026-09-04 20:04:31 DEBUG: Order 45 arrived: items_required = [2358, 4843, 5386].     [orders_in_system = 46]
2026-09-04 20:04:31 DEBUG: Order 46 arrived: items_required = [2853, 6770].     [orders_in_system = 47]
2026-09-04 20:04:31 DEBUG: Order 47 arrived: items_required = [2812, 5659].     [orders_in_system = 48]
2026-09-04 20:04:31 DEBUG: Order 48 arrived: items_required = [3340, 3352, 3863].     [orders_in_system = 49]
2026-09-04 20:04:31 DEBUG: Order 49 arrived: items_required = [5078].     [orders_in_system = 50]
2026-09-04 20:04:31 DEBUG: Order 50 arrived: items_required = [1952, 6540].     [orders_in_system = 51]
2026-09-04 20:04:31 DEBUG: Order 51 arrived: items_required = [5746, 5196].     [orders_in_system = 52]
2026-09-04 20:04:31 DEBUG: Order 52 arrived: items_required = [5414, 6507].     [orders_in_system = 53]
2026-09-04 20:04:31 DEBUG: Order 53 arrived: items_required = [4365, 4407, 6395].     [orders_in_system = 54]
2026-09-04 20:04:31 DEBUG: Order 54 arrived: items_required = [6123, 6356, 2243, 5615, 6392, 7669].     [orders_in_system = 55]
2026-09-04 20:04:31 DEBUG: Order 55 arrived: items_required = [1494, 5221, 7175, 6403].     [orders_in_system = 56]
2026-09-04 20:04:31 DEBUG: Order 56 arrived: items_required = [3888, 3304, 6244, 4690].     [orders_in_system = 57]
2026-09-04 20:04:31 DEBUG: Order 57 arrived: items_required = [7568].     [orders_in_system = 58]
2026-09-04 20:04:31 DEBUG: Order 58 arrived: items_required = [6413, 3302].     [orders_in_system = 59]
2026-09-04 20:04:31 DEBUG: Order 59 arrived: items_required = [3718].     [orders_in_system = 60]
2026-09-04 20:04:31 DEBUG: Order 60 arrived: items_required = [6234].     [orders_in_system = 61]
2026-09-04 20:04:31 DEBUG: Order 61 arrived: items_required = [2652].     [orders_in_system = 62]
2026-09-04 20:04:31 DEBUG: Order 62 arrived: items_required = [4699, 6787].     [orders_in_system = 63]
2026-09-04 20:04:31 DEBUG: Order 63 arrived: items_required = [3389, 5098].     [orders_in_system = 64]
2026-09-04 20:04:31 DEBUG: Order 64 arrived: items_required = [5336].     [orders_in_system = 65]
2026-09-04 20:04:31 DEBUG: Order 65 arrived: items_required = [5732].     [orders_in_system = 66]
2026-09-04 20:04:31 DEBUG: Order 66 arrived: items_required = [6148, 4732].     [orders_in_system = 67]
2026-09-04 20:04:31 DEBUG: Order 67 arrived: items_required = [5592, 5485, 8445, 6989, 3862].     [orders_in_system = 68]
2026-09-04 20:04:31 DEBUG: Order 68 arrived: items_required = [2916, 4979].     [orders_in_system = 69]
2026-09-04 20:04:31 DEBUG: Order 69 arrived: items_required = [4001].     [orders_in_system = 70]
2026-09-04 20:04:31 DEBUG: Order 70 arrived: items_required = [3566, 5803, 4048].     [orders_in_system = 71]
2026-09-04 20:04:31 DEBUG: Order 71 arrived: items_required = [6134, 6811].     [orders_in_system = 72]
2026-09-04 20:04:31 DEBUG: Order 72 arrived: items_required = [7319].     [orders_in_system = 73]
2026-09-04 20:04:31 DEBUG: Order 73 arrived: items_required = [8899, 3769].     [orders_in_system = 74]
2026-09-04 20:04:31 DEBUG: Order 74 arrived: items_required = [3755, 1456, 8569, 7730].     [orders_in_system = 75]
2026-09-04 20:04:31 DEBUG: Order 75 arrived: items_required = [6345, 6000].     [orders_in_system = 76]
2026-09-04 20:04:31 DEBUG: Order 76 arrived: items_required = [5549].     [orders_in_system = 77]
2026-09-04 20:04:31 DEBUG: Order 77 arrived: items_required = [5688, 3979, 5328].     [orders_in_system = 78]
2026-09-04 20:04:31 DEBUG: Order 78 arrived: items_required = [6296].     [orders_in_system = 79]
2026-09-04 20:04:31 DEBUG: Order 79 arrived: items_required = [2839, 1956, 5305].     [orders_in_system = 80]
2026-09-04 20:04:31 DEBUG: Order 80 arrived: items_required = [2290].     [orders_in_system = 81]
2026-09-04 20:04:31 DEBUG: Order 81 arrived: items_required = [3419, 4194].     [orders_in_system = 82]
2026-09-04 20:04:31 DEBUG: Order 82 arrived: items_required = [6179, 4299].     [orders_in_system = 83]
2026-09-04 20:04:31 DEBUG: Order 83 arrived: items_required = [4943, 7434, 3900, 1057].     [orders_in_system = 84]
2026-09-04 20:04:31 DEBUG: Order 84 arrived: items_required = [419, 5996, 4947, 5149, 5796].     [orders_in_system = 85]
2026-09-04 20:04:31 DEBUG: Order 85 arrived: items_required = [7574, 4140].     [orders_in_system = 86]
2026-09-04 20:04:31 DEBUG: Order 86 arrived: items_required = [4760, 5786, 3907, 4221, 3788].     [orders_in_system = 87]
2026-09-04 20:04:31 DEBUG: Order 87 arrived: items_required = [5332, 4937].     [orders_in_system = 88]
2026-09-04 20:04:31 DEBUG: Order 88 arrived: items_required = [3531, 5901, 6127].     [orders_in_system = 89]
2026-09-04 20:04:31 DEBUG: Order 89 arrived: items_required = [4545].     [orders_in_system = 90]
2026-09-04 20:04:31 DEBUG: Order 90 arrived: items_required = [7604, 2875, 3307].     [orders_in_system = 91]
2026-09-04 20:04:31 DEBUG: Order 91 arrived: items_required = [6920].     [orders_in_system = 92]
2026-09-04 20:04:31 DEBUG: Order 92 arrived: items_required = [7027, 4569].     [orders_in_system = 93]
2026-09-04 20:04:31 DEBUG: Order 93 arrived: items_required = [2130].     [orders_in_system = 94]
2026-09-04 20:04:31 DEBUG: Order 94 arrived: items_required = [2977, 3939].     [orders_in_system = 95]
2026-09-04 20:04:31 DEBUG: Order 95 arrived: items_required = [6587].     [orders_in_system = 96]
2026-09-04 20:04:31 DEBUG: Order 96 arrived: items_required = [5876, 8324, 6465].     [orders_in_system = 97]
2026-09-04 20:04:31 DEBUG: Order 97 arrived: items_required = [3666, 4769].     [orders_in_system = 98]
2026-09-04 20:04:31 DEBUG: Order 98 arrived: items_required = [6747].     [orders_in_system = 99]
2026-09-04 20:04:31 DEBUG: Order 99 arrived: items_required = [5576, 5064].     [orders_in_system = 100]
2026-09-04 20:04:31 DEBUG: Order 100 arrived: items_required = [4208].     [orders_in_system = 101]
2026-09-04 20:04:31 DEBUG: Order 101 arrived: items_required = [2726, 2732].     [orders_in_system = 102]
2026-09-04 20:04:31 DEBUG: Order 102 arrived: items_required = [6121].     [orders_in_system = 103]
2026-09-04 20:04:31 DEBUG: Order 103 arrived: items_required = [4056].     [orders_in_system = 104]
2026-09-04 20:04:31 DEBUG: Order 104 arrived: items_required = [5533, 4369, 4627, 4276].     [orders_in_system = 105]
2026-09-04 20:04:31 DEBUG: Order 105 arrived: items_required = [6798, 5529].     [orders_in_system = 106]
2026-09-04 20:04:31 DEBUG: Order 106 arrived: items_required = [6132].     [orders_in_system = 107]
2026-09-04 20:04:31 DEBUG: Order 107 arrived: items_required = [4888].     [orders_in_system = 108]
2026-09-04 20:04:31 DEBUG: Order 108 arrived: items_required = [6896].     [orders_in_system = 109]
2026-09-04 20:04:31 DEBUG: Order 109 arrived: items_required = [5738, 7207, 5802, 3924, 2503, 5710].     [orders_in_system = 110]
2026-09-04 20:04:31 DEBUG: Order 110 arrived: items_required = [4996].     [orders_in_system = 111]
2026-09-04 20:04:31 DEBUG: Order 111 arrived: items_required = [3999].     [orders_in_system = 112]
2026-09-04 20:04:31 DEBUG: Order 112 arrived: items_required = [3800, 4969].     [orders_in_system = 113]
2026-09-04 20:04:31 DEBUG: Order 113 arrived: items_required = [4761, 6303].     [orders_in_system = 114]
2026-09-04 20:04:31 DEBUG: Order 114 arrived: items_required = [5741].     [orders_in_system = 115]
2026-09-04 20:04:31 DEBUG: Order 115 arrived: items_required = [2569].     [orders_in_system = 116]
2026-09-04 20:04:31 DEBUG: Order 116 arrived: items_required = [4674, 5660, 3816, 6453, 5267].     [orders_in_system = 117]
2026-09-04 20:04:31 DEBUG: Order 117 arrived: items_required = [4645, 6257, 3382, 7299, 4606, 3487].     [orders_in_system = 118]
2026-09-04 20:04:31 DEBUG: Order 118 arrived: items_required = [3618, 2690, 1732].     [orders_in_system = 119]
2026-09-04 20:04:31 DEBUG: Order 119 arrived: items_required = [5817].     [orders_in_system = 120]
2026-09-04 20:04:31 DEBUG: Order 120 arrived: items_required = [5633, 5676].     [orders_in_system = 121]
2026-09-04 20:04:31 DEBUG: Order 121 arrived: items_required = [4165].     [orders_in_system = 122]
2026-09-04 20:04:31 DEBUG: Order 122 arrived: items_required = [4883, 4773].     [orders_in_system = 123]
2026-09-04 20:04:31 DEBUG: Order 123 arrived: items_required = [3459, 3504, 4790, 5845].     [orders_in_system = 124]
2026-09-04 20:04:31 DEBUG: Order 124 arrived: items_required = [4803].     [orders_in_system = 125]
2026-09-04 20:04:31 DEBUG: Order 125 arrived: items_required = [5002, 6755, 1816].     [orders_in_system = 126]
2026-09-04 20:04:31 DEBUG: Order 126 arrived: items_required = [1123, 3929].     [orders_in_system = 127]
2026-09-04 20:04:31 DEBUG: Order 127 arrived: items_required = [6195, 3852].     [orders_in_system = 128]
2026-09-04 20:04:31 DEBUG: Order 128 arrived: items_required = [5718].     [orders_in_system = 129]
2026-09-04 20:04:31 DEBUG: Order 129 arrived: items_required = [3886].     [orders_in_system = 130]
2026-09-04 20:04:31 DEBUG: Order 130 arrived: items_required = [6289, 6832].     [orders_in_system = 131]
2026-09-04 20:04:31 DEBUG: Order 131 arrived: items_required = [5125].     [orders_in_system = 132]
2026-09-04 20:04:31 DEBUG: Order 132 arrived: items_required = [4100, 7991, 6237].     [orders_in_system = 133]
2026-09-04 20:04:31 DEBUG: Order 133 arrived: items_required = [4535, 5330].     [orders_in_system = 134]
2026-09-04 20:04:31 DEBUG: Order 134 arrived: items_required = [4472, 4267].     [orders_in_system = 135]
2026-09-04 20:04:31 DEBUG: Order 135 arrived: items_required = [5682, 3920, 6223].     [orders_in_system = 136]
2026-09-04 20:04:31 DEBUG: Order 136 arrived: items_required = [5598].     [orders_in_system = 137]
2026-09-04 20:04:31 DEBUG: Order 137 arrived: items_required = [5649].     [orders_in_system = 138]
2026-09-04 20:04:31 DEBUG: Order 138 arrived: items_required = [7845, 4701].     [orders_in_system = 139]
2026-09-04 20:04:31 DEBUG: Order 139 arrived: items_required = [4107].     [orders_in_system = 140]
2026-09-04 20:04:31 DEBUG: Order 140 arrived: items_required = [4142, 3691, 3221].     [orders_in_system = 141]
2026-09-04 20:04:31 DEBUG: Order 141 arrived: items_required = [4771].     [orders_in_system = 142]
2026-09-04 20:04:31 DEBUG: Order 142 arrived: items_required = [6102].     [orders_in_system = 143]
2026-09-04 20:04:31 DEBUG: Order 143 arrived: items_required = [3934, 5014].     [orders_in_system = 144]
2026-09-04 20:04:31 DEBUG: Order 144 arrived: items_required = [6971].     [orders_in_system = 145]
2026-09-04 20:04:31 DEBUG: Order 145 arrived: items_required = [5399, 5655].     [orders_in_system = 146]
2026-09-04 20:04:31 DEBUG: Order 146 arrived: items_required = [4554].     [orders_in_system = 147]
2026-09-04 20:04:31 DEBUG: Order 147 arrived: items_required = [7370, 6072].     [orders_in_system = 148]
2026-09-04 20:04:31 DEBUG: Order 148 arrived: items_required = [4531].     [orders_in_system = 149]
2026-09-04 20:04:31 DEBUG: Order 149 arrived: items_required = [5638].     [orders_in_system = 150]
2026-09-04 20:04:31 DEBUG:    EVENT NUM 2     current_time = 00:00:01   RUN_OPTIMIZER         [queue size = 1]
2026-09-04 20:04:31 INFO: Solving stage 1 ... 
2026-09-04 20:04:31 INFO: 
[lns_stage1] start | 150 orders, 900 pods, 9 workstations (150 free to move) | budget 30s
2026-09-04 20:04:32 INFO: [lns_stage1] initial objective 321.8409
2026-09-04 20:04:33 INFO: [lns_stage1] iter 1 | objective 312.0909 | improved by 9.7500 | hole 30 orders | 1s elapsed
2026-09-04 20:04:33 INFO: [lns_stage1] iter 2 | objective 303.2500 | improved by 8.8409 | hole 30 orders | 2s elapsed
2026-09-04 20:04:34 INFO: [lns_stage1] iter 3 | objective 298.2273 | improved by 5.0227 | hole 30 orders | 3s elapsed
2026-09-04 20:04:36 INFO: [lns_stage1] iter 4 | objective 290.7045 | improved by 7.5227 | hole 30 orders | 4s elapsed
2026-09-04 20:04:38 INFO: [lns_stage1] iter 5 | objective 288.7500 | improved by 1.9545 | hole 30 orders | 7s elapsed
2026-09-04 20:04:39 INFO: [lns_stage1] iter 6 | objective 286.1818 | improved by 2.5682 | hole 30 orders | 8s elapsed
2026-09-04 20:04:40 INFO: [lns_stage1] iter 7 | objective 282.8409 | improved by 3.3409 | hole 30 orders | 9s elapsed
2026-09-04 20:04:41 INFO: [lns_stage1] iter 8 | objective 277.6136 | improved by 5.2273 | hole 30 orders | 10s elapsed
2026-09-04 20:04:42 INFO: [lns_stage1] iter 9 | objective 274.6136 | improved by 3.0000 | hole 30 orders | 11s elapsed
2026-09-04 20:04:44 INFO: [lns_stage1] iter 11 | objective 274.5227 | improved by 0.0909 | hole 30 orders | 13s elapsed
2026-09-04 20:04:45 INFO: [lns_stage1] iter 12 | objective 271.3409 | improved by 3.1818 | hole 35 orders | 14s elapsed
2026-09-04 20:04:46 INFO: [lns_stage1] iter 13 | objective 266.2273 | improved by 5.1136 | hole 35 orders | 15s elapsed
2026-09-04 20:04:47 INFO: [lns_stage1] iter 15 | objective 265.8409 | improved by 0.3864 | hole 35 orders | 16s elapsed
2026-09-04 20:04:48 INFO: [lns_stage1] iter 16 | objective 265.5000 | improved by 0.3409 | hole 35 orders | 16s elapsed
2026-09-04 20:04:48 INFO: [lns_stage1] iter 17 | objective 265.3636 | improved by 0.1364 | hole 35 orders | 17s elapsed
2026-09-04 20:04:50 INFO: [lns_stage1] iter 18 | objective 262.7955 | improved by 2.5682 | hole 40 orders | 18s elapsed
2026-09-04 20:04:51 INFO: [lns_stage1] iter 19 | objective 259.8182 | improved by 2.9773 | hole 40 orders | 19s elapsed
2026-09-04 20:04:52 INFO: [lns_stage1] iter 20 | objective 258.7500 | improved by 1.0682 | hole 40 orders | 20s elapsed
2026-09-04 20:04:53 INFO: [lns_stage1] iter 22 | objective 258.5455 | improved by 0.2045 | hole 40 orders | 22s elapsed
2026-09-04 20:04:54 INFO: [lns_stage1] iter 23 | objective 258.4318 | improved by 0.1136 | hole 45 orders | 23s elapsed
2026-09-04 20:04:56 INFO: [lns_stage1] iter 24 | objective 256.1364 | improved by 2.2955 | hole 50 orders | 24s elapsed
2026-09-04 20:04:57 INFO: [lns_stage1] iter 25 | objective 255.5455 | improved by 0.5909 | hole 50 orders | 26s elapsed
2026-09-04 20:04:58 INFO: [lns_stage1] iter 26 | objective 253.9545 | improved by 1.5909 | hole 50 orders | 27s elapsed
2026-09-04 20:05:00 INFO: [lns_stage1] iter 27 | objective 250.6591 | improved by 3.2955 | hole 50 orders | 28s elapsed
2026-09-04 20:05:01 INFO: [lns_stage1] iter 28 | objective 246.9091 | improved by 3.7500 | hole 50 orders | 30s elapsed
2026-09-04 20:05:03 INFO: [lns_stage1] done | 31.7s, 29 iterations | final objective 246.9091 | feasible True
2026-09-04 20:05:03 INFO: Stage 1 solved.
2026-09-04 20:05:03 INFO: Solving stage 2 ... 
2026-09-04 20:05:04 INFO: 
[lns_stage2] start | 294 item order pairs, 161 pods, 9 workstations, 70 time steps | budget 400s
2026-09-04 20:06:00 INFO: [lns_stage2] initial objective 172.5154
2026-09-04 20:06:48 INFO: [lns_stage2] iter 1 | objective 179.0780 | improved by 6.5626 | hole 10 pods | 104s elapsed
2026-09-04 20:07:34 INFO: [lns_stage2] iter 2 | objective 180.3389 | improved by 1.2609 | hole 10 pods | 151s elapsed
2026-09-04 20:08:22 INFO: [lns_stage2] iter 3 | objective 182.2946 | improved by 1.9557 | hole 10 pods | 199s elapsed
2026-09-04 20:09:10 INFO: [lns_stage2] iter 4 | objective 185.7871 | improved by 3.4926 | hole 10 pods | 246s elapsed
2026-09-04 20:09:57 INFO: [lns_stage2] iter 5 | objective 188.4207 | improved by 2.6336 | hole 10 pods | 294s elapsed
2026-09-04 20:10:00 INFO: [lns_stage2] iter 6 | objective 190.8599 | improved by 2.4391 | hole 10 pods | 296s elapsed
2026-09-04 20:10:03 INFO: [lns_stage2] iter 7 | objective 196.7580 | improved by 5.8981 | hole 10 pods | 300s elapsed
2026-09-04 20:10:05 INFO: [lns_stage2] iter 8 | objective 198.3603 | improved by 1.6023 | hole 10 pods | 301s elapsed
2026-09-04 20:10:07 INFO: [lns_stage2] iter 9 | objective 199.7324 | improved by 1.3721 | hole 10 pods | 303s elapsed
2026-09-04 20:10:08 INFO: [lns_stage2] iter 10 | objective 201.3784 | improved by 1.6460 | hole 10 pods | 305s elapsed
2026-09-04 20:10:11 INFO: [lns_stage2] iter 11 | objective 203.5450 | improved by 2.1666 | hole 10 pods | 307s elapsed
2026-09-04 20:10:13 INFO: [lns_stage2] iter 12 | objective 204.8270 | improved by 1.2820 | hole 10 pods | 310s elapsed
2026-09-04 20:10:14 INFO: [lns_stage2] iter 13 | objective 205.3975 | improved by 0.5705 | hole 10 pods | 311s elapsed
2026-09-04 20:10:17 INFO: [lns_stage2] iter 14 | objective 206.4092 | improved by 1.0117 | hole 10 pods | 314s elapsed
2026-09-04 20:10:19 INFO: [lns_stage2] iter 15 | objective 207.5285 | improved by 1.1193 | hole 10 pods | 316s elapsed
2026-09-04 20:10:21 INFO: [lns_stage2] iter 16 | objective 209.6341 | improved by 2.1056 | hole 10 pods | 317s elapsed
2026-09-04 20:10:22 INFO: [lns_stage2] iter 17 | objective 209.8444 | improved by 0.2103 | hole 10 pods | 318s elapsed
2026-09-04 20:10:26 INFO: [lns_stage2] iter 20 | objective 210.2914 | improved by 0.4470 | hole 13 pods | 323s elapsed
2026-09-04 20:10:31 INFO: [lns_stage2] iter 21 | objective 211.5702 | improved by 1.2789 | hole 13 pods | 328s elapsed
2026-09-04 20:10:32 INFO: [lns_stage2] iter 22 | objective 211.8476 | improved by 0.2774 | hole 13 pods | 329s elapsed
2026-09-04 20:10:36 INFO: [lns_stage2] iter 23 | objective 212.3055 | improved by 0.4579 | hole 16 pods | 332s elapsed
2026-09-04 20:10:39 INFO: [lns_stage2] iter 24 | objective 219.6654 | improved by 7.3599 | hole 16 pods | 335s elapsed
2026-09-04 20:10:40 INFO: [lns_stage2] iter 25 | objective 220.5037 | improved by 0.8384 | hole 16 pods | 337s elapsed
2026-09-04 20:10:45 INFO: [lns_stage2] iter 27 | objective 220.6731 | improved by 0.1694 | hole 16 pods | 341s elapsed
2026-09-04 20:10:49 INFO: [lns_stage2] iter 28 | objective 222.1854 | improved by 1.5123 | hole 19 pods | 345s elapsed
2026-09-04 20:10:52 INFO: [lns_stage2] iter 29 | objective 227.4681 | improved by 5.2828 | hole 19 pods | 349s elapsed
2026-09-04 20:11:01 INFO: [lns_stage2] iter 31 | objective 230.9390 | improved by 3.4709 | hole 19 pods | 358s elapsed
2026-09-04 20:11:04 INFO: [lns_stage2] iter 32 | objective 231.3869 | improved by 0.4479 | hole 19 pods | 361s elapsed
2026-09-04 20:11:08 INFO: [lns_stage2] iter 34 | objective 232.2819 | improved by 0.8951 | hole 19 pods | 364s elapsed
2026-09-04 20:11:58 INFO: [lns_stage2] iter 35 | objective 234.2908 | improved by 2.0089 | hole 19 pods | 415s elapsed
2026-09-04 20:12:44 INFO: [lns_stage2] done | 460.9s, 35 iterations | final objective 234.2908 | feasible True
2026-09-04 20:12:44 INFO: Stage 2 solved.
