2026-09-04 19:48:02 INFO: Warehouse initialization | grid=25x24, physical=54x29, num_skus=5000, num_robots=30, num_ws=6
2026-09-04 19:48:02 INFO: Warehouse initialized | 600 pods  (average number of skus per pod = 30.00), 6 workstations, 30 robots
2026-09-04 19:48:02 INFO: [OptManager] Building time-space network ...
2026-09-04 19:48:04 INFO: [OptManager] Network ready: 42420 nodes, 468064 travelling arcs, 41814 idle arcs.
2026-09-04 19:48:04 INFO: 
=============================================
2026-09-04 19:48:04 INFO:   START SIMULATION  {TIME HORIZON = 01:00:00}
2026-09-04 19:48:04 DEBUG:    EVENT NUM 1     current_time = 00:00:00   ARRIVAL_ORDER         [queue size = 1]
2026-09-04 19:48:04 DEBUG: Order 0 arrived: items_required = [1525].     [orders_in_system = 1]
2026-09-04 19:48:04 DEBUG: Order 1 arrived: items_required = [2131, 2922].     [orders_in_system = 2]
2026-09-04 19:48:04 DEBUG: Order 2 arrived: items_required = [3669, 3265].     [orders_in_system = 3]
2026-09-04 19:48:04 DEBUG: Order 3 arrived: items_required = [1951].     [orders_in_system = 4]
2026-09-04 19:48:04 DEBUG: Order 4 arrived: items_required = [1620].     [orders_in_system = 5]
2026-09-04 19:48:04 DEBUG: Order 5 arrived: items_required = [2683, 2946].     [orders_in_system = 6]
2026-09-04 19:48:04 DEBUG: Order 6 arrived: items_required = [2181, 2302].     [orders_in_system = 7]
2026-09-04 19:48:04 DEBUG: Order 7 arrived: items_required = [1738].     [orders_in_system = 8]
2026-09-04 19:48:04 DEBUG: Order 8 arrived: items_required = [2645, 2608, 2680].     [orders_in_system = 9]
2026-09-04 19:48:04 DEBUG: Order 9 arrived: items_required = [2458, 3375, 2992].     [orders_in_system = 10]
2026-09-04 19:48:04 DEBUG: Order 10 arrived: items_required = [2899].     [orders_in_system = 11]
2026-09-04 19:48:04 DEBUG: Order 11 arrived: items_required = [757, 2829].     [orders_in_system = 12]
2026-09-04 19:48:04 DEBUG: Order 12 arrived: items_required = [3060, 2711, 949].     [orders_in_system = 13]
2026-09-04 19:48:04 DEBUG: Order 13 arrived: items_required = [2057].     [orders_in_system = 14]
2026-09-04 19:48:04 DEBUG: Order 14 arrived: items_required = [3055, 2376, 2648, 3131].     [orders_in_system = 15]
2026-09-04 19:48:04 DEBUG: Order 15 arrived: items_required = [1812].     [orders_in_system = 16]
2026-09-04 19:48:04 DEBUG: Order 16 arrived: items_required = [3020].     [orders_in_system = 17]
2026-09-04 19:48:04 DEBUG: Order 17 arrived: items_required = [830, 2054, 2506, 1147].     [orders_in_system = 18]
2026-09-04 19:48:04 DEBUG: Order 18 arrived: items_required = [3834, 4249].     [orders_in_system = 19]
2026-09-04 19:48:04 DEBUG: Order 19 arrived: items_required = [1607].     [orders_in_system = 20]
2026-09-04 19:48:04 DEBUG: Order 20 arrived: items_required = [4254].     [orders_in_system = 21]
2026-09-04 19:48:04 DEBUG: Order 21 arrived: items_required = [2497, 2772].     [orders_in_system = 22]
2026-09-04 19:48:04 DEBUG: Order 22 arrived: items_required = [2342].     [orders_in_system = 23]
2026-09-04 19:48:04 DEBUG: Order 23 arrived: items_required = [3138].     [orders_in_system = 24]
2026-09-04 19:48:04 DEBUG: Order 24 arrived: items_required = [1854].     [orders_in_system = 25]
2026-09-04 19:48:04 DEBUG: Order 25 arrived: items_required = [2507].     [orders_in_system = 26]
2026-09-04 19:48:04 DEBUG: Order 26 arrived: items_required = [3575].     [orders_in_system = 27]
2026-09-04 19:48:04 DEBUG: Order 27 arrived: items_required = [3141, 1602].     [orders_in_system = 28]
2026-09-04 19:48:04 DEBUG: Order 28 arrived: items_required = [2807].     [orders_in_system = 29]
2026-09-04 19:48:04 DEBUG: Order 29 arrived: items_required = [1983, 1863, 1569].     [orders_in_system = 30]
2026-09-04 19:48:04 DEBUG: Order 30 arrived: items_required = [1588].     [orders_in_system = 31]
2026-09-04 19:48:04 DEBUG: Order 31 arrived: items_required = [1626, 2496, 1855].     [orders_in_system = 32]
2026-09-04 19:48:04 DEBUG: Order 32 arrived: items_required = [2625].     [orders_in_system = 33]
2026-09-04 19:48:04 DEBUG: Order 33 arrived: items_required = [3230, 3308].     [orders_in_system = 34]
2026-09-04 19:48:04 DEBUG: Order 34 arrived: items_required = [1443, 3956].     [orders_in_system = 35]
2026-09-04 19:48:04 DEBUG: Order 35 arrived: items_required = [3835, 3785].     [orders_in_system = 36]
2026-09-04 19:48:04 DEBUG: Order 36 arrived: items_required = [1816, 3047].     [orders_in_system = 37]
2026-09-04 19:48:04 DEBUG: Order 37 arrived: items_required = [2852].     [orders_in_system = 38]
2026-09-04 19:48:04 DEBUG: Order 38 arrived: items_required = [3447].     [orders_in_system = 39]
2026-09-04 19:48:04 DEBUG: Order 39 arrived: items_required = [3668].     [orders_in_system = 40]
2026-09-04 19:48:04 DEBUG: Order 40 arrived: items_required = [2600].     [orders_in_system = 41]
2026-09-04 19:48:04 DEBUG: Order 41 arrived: items_required = [2529, 3488].     [orders_in_system = 42]
2026-09-04 19:48:04 DEBUG: Order 42 arrived: items_required = [2093, 3275, 2760].     [orders_in_system = 43]
2026-09-04 19:48:04 DEBUG: Order 43 arrived: items_required = [2950].     [orders_in_system = 44]
2026-09-04 19:48:04 DEBUG: Order 44 arrived: items_required = [2124].     [orders_in_system = 45]
2026-09-04 19:48:04 DEBUG: Order 45 arrived: items_required = [3505].     [orders_in_system = 46]
2026-09-04 19:48:04 DEBUG: Order 46 arrived: items_required = [3169, 1425, 2816].     [orders_in_system = 47]
2026-09-04 19:48:04 DEBUG: Order 47 arrived: items_required = [3676].     [orders_in_system = 48]
2026-09-04 19:48:04 DEBUG: Order 48 arrived: items_required = [2058].     [orders_in_system = 49]
2026-09-04 19:48:04 DEBUG: Order 49 arrived: items_required = [2410].     [orders_in_system = 50]
2026-09-04 19:48:04 DEBUG: Order 50 arrived: items_required = [2888, 1396].     [orders_in_system = 51]
2026-09-04 19:48:04 DEBUG: Order 51 arrived: items_required = [3412].     [orders_in_system = 52]
2026-09-04 19:48:04 DEBUG: Order 52 arrived: items_required = [2277, 2699].     [orders_in_system = 53]
2026-09-04 19:48:04 DEBUG: Order 53 arrived: items_required = [2403, 3844].     [orders_in_system = 54]
2026-09-04 19:48:04 DEBUG: Order 54 arrived: items_required = [3673].     [orders_in_system = 55]
2026-09-04 19:48:04 DEBUG: Order 55 arrived: items_required = [2807, 3079].     [orders_in_system = 56]
2026-09-04 19:48:04 DEBUG: Order 56 arrived: items_required = [1942, 2082].     [orders_in_system = 57]
2026-09-04 19:48:04 DEBUG: Order 57 arrived: items_required = [2116, 3132].     [orders_in_system = 58]
2026-09-04 19:48:04 DEBUG: Order 58 arrived: items_required = [2185, 2041].     [orders_in_system = 59]
2026-09-04 19:48:04 DEBUG: Order 59 arrived: items_required = [2094, 2597].     [orders_in_system = 60]
2026-09-04 19:48:04 DEBUG: Order 60 arrived: items_required = [1160, 4134].     [orders_in_system = 61]
2026-09-04 19:48:04 DEBUG: Order 61 arrived: items_required = [3633].     [orders_in_system = 62]
2026-09-04 19:48:04 DEBUG: Order 62 arrived: items_required = [1379, 3798].     [orders_in_system = 63]
2026-09-04 19:48:04 DEBUG: Order 63 arrived: items_required = [1760, 1519, 2017].     [orders_in_system = 64]
2026-09-04 19:48:04 DEBUG: Order 64 arrived: items_required = [1737].     [orders_in_system = 65]
2026-09-04 19:48:04 DEBUG: Order 65 arrived: items_required = [1512, 2197].     [orders_in_system = 66]
2026-09-04 19:48:04 DEBUG: Order 66 arrived: items_required = [2205].     [orders_in_system = 67]
2026-09-04 19:48:04 DEBUG: Order 67 arrived: items_required = [1579].     [orders_in_system = 68]
2026-09-04 19:48:04 DEBUG: Order 68 arrived: items_required = [2860].     [orders_in_system = 69]
2026-09-04 19:48:04 DEBUG: Order 69 arrived: items_required = [2093, 1951].     [orders_in_system = 70]
2026-09-04 19:48:04 DEBUG: Order 70 arrived: items_required = [2563].     [orders_in_system = 71]
2026-09-04 19:48:04 DEBUG: Order 71 arrived: items_required = [2679].     [orders_in_system = 72]
2026-09-04 19:48:04 DEBUG: Order 72 arrived: items_required = [4016, 2291].     [orders_in_system = 73]
2026-09-04 19:48:04 DEBUG: Order 73 arrived: items_required = [4206].     [orders_in_system = 74]
2026-09-04 19:48:04 DEBUG: Order 74 arrived: items_required = [3974].     [orders_in_system = 75]
2026-09-04 19:48:04 DEBUG: Order 75 arrived: items_required = [1748].     [orders_in_system = 76]
2026-09-04 19:48:04 DEBUG: Order 76 arrived: items_required = [3335, 2503, 1833].     [orders_in_system = 77]
2026-09-04 19:48:04 DEBUG: Order 77 arrived: items_required = [3245, 2094].     [orders_in_system = 78]
2026-09-04 19:48:04 DEBUG: Order 78 arrived: items_required = [2971, 1649, 2925].     [orders_in_system = 79]
2026-09-04 19:48:04 DEBUG: Order 79 arrived: items_required = [3137].     [orders_in_system = 80]
2026-09-04 19:48:04 DEBUG: Order 80 arrived: items_required = [2252].     [orders_in_system = 81]
2026-09-04 19:48:04 DEBUG: Order 81 arrived: items_required = [1865].     [orders_in_system = 82]
2026-09-04 19:48:04 DEBUG: Order 82 arrived: items_required = [2710].     [orders_in_system = 83]
2026-09-04 19:48:04 DEBUG: Order 83 arrived: items_required = [4031, 2023].     [orders_in_system = 84]
2026-09-04 19:48:04 DEBUG: Order 84 arrived: items_required = [1870].     [orders_in_system = 85]
2026-09-04 19:48:04 DEBUG: Order 85 arrived: items_required = [2263, 3170, 2496].     [orders_in_system = 86]
2026-09-04 19:48:04 DEBUG: Order 86 arrived: items_required = [1790, 2616].     [orders_in_system = 87]
2026-09-04 19:48:04 DEBUG: Order 87 arrived: items_required = [2071, 2513].     [orders_in_system = 88]
2026-09-04 19:48:04 DEBUG: Order 88 arrived: items_required = [2202].     [orders_in_system = 89]
2026-09-04 19:48:04 DEBUG: Order 89 arrived: items_required = [3400, 1842, 2187].     [orders_in_system = 90]
2026-09-04 19:48:04 DEBUG: Order 90 arrived: items_required = [3387].     [orders_in_system = 91]
2026-09-04 19:48:04 DEBUG: Order 91 arrived: items_required = [2445].     [orders_in_system = 92]
2026-09-04 19:48:04 DEBUG: Order 92 arrived: items_required = [2240, 2896, 2939].     [orders_in_system = 93]
2026-09-04 19:48:04 DEBUG: Order 93 arrived: items_required = [3165].     [orders_in_system = 94]
2026-09-04 19:48:04 DEBUG: Order 94 arrived: items_required = [3404].     [orders_in_system = 95]
2026-09-04 19:48:04 DEBUG: Order 95 arrived: items_required = [2358, 742, 1232].     [orders_in_system = 96]
2026-09-04 19:48:04 DEBUG: Order 96 arrived: items_required = [2399, 3442, 3499].     [orders_in_system = 97]
2026-09-04 19:48:04 DEBUG: Order 97 arrived: items_required = [3275, 1345].     [orders_in_system = 98]
2026-09-04 19:48:04 DEBUG: Order 98 arrived: items_required = [2942, 894].     [orders_in_system = 99]
2026-09-04 19:48:04 DEBUG: Order 99 arrived: items_required = [2839, 2921, 4147].     [orders_in_system = 100]
2026-09-04 19:48:04 DEBUG: Order 100 arrived: items_required = [1612, 1784].     [orders_in_system = 101]
2026-09-04 19:48:04 DEBUG: Order 101 arrived: items_required = [2230].     [orders_in_system = 102]
2026-09-04 19:48:04 DEBUG: Order 102 arrived: items_required = [1086].     [orders_in_system = 103]
2026-09-04 19:48:04 DEBUG: Order 103 arrived: items_required = [1520, 3202].     [orders_in_system = 104]
2026-09-04 19:48:04 DEBUG: Order 104 arrived: items_required = [4025].     [orders_in_system = 105]
2026-09-04 19:48:04 DEBUG: Order 105 arrived: items_required = [2894].     [orders_in_system = 106]
2026-09-04 19:48:04 DEBUG: Order 106 arrived: items_required = [3027, 2965, 1790].     [orders_in_system = 107]
2026-09-04 19:48:04 DEBUG: Order 107 arrived: items_required = [3761, 2157, 2377].     [orders_in_system = 108]
2026-09-04 19:48:04 DEBUG: Order 108 arrived: items_required = [1882].     [orders_in_system = 109]
2026-09-04 19:48:04 DEBUG: Order 109 arrived: items_required = [2219, 2668, 3013].     [orders_in_system = 110]
2026-09-04 19:48:04 DEBUG: Order 110 arrived: items_required = [4405, 2483, 2306].     [orders_in_system = 111]
2026-09-04 19:48:04 DEBUG: Order 111 arrived: items_required = [1838].     [orders_in_system = 112]
2026-09-04 19:48:04 DEBUG: Order 112 arrived: items_required = [2149].     [orders_in_system = 113]
2026-09-04 19:48:04 DEBUG: Order 113 arrived: items_required = [2154, 2033, 1979, 2398].     [orders_in_system = 114]
2026-09-04 19:48:04 DEBUG: Order 114 arrived: items_required = [2450, 1176, 1764, 2859].     [orders_in_system = 115]
2026-09-04 19:48:04 DEBUG: Order 115 arrived: items_required = [2556, 2267].     [orders_in_system = 116]
2026-09-04 19:48:04 DEBUG: Order 116 arrived: items_required = [1276].     [orders_in_system = 117]
2026-09-04 19:48:04 DEBUG: Order 117 arrived: items_required = [1689].     [orders_in_system = 118]
2026-09-04 19:48:04 DEBUG: Order 118 arrived: items_required = [2778, 602].     [orders_in_system = 119]
2026-09-04 19:48:04 DEBUG: Order 119 arrived: items_required = [1556].     [orders_in_system = 120]
2026-09-04 19:48:04 DEBUG: Order 120 arrived: items_required = [3235].     [orders_in_system = 121]
2026-09-04 19:48:04 DEBUG: Order 121 arrived: items_required = [3078, 2594].     [orders_in_system = 122]
2026-09-04 19:48:04 DEBUG: Order 122 arrived: items_required = [3242].     [orders_in_system = 123]
2026-09-04 19:48:04 DEBUG: Order 123 arrived: items_required = [2664, 2527].     [orders_in_system = 124]
2026-09-04 19:48:04 DEBUG: Order 124 arrived: items_required = [2172].     [orders_in_system = 125]
2026-09-04 19:48:04 DEBUG: Order 125 arrived: items_required = [2474].     [orders_in_system = 126]
2026-09-04 19:48:04 DEBUG: Order 126 arrived: items_required = [1401].     [orders_in_system = 127]
2026-09-04 19:48:04 DEBUG: Order 127 arrived: items_required = [2602, 2080].     [orders_in_system = 128]
2026-09-04 19:48:04 DEBUG: Order 128 arrived: items_required = [3423, 3043].     [orders_in_system = 129]
2026-09-04 19:48:04 DEBUG: Order 129 arrived: items_required = [4366].     [orders_in_system = 130]
2026-09-04 19:48:04 DEBUG: Order 130 arrived: items_required = [2483, 2121].     [orders_in_system = 131]
2026-09-04 19:48:04 DEBUG: Order 131 arrived: items_required = [3166, 2211].     [orders_in_system = 132]
2026-09-04 19:48:04 DEBUG: Order 132 arrived: items_required = [3412, 2495, 3004].     [orders_in_system = 133]
2026-09-04 19:48:04 DEBUG: Order 133 arrived: items_required = [3613].     [orders_in_system = 134]
2026-09-04 19:48:04 DEBUG: Order 134 arrived: items_required = [3470].     [orders_in_system = 135]
2026-09-04 19:48:04 DEBUG: Order 135 arrived: items_required = [2606].     [orders_in_system = 136]
2026-09-04 19:48:04 DEBUG: Order 136 arrived: items_required = [772].     [orders_in_system = 137]
2026-09-04 19:48:04 DEBUG: Order 137 arrived: items_required = [2034, 1928, 605].     [orders_in_system = 138]
2026-09-04 19:48:04 DEBUG: Order 138 arrived: items_required = [3354].     [orders_in_system = 139]
2026-09-04 19:48:04 DEBUG: Order 139 arrived: items_required = [1086].     [orders_in_system = 140]
2026-09-04 19:48:04 DEBUG: Order 140 arrived: items_required = [3366].     [orders_in_system = 141]
2026-09-04 19:48:04 DEBUG: Order 141 arrived: items_required = [2320, 2047].     [orders_in_system = 142]
2026-09-04 19:48:04 DEBUG: Order 142 arrived: items_required = [1198, 2834].     [orders_in_system = 143]
2026-09-04 19:48:04 DEBUG: Order 143 arrived: items_required = [4016].     [orders_in_system = 144]
2026-09-04 19:48:04 DEBUG: Order 144 arrived: items_required = [4243].     [orders_in_system = 145]
2026-09-04 19:48:04 DEBUG: Order 145 arrived: items_required = [4673].     [orders_in_system = 146]
2026-09-04 19:48:04 DEBUG: Order 146 arrived: items_required = [2896, 2738].     [orders_in_system = 147]
2026-09-04 19:48:04 DEBUG: Order 147 arrived: items_required = [3156, 2749].     [orders_in_system = 148]
2026-09-04 19:48:04 DEBUG: Order 148 arrived: items_required = [1385, 2655, 2846, 1671].     [orders_in_system = 149]
2026-09-04 19:48:04 DEBUG: Order 149 arrived: items_required = [3667, 2529, 3939].     [orders_in_system = 150]
2026-09-04 19:48:04 DEBUG:    EVENT NUM 2     current_time = 00:00:01   RUN_OPTIMIZER         [queue size = 1]
2026-09-04 19:48:04 INFO: Solving stage 1 ... 
2026-09-04 19:48:04 INFO: 
[lns_stage1] start | 150 orders, 600 pods, 6 workstations (150 free to move) | budget 30s
2026-09-04 19:48:04 INFO: [lns_stage1] initial objective 217.9245
2026-09-04 19:48:05 INFO: [lns_stage1] iter 1 | objective 214.1604 | improved by 3.7642 | hole 30 orders | 1s elapsed
2026-09-04 19:48:06 INFO: [lns_stage1] iter 2 | objective 208.0849 | improved by 6.0755 | hole 30 orders | 2s elapsed
2026-09-04 19:48:06 INFO: [lns_stage1] iter 3 | objective 202.3585 | improved by 5.7264 | hole 30 orders | 2s elapsed
2026-09-04 19:48:07 INFO: [lns_stage1] iter 4 | objective 199.8585 | improved by 2.5000 | hole 30 orders | 3s elapsed
2026-09-04 19:48:08 INFO: [lns_stage1] iter 5 | objective 194.1887 | improved by 5.6698 | hole 30 orders | 4s elapsed
2026-09-04 19:48:08 INFO: [lns_stage1] iter 6 | objective 184.8585 | improved by 9.3302 | hole 30 orders | 4s elapsed
2026-09-04 19:48:09 INFO: [lns_stage1] iter 7 | objective 183.6038 | improved by 1.2547 | hole 30 orders | 5s elapsed
2026-09-04 19:48:09 INFO: [lns_stage1] iter 8 | objective 183.4906 | improved by 0.1132 | hole 30 orders | 5s elapsed
2026-09-04 19:48:10 INFO: [lns_stage1] iter 9 | objective 182.5755 | improved by 0.9151 | hole 35 orders | 6s elapsed
2026-09-04 19:48:11 INFO: [lns_stage1] iter 10 | objective 181.2642 | improved by 1.3113 | hole 35 orders | 7s elapsed
2026-09-04 19:48:11 INFO: [lns_stage1] iter 11 | objective 178.3585 | improved by 2.9057 | hole 35 orders | 8s elapsed
2026-09-04 19:48:12 INFO: [lns_stage1] iter 12 | objective 178.1887 | improved by 0.1698 | hole 35 orders | 8s elapsed
2026-09-04 19:48:15 INFO: [lns_stage1] iter 16 | objective 177.2453 | improved by 0.9434 | hole 50 orders | 11s elapsed
2026-09-04 19:48:16 INFO: [lns_stage1] iter 17 | objective 175.8113 | improved by 1.4340 | hole 50 orders | 13s elapsed
2026-09-04 19:48:17 INFO: [lns_stage1] iter 18 | objective 174.2453 | improved by 1.5660 | hole 50 orders | 13s elapsed
2026-09-04 19:48:20 INFO: [lns_stage1] iter 21 | objective 174.1604 | improved by 0.0849 | hole 50 orders | 16s elapsed
2026-09-04 19:48:21 INFO: [lns_stage1] iter 22 | objective 173.8774 | improved by 0.2830 | hole 55 orders | 17s elapsed
2026-09-04 19:48:22 INFO: [lns_stage1] iter 23 | objective 173.7075 | improved by 0.1698 | hole 60 orders | 18s elapsed
2026-09-04 19:48:24 INFO: [lns_stage1] iter 24 | objective 169.6887 | improved by 4.0189 | hole 65 orders | 20s elapsed
2026-09-04 19:48:25 INFO: [lns_stage1] iter 25 | objective 167.2358 | improved by 2.4528 | hole 65 orders | 21s elapsed
2026-09-04 19:48:26 INFO: [lns_stage1] iter 26 | objective 164.5283 | improved by 2.7075 | hole 65 orders | 22s elapsed
2026-09-04 19:48:29 INFO: [lns_stage1] iter 29 | objective 164.5000 | improved by 0.0283 | hole 65 orders | 26s elapsed
2026-09-04 19:48:30 INFO: [lns_stage1] iter 30 | objective 164.0755 | improved by 0.4245 | hole 70 orders | 26s elapsed
2026-09-04 19:48:33 INFO: [lns_stage1] iter 32 | objective 163.4151 | improved by 0.6604 | hole 70 orders | 29s elapsed
2026-09-04 19:48:35 INFO: [lns_stage1] iter 33 | objective 161.1321 | improved by 2.2830 | hole 70 orders | 31s elapsed
2026-09-04 19:48:35 INFO: [lns_stage1] done | 30.6s, 33 iterations | final objective 161.1321 | feasible True
2026-09-04 19:48:35 INFO: Stage 1 solved.
2026-09-04 19:48:35 INFO: Solving stage 2 ... 
2026-09-04 19:48:35 INFO: 
[lns_stage2] start | 257 item order pairs, 99 pods, 6 workstations, 70 time steps | budget 400s
2026-09-04 19:48:57 INFO: [lns_stage2] initial objective 163.5397
2026-09-04 19:49:17 INFO: [lns_stage2] iter 1 | objective 169.8247 | improved by 6.2850 | hole 10 pods | 42s elapsed
2026-09-04 19:49:37 INFO: [lns_stage2] iter 2 | objective 172.3025 | improved by 2.4778 | hole 10 pods | 62s elapsed
2026-09-04 19:49:56 INFO: [lns_stage2] iter 3 | objective 173.3511 | improved by 1.0486 | hole 10 pods | 82s elapsed
2026-09-04 19:50:18 INFO: [lns_stage2] iter 4 | objective 176.5465 | improved by 3.1954 | hole 10 pods | 103s elapsed
2026-09-04 19:50:39 INFO: [lns_stage2] iter 5 | objective 179.5726 | improved by 3.0261 | hole 10 pods | 124s elapsed
2026-09-04 19:50:43 INFO: [lns_stage2] iter 6 | objective 184.2006 | improved by 4.6281 | hole 10 pods | 128s elapsed
2026-09-04 19:50:46 INFO: [lns_stage2] iter 7 | objective 185.9260 | improved by 1.7254 | hole 10 pods | 131s elapsed
2026-09-04 19:50:47 INFO: [lns_stage2] iter 8 | objective 194.2775 | improved by 8.3515 | hole 10 pods | 132s elapsed
2026-09-04 19:50:50 INFO: [lns_stage2] iter 9 | objective 196.8601 | improved by 2.5826 | hole 10 pods | 135s elapsed
2026-09-04 19:50:52 INFO: [lns_stage2] iter 10 | objective 199.6516 | improved by 2.7915 | hole 10 pods | 137s elapsed
2026-09-04 19:50:55 INFO: [lns_stage2] iter 11 | objective 201.5602 | improved by 1.9086 | hole 10 pods | 140s elapsed
2026-09-04 19:50:57 INFO: [lns_stage2] iter 12 | objective 201.9126 | improved by 0.3524 | hole 10 pods | 142s elapsed
2026-09-04 19:51:00 INFO: [lns_stage2] iter 13 | objective 202.3378 | improved by 0.4251 | hole 10 pods | 145s elapsed
2026-09-04 19:51:03 INFO: [lns_stage2] iter 14 | objective 204.8656 | improved by 2.5279 | hole 10 pods | 148s elapsed
2026-09-04 19:51:05 INFO: [lns_stage2] iter 15 | objective 205.9471 | improved by 1.0815 | hole 10 pods | 150s elapsed
2026-09-04 19:51:06 INFO: [lns_stage2] iter 16 | objective 206.5048 | improved by 0.5576 | hole 10 pods | 151s elapsed
2026-09-04 19:51:08 INFO: [lns_stage2] iter 17 | objective 207.1864 | improved by 0.6816 | hole 10 pods | 153s elapsed
2026-09-04 19:51:11 INFO: [lns_stage2] iter 18 | objective 209.2116 | improved by 2.0253 | hole 10 pods | 156s elapsed
2026-09-04 19:51:12 INFO: [lns_stage2] iter 19 | objective 209.9049 | improved by 0.6933 | hole 10 pods | 158s elapsed
2026-09-04 19:51:15 INFO: [lns_stage2] iter 20 | objective 210.0629 | improved by 0.1579 | hole 10 pods | 160s elapsed
2026-09-04 19:51:18 INFO: [lns_stage2] iter 21 | objective 211.3036 | improved by 1.2407 | hole 13 pods | 163s elapsed
2026-09-04 19:51:21 INFO: [lns_stage2] iter 22 | objective 212.2841 | improved by 0.9805 | hole 13 pods | 166s elapsed
2026-09-04 19:51:23 INFO: [lns_stage2] iter 23 | objective 212.8615 | improved by 0.5774 | hole 13 pods | 168s elapsed
2026-09-04 19:51:26 INFO: [lns_stage2] iter 25 | objective 213.4797 | improved by 0.6182 | hole 13 pods | 171s elapsed
2026-09-04 19:51:27 INFO: [lns_stage2] iter 26 | objective 213.8704 | improved by 0.3907 | hole 13 pods | 172s elapsed
2026-09-04 19:51:29 INFO: [lns_stage2] iter 27 | objective 215.1761 | improved by 1.3057 | hole 13 pods | 174s elapsed
2026-09-04 19:51:33 INFO: [lns_stage2] iter 29 | objective 217.2938 | improved by 2.1176 | hole 13 pods | 179s elapsed
2026-09-04 19:51:37 INFO: [lns_stage2] iter 30 | objective 217.6446 | improved by 0.3508 | hole 13 pods | 182s elapsed
2026-09-04 19:51:39 INFO: [lns_stage2] iter 32 | objective 218.1669 | improved by 0.5224 | hole 13 pods | 184s elapsed
