2026-09-04 21:21:36 INFO: Warehouse initialization | grid=25x24, physical=54x29, num_skus=5000, num_robots=30, num_ws=6
2026-09-04 21:21:36 INFO: Warehouse initialized | 600 pods  (average number of skus per pod = 30.00), 6 workstations, 30 robots
2026-09-04 21:21:36 INFO: [OptManager] Building time-space network ...
2026-09-04 21:21:37 INFO: [OptManager] Network ready: 42420 nodes, 468064 travelling arcs, 41814 idle arcs.
2026-09-04 21:21:37 INFO: 
=============================================
2026-09-04 21:21:37 INFO:   START SIMULATION  {TIME HORIZON = 01:00:00}
2026-09-04 21:21:37 DEBUG:    EVENT NUM 1     current_time = 00:00:00   ARRIVAL_ORDER         [queue size = 1]
2026-09-04 21:21:37 DEBUG: Order 0 arrived: items_required = [705, 2652, 2887, 2775].     [orders_in_system = 1]
2026-09-04 21:21:37 DEBUG: Order 1 arrived: items_required = [2055].     [orders_in_system = 2]
2026-09-04 21:21:37 DEBUG: Order 2 arrived: items_required = [1259].     [orders_in_system = 3]
2026-09-04 21:21:37 DEBUG: Order 3 arrived: items_required = [2617, 1823, 2466].     [orders_in_system = 4]
2026-09-04 21:21:37 DEBUG: Order 4 arrived: items_required = [4657].     [orders_in_system = 5]
2026-09-04 21:21:37 DEBUG: Order 5 arrived: items_required = [3162, 2954, 2728].     [orders_in_system = 6]
2026-09-04 21:21:37 DEBUG: Order 6 arrived: items_required = [4314].     [orders_in_system = 7]
2026-09-04 21:21:37 DEBUG: Order 7 arrived: items_required = [1901].     [orders_in_system = 8]
2026-09-04 21:21:37 DEBUG: Order 8 arrived: items_required = [4211, 1904].     [orders_in_system = 9]
2026-09-04 21:21:37 DEBUG: Order 9 arrived: items_required = [3436, 2013, 1477].     [orders_in_system = 10]
2026-09-04 21:21:37 DEBUG: Order 10 arrived: items_required = [1838].     [orders_in_system = 11]
2026-09-04 21:21:37 DEBUG: Order 11 arrived: items_required = [2162].     [orders_in_system = 12]
2026-09-04 21:21:37 DEBUG: Order 12 arrived: items_required = [1560, 4084].     [orders_in_system = 13]
2026-09-04 21:21:37 DEBUG: Order 13 arrived: items_required = [1944, 2909].     [orders_in_system = 14]
2026-09-04 21:21:37 DEBUG: Order 14 arrived: items_required = [3078].     [orders_in_system = 15]
2026-09-04 21:21:37 DEBUG: Order 15 arrived: items_required = [2489, 2431].     [orders_in_system = 16]
2026-09-04 21:21:37 DEBUG: Order 16 arrived: items_required = [1279, 2915, 1815].     [orders_in_system = 17]
2026-09-04 21:21:37 DEBUG: Order 17 arrived: items_required = [2298].     [orders_in_system = 18]
2026-09-04 21:21:37 DEBUG: Order 18 arrived: items_required = [2236, 4124].     [orders_in_system = 19]
2026-09-04 21:21:37 DEBUG: Order 19 arrived: items_required = [3495].     [orders_in_system = 20]
2026-09-04 21:21:37 DEBUG: Order 20 arrived: items_required = [4777, 3287, 1984].     [orders_in_system = 21]
2026-09-04 21:21:37 DEBUG: Order 21 arrived: items_required = [3534, 1949, 3024].     [orders_in_system = 22]
2026-09-04 21:21:37 DEBUG: Order 22 arrived: items_required = [2376].     [orders_in_system = 23]
2026-09-04 21:21:37 DEBUG: Order 23 arrived: items_required = [3425].     [orders_in_system = 24]
2026-09-04 21:21:37 DEBUG: Order 24 arrived: items_required = [3268, 2223].     [orders_in_system = 25]
2026-09-04 21:21:37 DEBUG: Order 25 arrived: items_required = [2743].     [orders_in_system = 26]
2026-09-04 21:21:37 DEBUG: Order 26 arrived: items_required = [3225].     [orders_in_system = 27]
2026-09-04 21:21:37 DEBUG: Order 27 arrived: items_required = [2307, 1096, 2447, 4257, 2861].     [orders_in_system = 28]
2026-09-04 21:21:37 DEBUG: Order 28 arrived: items_required = [1462, 2647].     [orders_in_system = 29]
2026-09-04 21:21:37 DEBUG: Order 29 arrived: items_required = [2775].     [orders_in_system = 30]
2026-09-04 21:21:37 DEBUG: Order 30 arrived: items_required = [2228].     [orders_in_system = 31]
2026-09-04 21:21:37 DEBUG: Order 31 arrived: items_required = [2921, 2539].     [orders_in_system = 32]
2026-09-04 21:21:37 DEBUG: Order 32 arrived: items_required = [2472].     [orders_in_system = 33]
2026-09-04 21:21:37 DEBUG: Order 33 arrived: items_required = [1242].     [orders_in_system = 34]
2026-09-04 21:21:37 DEBUG: Order 34 arrived: items_required = [3074].     [orders_in_system = 35]
2026-09-04 21:21:37 DEBUG: Order 35 arrived: items_required = [3143].     [orders_in_system = 36]
2026-09-04 21:21:37 DEBUG: Order 36 arrived: items_required = [3552].     [orders_in_system = 37]
2026-09-04 21:21:37 DEBUG: Order 37 arrived: items_required = [2833].     [orders_in_system = 38]
2026-09-04 21:21:37 DEBUG: Order 38 arrived: items_required = [1125].     [orders_in_system = 39]
2026-09-04 21:21:37 DEBUG: Order 39 arrived: items_required = [3472].     [orders_in_system = 40]
2026-09-04 21:21:37 DEBUG: Order 40 arrived: items_required = [3008].     [orders_in_system = 41]
2026-09-04 21:21:37 DEBUG: Order 41 arrived: items_required = [2255].     [orders_in_system = 42]
2026-09-04 21:21:37 DEBUG: Order 42 arrived: items_required = [2592].     [orders_in_system = 43]
2026-09-04 21:21:37 DEBUG: Order 43 arrived: items_required = [1714].     [orders_in_system = 44]
2026-09-04 21:21:37 DEBUG: Order 44 arrived: items_required = [3329, 2714].     [orders_in_system = 45]
2026-09-04 21:21:37 DEBUG: Order 45 arrived: items_required = [3333, 2301].     [orders_in_system = 46]
2026-09-04 21:21:37 DEBUG: Order 46 arrived: items_required = [3606].     [orders_in_system = 47]
2026-09-04 21:21:37 DEBUG: Order 47 arrived: items_required = [3468, 1361].     [orders_in_system = 48]
2026-09-04 21:21:37 DEBUG: Order 48 arrived: items_required = [2692].     [orders_in_system = 49]
2026-09-04 21:21:37 DEBUG: Order 49 arrived: items_required = [4074].     [orders_in_system = 50]
2026-09-04 21:21:37 DEBUG: Order 50 arrived: items_required = [2372, 1361].     [orders_in_system = 51]
2026-09-04 21:21:37 DEBUG: Order 51 arrived: items_required = [2195, 3684, 2621].     [orders_in_system = 52]
2026-09-04 21:21:37 DEBUG: Order 52 arrived: items_required = [2863].     [orders_in_system = 53]
2026-09-04 21:21:37 DEBUG: Order 53 arrived: items_required = [1942].     [orders_in_system = 54]
2026-09-04 21:21:37 DEBUG: Order 54 arrived: items_required = [2792].     [orders_in_system = 55]
2026-09-04 21:21:37 DEBUG: Order 55 arrived: items_required = [1053, 1664, 2867, 2076].     [orders_in_system = 56]
2026-09-04 21:21:37 DEBUG: Order 56 arrived: items_required = [2140, 2840].     [orders_in_system = 57]
2026-09-04 21:21:37 DEBUG: Order 57 arrived: items_required = [1031, 2126].     [orders_in_system = 58]
2026-09-04 21:21:37 DEBUG: Order 58 arrived: items_required = [1784, 3184].     [orders_in_system = 59]
2026-09-04 21:21:37 DEBUG: Order 59 arrived: items_required = [2381].     [orders_in_system = 60]
2026-09-04 21:21:37 DEBUG: Order 60 arrived: items_required = [2984, 2261].     [orders_in_system = 61]
2026-09-04 21:21:37 DEBUG: Order 61 arrived: items_required = [3172, 2677, 3044].     [orders_in_system = 62]
2026-09-04 21:21:37 DEBUG: Order 62 arrived: items_required = [1894, 2048, 2912].     [orders_in_system = 63]
2026-09-04 21:21:37 DEBUG: Order 63 arrived: items_required = [3400, 1009, 2817].     [orders_in_system = 64]
2026-09-04 21:21:37 DEBUG: Order 64 arrived: items_required = [3443].     [orders_in_system = 65]
2026-09-04 21:21:37 DEBUG: Order 65 arrived: items_required = [2546].     [orders_in_system = 66]
2026-09-04 21:21:37 DEBUG: Order 66 arrived: items_required = [909].     [orders_in_system = 67]
2026-09-04 21:21:37 DEBUG: Order 67 arrived: items_required = [3297, 2480, 2278].     [orders_in_system = 68]
2026-09-04 21:21:37 DEBUG: Order 68 arrived: items_required = [576, 2290, 2834, 2686].     [orders_in_system = 69]
2026-09-04 21:21:37 DEBUG: Order 69 arrived: items_required = [884].     [orders_in_system = 70]
2026-09-04 21:21:37 DEBUG: Order 70 arrived: items_required = [2814].     [orders_in_system = 71]
2026-09-04 21:21:37 DEBUG: Order 71 arrived: items_required = [1567, 2622].     [orders_in_system = 72]
2026-09-04 21:21:37 DEBUG: Order 72 arrived: items_required = [1758].     [orders_in_system = 73]
2026-09-04 21:21:37 DEBUG: Order 73 arrived: items_required = [2356, 3715, 2529].     [orders_in_system = 74]
2026-09-04 21:21:37 DEBUG: Order 74 arrived: items_required = [2545].     [orders_in_system = 75]
2026-09-04 21:21:37 DEBUG: Order 75 arrived: items_required = [2900, 2381].     [orders_in_system = 76]
2026-09-04 21:21:37 DEBUG: Order 76 arrived: items_required = [2106].     [orders_in_system = 77]
2026-09-04 21:21:37 DEBUG: Order 77 arrived: items_required = [2208, 1704].     [orders_in_system = 78]
2026-09-04 21:21:37 DEBUG: Order 78 arrived: items_required = [2830].     [orders_in_system = 79]
2026-09-04 21:21:37 DEBUG: Order 79 arrived: items_required = [2353, 1934].     [orders_in_system = 80]
2026-09-04 21:21:37 DEBUG: Order 80 arrived: items_required = [2381].     [orders_in_system = 81]
2026-09-04 21:21:37 DEBUG: Order 81 arrived: items_required = [2731, 2876, 4453].     [orders_in_system = 82]
2026-09-04 21:21:37 DEBUG: Order 82 arrived: items_required = [1325].     [orders_in_system = 83]
2026-09-04 21:21:37 DEBUG: Order 83 arrived: items_required = [1640, 2769, 1772].     [orders_in_system = 84]
2026-09-04 21:21:37 DEBUG: Order 84 arrived: items_required = [2483, 1231].     [orders_in_system = 85]
2026-09-04 21:21:37 DEBUG: Order 85 arrived: items_required = [1295, 2064].     [orders_in_system = 86]
2026-09-04 21:21:37 DEBUG: Order 86 arrived: items_required = [1341].     [orders_in_system = 87]
2026-09-04 21:21:37 DEBUG: Order 87 arrived: items_required = [3040, 2617, 2122].     [orders_in_system = 88]
2026-09-04 21:21:37 DEBUG: Order 88 arrived: items_required = [3104, 2887].     [orders_in_system = 89]
2026-09-04 21:21:37 DEBUG: Order 89 arrived: items_required = [3687].     [orders_in_system = 90]
2026-09-04 21:21:37 DEBUG: Order 90 arrived: items_required = [2597].     [orders_in_system = 91]
2026-09-04 21:21:37 DEBUG: Order 91 arrived: items_required = [1257, 3516].     [orders_in_system = 92]
2026-09-04 21:21:37 DEBUG: Order 92 arrived: items_required = [1536].     [orders_in_system = 93]
2026-09-04 21:21:37 DEBUG: Order 93 arrived: items_required = [2694, 2934].     [orders_in_system = 94]
2026-09-04 21:21:37 DEBUG: Order 94 arrived: items_required = [3580, 1114].     [orders_in_system = 95]
2026-09-04 21:21:37 DEBUG: Order 95 arrived: items_required = [2264, 2357].     [orders_in_system = 96]
2026-09-04 21:21:37 DEBUG: Order 96 arrived: items_required = [3022, 3685].     [orders_in_system = 97]
2026-09-04 21:21:37 DEBUG: Order 97 arrived: items_required = [1515, 3370].     [orders_in_system = 98]
2026-09-04 21:21:37 DEBUG: Order 98 arrived: items_required = [2503, 3253].     [orders_in_system = 99]
2026-09-04 21:21:37 DEBUG: Order 99 arrived: items_required = [2354, 3902].     [orders_in_system = 100]
2026-09-04 21:21:37 DEBUG: Order 100 arrived: items_required = [3318].     [orders_in_system = 101]
2026-09-04 21:21:37 DEBUG: Order 101 arrived: items_required = [1648, 3604, 3372].     [orders_in_system = 102]
2026-09-04 21:21:37 DEBUG: Order 102 arrived: items_required = [3456].     [orders_in_system = 103]
2026-09-04 21:21:37 DEBUG: Order 103 arrived: items_required = [683].     [orders_in_system = 104]
2026-09-04 21:21:37 DEBUG: Order 104 arrived: items_required = [803].     [orders_in_system = 105]
2026-09-04 21:21:37 DEBUG: Order 105 arrived: items_required = [2595, 1247, 1054].     [orders_in_system = 106]
2026-09-04 21:21:37 DEBUG: Order 106 arrived: items_required = [1733].     [orders_in_system = 107]
2026-09-04 21:21:37 DEBUG: Order 107 arrived: items_required = [1312].     [orders_in_system = 108]
2026-09-04 21:21:37 DEBUG: Order 108 arrived: items_required = [2650].     [orders_in_system = 109]
2026-09-04 21:21:37 DEBUG: Order 109 arrived: items_required = [1931, 3104].     [orders_in_system = 110]
2026-09-04 21:21:37 DEBUG: Order 110 arrived: items_required = [1083].     [orders_in_system = 111]
2026-09-04 21:21:37 DEBUG: Order 111 arrived: items_required = [2785].     [orders_in_system = 112]
2026-09-04 21:21:37 DEBUG: Order 112 arrived: items_required = [3097, 2870].     [orders_in_system = 113]
2026-09-04 21:21:37 DEBUG: Order 113 arrived: items_required = [1646, 2694].     [orders_in_system = 114]
2026-09-04 21:21:37 DEBUG: Order 114 arrived: items_required = [3061, 1826].     [orders_in_system = 115]
2026-09-04 21:21:37 DEBUG: Order 115 arrived: items_required = [1860, 2655, 1430].     [orders_in_system = 116]
2026-09-04 21:21:37 DEBUG: Order 116 arrived: items_required = [2549].     [orders_in_system = 117]
2026-09-04 21:21:37 DEBUG: Order 117 arrived: items_required = [1487].     [orders_in_system = 118]
2026-09-04 21:21:37 DEBUG: Order 118 arrived: items_required = [2094].     [orders_in_system = 119]
2026-09-04 21:21:37 DEBUG: Order 119 arrived: items_required = [2442, 3258].     [orders_in_system = 120]
2026-09-04 21:21:37 DEBUG: Order 120 arrived: items_required = [1844].     [orders_in_system = 121]
2026-09-04 21:21:37 DEBUG: Order 121 arrived: items_required = [3081].     [orders_in_system = 122]
2026-09-04 21:21:37 DEBUG: Order 122 arrived: items_required = [2214].     [orders_in_system = 123]
2026-09-04 21:21:37 DEBUG: Order 123 arrived: items_required = [2620, 3427, 2056, 1335].     [orders_in_system = 124]
2026-09-04 21:21:37 DEBUG: Order 124 arrived: items_required = [1969].     [orders_in_system = 125]
2026-09-04 21:21:37 DEBUG: Order 125 arrived: items_required = [2230, 2279].     [orders_in_system = 126]
2026-09-04 21:21:37 DEBUG: Order 126 arrived: items_required = [1460].     [orders_in_system = 127]
2026-09-04 21:21:37 DEBUG: Order 127 arrived: items_required = [1486].     [orders_in_system = 128]
2026-09-04 21:21:37 DEBUG: Order 128 arrived: items_required = [1488].     [orders_in_system = 129]
2026-09-04 21:21:37 DEBUG: Order 129 arrived: items_required = [2676, 2583, 1809].     [orders_in_system = 130]
2026-09-04 21:21:37 DEBUG: Order 130 arrived: items_required = [2574, 1838].     [orders_in_system = 131]
2026-09-04 21:21:37 DEBUG: Order 131 arrived: items_required = [2269, 2297, 2986].     [orders_in_system = 132]
2026-09-04 21:21:37 DEBUG: Order 132 arrived: items_required = [809, 2102].     [orders_in_system = 133]
2026-09-04 21:21:37 DEBUG: Order 133 arrived: items_required = [2630, 1584, 1573].     [orders_in_system = 134]
2026-09-04 21:21:37 DEBUG: Order 134 arrived: items_required = [2806, 2706].     [orders_in_system = 135]
2026-09-04 21:21:37 DEBUG: Order 135 arrived: items_required = [2541].     [orders_in_system = 136]
2026-09-04 21:21:37 DEBUG: Order 136 arrived: items_required = [1663].     [orders_in_system = 137]
2026-09-04 21:21:37 DEBUG: Order 137 arrived: items_required = [4436].     [orders_in_system = 138]
2026-09-04 21:21:37 DEBUG: Order 138 arrived: items_required = [2039].     [orders_in_system = 139]
2026-09-04 21:21:37 DEBUG: Order 139 arrived: items_required = [1396, 3256].     [orders_in_system = 140]
2026-09-04 21:21:37 DEBUG: Order 140 arrived: items_required = [1928, 4170].     [orders_in_system = 141]
2026-09-04 21:21:37 DEBUG: Order 141 arrived: items_required = [4154].     [orders_in_system = 142]
2026-09-04 21:21:37 DEBUG: Order 142 arrived: items_required = [3895, 2540].     [orders_in_system = 143]
2026-09-04 21:21:37 DEBUG: Order 143 arrived: items_required = [2617, 1299].     [orders_in_system = 144]
2026-09-04 21:21:37 DEBUG: Order 144 arrived: items_required = [2725, 1069, 2181].     [orders_in_system = 145]
2026-09-04 21:21:37 DEBUG: Order 145 arrived: items_required = [2818, 3640].     [orders_in_system = 146]
2026-09-04 21:21:37 DEBUG: Order 146 arrived: items_required = [2217].     [orders_in_system = 147]
2026-09-04 21:21:37 DEBUG: Order 147 arrived: items_required = [2877].     [orders_in_system = 148]
2026-09-04 21:21:37 DEBUG: Order 148 arrived: items_required = [1949].     [orders_in_system = 149]
2026-09-04 21:21:37 DEBUG: Order 149 arrived: items_required = [2448].     [orders_in_system = 150]
2026-09-04 21:21:37 DEBUG:    EVENT NUM 2     current_time = 00:00:01   RUN_OPTIMIZER         [queue size = 1]
2026-09-04 21:21:37 INFO: Solving stage 1 ... 
2026-09-04 21:21:37 INFO: 
[lns_stage1] start | 150 orders, 600 pods, 6 workstations (150 free to move) | budget 30s
2026-09-04 21:21:38 INFO: [lns_stage1] initial objective 212.8774
2026-09-04 21:21:38 INFO: [lns_stage1] iter 1 | objective 208.2830 | improved by 4.5943 | hole 30 orders | 1s elapsed
2026-09-04 21:21:39 INFO: [lns_stage1] iter 2 | objective 205.8019 | improved by 2.4811 | hole 30 orders | 1s elapsed
2026-09-04 21:21:40 INFO: [lns_stage1] iter 3 | objective 201.4717 | improved by 4.3302 | hole 30 orders | 2s elapsed
2026-09-04 21:21:40 INFO: [lns_stage1] iter 4 | objective 196.2830 | improved by 5.1887 | hole 30 orders | 3s elapsed
2026-09-04 21:21:41 INFO: [lns_stage1] iter 5 | objective 193.7453 | improved by 2.5377 | hole 30 orders | 3s elapsed
2026-09-04 21:21:41 INFO: [lns_stage1] iter 6 | objective 193.7170 | improved by 0.0283 | hole 30 orders | 4s elapsed
2026-09-04 21:21:42 INFO: [lns_stage1] iter 7 | objective 188.6981 | improved by 5.0189 | hole 35 orders | 5s elapsed
2026-09-04 21:21:43 INFO: [lns_stage1] iter 8 | objective 185.8491 | improved by 2.8491 | hole 35 orders | 5s elapsed
2026-09-04 21:21:43 INFO: [lns_stage1] iter 9 | objective 182.5660 | improved by 3.2830 | hole 35 orders | 6s elapsed
2026-09-04 21:21:44 INFO: [lns_stage1] iter 11 | objective 181.7453 | improved by 0.8208 | hole 35 orders | 7s elapsed
2026-09-04 21:21:45 INFO: [lns_stage1] iter 12 | objective 180.6604 | improved by 1.0849 | hole 35 orders | 7s elapsed
2026-09-04 21:21:45 INFO: [lns_stage1] iter 13 | objective 179.0660 | improved by 1.5943 | hole 35 orders | 8s elapsed
2026-09-04 21:21:46 INFO: [lns_stage1] iter 14 | objective 178.8962 | improved by 0.1698 | hole 35 orders | 8s elapsed
2026-09-04 21:21:47 INFO: [lns_stage1] iter 15 | objective 176.9528 | improved by 1.9434 | hole 40 orders | 9s elapsed
2026-09-04 21:21:48 INFO: [lns_stage1] iter 17 | objective 175.9245 | improved by 1.0283 | hole 40 orders | 11s elapsed
2026-09-04 21:21:49 INFO: [lns_stage1] iter 18 | objective 175.0377 | improved by 0.8868 | hole 40 orders | 12s elapsed
2026-09-04 21:21:50 INFO: [lns_stage1] iter 20 | objective 173.8962 | improved by 1.1415 | hole 40 orders | 13s elapsed
2026-09-04 21:21:51 INFO: [lns_stage1] iter 21 | objective 173.7830 | improved by 0.1132 | hole 40 orders | 13s elapsed
2026-09-04 21:21:53 INFO: [lns_stage1] iter 23 | objective 171.8113 | improved by 1.9717 | hole 45 orders | 16s elapsed
2026-09-04 21:21:55 INFO: [lns_stage1] iter 25 | objective 169.8396 | improved by 1.9717 | hole 45 orders | 17s elapsed
2026-09-04 21:21:56 INFO: [lns_stage1] iter 26 | objective 167.8962 | improved by 1.9434 | hole 45 orders | 19s elapsed
2026-09-04 21:21:57 INFO: [lns_stage1] iter 27 | objective 167.6698 | improved by 0.2264 | hole 45 orders | 19s elapsed
2026-09-04 21:21:59 INFO: [lns_stage1] iter 28 | objective 166.4151 | improved by 1.2547 | hole 50 orders | 21s elapsed
2026-09-04 21:22:01 INFO: [lns_stage1] iter 31 | objective 165.6509 | improved by 0.7642 | hole 50 orders | 24s elapsed
2026-09-04 21:22:02 INFO: [lns_stage1] iter 32 | objective 165.4245 | improved by 0.2264 | hole 50 orders | 25s elapsed
2026-09-04 21:22:03 INFO: [lns_stage1] iter 33 | objective 160.2925 | improved by 5.1321 | hole 55 orders | 26s elapsed
2026-09-04 21:22:04 INFO: [lns_stage1] iter 34 | objective 159.8962 | improved by 0.3962 | hole 55 orders | 27s elapsed
2026-09-04 21:22:05 INFO: [lns_stage1] iter 35 | objective 158.6415 | improved by 1.2547 | hole 55 orders | 28s elapsed
2026-09-04 21:22:08 INFO: [lns_stage1] done | 30.1s, 38 iterations | final objective 158.6415 | feasible True
2026-09-04 21:22:08 INFO: Stage 1 solved.
2026-09-04 21:22:08 INFO: Solving stage 2 ... 
2026-09-04 21:22:08 INFO: 
[lns_stage2] start | 255 item order pairs, 100 pods, 6 workstations, 70 time steps | budget 400s
2026-09-04 21:22:30 INFO: [lns_stage2] initial objective 156.7830
2026-09-04 21:22:49 INFO: [lns_stage2] iter 1 | objective 158.0078 | improved by 1.2248 | hole 10 pods | 41s elapsed
2026-09-04 21:23:09 INFO: [lns_stage2] iter 2 | objective 161.7447 | improved by 3.7369 | hole 10 pods | 61s elapsed
2026-09-04 21:23:29 INFO: [lns_stage2] iter 3 | objective 166.0594 | improved by 4.3146 | hole 10 pods | 81s elapsed
2026-09-04 21:23:51 INFO: [lns_stage2] iter 4 | objective 170.7088 | improved by 4.6494 | hole 10 pods | 104s elapsed
2026-09-04 21:24:14 INFO: [lns_stage2] iter 5 | objective 174.9684 | improved by 4.2596 | hole 10 pods | 126s elapsed
2026-09-04 21:24:16 INFO: [lns_stage2] iter 6 | objective 176.7409 | improved by 1.7725 | hole 10 pods | 128s elapsed
2026-09-04 21:24:17 INFO: [lns_stage2] iter 7 | objective 177.4474 | improved by 0.7066 | hole 10 pods | 129s elapsed
2026-09-04 21:24:20 INFO: [lns_stage2] iter 8 | objective 179.9251 | improved by 2.4776 | hole 10 pods | 132s elapsed
2026-09-04 21:24:23 INFO: [lns_stage2] iter 9 | objective 181.1295 | improved by 1.2044 | hole 10 pods | 135s elapsed
2026-09-04 21:24:28 INFO: [lns_stage2] iter 10 | objective 185.8891 | improved by 4.7596 | hole 10 pods | 141s elapsed
2026-09-04 21:24:31 INFO: [lns_stage2] iter 11 | objective 186.1341 | improved by 0.2450 | hole 10 pods | 144s elapsed
2026-09-04 21:24:37 INFO: [lns_stage2] iter 12 | objective 187.6951 | improved by 1.5611 | hole 13 pods | 149s elapsed
2026-09-04 21:24:41 INFO: [lns_stage2] iter 13 | objective 190.8041 | improved by 3.1090 | hole 13 pods | 153s elapsed
2026-09-04 21:24:48 INFO: [lns_stage2] iter 14 | objective 197.9275 | improved by 7.1234 | hole 13 pods | 160s elapsed
2026-09-04 21:24:49 INFO: [lns_stage2] iter 15 | objective 198.1506 | improved by 0.2231 | hole 13 pods | 161s elapsed
2026-09-04 21:24:57 INFO: [lns_stage2] iter 16 | objective 202.7639 | improved by 4.6132 | hole 16 pods | 169s elapsed
2026-09-04 21:25:00 INFO: [lns_stage2] iter 17 | objective 203.3263 | improved by 0.5624 | hole 16 pods | 172s elapsed
2026-09-04 21:25:06 INFO: [lns_stage2] iter 18 | objective 206.9624 | improved by 3.6361 | hole 16 pods | 178s elapsed
2026-09-04 21:25:11 INFO: [lns_stage2] iter 19 | objective 207.4134 | improved by 0.4510 | hole 16 pods | 183s elapsed
2026-09-04 21:25:24 INFO: [lns_stage2] iter 21 | objective 208.9516 | improved by 1.5382 | hole 16 pods | 197s elapsed
2026-09-04 21:25:38 INFO: [lns_stage2] iter 22 | objective 212.3115 | improved by 3.3599 | hole 16 pods | 211s elapsed
2026-09-04 21:25:44 INFO: [lns_stage2] iter 23 | objective 213.2610 | improved by 0.9495 | hole 16 pods | 216s elapsed
2026-09-04 21:25:50 INFO: [lns_stage2] iter 24 | objective 215.5016 | improved by 2.2406 | hole 16 pods | 222s elapsed
