2026-07-13 15:35:28 INFO: Warehouse initialization | grid=30x30, physical=63x35, num_skus=13500, num_robots=40, num_ws=9
2026-07-13 15:35:29 INFO: Warehouse initialized | 900 pods  (average number of skus per pod = 20.94), 9 workstations, 40 robots
2026-07-13 15:35:29 INFO: [OptManager] Building time-space network ...
2026-07-13 15:35:33 INFO: [OptManager] Network ready: 90900 nodes, 1525330 travelling arcs, 89991 idle arcs.
2026-07-13 15:35:33 INFO: 
=============================================
2026-07-13 15:35:33 INFO:   START SIMULATION  {TIME HORIZON = 01:00:00}
2026-07-13 15:35:33 DEBUG:    EVENT NUM 1     current_time = 00:00:00   ARRIVAL_ORDER         [queue size = 1]
2026-07-13 15:35:33 DEBUG: Order 0 arrived: items_required = [3082, 5462].     [orders_in_system = 1]
2026-07-13 15:35:33 DEBUG: Order 1 arrived: items_required = [8729, 7407, 1704, 5981, 4378].     [orders_in_system = 2]
2026-07-13 15:35:33 DEBUG: Order 2 arrived: items_required = [4760, 5499].     [orders_in_system = 3]
2026-07-13 15:35:33 DEBUG: Order 3 arrived: items_required = [5626, 11344, 12200].     [orders_in_system = 4]
2026-07-13 15:35:33 DEBUG: Order 4 arrived: items_required = [8425].     [orders_in_system = 5]
2026-07-13 15:35:33 DEBUG: Order 5 arrived: items_required = [4951, 2281].     [orders_in_system = 6]
2026-07-13 15:35:33 DEBUG: Order 6 arrived: items_required = [7292].     [orders_in_system = 7]
2026-07-13 15:35:33 DEBUG: Order 7 arrived: items_required = [12759].     [orders_in_system = 8]
2026-07-13 15:35:33 DEBUG: Order 8 arrived: items_required = [6918, 11893].     [orders_in_system = 9]
2026-07-13 15:35:33 DEBUG: Order 9 arrived: items_required = [2593, 6036].     [orders_in_system = 10]
2026-07-13 15:35:33 DEBUG: Order 10 arrived: items_required = [4361].     [orders_in_system = 11]
2026-07-13 15:35:33 DEBUG: Order 11 arrived: items_required = [3493, 12054].     [orders_in_system = 12]
2026-07-13 15:35:33 DEBUG: Order 12 arrived: items_required = [9801, 9100].     [orders_in_system = 13]
2026-07-13 15:35:33 DEBUG: Order 13 arrived: items_required = [8076, 7583, 2521].     [orders_in_system = 14]
2026-07-13 15:35:33 DEBUG: Order 14 arrived: items_required = [10388].     [orders_in_system = 15]
2026-07-13 15:35:33 DEBUG: Order 15 arrived: items_required = [8279].     [orders_in_system = 16]
2026-07-13 15:35:33 DEBUG: Order 16 arrived: items_required = [2403, 10434, 4225].     [orders_in_system = 17]
2026-07-13 15:35:33 DEBUG: Order 17 arrived: items_required = [8842, 8525, 13250].     [orders_in_system = 18]
2026-07-13 15:35:33 DEBUG: Order 18 arrived: items_required = [3669].     [orders_in_system = 19]
2026-07-13 15:35:33 DEBUG: Order 19 arrived: items_required = [4411].     [orders_in_system = 20]
2026-07-13 15:35:33 DEBUG: Order 20 arrived: items_required = [2310, 8337, 11602].     [orders_in_system = 21]
2026-07-13 15:35:33 DEBUG: Order 21 arrived: items_required = [4220].     [orders_in_system = 22]
2026-07-13 15:35:33 DEBUG: Order 22 arrived: items_required = [5496, 5160, 9407, 1865].     [orders_in_system = 23]
2026-07-13 15:35:33 DEBUG: Order 23 arrived: items_required = [1359].     [orders_in_system = 24]
2026-07-13 15:35:33 DEBUG: Order 24 arrived: items_required = [7156].     [orders_in_system = 25]
2026-07-13 15:35:33 DEBUG: Order 25 arrived: items_required = [12204, 7250].     [orders_in_system = 26]
2026-07-13 15:35:33 DEBUG: Order 26 arrived: items_required = [6996, 6720, 10034].     [orders_in_system = 27]
2026-07-13 15:35:33 DEBUG: Order 27 arrived: items_required = [7699, 461, 3929, 6947].     [orders_in_system = 28]
2026-07-13 15:35:33 DEBUG: Order 28 arrived: items_required = [8541].     [orders_in_system = 29]
2026-07-13 15:35:33 DEBUG: Order 29 arrived: items_required = [4108].     [orders_in_system = 30]
2026-07-13 15:35:33 DEBUG: Order 30 arrived: items_required = [7510].     [orders_in_system = 31]
2026-07-13 15:35:33 DEBUG: Order 31 arrived: items_required = [6524, 9541].     [orders_in_system = 32]
2026-07-13 15:35:33 DEBUG: Order 32 arrived: items_required = [4511, 9180].     [orders_in_system = 33]
2026-07-13 15:35:33 DEBUG: Order 33 arrived: items_required = [9036].     [orders_in_system = 34]
2026-07-13 15:35:33 DEBUG: Order 34 arrived: items_required = [970, 8416, 4031].     [orders_in_system = 35]
2026-07-13 15:35:33 DEBUG: Order 35 arrived: items_required = [6177, 6863, 11889].     [orders_in_system = 36]
2026-07-13 15:35:33 DEBUG: Order 36 arrived: items_required = [5920].     [orders_in_system = 37]
2026-07-13 15:35:33 DEBUG: Order 37 arrived: items_required = [2271, 9274].     [orders_in_system = 38]
2026-07-13 15:35:33 DEBUG: Order 38 arrived: items_required = [2882, 2920, 9272].     [orders_in_system = 39]
2026-07-13 15:35:33 DEBUG: Order 39 arrived: items_required = [9745, 8092].     [orders_in_system = 40]
2026-07-13 15:35:33 DEBUG: Order 40 arrived: items_required = [8273, 8347].     [orders_in_system = 41]
2026-07-13 15:35:33 DEBUG: Order 41 arrived: items_required = [8402].     [orders_in_system = 42]
2026-07-13 15:35:33 DEBUG: Order 42 arrived: items_required = [3554].     [orders_in_system = 43]
2026-07-13 15:35:33 DEBUG: Order 43 arrived: items_required = [5412, 3136, 1534, 5283].     [orders_in_system = 44]
2026-07-13 15:35:33 DEBUG: Order 44 arrived: items_required = [3794, 3814].     [orders_in_system = 45]
2026-07-13 15:35:33 DEBUG: Order 45 arrived: items_required = [8892, 6732, 1723, 7050, 10263, 8901].     [orders_in_system = 46]
2026-07-13 15:35:33 DEBUG: Order 46 arrived: items_required = [6082].     [orders_in_system = 47]
2026-07-13 15:35:33 DEBUG: Order 47 arrived: items_required = [7736, 8816].     [orders_in_system = 48]
2026-07-13 15:35:33 DEBUG: Order 48 arrived: items_required = [2848, 6803].     [orders_in_system = 49]
2026-07-13 15:35:33 DEBUG: Order 49 arrived: items_required = [2876, 7911].     [orders_in_system = 50]
2026-07-13 15:35:33 DEBUG: Order 50 arrived: items_required = [2650, 7384, 7576, 8972].     [orders_in_system = 51]
2026-07-13 15:35:33 DEBUG: Order 51 arrived: items_required = [10302, 11846, 9893].     [orders_in_system = 52]
2026-07-13 15:35:33 DEBUG: Order 52 arrived: items_required = [9687].     [orders_in_system = 53]
2026-07-13 15:35:33 DEBUG: Order 53 arrived: items_required = [5782, 5599].     [orders_in_system = 54]
2026-07-13 15:35:33 DEBUG: Order 54 arrived: items_required = [1296].     [orders_in_system = 55]
2026-07-13 15:35:33 DEBUG: Order 55 arrived: items_required = [5710].     [orders_in_system = 56]
2026-07-13 15:35:33 DEBUG: Order 56 arrived: items_required = [7484].     [orders_in_system = 57]
2026-07-13 15:35:33 DEBUG: Order 57 arrived: items_required = [5255, 2948].     [orders_in_system = 58]
2026-07-13 15:35:33 DEBUG: Order 58 arrived: items_required = [1852].     [orders_in_system = 59]
2026-07-13 15:35:33 DEBUG: Order 59 arrived: items_required = [5251].     [orders_in_system = 60]
2026-07-13 15:35:33 DEBUG: Order 60 arrived: items_required = [5316].     [orders_in_system = 61]
2026-07-13 15:35:33 DEBUG: Order 61 arrived: items_required = [6190].     [orders_in_system = 62]
2026-07-13 15:35:33 DEBUG: Order 62 arrived: items_required = [4944, 7970, 5612, 5376, 2935, 3615, 10077, 6674].     [orders_in_system = 63]
2026-07-13 15:35:33 DEBUG: Order 63 arrived: items_required = [11495].     [orders_in_system = 64]
2026-07-13 15:35:33 DEBUG: Order 64 arrived: items_required = [1597, 2545].     [orders_in_system = 65]
2026-07-13 15:35:33 DEBUG: Order 65 arrived: items_required = [3181].     [orders_in_system = 66]
2026-07-13 15:35:33 DEBUG: Order 66 arrived: items_required = [6023].     [orders_in_system = 67]
2026-07-13 15:35:33 DEBUG: Order 67 arrived: items_required = [6519].     [orders_in_system = 68]
2026-07-13 15:35:33 DEBUG: Order 68 arrived: items_required = [5187, 5349, 7712, 5231].     [orders_in_system = 69]
2026-07-13 15:35:33 DEBUG: Order 69 arrived: items_required = [8677, 10336, 12448].     [orders_in_system = 70]
2026-07-13 15:35:33 DEBUG: Order 70 arrived: items_required = [8518].     [orders_in_system = 71]
2026-07-13 15:35:33 DEBUG: Order 71 arrived: items_required = [8331].     [orders_in_system = 72]
2026-07-13 15:35:33 DEBUG: Order 72 arrived: items_required = [514].     [orders_in_system = 73]
2026-07-13 15:35:33 DEBUG: Order 73 arrived: items_required = [4604, 8892, 8193, 6518, 6514].     [orders_in_system = 74]
2026-07-13 15:35:33 DEBUG: Order 74 arrived: items_required = [10370].     [orders_in_system = 75]
2026-07-13 15:35:33 DEBUG: Order 75 arrived: items_required = [11191, 2570, 4368, 10946, 6670].     [orders_in_system = 76]
2026-07-13 15:35:33 DEBUG: Order 76 arrived: items_required = [4091, 9136].     [orders_in_system = 77]
2026-07-13 15:35:33 DEBUG: Order 77 arrived: items_required = [12394].     [orders_in_system = 78]
2026-07-13 15:35:33 DEBUG: Order 78 arrived: items_required = [6166].     [orders_in_system = 79]
2026-07-13 15:35:33 DEBUG: Order 79 arrived: items_required = [5981, 1102, 2450].     [orders_in_system = 80]
2026-07-13 15:35:33 DEBUG: Order 80 arrived: items_required = [3611, 7522].     [orders_in_system = 81]
2026-07-13 15:35:33 DEBUG: Order 81 arrived: items_required = [8635, 3750].     [orders_in_system = 82]
2026-07-13 15:35:33 DEBUG: Order 82 arrived: items_required = [8857, 4958].     [orders_in_system = 83]
2026-07-13 15:35:33 DEBUG: Order 83 arrived: items_required = [6295, 6820].     [orders_in_system = 84]
2026-07-13 15:35:33 DEBUG: Order 84 arrived: items_required = [7455].     [orders_in_system = 85]
2026-07-13 15:35:33 DEBUG: Order 85 arrived: items_required = [3439, 6533, 4651, 7706, 7368].     [orders_in_system = 86]
2026-07-13 15:35:33 DEBUG: Order 86 arrived: items_required = [2877].     [orders_in_system = 87]
2026-07-13 15:35:33 DEBUG: Order 87 arrived: items_required = [8944].     [orders_in_system = 88]
2026-07-13 15:35:33 DEBUG: Order 88 arrived: items_required = [4949].     [orders_in_system = 89]
2026-07-13 15:35:33 DEBUG: Order 89 arrived: items_required = [4365].     [orders_in_system = 90]
2026-07-13 15:35:33 DEBUG: Order 90 arrived: items_required = [3322].     [orders_in_system = 91]
2026-07-13 15:35:33 DEBUG: Order 91 arrived: items_required = [3034].     [orders_in_system = 92]
2026-07-13 15:35:33 DEBUG: Order 92 arrived: items_required = [9197].     [orders_in_system = 93]
2026-07-13 15:35:33 DEBUG: Order 93 arrived: items_required = [5938].     [orders_in_system = 94]
2026-07-13 15:35:33 DEBUG: Order 94 arrived: items_required = [12321, 5662, 7219].     [orders_in_system = 95]
2026-07-13 15:35:33 DEBUG: Order 95 arrived: items_required = [1248].     [orders_in_system = 96]
2026-07-13 15:35:33 DEBUG: Order 96 arrived: items_required = [2664, 3981, 8890, 9272, 4055, 4420, 8624, 4673].     [orders_in_system = 97]
2026-07-13 15:35:33 DEBUG: Order 97 arrived: items_required = [10743].     [orders_in_system = 98]
2026-07-13 15:35:33 DEBUG: Order 98 arrived: items_required = [6992].     [orders_in_system = 99]
2026-07-13 15:35:33 DEBUG: Order 99 arrived: items_required = [1194].     [orders_in_system = 100]
2026-07-13 15:35:33 DEBUG:    EVENT NUM 2     current_time = 00:00:01   RUN_OPTIMIZER         [queue size = 1]
2026-07-13 15:35:33 INFO: Solving stage 1 ... 
2026-07-13 15:35:33 INFO: [ls_stage1] Building initial solution ...
2026-07-13 15:35:33 INFO: [ls_stage1] Initial objective = 256.1700
2026-07-13 15:35:33 WARNING: 
Variables size:
  shape x = (201, 900)
  shape y = (9, 900)
  shape z = (100, 9)
  constraints_satisfied = 1628419

2026-07-13 15:35:36 INFO: [ls_stage1] Iter 1: IMPROVEMENT move=('swap', 40, 53) obj=254.4200
2026-07-13 15:35:39 INFO: [ls_stage1] Iter 2: IMPROVEMENT move=('swap', 47, 48) obj=252.8500
2026-07-13 15:35:41 INFO: [ls_stage1] Iter 3: IMPROVEMENT move=('swap', 7, 30) obj=251.3700
2026-07-13 15:35:44 INFO: [ls_stage1] Iter 4: IMPROVEMENT move=('swap', 55, 98) obj=249.7800
2026-07-13 15:35:47 INFO: [ls_stage1] Iter 5: IMPROVEMENT move=('swap', 52, 65) obj=248.3400
2026-07-13 15:35:50 INFO: [ls_stage1] Iter 6: IMPROVEMENT move=('swap', 53, 75) obj=247.1800
2026-07-13 15:35:52 INFO: [ls_stage1] Iter 7: IMPROVEMENT move=('swap', 13, 35) obj=245.6900
2026-07-13 15:35:55 INFO: [ls_stage1] Iter 8: IMPROVEMENT move=('swap', 32, 63) obj=244.5100
2026-07-13 15:35:58 INFO: [ls_stage1] Iter 9: IMPROVEMENT move=('swap', 8, 30) obj=243.0900
2026-07-13 15:36:00 INFO: [ls_stage1] Iter 10: IMPROVEMENT move=('swap', 46, 66) obj=242.7700
2026-07-13 15:36:03 INFO: [ls_stage1] Iter 11: IMPROVEMENT move=('swap', 25, 78) obj=242.3500
2026-07-13 15:36:06 INFO: [ls_stage1] Iter 12: IMPROVEMENT move=('swap', 52, 91) obj=242.0700
2026-07-13 15:36:08 INFO: [ls_stage1] Iter 13: IMPROVEMENT move=('swap', 76, 93) obj=240.5900
2026-07-13 15:36:11 INFO: [ls_stage1] Iter 14: IMPROVEMENT move=('swap', 50, 83) obj=240.2900
2026-07-13 15:36:14 INFO: [ls_stage1] Iter 15: IMPROVEMENT move=('swap', 52, 73) obj=239.1600
2026-07-13 15:36:16 INFO: [ls_stage1] Iter 16: IMPROVEMENT move=('swap', 22, 56) obj=238.0300
2026-07-13 15:36:19 INFO: [ls_stage1] Iter 17: IMPROVEMENT move=('swap', 63, 90) obj=236.5300
2026-07-13 15:36:22 INFO: [ls_stage1] Iter 18: IMPROVEMENT move=('swap', 38, 69) obj=235.4400
2026-07-13 15:36:24 INFO: [ls_stage1] Iter 19: IMPROVEMENT move=('repod', 42, 729) obj=235.1500
2026-07-13 15:36:27 INFO: [ls_stage1] Iter 20: IMPROVEMENT move=('swap', 23, 73) obj=234.8500
2026-07-13 15:36:30 INFO: [ls_stage1] Iter 21: IMPROVEMENT move=('swap', 34, 69) obj=234.3900
2026-07-13 15:36:32 INFO: [ls_stage1] Iter 22: IMPROVEMENT move=('repod', 103, 728) obj=234.1100
2026-07-13 15:36:35 INFO: [ls_stage1] Iter 23: IMPROVEMENT move=('repod', 55, 823) obj=232.7100
2026-07-13 15:36:38 INFO: [ls_stage1] Iter 24: IMPROVEMENT move=('swap', 3, 79) obj=231.5000
2026-07-13 15:36:40 INFO: [ls_stage1] Iter 25: IMPROVEMENT move=('repod', 115, 878) obj=231.2800
2026-07-13 15:36:43 INFO: [ls_stage1] Iter 26: IMPROVEMENT move=('repod', 85, 613) obj=230.9600
2026-07-13 15:36:45 INFO: [ls_stage1] Iter 27: IMPROVEMENT move=('moveto', 44, 8) obj=230.7200
2026-07-13 15:36:48 INFO: [ls_stage1] Iter 28: IMPROVEMENT move=('repod', 12, 692) obj=230.4800
2026-07-13 15:36:51 INFO: [ls_stage1] Iter 29: IMPROVEMENT move=('swap', 3, 71) obj=230.2000
2026-07-13 15:36:54 INFO: [ls_stage1] Iter 30: IMPROVEMENT move=('repod', 121, 431) obj=229.8900
2026-07-13 15:36:56 INFO: [ls_stage1] Iter 31: IMPROVEMENT move=('repod', 40, 853) obj=229.6700
2026-07-13 15:36:59 INFO: [ls_stage1] Iter 32: IMPROVEMENT move=('swap', 82, 84) obj=229.4300
2026-07-13 15:37:02 INFO: [ls_stage1] Iter 33: IMPROVEMENT move=('repod', 136, 375) obj=229.1500
2026-07-13 15:37:04 INFO: [ls_stage1] Iter 34: IMPROVEMENT move=('repod', 138, 712) obj=228.9500
2026-07-13 15:37:07 INFO: [ls_stage1] Iter 35: IMPROVEMENT move=('repod', 43, 729) obj=227.6200
2026-07-13 15:37:10 INFO: [ls_stage1] Iter 36: IMPROVEMENT move=('repod', 91, 710) obj=227.3700
2026-07-13 15:37:12 INFO: [ls_stage1] Iter 37: IMPROVEMENT move=('repod', 134, 892) obj=226.9700
2026-07-13 15:37:15 INFO: [ls_stage1] Iter 38: IMPROVEMENT move=('swap', 69, 75) obj=226.7900
2026-07-13 15:37:18 INFO: [ls_stage1] Iter 39: IMPROVEMENT move=('swap', 37, 95) obj=226.6100
2026-07-13 15:37:20 INFO: [ls_stage1] Iter 40: IMPROVEMENT move=('swap', 41, 69) obj=226.4300
2026-07-13 15:37:23 INFO: [ls_stage1] Iter 41: IMPROVEMENT move=('swap', 15, 42) obj=226.2700
2026-07-13 15:37:26 INFO: [ls_stage1] Iter 42: IMPROVEMENT move=('swap', 54, 69) obj=225.2500
2026-07-13 15:37:28 INFO: [ls_stage1] Iter 43: IMPROVEMENT move=('repod', 31, 886) obj=225.0500
2026-07-13 15:37:31 INFO: [ls_stage1] Iter 44: IMPROVEMENT move=('swap', 10, 60) obj=224.9100
2026-07-13 15:37:34 INFO: [ls_stage1] Iter 45: IMPROVEMENT move=('swap', 41, 55) obj=224.7100
2026-07-13 15:37:36 INFO: [ls_stage1] Iter 46: IMPROVEMENT move=('moveto', 94, 8) obj=224.6100
2026-07-13 15:37:39 INFO: [ls_stage1] Iter 47: IMPROVEMENT move=('swap', 34, 72) obj=223.6800
2026-07-13 15:37:42 INFO: [ls_stage1] Iter 48: IMPROVEMENT move=('repod', 155, 788) obj=223.5500
2026-07-13 15:37:45 INFO: [ls_stage1] Iter 49: IMPROVEMENT move=('repod', 58, 772) obj=223.3400
2026-07-13 15:37:47 INFO: [ls_stage1] Iter 50: IMPROVEMENT move=('swap', 54, 72) obj=223.0600
2026-07-13 15:37:50 INFO: [ls_stage1] Iter 51: IMPROVEMENT move=('repod', 183, 853) obj=222.8900
2026-07-13 15:37:53 INFO: [ls_stage1] Iter 52: IMPROVEMENT move=('swap', 87, 91) obj=221.7000
2026-07-13 15:37:55 INFO: [ls_stage1] Iter 53: IMPROVEMENT move=('repod', 48, 462) obj=221.6100
2026-07-13 15:37:58 INFO: [ls_stage1] Iter 54: IMPROVEMENT move=('repod', 5, 784) obj=221.4900
2026-07-13 15:38:01 INFO: [ls_stage1] Iter 55: IMPROVEMENT move=('moveto', 6, 6) obj=221.4100
2026-07-13 15:38:04 INFO: [ls_stage1] Iter 56: IMPROVEMENT move=('repod', 10, 372) obj=221.3400
2026-07-13 15:38:06 INFO: [ls_stage1] Iter 57: IMPROVEMENT move=('repod', 36, 411) obj=221.2000
2026-07-13 15:38:09 INFO: [ls_stage1] Iter 58: IMPROVEMENT move=('repod', 66, 866) obj=221.1400
2026-07-13 15:38:12 INFO: [ls_stage1] Iter 59: IMPROVEMENT move=('moveto', 92, 7) obj=221.0200
2026-07-13 15:38:14 INFO: [ls_stage1] Iter 60: IMPROVEMENT move=('repod', 20, 332) obj=220.8800
2026-07-13 15:38:17 INFO: [ls_stage1] Iter 61: IMPROVEMENT move=('moveto', 9, 1) obj=219.4100
2026-07-13 15:38:20 INFO: [ls_stage1] Iter 62: IMPROVEMENT move=('moveto', 13, 4) obj=219.3500
2026-07-13 15:38:23 INFO: [ls_stage1] Iter 63: IMPROVEMENT move=('repod', 64, 791) obj=219.2800
2026-07-13 15:38:25 INFO: [ls_stage1] Iter 64: IMPROVEMENT move=('swap', 5, 28) obj=219.2200
2026-07-13 15:38:28 INFO: [ls_stage1] Iter 65: IMPROVEMENT move=('repod', 139, 853) obj=219.1000
2026-07-13 15:38:31 INFO: [ls_stage1] Iter 66: IMPROVEMENT move=('swap', 82, 94) obj=219.0600
2026-07-13 15:38:34 INFO: [ls_stage1] Iter 67: IMPROVEMENT move=('repod', 100, 884) obj=218.9000
2026-07-13 15:38:36 INFO: [ls_stage1] Iter 68: IMPROVEMENT move=('swap', 26, 94) obj=218.8400
2026-07-13 15:38:39 INFO: [ls_stage1] Iter 69: IMPROVEMENT move=('repod', 109, 761) obj=218.7600
2026-07-13 15:38:42 INFO: [ls_stage1] Iter 70: IMPROVEMENT move=('swap', 10, 47) obj=218.7400
2026-07-13 15:38:44 INFO: [ls_stage1] Iter 71: IMPROVEMENT move=('moveto', 58, 1) obj=218.7200
2026-07-13 15:38:47 INFO: [ls_stage1] Iter 72: IMPROVEMENT move=('repod', 78, 162) obj=218.7100
2026-07-13 15:38:50 INFO: [ls_stage1] Iter 73: IMPROVEMENT move=('swap', 3, 74) obj=218.6700
2026-07-13 15:38:52 INFO: [ls_stage1] Iter 74: IMPROVEMENT move=('swap', 4, 24) obj=218.6300
2026-07-13 15:38:55 INFO: [ls_stage1] Iter 75: IMPROVEMENT move=('moveto', 42, 8) obj=218.5500
2026-07-13 15:38:58 INFO: [ls_stage1] Iter 76: IMPROVEMENT move=('moveto', 6, 8) obj=218.5100
2026-07-13 15:39:00 INFO: [ls_stage1] Iter 77: IMPROVEMENT move=('moveto', 23, 8) obj=218.4900
2026-07-13 15:39:03 INFO: [ls_stage1] Iter 78: IMPROVEMENT move=('moveto', 89, 8) obj=218.4700
2026-07-13 15:39:06 INFO: [ls_stage1] Iter 79: PLATEAU move=('swap', 58, 84) obj=218.4700
2026-07-13 15:39:09 INFO: [ls_stage1] Iter 80: IMPROVEMENT move=('moveto', 29, 8) obj=218.4500
2026-07-13 15:39:11 INFO: [ls_stage1] Iter 81: PLATEAU move=('swap', 84, 99) obj=218.4500
2026-07-13 15:39:14 INFO: [ls_stage1] Iter 82: IMPROVEMENT move=('moveto', 41, 1) obj=218.4300
2026-07-13 15:39:17 INFO: [ls_stage1] Iter 83: IMPROVEMENT move=('repod', 106, 490) obj=218.3900
2026-07-13 15:39:19 INFO: [ls_stage1] Iter 84: PLATEAU move=('swap', 30, 63) obj=218.3900
2026-07-13 15:39:22 INFO: [ls_stage1] Iter 85: PLATEAU move=('repod', 103, 728) obj=218.3900
2026-07-13 15:39:24 INFO: [ls_stage1] Iter 86: PLATEAU move=('swap', 42, 70) obj=218.3900
2026-07-13 15:39:27 INFO: [ls_stage1] Iter 87: IMPROVEMENT move=('swap', 11, 58) obj=218.3700
2026-07-13 15:39:30 INFO: [ls_stage1] Iter 88: PLATEAU move=('repod', 41, 769) obj=218.3700
2026-07-13 15:39:32 INFO: [ls_stage1] Iter 89: PLATEAU move=('swap', 53, 73) obj=218.3700
2026-07-13 15:39:35 INFO: [ls_stage1] Iter 90: PLATEAU move=('swap', 26, 32) obj=218.3700
2026-07-13 15:39:38 INFO: [ls_stage1] Iter 91: IMPROVEMENT move=('repod', 5, 503) obj=218.3600
2026-07-13 15:39:40 INFO: [ls_stage1] Iter 92: PLATEAU move=('repod', 179, 753) obj=218.3600
2026-07-13 15:39:43 INFO: [ls_stage1] Iter 93: PLATEAU move=('swap', 63, 83) obj=218.3600
2026-07-13 15:39:46 INFO: [ls_stage1] Iter 94: PLATEAU move=('swap', 58, 65) obj=218.3600
2026-07-13 15:39:49 INFO: [ls_stage1] Iter 95: PLATEAU move=('swap', 14, 87) obj=218.3600
2026-07-13 15:39:51 INFO: [ls_stage1] Iter 96: PLATEAU move=('swap', 1, 32) obj=218.3600
2026-07-13 15:39:54 INFO: [ls_stage1] Iter 97: PLATEAU move=('repod', 180, 195) obj=218.3600
2026-07-13 15:39:57 INFO: [ls_stage1] Iter 98: IMPROVEMENT move=('swap', 37, 52) obj=218.3400
2026-07-13 15:39:59 INFO: [ls_stage1] Iter 99: PLATEAU move=('swap', 32, 52) obj=218.3400
2026-07-13 15:40:02 INFO: [ls_stage1] Iter 100: PLATEAU move=('moveto', 90, 5) obj=218.3400
2026-07-13 15:40:02 INFO: [ls_stage1] Final objective = 218.3400
2026-07-13 15:40:02 INFO: Stage 1 solved.
2026-07-13 15:40:02 INFO: Solving stage 2 ... 
2026-07-13 15:40:03 INFO: [ls_stage2] Building initial solution ...
2026-07-13 15:41:17 INFO: [ls_stage2] Feasible initial solution: obj = 131.9203
2026-07-13 15:41:17 WARNING: 
Variables size:
  x shape = (201, 100)
  f0 = (100, 100)
  g0 = (100, 100)
  v0 = (100, 100)
  y shape = (168, 1615321)
  num constraints satisfied = 3104567

2026-07-13 15:42:32 INFO: [ls_stage2] Iter 1: improved move=('item', 83, -8) obj=132.3487
2026-07-13 15:43:46 INFO: [ls_stage2] Iter 2: improved move=('multi_item', (np.int64(83), np.int64(25), np.int64(167)), -4) obj=132.7872
2026-07-13 15:45:01 INFO: [ls_stage2] Iter 3: improved move=('item', 113, -8) obj=133.2156
2026-07-13 15:46:16 INFO: [ls_stage2] Iter 4: improved move=('item', 59, -8) obj=133.6280
2026-07-13 15:47:31 INFO: [ls_stage2] Iter 5: improved move=('multi_item', (np.int64(59), np.int64(120)), -5) obj=134.1235
2026-07-13 15:48:45 INFO: [ls_stage2] Iter 6: improved move=('item', 114, -8) obj=134.5359
2026-07-13 15:50:00 INFO: [ls_stage2] Iter 7: improved move=('item', 50, -8) obj=134.9213
2026-07-13 15:51:15 INFO: [ls_stage2] Iter 8: improved move=('multi_item', (np.int64(157), np.int64(143), np.int64(136)), -4) obj=135.3627
2026-07-13 15:52:30 INFO: [ls_stage2] Iter 9: improved move=('multi_item', (np.int64(1), np.int64(59)), -4) obj=135.7791
2026-07-13 15:52:31 WARNING: _rebuild_pod_row: pod 47 cannot reach ws 27 by t=7 from 1989 t=0 — staying put
2026-07-13 15:53:45 INFO: [ls_stage2] Candidate rejected: move=('multi_item', (np.int64(15), np.int64(102), np.int64(86)), -5) obj=136.1596 violations=['EC18']
2026-07-13 15:53:45 WARNING: _rebuild_pod_row: pod 47 cannot reach ws 27 by t=7 from 1989 t=0 — staying put
2026-07-13 15:54:59 INFO: [ls_stage2] Candidate rejected: move=('multi_item', (np.int64(15), np.int64(102)), -5) obj=136.1596 violations=['EC18']
2026-07-13 15:56:13 INFO: [ls_stage2] Iter 10: improved move=('item', 114, -8) obj=136.1275
2026-07-13 15:57:28 INFO: [ls_stage2] Iter 11: improved move=('multi_item', (np.int64(120), np.int64(182), np.int64(185)), -5) obj=136.8233
2026-07-13 15:58:43 INFO: [ls_stage2] Iter 12: improved move=('item', 15, -8) obj=137.3397
2026-07-13 15:59:58 INFO: [ls_stage2] Iter 13: improved move=('item', 143, -8) obj=137.7761
2026-07-13 16:01:13 INFO: [ls_stage2] Iter 14: improved move=('multi_item', (np.int64(144), np.int64(143), np.int64(107)), -4) obj=138.2587
2026-07-13 16:02:28 INFO: [ls_stage2] Iter 15: improved move=('item', 64, -8) obj=138.6391
2026-07-13 16:03:43 INFO: [ls_stage2] Iter 16: improved move=('item', 78, -6) obj=138.9724
2026-07-13 16:04:58 INFO: [ls_stage2] Iter 17: improved move=('item', 47, -8) obj=139.3448
2026-07-13 16:06:13 INFO: [ls_stage2] Iter 18: improved move=('multi_item', (np.int64(181), np.int64(111), np.int64(168)), -4) obj=139.7632
2026-07-13 16:07:28 INFO: [ls_stage2] Iter 19: improved move=('multi_item', (np.int64(120), np.int64(37), np.int64(144)), -4) obj=140.1978
2026-07-13 16:08:43 INFO: [ls_stage2] Iter 20: improved move=('multi_item', (np.int64(74), np.int64(62), np.int64(192)), -4) obj=140.5533
2026-07-13 16:09:58 INFO: [ls_stage2] Iter 21: improved move=('item', 15, -8) obj=141.0057
2026-07-13 16:11:13 INFO: [ls_stage2] Iter 22: improved move=('multi_item', (np.int64(153), np.int64(104), np.int64(39)), -5) obj=141.4574
2026-07-13 16:12:27 INFO: [ls_stage2] Iter 23: improved move=('item', 143, -8) obj=141.7978
2026-07-13 16:13:41 INFO: [ls_stage2] Iter 24: improved move=('multi_item', (np.int64(116), np.int64(64), np.int64(66)), -5) obj=142.1242
2026-07-13 16:13:42 WARNING: _rebuild_pod_row: pod 878 cannot reach ws 25 by t=0 from 208 t=0 — staying put
2026-07-13 16:14:55 INFO: [ls_stage2] Candidate rejected: move=('multi_item', (np.int64(57), np.int64(185), np.int64(115)), -4) obj=142.3908 violations=['EC18']
2026-07-13 16:16:08 INFO: [ls_stage2] Iter 25: improved move=('item', 144, -6) obj=142.3855
2026-07-13 16:17:22 INFO: [ls_stage2] Iter 26: improved move=('item', 47, -8) obj=142.6939
2026-07-13 16:18:36 INFO: [ls_stage2] Iter 27: improved move=('multi_item', (np.int64(15), np.int64(114), np.int64(64)), -4) obj=143.1925
2026-07-13 16:19:50 INFO: [ls_stage2] Iter 28: improved move=('item', 178, -8) obj=143.5809
2026-07-13 16:21:03 INFO: [ls_stage2] Iter 29: improved move=('item', 110, -8) obj=143.8893
2026-07-13 16:22:17 INFO: [ls_stage2] Iter 30: improved move=('multi_item', (np.int64(117), np.int64(169), np.int64(135)), -4) obj=144.3219
2026-07-13 16:23:31 INFO: [ls_stage2] Iter 31: improved move=('multi_item', (np.int64(21), np.int64(185), np.int64(110)), -4) obj=144.7845
2026-07-13 16:24:45 INFO: [ls_stage2] Iter 32: improved move=('multi_item', (np.int64(47), np.int64(147), np.int64(113)), -5) obj=145.2300
2026-07-13 16:25:59 INFO: [ls_stage2] Iter 33: improved move=('multi_item', (np.int64(178), np.int64(184)), -5) obj=145.6505
2026-07-13 16:27:13 INFO: [ls_stage2] Iter 34: improved move=('item', 15, -8) obj=146.0069
2026-07-13 16:28:28 INFO: [ls_stage2] Iter 35: improved move=('multi_item', (np.int64(21), np.int64(199), np.int64(19)), -4) obj=146.3065
2026-07-13 16:29:42 INFO: [ls_stage2] Iter 36: improved move=('item', 181, -8) obj=146.6389
2026-07-13 16:30:56 INFO: [ls_stage2] Iter 37: improved move=('item', 184, -8) obj=146.9233
2026-07-13 16:32:10 INFO: [ls_stage2] Iter 38: improved move=('item', 198, -8) obj=147.2637
2026-07-13 16:33:24 INFO: [ls_stage2] Iter 39: improved move=('item', 113, -8) obj=147.5881
2026-07-13 16:34:38 INFO: [ls_stage2] Iter 40: improved move=('multi_item', (np.int64(111), np.int64(15), np.int64(110)), -5) obj=148.0938
2026-07-13 16:34:39 WARNING: _rebuild_pod_row: pod 59 cannot reach ws 23 by t=8 from 2013 t=0 — staying put
2026-07-13 16:35:51 INFO: [ls_stage2] Candidate rejected: move=('multi_item', (np.int64(199), np.int64(45), np.int64(178)), -5) obj=148.4746 violations=['EC18']
2026-07-13 16:37:05 INFO: [ls_stage2] Iter 41: improved move=('multi_item', (np.int64(164), np.int64(143), np.int64(97)), -4) obj=148.4534
2026-07-13 16:38:19 INFO: [ls_stage2] Iter 42: improved move=('multi_item', (np.int64(98), np.int64(120), np.int64(110)), -5) obj=148.7999
2026-07-13 16:39:33 INFO: [ls_stage2] Iter 43: improved move=('item', 178, -8) obj=149.0843
2026-07-13 16:40:47 INFO: [ls_stage2] Iter 44: improved move=('multi_item', (np.int64(119), np.int64(113), np.int64(178)), -4) obj=149.4549
2026-07-13 16:42:01 INFO: [ls_stage2] Iter 45: improved move=('item', 185, -8) obj=149.8273
2026-07-13 16:43:15 INFO: [ls_stage2] Iter 46: improved move=('multi_item', (np.int64(83), np.int64(20), np.int64(198)), -5) obj=150.2419
2026-07-13 16:44:30 INFO: [ls_stage2] Iter 47: improved move=('multi_item', (np.int64(94), np.int64(198), np.int64(189)), -4) obj=150.5223
2026-07-13 16:45:44 INFO: [ls_stage2] Iter 48: improved move=('item', 182, -8) obj=150.7347
2026-07-13 16:46:58 INFO: [ls_stage2] Iter 49: improved move=('multi_item', (np.int64(137), np.int64(87), np.int64(185)), -5) obj=151.0181
2026-07-13 16:48:12 INFO: [ls_stage2] Iter 50: improved move=('item', 15, -8) obj=151.2705
2026-07-13 16:49:27 INFO: [ls_stage2] Iter 51: improved move=('multi_item', (np.int64(9), np.int64(199), np.int64(92)), -5) obj=151.5849
2026-07-13 16:50:41 INFO: [ls_stage2] Iter 52: improved move=('item', 144, -8) obj=151.8773
2026-07-13 16:51:55 INFO: [ls_stage2] Iter 53: improved move=('item', 113, -8) obj=152.1057
2026-07-13 16:53:08 INFO: [ls_stage2] Iter 54: improved move=('multi_item', (np.int64(26), np.int64(184), np.int64(15)), -5) obj=152.4212
2026-07-13 16:54:22 INFO: [ls_stage2] Iter 55: improved move=('multi_item', (np.int64(55), np.int64(120), np.int64(134)), -5) obj=152.7317
2026-07-13 16:55:36 INFO: [ls_stage2] Iter 56: improved move=('item', 83, -8) obj=153.0241
2026-07-13 16:56:51 INFO: [ls_stage2] Iter 57: improved move=('item', 64, -8) obj=153.2685
2026-07-13 16:58:05 INFO: [ls_stage2] Iter 58: improved move=('multi_item', (np.int64(8), np.int64(198), np.int64(188)), -4) obj=153.5290
2026-07-13 16:59:19 INFO: [ls_stage2] Iter 59: improved move=('multi_item', (np.int64(29), np.int64(0), np.int64(97)), -5) obj=153.7334
2026-07-13 17:00:33 INFO: [ls_stage2] Iter 60: improved move=('multi_item', (np.int64(160), np.int64(120), np.int64(119)), -4) obj=154.0080
2026-07-13 17:01:47 INFO: [ls_stage2] Iter 61: improved move=('item', 114, -8) obj=154.2604
2026-07-13 17:01:48 WARNING: _rebuild_pod_row: pod 873 cannot reach ws 25 by t=2 from 197 t=0 — staying put
2026-07-13 17:03:01 INFO: [ls_stage2] Candidate rejected: move=('multi_item', (np.int64(172), np.int64(18), np.int64(59)), -5) obj=154.5962 violations=['EC18']
2026-07-13 17:03:02 WARNING: _rebuild_pod_row: pod 481 cannot reach ws 25 by t=6 from 1012 t=0 — staying put
2026-07-13 17:04:15 INFO: [ls_stage2] Candidate rejected: move=('multi_item', (np.int64(59), np.int64(96), np.int64(160)), -5) obj=154.5462 violations=['EC18']
2026-07-13 17:05:29 INFO: [ls_stage2] Iter 62: improved move=('multi_item', (np.int64(59), np.int64(96)), -5) obj=154.5009
2026-07-13 17:06:43 INFO: [ls_stage2] Iter 63: improved move=('item', 83, -8) obj=154.7293
2026-07-13 17:06:44 WARNING: _rebuild_pod_row: pod 59 cannot reach ws 23 by t=8 from 2013 t=0 — staying put
2026-07-13 17:07:57 INFO: [ls_stage2] Candidate rejected: move=('multi_item', (np.int64(75), np.int64(99), np.int64(45)), -5) obj=155.0280 violations=['EC18']
2026-07-13 17:09:11 INFO: [ls_stage2] Iter 64: improved move=('multi_item', (np.int64(75), np.int64(99)), -5) obj=154.9727
2026-07-13 17:10:25 INFO: [ls_stage2] Iter 65: improved move=('multi_item', (np.int64(1), np.int64(134), np.int64(179)), -4) obj=155.3873
2026-07-13 17:11:39 INFO: [ls_stage2] Iter 66: improved move=('multi_item', (np.int64(1), np.int64(167), np.int64(166)), -5) obj=155.7357
2026-07-13 17:12:53 INFO: [ls_stage2] Iter 67: improved move=('item', 181, -8) obj=156.0041
2026-07-13 17:14:07 INFO: [ls_stage2] Iter 68: improved move=('multi_item', (np.int64(64), np.int64(74), np.int64(53)), -5) obj=156.3076
2026-07-13 17:15:21 INFO: [ls_stage2] Iter 69: improved move=('item', 185, -8) obj=156.5760
2026-07-13 17:16:35 INFO: [ls_stage2] Iter 70: improved move=('item', 120, -8) obj=156.7724
2026-07-13 17:17:49 INFO: [ls_stage2] Iter 71: improved move=('item', 39, -8) obj=157.0008
2026-07-13 17:19:03 INFO: [ls_stage2] Iter 72: improved move=('item', 185, -8) obj=157.2052
2026-07-13 17:19:04 WARNING: _rebuild_pod_row: pod 195 cannot reach ws 27 by t=3 from 1670 t=0 — staying put
2026-07-13 17:19:04 WARNING: _rebuild_pod_row: pod 195 cannot reach ws 27 by t=7 from 1670 t=4 — staying put
2026-07-13 17:20:18 INFO: [ls_stage2] Candidate rejected: move=('multi_item', (np.int64(101), np.int64(110), np.int64(51)), -4) obj=157.4616 violations=['EC18']
2026-07-13 17:21:31 INFO: [ls_stage2] Iter 73: improved move=('multi_item', (np.int64(175), np.int64(185), np.int64(21)), -5) obj=157.4288
2026-07-13 17:22:46 INFO: [ls_stage2] Iter 74: improved move=('item', 143, -8) obj=157.6732
2026-07-13 17:24:00 INFO: [ls_stage2] Iter 75: improved move=('multi_item', (np.int64(65), np.int64(62), np.int64(178)), -2) obj=157.8385
2026-07-13 17:25:14 INFO: [ls_stage2] Iter 76: improved move=('multi_item', (np.int64(11), np.int64(113), np.int64(32)), -5) obj=158.0740
2026-07-13 17:26:28 INFO: [ls_stage2] Iter 77: improved move=('multi_item', (np.int64(83), np.int64(36), np.int64(114)), -5) obj=158.4086
2026-07-13 17:27:42 INFO: [ls_stage2] Iter 78: improved move=('multi_item', (np.int64(113), np.int64(23), np.int64(181)), -5) obj=158.6762
2026-07-13 17:28:56 INFO: [ls_stage2] Iter 79: improved move=('multi_item', (np.int64(144), np.int64(35)), -5) obj=158.9676
2026-07-13 17:30:10 INFO: [ls_stage2] Iter 80: improved move=('multi_item', (np.int64(33), np.int64(119), np.int64(148)), -5) obj=159.2321
2026-07-13 17:31:24 INFO: [ls_stage2] Iter 81: improved move=('multi_item', (np.int64(85), np.int64(5), np.int64(84)), -5) obj=159.4223
2026-07-13 17:32:38 INFO: [ls_stage2] Iter 82: improved move=('item', 0, -8) obj=159.5845
2026-07-13 17:33:53 INFO: [ls_stage2] Iter 83: improved move=('item', 1, -6) obj=159.8347
2026-07-13 17:35:07 INFO: [ls_stage2] Iter 84: improved move=('multi_item', (np.int64(154), np.int64(51), np.int64(199)), -5) obj=160.1522
2026-07-13 17:36:21 INFO: [ls_stage2] Iter 85: improved move=('multi_item', (np.int64(102), np.int64(182), np.int64(64)), -4) obj=160.3548
2026-07-13 17:37:35 INFO: [ls_stage2] Iter 86: improved move=('multi_item', (np.int64(163), np.int64(47), np.int64(18)), -5) obj=160.6203
