2026-07-11 18:42:59 INFO: Warehouse initialization | grid=15x20, physical=34x25, num_skus=4500, num_robots=20, num_ws=4
2026-07-11 18:42:59 INFO: Warehouse initialized | 300 pods  (average number of skus per pod = 20.92), 4 workstations, 20 robots
2026-07-11 18:42:59 INFO: [OptManager] Building time-space network ...
2026-07-11 18:43:00 INFO: [OptManager] Network ready: 30400 nodes, 231514 travelling arcs, 30096 idle arcs.
2026-07-11 18:43:00 INFO: 
=============================================
2026-07-11 18:43:00 INFO:   START SIMULATION  {TIME HORIZON = 01:00:00}
2026-07-11 18:43:00 DEBUG:    EVENT NUM 1     current_time = 00:00:00   ARRIVAL_ORDER         [queue size = 1]
2026-07-11 18:43:00 DEBUG: Order 0 arrived: items_required = [2118].     [orders_in_system = 1]
2026-07-11 18:43:00 DEBUG: Order 1 arrived: items_required = [2780].     [orders_in_system = 2]
2026-07-11 18:43:00 DEBUG: Order 2 arrived: items_required = [2635].     [orders_in_system = 3]
2026-07-11 18:43:00 DEBUG: Order 3 arrived: items_required = [1580].     [orders_in_system = 4]
2026-07-11 18:43:00 DEBUG: Order 4 arrived: items_required = [2590].     [orders_in_system = 5]
2026-07-11 18:43:00 DEBUG: Order 5 arrived: items_required = [2916].     [orders_in_system = 6]
2026-07-11 18:43:00 DEBUG: Order 6 arrived: items_required = [2432].     [orders_in_system = 7]
2026-07-11 18:43:00 DEBUG: Order 7 arrived: items_required = [2834, 3537, 1811].     [orders_in_system = 8]
2026-07-11 18:43:00 DEBUG: Order 8 arrived: items_required = [942].     [orders_in_system = 9]
2026-07-11 18:43:00 DEBUG: Order 9 arrived: items_required = [3772, 3670].     [orders_in_system = 10]
2026-07-11 18:43:00 DEBUG: Order 10 arrived: items_required = [4190].     [orders_in_system = 11]
2026-07-11 18:43:00 DEBUG: Order 11 arrived: items_required = [2627].     [orders_in_system = 12]
2026-07-11 18:43:00 DEBUG: Order 12 arrived: items_required = [2388, 1979].     [orders_in_system = 13]
2026-07-11 18:43:00 DEBUG: Order 13 arrived: items_required = [1223].     [orders_in_system = 14]
2026-07-11 18:43:00 DEBUG: Order 14 arrived: items_required = [1619].     [orders_in_system = 15]
2026-07-11 18:43:00 DEBUG: Order 15 arrived: items_required = [2549, 2039].     [orders_in_system = 16]
2026-07-11 18:43:00 DEBUG: Order 16 arrived: items_required = [2120, 3513].     [orders_in_system = 17]
2026-07-11 18:43:00 DEBUG: Order 17 arrived: items_required = [2972, 2039].     [orders_in_system = 18]
2026-07-11 18:43:00 DEBUG: Order 18 arrived: items_required = [1197].     [orders_in_system = 19]
2026-07-11 18:43:00 DEBUG: Order 19 arrived: items_required = [2964].     [orders_in_system = 20]
2026-07-11 18:43:00 DEBUG: Order 20 arrived: items_required = [2527].     [orders_in_system = 21]
2026-07-11 18:43:00 DEBUG: Order 21 arrived: items_required = [2514, 2232].     [orders_in_system = 22]
2026-07-11 18:43:00 DEBUG: Order 22 arrived: items_required = [3239].     [orders_in_system = 23]
2026-07-11 18:43:00 DEBUG: Order 23 arrived: items_required = [412].     [orders_in_system = 24]
2026-07-11 18:43:00 DEBUG: Order 24 arrived: items_required = [1174].     [orders_in_system = 25]
2026-07-11 18:43:00 DEBUG: Order 25 arrived: items_required = [1870, 2358].     [orders_in_system = 26]
2026-07-11 18:43:00 DEBUG: Order 26 arrived: items_required = [1994].     [orders_in_system = 27]
2026-07-11 18:43:00 DEBUG: Order 27 arrived: items_required = [3368, 2262, 1798].     [orders_in_system = 28]
2026-07-11 18:43:00 DEBUG: Order 28 arrived: items_required = [3272, 901, 3388, 1926].     [orders_in_system = 29]
2026-07-11 18:43:00 DEBUG: Order 29 arrived: items_required = [2921, 2257, 1199, 2138].     [orders_in_system = 30]
2026-07-11 18:43:00 DEBUG: Order 30 arrived: items_required = [1115, 125].     [orders_in_system = 31]
2026-07-11 18:43:00 DEBUG: Order 31 arrived: items_required = [344].     [orders_in_system = 32]
2026-07-11 18:43:00 DEBUG: Order 32 arrived: items_required = [3815, 1547].     [orders_in_system = 33]
2026-07-11 18:43:00 DEBUG: Order 33 arrived: items_required = [349, 2358, 926].     [orders_in_system = 34]
2026-07-11 18:43:00 DEBUG: Order 34 arrived: items_required = [2401, 2510, 1154].     [orders_in_system = 35]
2026-07-11 18:43:00 DEBUG: Order 35 arrived: items_required = [2722].     [orders_in_system = 36]
2026-07-11 18:43:00 DEBUG: Order 36 arrived: items_required = [1197].     [orders_in_system = 37]
2026-07-11 18:43:00 DEBUG: Order 37 arrived: items_required = [3216, 2318].     [orders_in_system = 38]
2026-07-11 18:43:00 DEBUG: Order 38 arrived: items_required = [2090, 1955, 2732].     [orders_in_system = 39]
2026-07-11 18:43:00 DEBUG: Order 39 arrived: items_required = [3201].     [orders_in_system = 40]
2026-07-11 18:43:00 DEBUG: Order 40 arrived: items_required = [2489].     [orders_in_system = 41]
2026-07-11 18:43:00 DEBUG: Order 41 arrived: items_required = [2728, 2216].     [orders_in_system = 42]
2026-07-11 18:43:00 DEBUG: Order 42 arrived: items_required = [291, 503].     [orders_in_system = 43]
2026-07-11 18:43:00 DEBUG: Order 43 arrived: items_required = [1427, 2419].     [orders_in_system = 44]
2026-07-11 18:43:00 DEBUG: Order 44 arrived: items_required = [982].     [orders_in_system = 45]
2026-07-11 18:43:00 DEBUG: Order 45 arrived: items_required = [2342].     [orders_in_system = 46]
2026-07-11 18:43:00 DEBUG: Order 46 arrived: items_required = [731].     [orders_in_system = 47]
2026-07-11 18:43:00 DEBUG: Order 47 arrived: items_required = [2978, 1329].     [orders_in_system = 48]
2026-07-11 18:43:00 DEBUG: Order 48 arrived: items_required = [3093, 1839].     [orders_in_system = 49]
2026-07-11 18:43:00 DEBUG: Order 49 arrived: items_required = [3478, 1921].     [orders_in_system = 50]
2026-07-11 18:43:00 DEBUG: Order 50 arrived: items_required = [2916, 3284, 2112].     [orders_in_system = 51]
2026-07-11 18:43:00 DEBUG: Order 51 arrived: items_required = [1230, 2126].     [orders_in_system = 52]
2026-07-11 18:43:00 DEBUG: Order 52 arrived: items_required = [1188].     [orders_in_system = 53]
2026-07-11 18:43:00 DEBUG: Order 53 arrived: items_required = [3824, 2328, 1442, 2144].     [orders_in_system = 54]
2026-07-11 18:43:00 DEBUG: Order 54 arrived: items_required = [1472].     [orders_in_system = 55]
2026-07-11 18:43:00 DEBUG: Order 55 arrived: items_required = [2499, 1750].     [orders_in_system = 56]
2026-07-11 18:43:00 DEBUG: Order 56 arrived: items_required = [3326, 2059].     [orders_in_system = 57]
2026-07-11 18:43:00 DEBUG: Order 57 arrived: items_required = [913, 3603, 53, 2379].     [orders_in_system = 58]
2026-07-11 18:43:00 DEBUG: Order 58 arrived: items_required = [1295, 3538].     [orders_in_system = 59]
2026-07-11 18:43:00 DEBUG: Order 59 arrived: items_required = [2388, 2035].     [orders_in_system = 60]
2026-07-11 18:43:00 DEBUG: Order 60 arrived: items_required = [453].     [orders_in_system = 61]
2026-07-11 18:43:00 DEBUG: Order 61 arrived: items_required = [94, 1407, 3729].     [orders_in_system = 62]
2026-07-11 18:43:00 DEBUG: Order 62 arrived: items_required = [2600, 1589, 3265].     [orders_in_system = 63]
2026-07-11 18:43:00 DEBUG: Order 63 arrived: items_required = [88, 2062].     [orders_in_system = 64]
2026-07-11 18:43:00 DEBUG: Order 64 arrived: items_required = [2520, 1455, 768].     [orders_in_system = 65]
2026-07-11 18:43:00 DEBUG: Order 65 arrived: items_required = [3913].     [orders_in_system = 66]
2026-07-11 18:43:00 DEBUG: Order 66 arrived: items_required = [1748, 1371, 3517].     [orders_in_system = 67]
2026-07-11 18:43:00 DEBUG: Order 67 arrived: items_required = [1955, 2646].     [orders_in_system = 68]
2026-07-11 18:43:00 DEBUG: Order 68 arrived: items_required = [1474, 1947].     [orders_in_system = 69]
2026-07-11 18:43:00 DEBUG: Order 69 arrived: items_required = [1262].     [orders_in_system = 70]
2026-07-11 18:43:00 DEBUG: Order 70 arrived: items_required = [1096].     [orders_in_system = 71]
2026-07-11 18:43:00 DEBUG: Order 71 arrived: items_required = [3236, 2277, 1260].     [orders_in_system = 72]
2026-07-11 18:43:00 DEBUG: Order 72 arrived: items_required = [2586].     [orders_in_system = 73]
2026-07-11 18:43:00 DEBUG: Order 73 arrived: items_required = [1159].     [orders_in_system = 74]
2026-07-11 18:43:00 DEBUG: Order 74 arrived: items_required = [2401, 4023, 764].     [orders_in_system = 75]
2026-07-11 18:43:00 DEBUG: Order 75 arrived: items_required = [2083, 2779].     [orders_in_system = 76]
2026-07-11 18:43:00 DEBUG: Order 76 arrived: items_required = [2533].     [orders_in_system = 77]
2026-07-11 18:43:00 DEBUG: Order 77 arrived: items_required = [2096].     [orders_in_system = 78]
2026-07-11 18:43:00 DEBUG: Order 78 arrived: items_required = [652].     [orders_in_system = 79]
2026-07-11 18:43:00 DEBUG: Order 79 arrived: items_required = [220].     [orders_in_system = 80]
2026-07-11 18:43:00 DEBUG: Order 80 arrived: items_required = [3104].     [orders_in_system = 81]
2026-07-11 18:43:00 DEBUG: Order 81 arrived: items_required = [1031].     [orders_in_system = 82]
2026-07-11 18:43:00 DEBUG: Order 82 arrived: items_required = [3942].     [orders_in_system = 83]
2026-07-11 18:43:00 DEBUG: Order 83 arrived: items_required = [2358].     [orders_in_system = 84]
2026-07-11 18:43:00 DEBUG: Order 84 arrived: items_required = [2685, 2606].     [orders_in_system = 85]
2026-07-11 18:43:00 DEBUG: Order 85 arrived: items_required = [2310].     [orders_in_system = 86]
2026-07-11 18:43:00 DEBUG: Order 86 arrived: items_required = [2466].     [orders_in_system = 87]
2026-07-11 18:43:00 DEBUG: Order 87 arrived: items_required = [3331].     [orders_in_system = 88]
2026-07-11 18:43:00 DEBUG: Order 88 arrived: items_required = [2718].     [orders_in_system = 89]
2026-07-11 18:43:00 DEBUG: Order 89 arrived: items_required = [3821].     [orders_in_system = 90]
2026-07-11 18:43:00 DEBUG: Order 90 arrived: items_required = [3008, 2798, 2575].     [orders_in_system = 91]
2026-07-11 18:43:00 DEBUG: Order 91 arrived: items_required = [3580, 4014].     [orders_in_system = 92]
2026-07-11 18:43:00 DEBUG: Order 92 arrived: items_required = [1673].     [orders_in_system = 93]
2026-07-11 18:43:00 DEBUG: Order 93 arrived: items_required = [2625, 3349].     [orders_in_system = 94]
2026-07-11 18:43:00 DEBUG: Order 94 arrived: items_required = [3147].     [orders_in_system = 95]
2026-07-11 18:43:00 DEBUG: Order 95 arrived: items_required = [955].     [orders_in_system = 96]
2026-07-11 18:43:00 DEBUG: Order 96 arrived: items_required = [1577].     [orders_in_system = 97]
2026-07-11 18:43:00 DEBUG: Order 97 arrived: items_required = [2631, 2217].     [orders_in_system = 98]
2026-07-11 18:43:00 DEBUG: Order 98 arrived: items_required = [2324, 1044].     [orders_in_system = 99]
2026-07-11 18:43:00 DEBUG: Order 99 arrived: items_required = [2982].     [orders_in_system = 100]
2026-07-11 18:43:00 DEBUG:    EVENT NUM 2     current_time = 00:00:01   RUN_OPTIMIZER         [queue size = 1]
2026-07-11 18:43:00 INFO: Solving stage 1 ... 
2026-07-11 18:43:00 INFO: [ls_stage1] Building initial solution ...
2026-07-11 18:43:00 INFO: [ls_stage1] Initial objective = 172.3700
2026-07-11 18:43:00 WARNING: 
Variables size:
  shape x = (168, 300)
  shape y = (4, 300)
  shape z = (100, 4)
  constraints_satisfied = 201876

2026-07-11 18:43:02 INFO: [ls_stage1] Iter 1: IMPROVEMENT move=('swap', 76, 84) obj=170.0200
2026-07-11 18:43:03 INFO: [ls_stage1] Iter 2: IMPROVEMENT move=('swap', 7, 72) obj=167.7100
2026-07-11 18:43:04 INFO: [ls_stage1] Iter 3: IMPROVEMENT move=('swap', 1, 53) obj=166.3700
2026-07-11 18:43:06 INFO: [ls_stage1] Iter 4: IMPROVEMENT move=('swap', 67, 79) obj=163.9100
2026-07-11 18:43:07 INFO: [ls_stage1] Iter 5: IMPROVEMENT move=('swap', 14, 97) obj=162.6000
2026-07-11 18:43:09 INFO: [ls_stage1] Iter 6: IMPROVEMENT move=('swap', 5, 77) obj=161.2700
2026-07-11 18:43:10 INFO: [ls_stage1] Iter 7: IMPROVEMENT move=('swap', 41, 54) obj=160.0200
2026-07-11 18:43:12 INFO: [ls_stage1] Iter 8: IMPROVEMENT move=('swap', 15, 83) obj=157.6900
2026-07-11 18:43:13 INFO: [ls_stage1] Iter 9: IMPROVEMENT move=('swap', 37, 62) obj=156.4500
2026-07-11 18:43:15 INFO: [ls_stage1] Iter 10: IMPROVEMENT move=('repod', 15, 259) obj=156.2500
2026-07-11 18:43:16 INFO: [ls_stage1] Iter 11: IMPROVEMENT move=('repod', 19, 140) obj=156.0800
2026-07-11 18:43:18 INFO: [ls_stage1] Iter 12: IMPROVEMENT move=('repod', 1, 273) obj=154.8800
2026-07-11 18:43:19 INFO: [ls_stage1] Iter 13: IMPROVEMENT move=('swap', 56, 78) obj=154.7000
2026-07-11 18:43:20 INFO: [ls_stage1] Iter 14: IMPROVEMENT move=('repod', 124, 249) obj=153.4700
2026-07-11 18:43:22 INFO: [ls_stage1] Iter 15: IMPROVEMENT move=('swap', 47, 72) obj=152.2700
2026-07-11 18:43:23 INFO: [ls_stage1] Iter 16: IMPROVEMENT move=('swap', 19, 29) obj=152.1500
2026-07-11 18:43:25 INFO: [ls_stage1] Iter 17: IMPROVEMENT move=('swap', 64, 89) obj=152.0300
2026-07-11 18:43:26 INFO: [ls_stage1] Iter 18: IMPROVEMENT move=('repod', 128, 259) obj=151.8300
2026-07-11 18:43:28 INFO: [ls_stage1] Iter 19: IMPROVEMENT move=('repod', 44, 158) obj=151.7000
2026-07-11 18:43:29 INFO: [ls_stage1] Iter 20: IMPROVEMENT move=('swap', 29, 45) obj=150.5200
2026-07-11 18:43:31 INFO: [ls_stage1] Iter 21: IMPROVEMENT move=('repod', 77, 295) obj=150.3500
2026-07-11 18:43:32 INFO: [ls_stage1] Iter 22: IMPROVEMENT move=('repod', 99, 248) obj=150.2100
2026-07-11 18:43:34 INFO: [ls_stage1] Iter 23: IMPROVEMENT move=('repod', 145, 277) obj=150.1100
2026-07-11 18:43:35 INFO: [ls_stage1] Iter 24: IMPROVEMENT move=('repod', 74, 92) obj=148.8700
2026-07-11 18:43:37 INFO: [ls_stage1] Iter 25: IMPROVEMENT move=('repod', 50, 258) obj=148.8000
2026-07-11 18:43:38 INFO: [ls_stage1] Iter 26: IMPROVEMENT move=('repod', 45, 173) obj=147.6100
2026-07-11 18:43:39 INFO: [ls_stage1] Iter 27: IMPROVEMENT move=('swap', 10, 22) obj=147.4900
2026-07-11 18:43:41 INFO: [ls_stage1] Iter 28: IMPROVEMENT move=('repod', 102, 213) obj=147.3900
2026-07-11 18:43:42 INFO: [ls_stage1] Iter 29: IMPROVEMENT move=('repod', 158, 272) obj=147.2500
2026-07-11 18:43:44 INFO: [ls_stage1] Iter 30: IMPROVEMENT move=('swap', 40, 58) obj=146.1000
2026-07-11 18:43:45 INFO: [ls_stage1] Iter 31: IMPROVEMENT move=('repod', 103, 219) obj=146.0000
2026-07-11 18:43:47 INFO: [ls_stage1] Iter 32: IMPROVEMENT move=('swap', 32, 52) obj=145.8800
2026-07-11 18:43:48 INFO: [ls_stage1] Iter 33: IMPROVEMENT move=('swap', 20, 82) obj=145.8400
2026-07-11 18:43:50 INFO: [ls_stage1] Iter 34: IMPROVEMENT move=('repod', 27, 245) obj=145.7200
2026-07-11 18:43:51 INFO: [ls_stage1] Iter 35: IMPROVEMENT move=('swap', 15, 54) obj=145.6400
2026-07-11 18:43:53 INFO: [ls_stage1] Iter 36: PLATEAU move=('repod', 148, 292) obj=145.6400
2026-07-11 18:43:54 INFO: [ls_stage1] Iter 37: IMPROVEMENT move=('swap', 37, 95) obj=145.6000
2026-07-11 18:43:55 INFO: [ls_stage1] Iter 38: IMPROVEMENT move=('swap', 6, 60) obj=145.5600
2026-07-11 18:43:57 INFO: [ls_stage1] Iter 39: IMPROVEMENT move=('swap', 20, 66) obj=145.5200
2026-07-11 18:43:58 INFO: [ls_stage1] Iter 40: IMPROVEMENT move=('moveto', 82, 3) obj=145.5000
2026-07-11 18:44:00 INFO: [ls_stage1] Iter 41: IMPROVEMENT move=('repod', 4, 123) obj=145.4700
2026-07-11 18:44:01 INFO: [ls_stage1] Iter 42: IMPROVEMENT move=('repod', 150, 180) obj=145.3900
2026-07-11 18:44:03 INFO: [ls_stage1] Iter 43: IMPROVEMENT move=('swap', 23, 88) obj=144.1900
2026-07-11 18:44:04 INFO: [ls_stage1] Iter 44: IMPROVEMENT move=('repod', 46, 293) obj=143.1200
2026-07-11 18:44:06 INFO: [ls_stage1] Iter 45: IMPROVEMENT move=('moveto', 23, 3) obj=143.0800
2026-07-11 18:44:07 INFO: [ls_stage1] Iter 46: IMPROVEMENT move=('swap', 73, 86) obj=143.0400
2026-07-11 18:44:09 INFO: [ls_stage1] Iter 47: IMPROVEMENT move=('repod', 92, 146) obj=143.0000
2026-07-11 18:44:10 INFO: [ls_stage1] Iter 48: IMPROVEMENT move=('moveto', 52, 3) obj=142.9800
2026-07-11 18:44:12 INFO: [ls_stage1] Iter 49: IMPROVEMENT move=('moveto', 44, 3) obj=142.9400
2026-07-11 18:44:13 INFO: [ls_stage1] Iter 50: PLATEAU move=('swap', 27, 45) obj=142.9400
2026-07-11 18:44:14 INFO: [ls_stage1] Iter 51: PLATEAU move=('swap', 16, 48) obj=142.9400
2026-07-11 18:44:16 INFO: [ls_stage1] Iter 52: IMPROVEMENT move=('moveto', 87, 3) obj=142.9200
2026-07-11 18:44:17 INFO: [ls_stage1] Iter 53: IMPROVEMENT move=('moveto', 77, 3) obj=142.9000
2026-07-11 18:44:19 INFO: [ls_stage1] Iter 54: IMPROVEMENT move=('repod', 87, 291) obj=142.8800
2026-07-11 18:44:20 INFO: [ls_stage1] Iter 55: IMPROVEMENT move=('moveto', 31, 0) obj=142.8600
2026-07-11 18:44:22 INFO: [ls_stage1] Iter 56: PLATEAU move=('swap', 35, 81) obj=142.8600
2026-07-11 18:44:23 INFO: [ls_stage1] Iter 57: IMPROVEMENT move=('repod', 92, 97) obj=142.8300
2026-07-11 18:44:25 INFO: [ls_stage1] Iter 58: IMPROVEMENT move=('swap', 52, 69) obj=142.7900
2026-07-11 18:44:26 INFO: [ls_stage1] Iter 59: IMPROVEMENT move=('repod', 119, 249) obj=142.7200
2026-07-11 18:44:28 INFO: [ls_stage1] Iter 60: IMPROVEMENT move=('swap', 66, 86) obj=141.6100
2026-07-11 18:44:29 INFO: [ls_stage1] Iter 61: IMPROVEMENT move=('repod', 66, 159) obj=140.4200
2026-07-11 18:44:31 INFO: [ls_stage1] Iter 62: IMPROVEMENT move=('repod', 91, 153) obj=140.4000
2026-07-11 18:44:32 INFO: [ls_stage1] Iter 63: PLATEAU move=('swap', 44, 92) obj=140.4000
2026-07-11 18:44:33 INFO: [ls_stage1] Iter 64: PLATEAU move=('repod', 148, 292) obj=140.4000
2026-07-11 18:44:35 INFO: [ls_stage1] Iter 65: PLATEAU move=('repod', 71, 183) obj=140.4000
2026-07-11 18:44:36 INFO: [ls_stage1] Iter 66: PLATEAU move=('swap', 30, 40) obj=140.4000
2026-07-11 18:44:38 INFO: [ls_stage1] Iter 67: PLATEAU move=('swap', 25, 98) obj=140.4000
2026-07-11 18:44:39 INFO: [ls_stage1] Iter 68: PLATEAU move=('swap', 48, 86) obj=140.4000
2026-07-11 18:44:41 INFO: [ls_stage1] Iter 69: IMPROVEMENT move=('moveto', 95, 0) obj=140.3800
2026-07-11 18:44:42 INFO: [ls_stage1] Iter 70: PLATEAU move=('swap', 7, 55) obj=140.3800
2026-07-11 18:44:44 INFO: [ls_stage1] Iter 71: IMPROVEMENT move=('moveto', 52, 1) obj=140.3600
2026-07-11 18:44:45 INFO: [ls_stage1] Iter 72: IMPROVEMENT move=('repod', 158, 246) obj=140.3000
2026-07-11 18:44:47 INFO: [ls_stage1] Iter 73: PLATEAU move=('swap', 63, 93) obj=140.3000
2026-07-11 18:44:48 INFO: [ls_stage1] Iter 74: PLATEAU move=('swap', 69, 94) obj=140.3000
2026-07-11 18:44:50 INFO: [ls_stage1] Iter 75: IMPROVEMENT move=('repod', 94, 225) obj=140.2900
2026-07-11 18:44:51 INFO: [ls_stage1] Iter 76: PLATEAU move=('swap', 50, 61) obj=140.2900
2026-07-11 18:44:52 INFO: [ls_stage1] Iter 77: PLATEAU move=('swap', 10, 20) obj=140.2900
2026-07-11 18:44:54 INFO: [ls_stage1] Iter 78: PLATEAU move=('swap', 27, 49) obj=140.2900
2026-07-11 18:44:55 INFO: [ls_stage1] Iter 79: PLATEAU move=('swap', 36, 78) obj=140.2900
2026-07-11 18:44:57 INFO: [ls_stage1] Iter 80: PLATEAU move=('swap', 90, 95) obj=140.2900
2026-07-11 18:44:58 INFO: [ls_stage1] Iter 81: PLATEAU move=('swap', 13, 31) obj=140.2900
2026-07-11 18:45:00 INFO: [ls_stage1] Iter 82: PLATEAU move=('swap', 13, 60) obj=140.2900
2026-07-11 18:45:01 INFO: [ls_stage1] Iter 83: PLATEAU move=('swap', 13, 18) obj=140.2900
2026-07-11 18:45:03 INFO: [ls_stage1] Iter 84: PLATEAU move=('moveto', 22, 3) obj=140.2900
2026-07-11 18:45:04 INFO: [ls_stage1] Iter 85: PLATEAU move=('swap', 6, 25) obj=140.2900
2026-07-11 18:45:04 INFO: [ls_stage1] Converged after 10 iterations without imprevement.
2026-07-11 18:45:04 INFO: [ls_stage1] Final objective = 140.2900
2026-07-11 18:45:04 INFO: Stage 1 solved.
2026-07-11 18:45:04 INFO: Solving stage 2 ... 
2026-07-11 18:45:04 INFO: [ls_stage2] Building initial solution ...
2026-07-11 18:45:41 INFO: [ls_stage2] Feasible initial solution: obj = -12.2657
2026-07-11 18:45:41 WARNING: 
Variables size:
  x shape = (168, 100)
  f0 = (100, 100)
  g0 = (100, 100)
  v0 = (100, 100)
  y shape = (116, 261610)
  num constraints satisfied = 1509248

2026-07-11 18:46:19 INFO: [ls_stage2] Iter 1: improved move=('order', 28, -1) obj=-8.2657
