2026-07-11 18:43:26 INFO: Warehouse initialization | grid=25x24, physical=54x29, num_skus=9000, num_robots=30, num_ws=8
2026-07-11 18:43:27 INFO: Warehouse initialized | 600 pods  (average number of skus per pod = 20.88), 8 workstations, 30 robots
2026-07-11 18:43:27 INFO: [OptManager] Building time-space network ...
2026-07-11 18:43:29 INFO: [OptManager] Network ready: 60800 nodes, 914536 travelling arcs, 60192 idle arcs.
2026-07-11 18:43:29 INFO: 
=============================================
2026-07-11 18:43:29 INFO:   START SIMULATION  {TIME HORIZON = 01:00:00}
2026-07-11 18:43:29 DEBUG:    EVENT NUM 1     current_time = 00:00:00   ARRIVAL_ORDER         [queue size = 1]
2026-07-11 18:43:29 DEBUG: Order 0 arrived: items_required = [4006, 3316].     [orders_in_system = 1]
2026-07-11 18:43:29 DEBUG: Order 1 arrived: items_required = [5141, 2182].     [orders_in_system = 2]
2026-07-11 18:43:29 DEBUG: Order 2 arrived: items_required = [6839].     [orders_in_system = 3]
2026-07-11 18:43:29 DEBUG: Order 3 arrived: items_required = [4560].     [orders_in_system = 4]
2026-07-11 18:43:29 DEBUG: Order 4 arrived: items_required = [1153, 4367].     [orders_in_system = 5]
2026-07-11 18:43:29 DEBUG: Order 5 arrived: items_required = [7630, 1537, 3452, 3131].     [orders_in_system = 6]
2026-07-11 18:43:29 DEBUG: Order 6 arrived: items_required = [7287].     [orders_in_system = 7]
2026-07-11 18:43:29 DEBUG: Order 7 arrived: items_required = [5873, 7584].     [orders_in_system = 8]
2026-07-11 18:43:29 DEBUG: Order 8 arrived: items_required = [5218, 7288].     [orders_in_system = 9]
2026-07-11 18:43:29 DEBUG: Order 9 arrived: items_required = [8382].     [orders_in_system = 10]
2026-07-11 18:43:29 DEBUG: Order 10 arrived: items_required = [3364].     [orders_in_system = 11]
2026-07-11 18:43:29 DEBUG: Order 11 arrived: items_required = [7056].     [orders_in_system = 12]
2026-07-11 18:43:29 DEBUG: Order 12 arrived: items_required = [4125].     [orders_in_system = 13]
2026-07-11 18:43:29 DEBUG: Order 13 arrived: items_required = [6762].     [orders_in_system = 14]
2026-07-11 18:43:29 DEBUG: Order 14 arrived: items_required = [4053, 7304].     [orders_in_system = 15]
2026-07-11 18:43:29 DEBUG: Order 15 arrived: items_required = [6268].     [orders_in_system = 16]
2026-07-11 18:43:29 DEBUG: Order 16 arrived: items_required = [5324, 6578].     [orders_in_system = 17]
2026-07-11 18:43:29 DEBUG: Order 17 arrived: items_required = [6796].     [orders_in_system = 18]
2026-07-11 18:43:29 DEBUG: Order 18 arrived: items_required = [6450, 5842, 1712, 924].     [orders_in_system = 19]
2026-07-11 18:43:29 DEBUG: Order 19 arrived: items_required = [8094, 4551].     [orders_in_system = 20]
2026-07-11 18:43:29 DEBUG: Order 20 arrived: items_required = [7583].     [orders_in_system = 21]
2026-07-11 18:43:29 DEBUG: Order 21 arrived: items_required = [4194, 4957, 3997].     [orders_in_system = 22]
2026-07-11 18:43:29 DEBUG: Order 22 arrived: items_required = [2911].     [orders_in_system = 23]
2026-07-11 18:43:29 DEBUG: Order 23 arrived: items_required = [8941, 6790].     [orders_in_system = 24]
2026-07-11 18:43:29 DEBUG: Order 24 arrived: items_required = [7087, 3567].     [orders_in_system = 25]
2026-07-11 18:43:29 DEBUG: Order 25 arrived: items_required = [5177, 1080].     [orders_in_system = 26]
2026-07-11 18:43:29 DEBUG: Order 26 arrived: items_required = [792].     [orders_in_system = 27]
2026-07-11 18:43:29 DEBUG: Order 27 arrived: items_required = [3461, 4436].     [orders_in_system = 28]
2026-07-11 18:43:29 DEBUG: Order 28 arrived: items_required = [3422, 3764, 1500].     [orders_in_system = 29]
2026-07-11 18:43:29 DEBUG: Order 29 arrived: items_required = [3864].     [orders_in_system = 30]
2026-07-11 18:43:29 DEBUG: Order 30 arrived: items_required = [3205, 6154, 5233, 4781, 3635].     [orders_in_system = 31]
2026-07-11 18:43:29 DEBUG: Order 31 arrived: items_required = [5345].     [orders_in_system = 32]
2026-07-11 18:43:29 DEBUG: Order 32 arrived: items_required = [8528].     [orders_in_system = 33]
2026-07-11 18:43:29 DEBUG: Order 33 arrived: items_required = [7109, 4223].     [orders_in_system = 34]
2026-07-11 18:43:29 DEBUG: Order 34 arrived: items_required = [5741].     [orders_in_system = 35]
2026-07-11 18:43:29 DEBUG: Order 35 arrived: items_required = [4682].     [orders_in_system = 36]
2026-07-11 18:43:29 DEBUG: Order 36 arrived: items_required = [4696, 5324, 4313, 6037].     [orders_in_system = 37]
2026-07-11 18:43:29 DEBUG: Order 37 arrived: items_required = [6712].     [orders_in_system = 38]
2026-07-11 18:43:29 DEBUG: Order 38 arrived: items_required = [1646, 4418].     [orders_in_system = 39]
2026-07-11 18:43:29 DEBUG: Order 39 arrived: items_required = [3675, 8372, 4647].     [orders_in_system = 40]
2026-07-11 18:43:29 DEBUG: Order 40 arrived: items_required = [3216, 2758].     [orders_in_system = 41]
2026-07-11 18:43:29 DEBUG: Order 41 arrived: items_required = [4814].     [orders_in_system = 42]
2026-07-11 18:43:29 DEBUG: Order 42 arrived: items_required = [2308, 4618, 3491].     [orders_in_system = 43]
2026-07-11 18:43:29 DEBUG: Order 43 arrived: items_required = [3837, 5693].     [orders_in_system = 44]
2026-07-11 18:43:29 DEBUG: Order 44 arrived: items_required = [6142].     [orders_in_system = 45]
2026-07-11 18:43:29 DEBUG: Order 45 arrived: items_required = [4262].     [orders_in_system = 46]
2026-07-11 18:43:29 DEBUG: Order 46 arrived: items_required = [5057, 3655].     [orders_in_system = 47]
2026-07-11 18:43:29 DEBUG: Order 47 arrived: items_required = [4050].     [orders_in_system = 48]
2026-07-11 18:43:29 DEBUG: Order 48 arrived: items_required = [4262, 3362, 3092].     [orders_in_system = 49]
2026-07-11 18:43:29 DEBUG: Order 49 arrived: items_required = [3259].     [orders_in_system = 50]
2026-07-11 18:43:29 DEBUG: Order 50 arrived: items_required = [1859].     [orders_in_system = 51]
2026-07-11 18:43:29 DEBUG: Order 51 arrived: items_required = [2973, 3121, 5412, 1170, 5090].     [orders_in_system = 52]
2026-07-11 18:43:29 DEBUG: Order 52 arrived: items_required = [7476].     [orders_in_system = 53]
2026-07-11 18:43:29 DEBUG: Order 53 arrived: items_required = [8152, 4999].     [orders_in_system = 54]
2026-07-11 18:43:29 DEBUG: Order 54 arrived: items_required = [4237].     [orders_in_system = 55]
2026-07-11 18:43:29 DEBUG: Order 55 arrived: items_required = [2246].     [orders_in_system = 56]
2026-07-11 18:43:29 DEBUG: Order 56 arrived: items_required = [3346].     [orders_in_system = 57]
2026-07-11 18:43:29 DEBUG: Order 57 arrived: items_required = [5531, 6752].     [orders_in_system = 58]
2026-07-11 18:43:29 DEBUG: Order 58 arrived: items_required = [5040, 5628].     [orders_in_system = 59]
2026-07-11 18:43:29 DEBUG: Order 59 arrived: items_required = [4088, 4513, 1706].     [orders_in_system = 60]
2026-07-11 18:43:29 DEBUG: Order 60 arrived: items_required = [7271].     [orders_in_system = 61]
2026-07-11 18:43:29 DEBUG: Order 61 arrived: items_required = [5560, 3461].     [orders_in_system = 62]
2026-07-11 18:43:29 DEBUG: Order 62 arrived: items_required = [5307, 2965].     [orders_in_system = 63]
2026-07-11 18:43:29 DEBUG: Order 63 arrived: items_required = [5475].     [orders_in_system = 64]
2026-07-11 18:43:29 DEBUG: Order 64 arrived: items_required = [7343, 6950, 5151].     [orders_in_system = 65]
2026-07-11 18:43:29 DEBUG: Order 65 arrived: items_required = [4479].     [orders_in_system = 66]
2026-07-11 18:43:29 DEBUG: Order 66 arrived: items_required = [1747].     [orders_in_system = 67]
2026-07-11 18:43:29 DEBUG: Order 67 arrived: items_required = [4700, 4010].     [orders_in_system = 68]
2026-07-11 18:43:29 DEBUG: Order 68 arrived: items_required = [6637, 2574, 8462, 7070].     [orders_in_system = 69]
2026-07-11 18:43:29 DEBUG: Order 69 arrived: items_required = [5447].     [orders_in_system = 70]
2026-07-11 18:43:29 DEBUG: Order 70 arrived: items_required = [3064].     [orders_in_system = 71]
2026-07-11 18:43:29 DEBUG: Order 71 arrived: items_required = [4662, 1320].     [orders_in_system = 72]
2026-07-11 18:43:29 DEBUG: Order 72 arrived: items_required = [3696, 6329].     [orders_in_system = 73]
2026-07-11 18:43:29 DEBUG: Order 73 arrived: items_required = [4698].     [orders_in_system = 74]
2026-07-11 18:43:29 DEBUG: Order 74 arrived: items_required = [5648, 4617].     [orders_in_system = 75]
2026-07-11 18:43:29 DEBUG: Order 75 arrived: items_required = [5885].     [orders_in_system = 76]
2026-07-11 18:43:29 DEBUG: Order 76 arrived: items_required = [4118].     [orders_in_system = 77]
2026-07-11 18:43:29 DEBUG: Order 77 arrived: items_required = [3704, 4921].     [orders_in_system = 78]
2026-07-11 18:43:29 DEBUG: Order 78 arrived: items_required = [1222].     [orders_in_system = 79]
2026-07-11 18:43:29 DEBUG: Order 79 arrived: items_required = [1067].     [orders_in_system = 80]
2026-07-11 18:43:29 DEBUG: Order 80 arrived: items_required = [1049, 3282].     [orders_in_system = 81]
2026-07-11 18:43:29 DEBUG: Order 81 arrived: items_required = [4384].     [orders_in_system = 82]
2026-07-11 18:43:29 DEBUG: Order 82 arrived: items_required = [2363, 7918].     [orders_in_system = 83]
2026-07-11 18:43:29 DEBUG: Order 83 arrived: items_required = [4640, 5631].     [orders_in_system = 84]
2026-07-11 18:43:29 DEBUG: Order 84 arrived: items_required = [4677, 1785].     [orders_in_system = 85]
2026-07-11 18:43:29 DEBUG: Order 85 arrived: items_required = [4978].     [orders_in_system = 86]
2026-07-11 18:43:29 DEBUG: Order 86 arrived: items_required = [5999].     [orders_in_system = 87]
2026-07-11 18:43:29 DEBUG: Order 87 arrived: items_required = [3378].     [orders_in_system = 88]
2026-07-11 18:43:29 DEBUG: Order 88 arrived: items_required = [6234, 4884].     [orders_in_system = 89]
2026-07-11 18:43:29 DEBUG: Order 89 arrived: items_required = [4038].     [orders_in_system = 90]
2026-07-11 18:43:29 DEBUG: Order 90 arrived: items_required = [6323, 4323].     [orders_in_system = 91]
2026-07-11 18:43:29 DEBUG: Order 91 arrived: items_required = [4491, 5582, 4126].     [orders_in_system = 92]
2026-07-11 18:43:29 DEBUG: Order 92 arrived: items_required = [3586, 596, 4658].     [orders_in_system = 93]
2026-07-11 18:43:29 DEBUG: Order 93 arrived: items_required = [1694].     [orders_in_system = 94]
2026-07-11 18:43:29 DEBUG: Order 94 arrived: items_required = [3498].     [orders_in_system = 95]
2026-07-11 18:43:29 DEBUG: Order 95 arrived: items_required = [3167, 3430, 6438].     [orders_in_system = 96]
2026-07-11 18:43:29 DEBUG: Order 96 arrived: items_required = [7405, 5540].     [orders_in_system = 97]
2026-07-11 18:43:29 DEBUG: Order 97 arrived: items_required = [3645].     [orders_in_system = 98]
2026-07-11 18:43:29 DEBUG: Order 98 arrived: items_required = [4189].     [orders_in_system = 99]
2026-07-11 18:43:29 DEBUG: Order 99 arrived: items_required = [4131, 6217].     [orders_in_system = 100]
2026-07-11 18:43:29 DEBUG:    EVENT NUM 2     current_time = 00:00:01   RUN_OPTIMIZER         [queue size = 1]
2026-07-11 18:43:29 INFO: Solving stage 1 ... 
2026-07-11 18:43:29 INFO: [ls_stage1] Building initial solution ...
2026-07-11 18:43:29 INFO: [ls_stage1] Initial objective = 213.0700
2026-07-11 18:43:29 WARNING: 
Variables size:
  shape x = (175, 600)
  shape y = (8, 600)
  shape z = (100, 8)
  constraints_satisfied = 840291

2026-07-11 18:43:31 INFO: [ls_stage1] Iter 1: IMPROVEMENT move=('swap', 36, 46) obj=211.2100
2026-07-11 18:43:33 INFO: [ls_stage1] Iter 2: IMPROVEMENT move=('swap', 67, 78) obj=209.6400
2026-07-11 18:43:35 INFO: [ls_stage1] Iter 3: IMPROVEMENT move=('swap', 28, 44) obj=207.9900
2026-07-11 18:43:37 INFO: [ls_stage1] Iter 4: IMPROVEMENT move=('swap', 72, 91) obj=206.4800
2026-07-11 18:43:39 INFO: [ls_stage1] Iter 5: IMPROVEMENT move=('swap', 77, 93) obj=204.9100
2026-07-11 18:43:40 INFO: [ls_stage1] Iter 6: IMPROVEMENT move=('swap', 26, 48) obj=203.4100
2026-07-11 18:43:42 INFO: [ls_stage1] Iter 7: IMPROVEMENT move=('swap', 65, 94) obj=201.8600
2026-07-11 18:43:44 INFO: [ls_stage1] Iter 8: IMPROVEMENT move=('swap', 38, 80) obj=200.4600
2026-07-11 18:43:46 INFO: [ls_stage1] Iter 9: IMPROVEMENT move=('swap', 83, 91) obj=199.0900
2026-07-11 18:43:48 INFO: [ls_stage1] Iter 10: IMPROVEMENT move=('swap', 16, 79) obj=197.8300
2026-07-11 18:43:50 INFO: [ls_stage1] Iter 11: IMPROVEMENT move=('swap', 15, 97) obj=196.5800
2026-07-11 18:43:51 INFO: [ls_stage1] Iter 12: IMPROVEMENT move=('swap', 57, 74) obj=195.4100
2026-07-11 18:43:53 INFO: [ls_stage1] Iter 13: IMPROVEMENT move=('swap', 37, 89) obj=194.0800
2026-07-11 18:43:55 INFO: [ls_stage1] Iter 14: IMPROVEMENT move=('swap', 5, 58) obj=192.8400
2026-07-11 18:43:57 INFO: [ls_stage1] Iter 15: IMPROVEMENT move=('swap', 13, 34) obj=191.7100
2026-07-11 18:43:59 INFO: [ls_stage1] Iter 16: IMPROVEMENT move=('moveto', 74, 5) obj=190.4700
2026-07-11 18:44:01 INFO: [ls_stage1] Iter 17: IMPROVEMENT move=('swap', 10, 42) obj=189.9900
2026-07-11 18:44:02 INFO: [ls_stage1] Iter 18: IMPROVEMENT move=('moveto', 56, 5) obj=188.7200
2026-07-11 18:44:04 INFO: [ls_stage1] Iter 19: IMPROVEMENT move=('swap', 70, 82) obj=188.5000
2026-07-11 18:44:06 INFO: [ls_stage1] Iter 20: IMPROVEMENT move=('swap', 17, 52) obj=188.3000
2026-07-11 18:44:08 INFO: [ls_stage1] Iter 21: IMPROVEMENT move=('repod', 99, 360) obj=188.0700
2026-07-11 18:44:10 INFO: [ls_stage1] Iter 22: IMPROVEMENT move=('swap', 0, 64) obj=187.8100
2026-07-11 18:44:12 INFO: [ls_stage1] Iter 23: IMPROVEMENT move=('swap', 11, 86) obj=187.6100
2026-07-11 18:44:13 INFO: [ls_stage1] Iter 24: IMPROVEMENT move=('moveto', 47, 7) obj=187.4700
2026-07-11 18:44:15 INFO: [ls_stage1] Iter 25: IMPROVEMENT move=('repod', 52, 532) obj=187.2800
2026-07-11 18:44:17 INFO: [ls_stage1] Iter 26: IMPROVEMENT move=('repod', 112, 155) obj=187.1400
2026-07-11 18:44:19 INFO: [ls_stage1] Iter 27: IMPROVEMENT move=('swap', 35, 76) obj=186.9400
2026-07-11 18:44:21 INFO: [ls_stage1] Iter 28: IMPROVEMENT move=('repod', 51, 492) obj=186.7700
2026-07-11 18:44:22 INFO: [ls_stage1] Iter 29: IMPROVEMENT move=('moveto', 93, 5) obj=185.4900
2026-07-11 18:44:24 INFO: [ls_stage1] Iter 30: IMPROVEMENT move=('repod', 83, 496) obj=184.1300
2026-07-11 18:44:26 INFO: [ls_stage1] Iter 31: IMPROVEMENT move=('repod', 50, 489) obj=183.8900
2026-07-11 18:44:28 INFO: [ls_stage1] Iter 32: IMPROVEMENT move=('repod', 16, 489) obj=183.6400
2026-07-11 18:44:30 INFO: [ls_stage1] Iter 33: IMPROVEMENT move=('swap', 8, 79) obj=182.4500
2026-07-11 18:44:32 INFO: [ls_stage1] Iter 34: IMPROVEMENT move=('repod', 77, 360) obj=182.3100
2026-07-11 18:44:33 INFO: [ls_stage1] Iter 35: IMPROVEMENT move=('swap', 54, 82) obj=181.3700
2026-07-11 18:44:35 INFO: [ls_stage1] Iter 36: IMPROVEMENT move=('moveto', 98, 7) obj=181.2500
2026-07-11 18:44:37 INFO: [ls_stage1] Iter 37: IMPROVEMENT move=('swap', 75, 82) obj=181.0700
2026-07-11 18:44:39 INFO: [ls_stage1] Iter 38: IMPROVEMENT move=('repod', 142, 445) obj=180.8800
2026-07-11 18:44:41 INFO: [ls_stage1] Iter 39: IMPROVEMENT move=('swap', 7, 66) obj=180.7400
2026-07-11 18:44:43 INFO: [ls_stage1] Iter 40: IMPROVEMENT move=('swap', 83, 99) obj=180.6300
2026-07-11 18:44:44 INFO: [ls_stage1] Iter 41: IMPROVEMENT move=('repod', 113, 463) obj=180.4600
2026-07-11 18:44:46 INFO: [ls_stage1] Iter 42: IMPROVEMENT move=('repod', 25, 348) obj=180.2700
2026-07-11 18:44:48 INFO: [ls_stage1] Iter 43: IMPROVEMENT move=('moveto', 84, 6) obj=180.1900
2026-07-11 18:44:50 INFO: [ls_stage1] Iter 44: IMPROVEMENT move=('repod', 20, 411) obj=180.0300
2026-07-11 18:44:52 INFO: [ls_stage1] Iter 45: IMPROVEMENT move=('swap', 5, 23) obj=179.7300
2026-07-11 18:44:54 INFO: [ls_stage1] Iter 46: IMPROVEMENT move=('swap', 85, 97) obj=179.6500
2026-07-11 18:44:56 INFO: [ls_stage1] Iter 47: IMPROVEMENT move=('moveto', 80, 5) obj=178.4600
2026-07-11 18:44:57 INFO: [ls_stage1] Iter 48: IMPROVEMENT move=('swap', 49, 96) obj=178.3800
2026-07-11 18:44:59 INFO: [ls_stage1] Iter 49: IMPROVEMENT move=('repod', 36, 338) obj=178.2900
2026-07-11 18:45:01 INFO: [ls_stage1] Iter 50: IMPROVEMENT move=('repod', 37, 503) obj=178.1900
2026-07-11 18:45:03 INFO: [ls_stage1] Iter 51: IMPROVEMENT move=('repod', 159, 539) obj=178.0300
2026-07-11 18:45:05 INFO: [ls_stage1] Iter 52: IMPROVEMENT move=('swap', 11, 73) obj=176.9400
2026-07-11 18:45:07 INFO: [ls_stage1] Iter 53: IMPROVEMENT move=('swap', 12, 78) obj=176.8600
2026-07-11 18:45:08 INFO: [ls_stage1] Iter 54: IMPROVEMENT move=('repod', 151, 563) obj=176.7400
2026-07-11 18:45:10 INFO: [ls_stage1] Iter 55: IMPROVEMENT move=('moveto', 86, 4) obj=175.6300
2026-07-11 18:45:12 INFO: [ls_stage1] Iter 56: IMPROVEMENT move=('swap', 9, 20) obj=175.5900
2026-07-11 18:45:14 INFO: [ls_stage1] Iter 57: IMPROVEMENT move=('repod', 23, 335) obj=175.4700
2026-07-11 18:45:16 INFO: [ls_stage1] Iter 58: IMPROVEMENT move=('moveto', 82, 6) obj=175.3900
2026-07-11 18:45:18 INFO: [ls_stage1] Iter 59: IMPROVEMENT move=('repod', 136, 406) obj=175.3000
2026-07-11 18:45:19 INFO: [ls_stage1] Iter 60: IMPROVEMENT move=('swap', 87, 99) obj=175.2400
2026-07-11 18:45:21 INFO: [ls_stage1] Iter 61: IMPROVEMENT move=('swap', 7, 55) obj=175.1800
2026-07-11 18:45:23 INFO: [ls_stage1] Iter 62: IMPROVEMENT move=('repod', 155, 540) obj=175.0800
2026-07-11 18:45:25 INFO: [ls_stage1] Iter 63: IMPROVEMENT move=('swap', 76, 89) obj=174.0200
2026-07-11 18:45:27 INFO: [ls_stage1] Iter 64: IMPROVEMENT move=('moveto', 69, 1) obj=173.9800
2026-07-11 18:45:29 INFO: [ls_stage1] Iter 65: IMPROVEMENT move=('moveto', 82, 7) obj=173.9400
2026-07-11 18:45:31 INFO: [ls_stage1] Iter 66: IMPROVEMENT move=('moveto', 89, 5) obj=173.8600
2026-07-11 18:45:32 INFO: [ls_stage1] Iter 67: IMPROVEMENT move=('moveto', 32, 7) obj=173.8000
2026-07-11 18:45:34 INFO: [ls_stage1] Iter 68: IMPROVEMENT move=('moveto', 96, 0) obj=173.7600
2026-07-11 18:45:36 INFO: [ls_stage1] Iter 69: IMPROVEMENT move=('repod', 98, 362) obj=173.6900
2026-07-11 18:45:38 INFO: [ls_stage1] Iter 70: IMPROVEMENT move=('moveto', 41, 0) obj=173.6700
2026-07-11 18:45:40 INFO: [ls_stage1] Iter 71: IMPROVEMENT move=('repod', 132, 339) obj=173.5700
2026-07-11 18:45:42 INFO: [ls_stage1] Iter 72: IMPROVEMENT move=('repod', 55, 368) obj=173.5500
2026-07-11 18:45:43 INFO: [ls_stage1] Iter 73: IMPROVEMENT move=('swap', 84, 98) obj=173.5300
2026-07-11 18:45:45 INFO: [ls_stage1] Iter 74: IMPROVEMENT move=('swap', 20, 90) obj=173.4900
2026-07-11 18:45:47 INFO: [ls_stage1] Iter 75: IMPROVEMENT move=('swap', 14, 75) obj=173.4700
2026-07-11 18:45:49 INFO: [ls_stage1] Iter 76: IMPROVEMENT move=('moveto', 31, 6) obj=173.4100
2026-07-11 18:45:51 INFO: [ls_stage1] Iter 77: IMPROVEMENT move=('repod', 1, 208) obj=173.3400
2026-07-11 18:45:53 INFO: [ls_stage1] Iter 78: IMPROVEMENT move=('swap', 0, 75) obj=173.3200
2026-07-11 18:45:54 INFO: [ls_stage1] Iter 79: PLATEAU move=('swap', 47, 52) obj=173.3200
2026-07-11 18:45:56 INFO: [ls_stage1] Iter 80: IMPROVEMENT move=('repod', 29, 129) obj=173.2800
2026-07-11 18:45:58 INFO: [ls_stage1] Iter 81: IMPROVEMENT move=('moveto', 47, 7) obj=173.2600
2026-07-11 18:46:00 INFO: [ls_stage1] Iter 82: PLATEAU move=('swap', 6, 14) obj=173.2600
2026-07-11 18:46:02 INFO: [ls_stage1] Iter 83: IMPROVEMENT move=('moveto', 29, 7) obj=173.2400
2026-07-11 18:46:04 INFO: [ls_stage1] Iter 84: IMPROVEMENT move=('moveto', 97, 0) obj=173.2200
2026-07-11 18:46:06 INFO: [ls_stage1] Iter 85: IMPROVEMENT move=('moveto', 17, 0) obj=173.2000
2026-07-11 18:46:07 INFO: [ls_stage1] Iter 86: PLATEAU move=('swap', 44, 52) obj=173.2000
2026-07-11 18:46:09 INFO: [ls_stage1] Iter 87: IMPROVEMENT move=('moveto', 89, 7) obj=173.1800
2026-07-11 18:46:11 INFO: [ls_stage1] Iter 88: IMPROVEMENT move=('swap', 9, 89) obj=173.1600
2026-07-11 18:46:13 INFO: [ls_stage1] Iter 89: PLATEAU move=('repod', 43, 497) obj=173.1600
2026-07-11 18:46:15 INFO: [ls_stage1] Iter 90: IMPROVEMENT move=('moveto', 6, 0) obj=173.1400
2026-07-11 18:46:17 INFO: [ls_stage1] Iter 91: IMPROVEMENT move=('repod', 149, 346) obj=173.1200
2026-07-11 18:46:18 INFO: [ls_stage1] Iter 92: IMPROVEMENT move=('swap', 49, 70) obj=173.1000
2026-07-11 18:46:20 INFO: [ls_stage1] Iter 93: PLATEAU move=('moveto', 22, 1) obj=173.1000
2026-07-11 18:46:22 INFO: [ls_stage1] Iter 94: IMPROVEMENT move=('repod', 27, 504) obj=173.0400
