2026-07-11 18:42:59 INFO: Warehouse initialization | grid=25x24, physical=54x29, num_skus=9000, num_robots=30, num_ws=8
2026-07-11 18:42:59 INFO: Warehouse initialized | 600 pods  (average number of skus per pod = 20.93), 8 workstations, 30 robots
2026-07-11 18:42:59 INFO: [OptManager] Building time-space network ...
2026-07-11 18:43:02 INFO: [OptManager] Network ready: 60800 nodes, 914536 travelling arcs, 60192 idle arcs.
2026-07-11 18:43:02 INFO: 
=============================================
2026-07-11 18:43:02 INFO:   START SIMULATION  {TIME HORIZON = 01:00:00}
2026-07-11 18:43:02 DEBUG:    EVENT NUM 1     current_time = 00:00:00   ARRIVAL_ORDER         [queue size = 1]
2026-07-11 18:43:02 DEBUG: Order 0 arrived: items_required = [3878, 4026, 4355].     [orders_in_system = 1]
2026-07-11 18:43:02 DEBUG: Order 1 arrived: items_required = [5056, 3511, 6133].     [orders_in_system = 2]
2026-07-11 18:43:02 DEBUG: Order 2 arrived: items_required = [6505].     [orders_in_system = 3]
2026-07-11 18:43:02 DEBUG: Order 3 arrived: items_required = [7036].     [orders_in_system = 4]
2026-07-11 18:43:02 DEBUG: Order 4 arrived: items_required = [1460].     [orders_in_system = 5]
2026-07-11 18:43:02 DEBUG: Order 5 arrived: items_required = [4892, 1814, 3117].     [orders_in_system = 6]
2026-07-11 18:43:02 DEBUG: Order 6 arrived: items_required = [5982, 3230].     [orders_in_system = 7]
2026-07-11 18:43:02 DEBUG: Order 7 arrived: items_required = [1423, 1499, 4204, 3542].     [orders_in_system = 8]
2026-07-11 18:43:02 DEBUG: Order 8 arrived: items_required = [6449, 7644, 5904].     [orders_in_system = 9]
2026-07-11 18:43:02 DEBUG: Order 9 arrived: items_required = [6998].     [orders_in_system = 10]
2026-07-11 18:43:02 DEBUG: Order 10 arrived: items_required = [8399, 3628, 1746].     [orders_in_system = 11]
2026-07-11 18:43:02 DEBUG: Order 11 arrived: items_required = [6904, 4288].     [orders_in_system = 12]
2026-07-11 18:43:02 DEBUG: Order 12 arrived: items_required = [2676].     [orders_in_system = 13]
2026-07-11 18:43:02 DEBUG: Order 13 arrived: items_required = [5231, 3951, 4352].     [orders_in_system = 14]
2026-07-11 18:43:02 DEBUG: Order 14 arrived: items_required = [6119].     [orders_in_system = 15]
2026-07-11 18:43:02 DEBUG: Order 15 arrived: items_required = [3475, 4679].     [orders_in_system = 16]
2026-07-11 18:43:02 DEBUG: Order 16 arrived: items_required = [2340].     [orders_in_system = 17]
2026-07-11 18:43:02 DEBUG: Order 17 arrived: items_required = [4623, 3746].     [orders_in_system = 18]
2026-07-11 18:43:02 DEBUG: Order 18 arrived: items_required = [5737, 3038, 8067].     [orders_in_system = 19]
2026-07-11 18:43:02 DEBUG: Order 19 arrived: items_required = [5601].     [orders_in_system = 20]
2026-07-11 18:43:02 DEBUG: Order 20 arrived: items_required = [8484, 4023].     [orders_in_system = 21]
2026-07-11 18:43:02 DEBUG: Order 21 arrived: items_required = [564].     [orders_in_system = 22]
2026-07-11 18:43:02 DEBUG: Order 22 arrived: items_required = [3482].     [orders_in_system = 23]
2026-07-11 18:43:02 DEBUG: Order 23 arrived: items_required = [5210, 3074, 1064].     [orders_in_system = 24]
2026-07-11 18:43:02 DEBUG: Order 24 arrived: items_required = [4905].     [orders_in_system = 25]
2026-07-11 18:43:02 DEBUG: Order 25 arrived: items_required = [841].     [orders_in_system = 26]
2026-07-11 18:43:02 DEBUG: Order 26 arrived: items_required = [6121].     [orders_in_system = 27]
2026-07-11 18:43:02 DEBUG: Order 27 arrived: items_required = [2572, 7911, 2878, 3723].     [orders_in_system = 28]
2026-07-11 18:43:02 DEBUG: Order 28 arrived: items_required = [949, 7926].     [orders_in_system = 29]
2026-07-11 18:43:02 DEBUG: Order 29 arrived: items_required = [6407].     [orders_in_system = 30]
2026-07-11 18:43:02 DEBUG: Order 30 arrived: items_required = [7152, 5152, 875, 3306, 6289].     [orders_in_system = 31]
2026-07-11 18:43:02 DEBUG: Order 31 arrived: items_required = [4665, 1249].     [orders_in_system = 32]
2026-07-11 18:43:02 DEBUG: Order 32 arrived: items_required = [3633, 4149, 2591, 5564, 5903].     [orders_in_system = 33]
2026-07-11 18:43:02 DEBUG: Order 33 arrived: items_required = [3850].     [orders_in_system = 34]
2026-07-11 18:43:02 DEBUG: Order 34 arrived: items_required = [6444].     [orders_in_system = 35]
2026-07-11 18:43:02 DEBUG: Order 35 arrived: items_required = [8718].     [orders_in_system = 36]
2026-07-11 18:43:02 DEBUG: Order 36 arrived: items_required = [966, 6482, 4110].     [orders_in_system = 37]
2026-07-11 18:43:02 DEBUG: Order 37 arrived: items_required = [7855].     [orders_in_system = 38]
2026-07-11 18:43:02 DEBUG: Order 38 arrived: items_required = [582].     [orders_in_system = 39]
2026-07-11 18:43:02 DEBUG: Order 39 arrived: items_required = [7054, 1724].     [orders_in_system = 40]
2026-07-11 18:43:02 DEBUG: Order 40 arrived: items_required = [4824, 3876].     [orders_in_system = 41]
2026-07-11 18:43:02 DEBUG: Order 41 arrived: items_required = [4187, 2462, 6932].     [orders_in_system = 42]
2026-07-11 18:43:02 DEBUG: Order 42 arrived: items_required = [5579, 2604, 4062].     [orders_in_system = 43]
2026-07-11 18:43:02 DEBUG: Order 43 arrived: items_required = [3457].     [orders_in_system = 44]
2026-07-11 18:43:02 DEBUG: Order 44 arrived: items_required = [3283, 2461, 4333].     [orders_in_system = 45]
2026-07-11 18:43:02 DEBUG: Order 45 arrived: items_required = [5104, 6038].     [orders_in_system = 46]
2026-07-11 18:43:02 DEBUG: Order 46 arrived: items_required = [2753].     [orders_in_system = 47]
2026-07-11 18:43:02 DEBUG: Order 47 arrived: items_required = [2880, 4138].     [orders_in_system = 48]
2026-07-11 18:43:02 DEBUG: Order 48 arrived: items_required = [3675].     [orders_in_system = 49]
2026-07-11 18:43:02 DEBUG: Order 49 arrived: items_required = [8067].     [orders_in_system = 50]
2026-07-11 18:43:02 DEBUG: Order 50 arrived: items_required = [3233, 5970, 5243, 6083, 2105].     [orders_in_system = 51]
2026-07-11 18:43:02 DEBUG: Order 51 arrived: items_required = [1227].     [orders_in_system = 52]
2026-07-11 18:43:02 DEBUG: Order 52 arrived: items_required = [5113].     [orders_in_system = 53]
2026-07-11 18:43:02 DEBUG: Order 53 arrived: items_required = [7656, 3682].     [orders_in_system = 54]
2026-07-11 18:43:02 DEBUG: Order 54 arrived: items_required = [1584, 4453, 2449].     [orders_in_system = 55]
2026-07-11 18:43:02 DEBUG: Order 55 arrived: items_required = [2848, 5602, 6415, 4645].     [orders_in_system = 56]
2026-07-11 18:43:02 DEBUG: Order 56 arrived: items_required = [5157, 4829].     [orders_in_system = 57]
2026-07-11 18:43:02 DEBUG: Order 57 arrived: items_required = [5344].     [orders_in_system = 58]
2026-07-11 18:43:02 DEBUG: Order 58 arrived: items_required = [5973, 5612].     [orders_in_system = 59]
2026-07-11 18:43:02 DEBUG: Order 59 arrived: items_required = [2992, 3020, 7817].     [orders_in_system = 60]
2026-07-11 18:43:02 DEBUG: Order 60 arrived: items_required = [2038].     [orders_in_system = 61]
2026-07-11 18:43:02 DEBUG: Order 61 arrived: items_required = [4696].     [orders_in_system = 62]
2026-07-11 18:43:02 DEBUG: Order 62 arrived: items_required = [8316].     [orders_in_system = 63]
2026-07-11 18:43:02 DEBUG: Order 63 arrived: items_required = [6140, 4083].     [orders_in_system = 64]
2026-07-11 18:43:02 DEBUG: Order 64 arrived: items_required = [1251, 4570, 5293].     [orders_in_system = 65]
2026-07-11 18:43:02 DEBUG: Order 65 arrived: items_required = [5028].     [orders_in_system = 66]
2026-07-11 18:43:02 DEBUG: Order 66 arrived: items_required = [2582, 3661, 4531, 8875, 4850].     [orders_in_system = 67]
2026-07-11 18:43:02 DEBUG: Order 67 arrived: items_required = [4413].     [orders_in_system = 68]
2026-07-11 18:43:02 DEBUG: Order 68 arrived: items_required = [3047, 3812].     [orders_in_system = 69]
2026-07-11 18:43:02 DEBUG: Order 69 arrived: items_required = [4040].     [orders_in_system = 70]
2026-07-11 18:43:02 DEBUG: Order 70 arrived: items_required = [7687].     [orders_in_system = 71]
2026-07-11 18:43:02 DEBUG: Order 71 arrived: items_required = [1209].     [orders_in_system = 72]
2026-07-11 18:43:02 DEBUG: Order 72 arrived: items_required = [427, 3676, 2497].     [orders_in_system = 73]
2026-07-11 18:43:02 DEBUG: Order 73 arrived: items_required = [3516, 6770, 3264, 4889, 4929].     [orders_in_system = 74]
2026-07-11 18:43:02 DEBUG: Order 74 arrived: items_required = [3842, 5529, 4260, 2555, 4706].     [orders_in_system = 75]
2026-07-11 18:43:02 DEBUG: Order 75 arrived: items_required = [2513, 3060].     [orders_in_system = 76]
2026-07-11 18:43:02 DEBUG: Order 76 arrived: items_required = [7771, 1640, 4804].     [orders_in_system = 77]
2026-07-11 18:43:02 DEBUG: Order 77 arrived: items_required = [4877].     [orders_in_system = 78]
2026-07-11 18:43:02 DEBUG: Order 78 arrived: items_required = [2567, 4820, 2996, 3066].     [orders_in_system = 79]
2026-07-11 18:43:02 DEBUG: Order 79 arrived: items_required = [2746].     [orders_in_system = 80]
2026-07-11 18:43:02 DEBUG: Order 80 arrived: items_required = [8334].     [orders_in_system = 81]
2026-07-11 18:43:02 DEBUG: Order 81 arrived: items_required = [1045, 2050, 6447, 2241, 5227, 2851].     [orders_in_system = 82]
2026-07-11 18:43:02 DEBUG: Order 82 arrived: items_required = [8285].     [orders_in_system = 83]
2026-07-11 18:43:02 DEBUG: Order 83 arrived: items_required = [2814, 5867].     [orders_in_system = 84]
2026-07-11 18:43:02 DEBUG: Order 84 arrived: items_required = [5198, 5392].     [orders_in_system = 85]
2026-07-11 18:43:02 DEBUG: Order 85 arrived: items_required = [2872].     [orders_in_system = 86]
2026-07-11 18:43:02 DEBUG: Order 86 arrived: items_required = [5800, 3934, 6552].     [orders_in_system = 87]
2026-07-11 18:43:02 DEBUG: Order 87 arrived: items_required = [3392, 7889].     [orders_in_system = 88]
2026-07-11 18:43:02 DEBUG: Order 88 arrived: items_required = [5237, 1425, 3647].     [orders_in_system = 89]
2026-07-11 18:43:02 DEBUG: Order 89 arrived: items_required = [6133].     [orders_in_system = 90]
2026-07-11 18:43:02 DEBUG: Order 90 arrived: items_required = [3603, 2401].     [orders_in_system = 91]
2026-07-11 18:43:02 DEBUG: Order 91 arrived: items_required = [6292, 3332, 4840].     [orders_in_system = 92]
2026-07-11 18:43:02 DEBUG: Order 92 arrived: items_required = [2180].     [orders_in_system = 93]
2026-07-11 18:43:02 DEBUG: Order 93 arrived: items_required = [1250, 4480].     [orders_in_system = 94]
2026-07-11 18:43:02 DEBUG: Order 94 arrived: items_required = [7815, 3985, 4949].     [orders_in_system = 95]
2026-07-11 18:43:02 DEBUG: Order 95 arrived: items_required = [8404, 1041].     [orders_in_system = 96]
2026-07-11 18:43:02 DEBUG: Order 96 arrived: items_required = [2533, 1913].     [orders_in_system = 97]
2026-07-11 18:43:02 DEBUG: Order 97 arrived: items_required = [6435, 1051, 4094].     [orders_in_system = 98]
2026-07-11 18:43:02 DEBUG: Order 98 arrived: items_required = [5805, 3984].     [orders_in_system = 99]
2026-07-11 18:43:02 DEBUG: Order 99 arrived: items_required = [7237, 4867, 3639].     [orders_in_system = 100]
2026-07-11 18:43:02 DEBUG:    EVENT NUM 2     current_time = 00:00:01   RUN_OPTIMIZER         [queue size = 1]
2026-07-11 18:43:02 INFO: Solving stage 1 ... 
2026-07-11 18:43:02 INFO: [ls_stage1] Building initial solution ...
2026-07-11 18:43:02 INFO: [ls_stage1] Initial objective = 256.8300
2026-07-11 18:43:02 WARNING: 
Variables size:
  shape x = (212, 600)
  shape y = (8, 600)
  shape z = (100, 8)
  constraints_satisfied = 1017928

2026-07-11 18:43:05 INFO: [ls_stage1] Iter 1: IMPROVEMENT move=('swap', 8, 28) obj=254.8100
2026-07-11 18:43:07 INFO: [ls_stage1] Iter 2: IMPROVEMENT move=('swap', 64, 91) obj=252.1400
2026-07-11 18:43:09 INFO: [ls_stage1] Iter 3: IMPROVEMENT move=('swap', 74, 76) obj=250.4200
2026-07-11 18:43:12 INFO: [ls_stage1] Iter 4: IMPROVEMENT move=('swap', 64, 88) obj=247.7400
2026-07-11 18:43:14 INFO: [ls_stage1] Iter 5: IMPROVEMENT move=('swap', 3, 6) obj=246.1900
2026-07-11 18:43:17 INFO: [ls_stage1] Iter 6: IMPROVEMENT move=('swap', 2, 62) obj=244.7300
2026-07-11 18:43:19 INFO: [ls_stage1] Iter 7: IMPROVEMENT move=('swap', 16, 94) obj=243.2800
2026-07-11 18:43:21 INFO: [ls_stage1] Iter 8: IMPROVEMENT move=('swap', 5, 93) obj=241.9300
2026-07-11 18:43:24 INFO: [ls_stage1] Iter 9: IMPROVEMENT move=('swap', 34, 69) obj=240.5900
2026-07-11 18:43:26 INFO: [ls_stage1] Iter 10: IMPROVEMENT move=('swap', 10, 50) obj=238.8800
2026-07-11 18:43:29 INFO: [ls_stage1] Iter 11: IMPROVEMENT move=('swap', 29, 36) obj=237.4400
2026-07-11 18:43:31 INFO: [ls_stage1] Iter 12: IMPROVEMENT move=('moveto', 67, 7) obj=236.1300
2026-07-11 18:43:33 INFO: [ls_stage1] Iter 13: IMPROVEMENT move=('swap', 7, 98) obj=234.7800
2026-07-11 18:43:36 INFO: [ls_stage1] Iter 14: IMPROVEMENT move=('swap', 41, 59) obj=233.5100
2026-07-11 18:43:38 INFO: [ls_stage1] Iter 15: IMPROVEMENT move=('swap', 25, 67) obj=232.2400
2026-07-11 18:43:41 INFO: [ls_stage1] Iter 16: IMPROVEMENT move=('swap', 20, 53) obj=231.1300
2026-07-11 18:43:43 INFO: [ls_stage1] Iter 17: IMPROVEMENT move=('swap', 72, 87) obj=229.8800
2026-07-11 18:43:45 INFO: [ls_stage1] Iter 18: IMPROVEMENT move=('repod', 175, 139) obj=229.6600
2026-07-11 18:43:48 INFO: [ls_stage1] Iter 19: IMPROVEMENT move=('swap', 14, 17) obj=229.4000
2026-07-11 18:43:50 INFO: [ls_stage1] Iter 20: IMPROVEMENT move=('swap', 38, 65) obj=229.1600
2026-07-11 18:43:52 INFO: [ls_stage1] Iter 21: IMPROVEMENT move=('repod', 150, 338) obj=228.8800
2026-07-11 18:43:55 INFO: [ls_stage1] Iter 22: IMPROVEMENT move=('repod', 183, 211) obj=228.6500
2026-07-11 18:43:57 INFO: [ls_stage1] Iter 23: IMPROVEMENT move=('repod', 81, 564) obj=228.3500
2026-07-11 18:44:00 INFO: [ls_stage1] Iter 24: IMPROVEMENT move=('swap', 33, 79) obj=228.1500
2026-07-11 18:44:02 INFO: [ls_stage1] Iter 25: IMPROVEMENT move=('repod', 67, 517) obj=227.9800
2026-07-11 18:44:04 INFO: [ls_stage1] Iter 26: IMPROVEMENT move=('repod', 175, 536) obj=227.8100
2026-07-11 18:44:07 INFO: [ls_stage1] Iter 27: IMPROVEMENT move=('repod', 21, 409) obj=227.5000
2026-07-11 18:44:09 INFO: [ls_stage1] Iter 28: IMPROVEMENT move=('swap', 31, 57) obj=227.3200
2026-07-11 18:44:11 INFO: [ls_stage1] Iter 29: IMPROVEMENT move=('repod', 156, 517) obj=226.0000
2026-07-11 18:44:14 INFO: [ls_stage1] Iter 30: IMPROVEMENT move=('swap', 20, 76) obj=225.8800
2026-07-11 18:44:16 INFO: [ls_stage1] Iter 31: IMPROVEMENT move=('repod', 44, 110) obj=224.5700
2026-07-11 18:44:18 INFO: [ls_stage1] Iter 32: IMPROVEMENT move=('repod', 80, 206) obj=224.4000
2026-07-11 18:44:21 INFO: [ls_stage1] Iter 33: IMPROVEMENT move=('repod', 40, 388) obj=224.1800
2026-07-11 18:44:23 INFO: [ls_stage1] Iter 34: IMPROVEMENT move=('repod', 42, 515) obj=223.9600
2026-07-11 18:44:26 INFO: [ls_stage1] Iter 35: IMPROVEMENT move=('repod', 180, 444) obj=223.6900
2026-07-11 18:44:28 INFO: [ls_stage1] Iter 36: IMPROVEMENT move=('swap', 5, 40) obj=222.4500
2026-07-11 18:44:30 INFO: [ls_stage1] Iter 37: IMPROVEMENT move=('moveto', 19, 5) obj=221.2700
2026-07-11 18:44:33 INFO: [ls_stage1] Iter 38: IMPROVEMENT move=('moveto', 20, 7) obj=221.0900
2026-07-11 18:44:35 INFO: [ls_stage1] Iter 39: IMPROVEMENT move=('moveto', 71, 6) obj=220.9700
2026-07-11 18:44:37 INFO: [ls_stage1] Iter 40: IMPROVEMENT move=('repod', 6, 595) obj=220.6900
2026-07-11 18:44:40 INFO: [ls_stage1] Iter 41: IMPROVEMENT move=('repod', 138, 542) obj=220.5300
2026-07-11 18:44:42 INFO: [ls_stage1] Iter 42: IMPROVEMENT move=('repod', 9, 58) obj=220.3700
2026-07-11 18:44:45 INFO: [ls_stage1] Iter 43: IMPROVEMENT move=('repod', 23, 363) obj=220.2200
2026-07-11 18:44:47 INFO: [ls_stage1] Iter 44: IMPROVEMENT move=('repod', 182, 194) obj=220.0700
2026-07-11 18:44:49 INFO: [ls_stage1] Iter 45: IMPROVEMENT move=('swap', 37, 85) obj=219.9700
2026-07-11 18:44:52 INFO: [ls_stage1] Iter 46: IMPROVEMENT move=('repod', 120, 563) obj=219.8200
2026-07-11 18:44:54 INFO: [ls_stage1] Iter 47: IMPROVEMENT move=('repod', 107, 406) obj=219.6900
2026-07-11 18:44:57 INFO: [ls_stage1] Iter 48: IMPROVEMENT move=('swap', 25, 59) obj=219.4500
2026-07-11 18:44:59 INFO: [ls_stage1] Iter 49: IMPROVEMENT move=('repod', 53, 504) obj=219.2900
2026-07-11 18:45:01 INFO: [ls_stage1] Iter 50: IMPROVEMENT move=('swap', 26, 95) obj=219.1700
2026-07-11 18:45:04 INFO: [ls_stage1] Iter 51: IMPROVEMENT move=('repod', 33, 566) obj=218.9700
2026-07-11 18:45:06 INFO: [ls_stage1] Iter 52: IMPROVEMENT move=('repod', 97, 266) obj=218.8200
2026-07-11 18:45:09 INFO: [ls_stage1] Iter 53: IMPROVEMENT move=('repod', 162, 535) obj=218.6400
2026-07-11 18:45:11 INFO: [ls_stage1] Iter 54: IMPROVEMENT move=('repod', 35, 560) obj=218.5400
2026-07-11 18:45:13 INFO: [ls_stage1] Iter 55: IMPROVEMENT move=('moveto', 17, 2) obj=218.4600
2026-07-11 18:45:16 INFO: [ls_stage1] Iter 56: IMPROVEMENT move=('swap', 48, 65) obj=217.2600
2026-07-11 18:45:18 INFO: [ls_stage1] Iter 57: IMPROVEMENT move=('moveto', 60, 6) obj=217.2000
2026-07-11 18:45:20 INFO: [ls_stage1] Iter 58: IMPROVEMENT move=('repod', 9, 549) obj=217.1300
2026-07-11 18:45:23 INFO: [ls_stage1] Iter 59: IMPROVEMENT move=('repod', 107, 287) obj=217.0600
2026-07-11 18:45:25 INFO: [ls_stage1] Iter 60: IMPROVEMENT move=('swap', 69, 79) obj=216.9800
2026-07-11 18:45:28 INFO: [ls_stage1] Iter 61: IMPROVEMENT move=('repod', 171, 588) obj=216.8500
2026-07-11 18:45:30 INFO: [ls_stage1] Iter 62: IMPROVEMENT move=('swap', 25, 68) obj=216.7900
2026-07-11 18:45:32 INFO: [ls_stage1] Iter 63: IMPROVEMENT move=('moveto', 37, 4) obj=216.7300
2026-07-11 18:45:35 INFO: [ls_stage1] Iter 64: IMPROVEMENT move=('moveto', 82, 7) obj=216.6300
2026-07-11 18:45:37 INFO: [ls_stage1] Iter 65: IMPROVEMENT move=('swap', 42, 54) obj=216.5700
2026-07-11 18:45:39 INFO: [ls_stage1] Iter 66: IMPROVEMENT move=('swap', 39, 65) obj=216.5100
2026-07-11 18:45:42 INFO: [ls_stage1] Iter 67: IMPROVEMENT move=('swap', 3, 13) obj=216.4500
2026-07-11 18:45:44 INFO: [ls_stage1] Iter 68: IMPROVEMENT move=('moveto', 52, 6) obj=216.3700
2026-07-11 18:45:47 INFO: [ls_stage1] Iter 69: IMPROVEMENT move=('repod', 102, 415) obj=216.3000
2026-07-11 18:45:49 INFO: [ls_stage1] Iter 70: IMPROVEMENT move=('moveto', 2, 5) obj=216.2600
2026-07-11 18:45:51 INFO: [ls_stage1] Iter 71: IMPROVEMENT move=('swap', 86, 95) obj=216.2400
2026-07-11 18:45:54 INFO: [ls_stage1] Iter 72: IMPROVEMENT move=('swap', 5, 72) obj=216.2000
2026-07-11 18:45:56 INFO: [ls_stage1] Iter 73: IMPROVEMENT move=('repod', 143, 473) obj=216.0900
2026-07-11 18:45:58 INFO: [ls_stage1] Iter 74: IMPROVEMENT move=('repod', 160, 452) obj=216.0100
2026-07-11 18:46:01 INFO: [ls_stage1] Iter 75: IMPROVEMENT move=('moveto', 2, 7) obj=215.9700
2026-07-11 18:46:03 INFO: [ls_stage1] Iter 76: IMPROVEMENT move=('swap', 9, 35) obj=215.9100
2026-07-11 18:46:06 INFO: [ls_stage1] Iter 77: IMPROVEMENT move=('repod', 183, 458) obj=215.8600
2026-07-11 18:46:08 INFO: [ls_stage1] Iter 78: IMPROVEMENT move=('swap', 24, 77) obj=215.8400
2026-07-11 18:46:10 INFO: [ls_stage1] Iter 79: PLATEAU move=('swap', 14, 95) obj=215.8400
2026-07-11 18:46:13 INFO: [ls_stage1] Iter 80: PLATEAU move=('swap', 13, 67) obj=215.8400
2026-07-11 18:46:15 INFO: [ls_stage1] Iter 81: IMPROVEMENT move=('repod', 159, 283) obj=215.7900
2026-07-11 18:46:17 INFO: [ls_stage1] Iter 82: IMPROVEMENT move=('swap', 59, 72) obj=215.7100
2026-07-11 18:46:20 INFO: [ls_stage1] Iter 83: IMPROVEMENT move=('swap', 13, 76) obj=214.6400
