2026-09-02 15:29:36 INFO: Warehouse initialization | grid=30x30, physical=63x35, num_skus=10000, num_robots=40, num_ws=9
2026-09-02 15:29:36 INFO: Warehouse initialized | 900 pods  (average number of skus per pod = 30.00), 9 workstations, 40 robots
2026-09-02 15:29:36 INFO: [OptManager] Building time-space network ...
2026-09-02 15:29:39 INFO: [OptManager] Network ready: 45450 nodes, 743152 travelling arcs, 44541 idle arcs.
2026-09-02 15:29:39 INFO: 
=============================================
2026-09-02 15:29:39 INFO:   START SIMULATION  {TIME HORIZON = 01:00:00}
2026-09-02 15:29:39 DEBUG:    EVENT NUM 1     current_time = 00:00:00   ARRIVAL_ORDER         [queue size = 1]
2026-09-02 15:29:39 DEBUG: Order 0 arrived: items_required = [4741, 1936].     [orders_in_system = 1]
2026-09-02 15:29:39 DEBUG: Order 1 arrived: items_required = [3277].     [orders_in_system = 2]
2026-09-02 15:29:39 DEBUG: Order 2 arrived: items_required = [4316, 4304, 4835, 5070, 6281].     [orders_in_system = 3]
2026-09-02 15:29:39 DEBUG: Order 3 arrived: items_required = [5784].     [orders_in_system = 4]
2026-09-02 15:29:39 DEBUG: Order 4 arrived: items_required = [4661, 5428].     [orders_in_system = 5]
2026-09-02 15:29:39 DEBUG: Order 5 arrived: items_required = [3875, 5120, 4889, 6005].     [orders_in_system = 6]
2026-09-02 15:29:39 DEBUG: Order 6 arrived: items_required = [7091, 3721].     [orders_in_system = 7]
2026-09-02 15:29:39 DEBUG: Order 7 arrived: items_required = [5090].     [orders_in_system = 8]
2026-09-02 15:29:39 DEBUG: Order 8 arrived: items_required = [5297, 7996].     [orders_in_system = 9]
2026-09-02 15:29:39 DEBUG: Order 9 arrived: items_required = [6366, 4890, 5933, 6377, 4810, 4198].     [orders_in_system = 10]
2026-09-02 15:29:39 DEBUG: Order 10 arrived: items_required = [7103, 4861, 1641].     [orders_in_system = 11]
2026-09-02 15:29:39 DEBUG: Order 11 arrived: items_required = [6646].     [orders_in_system = 12]
2026-09-02 15:29:39 DEBUG: Order 12 arrived: items_required = [6750].     [orders_in_system = 13]
2026-09-02 15:29:39 DEBUG: Order 13 arrived: items_required = [4450].     [orders_in_system = 14]
2026-09-02 15:29:39 DEBUG: Order 14 arrived: items_required = [4512, 3845].     [orders_in_system = 15]
2026-09-02 15:29:39 DEBUG: Order 15 arrived: items_required = [4207, 5409, 4270, 5859].     [orders_in_system = 16]
2026-09-02 15:29:39 DEBUG: Order 16 arrived: items_required = [4381, 4021, 6553, 2762, 6290, 5890].     [orders_in_system = 17]
2026-09-02 15:29:39 DEBUG: Order 17 arrived: items_required = [3015, 6020, 4320].     [orders_in_system = 18]
2026-09-02 15:29:39 DEBUG: Order 18 arrived: items_required = [5829, 4361].     [orders_in_system = 19]
2026-09-02 15:29:39 DEBUG: Order 19 arrived: items_required = [4415, 7413, 7062].     [orders_in_system = 20]
2026-09-02 15:29:39 DEBUG: Order 20 arrived: items_required = [5726, 7022, 4878].     [orders_in_system = 21]
2026-09-02 15:29:39 DEBUG: Order 21 arrived: items_required = [4031, 1501, 7410].     [orders_in_system = 22]
2026-09-02 15:29:39 DEBUG: Order 22 arrived: items_required = [7017].     [orders_in_system = 23]
2026-09-02 15:29:39 DEBUG: Order 23 arrived: items_required = [4037].     [orders_in_system = 24]
2026-09-02 15:29:39 DEBUG: Order 24 arrived: items_required = [5401, 5748, 4922, 4903, 3782, 4579, 6193, 6349].     [orders_in_system = 25]
2026-09-02 15:29:39 DEBUG: Order 25 arrived: items_required = [5918].     [orders_in_system = 26]
2026-09-02 15:29:39 DEBUG: Order 26 arrived: items_required = [3013, 6998].     [orders_in_system = 27]
2026-09-02 15:29:39 DEBUG: Order 27 arrived: items_required = [4783].     [orders_in_system = 28]
2026-09-02 15:29:39 DEBUG: Order 28 arrived: items_required = [5370, 2429].     [orders_in_system = 29]
2026-09-02 15:29:39 DEBUG: Order 29 arrived: items_required = [3983].     [orders_in_system = 30]
2026-09-02 15:29:39 DEBUG: Order 30 arrived: items_required = [4438, 5250].     [orders_in_system = 31]
2026-09-02 15:29:39 DEBUG: Order 31 arrived: items_required = [7801].     [orders_in_system = 32]
2026-09-02 15:29:39 DEBUG: Order 32 arrived: items_required = [7179, 6229].     [orders_in_system = 33]
2026-09-02 15:29:39 DEBUG: Order 33 arrived: items_required = [5004, 2954].     [orders_in_system = 34]
2026-09-02 15:29:39 DEBUG: Order 34 arrived: items_required = [4460].     [orders_in_system = 35]
2026-09-02 15:29:39 DEBUG: Order 35 arrived: items_required = [3910, 6510, 1760, 4694].     [orders_in_system = 36]
2026-09-02 15:29:39 DEBUG: Order 36 arrived: items_required = [5224, 4354].     [orders_in_system = 37]
2026-09-02 15:29:39 DEBUG: Order 37 arrived: items_required = [5669, 2929, 3392].     [orders_in_system = 38]
2026-09-02 15:29:39 DEBUG: Order 38 arrived: items_required = [4057, 3486, 4637].     [orders_in_system = 39]
2026-09-02 15:29:39 DEBUG: Order 39 arrived: items_required = [4020].     [orders_in_system = 40]
2026-09-02 15:29:39 DEBUG: Order 40 arrived: items_required = [5480, 5872].     [orders_in_system = 41]
2026-09-02 15:29:39 DEBUG: Order 41 arrived: items_required = [4494].     [orders_in_system = 42]
2026-09-02 15:29:39 DEBUG: Order 42 arrived: items_required = [5973].     [orders_in_system = 43]
2026-09-02 15:29:39 DEBUG: Order 43 arrived: items_required = [4537].     [orders_in_system = 44]
2026-09-02 15:29:39 DEBUG: Order 44 arrived: items_required = [4907, 3260].     [orders_in_system = 45]
2026-09-02 15:29:39 DEBUG: Order 45 arrived: items_required = [4703, 5088, 4934].     [orders_in_system = 46]
2026-09-02 15:29:39 DEBUG: Order 46 arrived: items_required = [2855, 6851, 3848].     [orders_in_system = 47]
2026-09-02 15:29:39 DEBUG: Order 47 arrived: items_required = [5902, 3900].     [orders_in_system = 48]
2026-09-02 15:29:39 DEBUG: Order 48 arrived: items_required = [4321, 5417, 6961, 6016, 6338].     [orders_in_system = 49]
2026-09-02 15:29:39 DEBUG: Order 49 arrived: items_required = [3624, 4945, 5513].     [orders_in_system = 50]
2026-09-02 15:29:39 DEBUG: Order 50 arrived: items_required = [4526, 5302, 4434].     [orders_in_system = 51]
2026-09-02 15:29:39 DEBUG: Order 51 arrived: items_required = [4329, 3512].     [orders_in_system = 52]
2026-09-02 15:29:39 DEBUG: Order 52 arrived: items_required = [3586, 4311].     [orders_in_system = 53]
2026-09-02 15:29:39 DEBUG: Order 53 arrived: items_required = [3697].     [orders_in_system = 54]
2026-09-02 15:29:39 DEBUG: Order 54 arrived: items_required = [7309, 4286, 2596, 3134, 5634, 4574].     [orders_in_system = 55]
2026-09-02 15:29:39 DEBUG: Order 55 arrived: items_required = [4676, 6515, 5414, 5948].     [orders_in_system = 56]
2026-09-02 15:29:39 DEBUG: Order 56 arrived: items_required = [4938, 3773, 6938].     [orders_in_system = 57]
2026-09-02 15:29:39 DEBUG: Order 57 arrived: items_required = [4213].     [orders_in_system = 58]
2026-09-02 15:29:39 DEBUG: Order 58 arrived: items_required = [1347, 4507].     [orders_in_system = 59]
2026-09-02 15:29:39 DEBUG: Order 59 arrived: items_required = [6003, 8425, 7273, 4156].     [orders_in_system = 60]
2026-09-02 15:29:39 DEBUG: Order 60 arrived: items_required = [6057, 7409, 3833].     [orders_in_system = 61]
2026-09-02 15:29:39 DEBUG: Order 61 arrived: items_required = [5654].     [orders_in_system = 62]
2026-09-02 15:29:39 DEBUG: Order 62 arrived: items_required = [4098, 3929].     [orders_in_system = 63]
2026-09-02 15:29:39 DEBUG: Order 63 arrived: items_required = [7091, 4166, 2351, 5768, 4576, 3704].     [orders_in_system = 64]
2026-09-02 15:29:39 DEBUG: Order 64 arrived: items_required = [5620, 4548, 6361, 5852].     [orders_in_system = 65]
2026-09-02 15:29:39 DEBUG: Order 65 arrived: items_required = [5125].     [orders_in_system = 66]
2026-09-02 15:29:39 DEBUG: Order 66 arrived: items_required = [4745, 6924].     [orders_in_system = 67]
2026-09-02 15:29:39 DEBUG: Order 67 arrived: items_required = [3375].     [orders_in_system = 68]
2026-09-02 15:29:39 DEBUG: Order 68 arrived: items_required = [4879, 5675].     [orders_in_system = 69]
2026-09-02 15:29:39 DEBUG: Order 69 arrived: items_required = [3924].     [orders_in_system = 70]
2026-09-02 15:29:39 DEBUG: Order 70 arrived: items_required = [2067].     [orders_in_system = 71]
2026-09-02 15:29:39 DEBUG: Order 71 arrived: items_required = [3393, 7991].     [orders_in_system = 72]
2026-09-02 15:29:39 DEBUG: Order 72 arrived: items_required = [2899, 5458, 6627, 6199].     [orders_in_system = 73]
2026-09-02 15:29:39 DEBUG: Order 73 arrived: items_required = [3747, 3834].     [orders_in_system = 74]
2026-09-02 15:29:39 DEBUG: Order 74 arrived: items_required = [7441].     [orders_in_system = 75]
2026-09-02 15:29:39 DEBUG: Order 75 arrived: items_required = [7183, 5977, 3730].     [orders_in_system = 76]
2026-09-02 15:29:39 DEBUG: Order 76 arrived: items_required = [5537].     [orders_in_system = 77]
2026-09-02 15:29:39 DEBUG: Order 77 arrived: items_required = [5547, 3485].     [orders_in_system = 78]
2026-09-02 15:29:39 DEBUG: Order 78 arrived: items_required = [2697, 3946].     [orders_in_system = 79]
2026-09-02 15:29:39 DEBUG: Order 79 arrived: items_required = [6674].     [orders_in_system = 80]
2026-09-02 15:29:39 DEBUG: Order 80 arrived: items_required = [5053, 7192, 4163, 2211].     [orders_in_system = 81]
2026-09-02 15:29:39 DEBUG: Order 81 arrived: items_required = [5257, 2888].     [orders_in_system = 82]
2026-09-02 15:29:39 DEBUG: Order 82 arrived: items_required = [3393, 3350].     [orders_in_system = 83]
2026-09-02 15:29:39 DEBUG: Order 83 arrived: items_required = [8214, 6898, 6922].     [orders_in_system = 84]
2026-09-02 15:29:39 DEBUG: Order 84 arrived: items_required = [5971, 5028].     [orders_in_system = 85]
2026-09-02 15:29:39 DEBUG: Order 85 arrived: items_required = [2296, 4266, 3990].     [orders_in_system = 86]
2026-09-02 15:29:39 DEBUG: Order 86 arrived: items_required = [4261, 5639, 3903, 5000].     [orders_in_system = 87]
2026-09-02 15:29:39 DEBUG: Order 87 arrived: items_required = [5438, 6632].     [orders_in_system = 88]
2026-09-02 15:29:39 DEBUG: Order 88 arrived: items_required = [6904, 6056].     [orders_in_system = 89]
2026-09-02 15:29:39 DEBUG: Order 89 arrived: items_required = [5282].     [orders_in_system = 90]
2026-09-02 15:29:39 DEBUG: Order 90 arrived: items_required = [3513].     [orders_in_system = 91]
2026-09-02 15:29:39 DEBUG: Order 91 arrived: items_required = [7080, 3460, 5252].     [orders_in_system = 92]
2026-09-02 15:29:39 DEBUG: Order 92 arrived: items_required = [5050, 7325].     [orders_in_system = 93]
2026-09-02 15:29:39 DEBUG: Order 93 arrived: items_required = [4705].     [orders_in_system = 94]
2026-09-02 15:29:39 DEBUG: Order 94 arrived: items_required = [4984].     [orders_in_system = 95]
2026-09-02 15:29:39 DEBUG: Order 95 arrived: items_required = [4750, 4542, 6632].     [orders_in_system = 96]
2026-09-02 15:29:39 DEBUG: Order 96 arrived: items_required = [4162, 6999].     [orders_in_system = 97]
2026-09-02 15:29:39 DEBUG: Order 97 arrived: items_required = [4299, 5367, 4357, 4351].     [orders_in_system = 98]
2026-09-02 15:29:39 DEBUG: Order 98 arrived: items_required = [5340].     [orders_in_system = 99]
2026-09-02 15:29:39 DEBUG: Order 99 arrived: items_required = [4148, 2015, 4389, 9817, 3161].     [orders_in_system = 100]
2026-09-02 15:29:39 DEBUG:    EVENT NUM 2     current_time = 00:00:01   RUN_OPTIMIZER         [queue size = 1]
2026-09-02 15:29:39 INFO: Solving stage 1 ... 
2026-09-02 15:29:39 INFO: [ls_stage1] Building initial solution ...
2026-09-02 15:29:39 INFO: [ls_stage1] Initial objective = 261.0000
2026-09-02 15:29:39 WARNING: 
Variables size:
  shape x = (237, 900)
  shape y = (9, 900)
  shape z = (100, 9)
  constraints_satisfied = 1920055

2026-09-02 15:29:44 INFO: [ls_stage1] Iter 1: IMPROVEMENT move=('swap', 67, 98) obj=260.9091
2026-09-02 15:29:48 INFO: [ls_stage1] Iter 2: IMPROVEMENT move=('moveto', 8, 4) obj=260.8182
2026-09-02 15:29:52 INFO: [ls_stage1] Iter 3: PLATEAU move=('swap', 81, 95) obj=260.8182
2026-09-02 15:29:56 INFO: [ls_stage1] Iter 4: PLATEAU move=('repod', 60, 797) obj=260.8182
2026-09-02 15:30:00 INFO: [ls_stage1] Iter 5: IMPROVEMENT move=('swap', 14, 51) obj=260.7273
2026-09-02 15:30:04 INFO: [ls_stage1] Iter 6: PLATEAU move=('swap', 23, 66) obj=260.7273
2026-09-02 15:30:09 INFO: [ls_stage1] Iter 7: PLATEAU move=('repod', 27, 848) obj=260.7273
2026-09-02 15:30:13 INFO: [ls_stage1] Iter 8: IMPROVEMENT move=('swap', 8, 67) obj=260.6818
2026-09-02 15:30:17 INFO: [ls_stage1] Iter 9: PLATEAU move=('moveto', 84, 8) obj=260.6818
2026-09-02 15:30:22 INFO: [ls_stage1] Iter 10: PLATEAU move=('swap', 32, 47) obj=260.6818
2026-09-02 15:30:26 INFO: [ls_stage1] Iter 11: PLATEAU move=('swap', 66, 93) obj=260.6818
2026-09-02 15:30:30 INFO: [ls_stage1] Iter 12: PLATEAU move=('swap', 28, 60) obj=260.6818
2026-09-02 15:30:34 INFO: [ls_stage1] Iter 13: PLATEAU move=('moveto', 22, 0) obj=260.6818
2026-09-02 15:30:38 INFO: [ls_stage1] Iter 14: PLATEAU move=('swap', 21, 83) obj=260.6818
2026-09-02 15:30:42 INFO: [ls_stage1] Iter 15: PLATEAU move=('repod', 204, 694) obj=260.6818
2026-09-02 15:30:46 INFO: [ls_stage1] Iter 16: PLATEAU move=('moveto', 61, 1) obj=260.6818
2026-09-02 15:30:50 INFO: [ls_stage1] Iter 17: PLATEAU move=('swap', 46, 91) obj=260.6818
2026-09-02 15:30:54 INFO: [ls_stage1] Iter 18: PLATEAU move=('repod', 7, 846) obj=260.6818
2026-09-02 15:30:54 INFO: [ls_stage1] Converged after 10 iterations without imprevement.
2026-09-02 15:30:54 INFO: [ls_stage1] Final objective = 260.6818
2026-09-02 15:30:54 INFO: Stage 1 solved.
2026-09-02 15:30:54 INFO: Solving stage 2 ... 
2026-09-02 15:30:54 INFO: [lns] START pairs=237 pods=175 ws=9 T=50 | budget=540s hole_cap=82
2026-09-02 15:31:04 INFO: [lns] pod subnetwork precomputed (9.4s elapsed)
