2026-07-11 18:43:21 INFO: Warehouse initialization | grid=15x20, physical=34x25, num_skus=4500, num_robots=20, num_ws=4
2026-07-11 18:43:21 INFO: Warehouse initialized | 300 pods  (average number of skus per pod = 20.87), 4 workstations, 20 robots
2026-07-11 18:43:21 INFO: [OptManager] Building time-space network ...
2026-07-11 18:43:22 INFO: [OptManager] Network ready: 30400 nodes, 231514 travelling arcs, 30096 idle arcs.
2026-07-11 18:43:22 INFO: 
=============================================
2026-07-11 18:43:22 INFO:   START SIMULATION  {TIME HORIZON = 01:00:00}
2026-07-11 18:43:22 DEBUG:    EVENT NUM 1     current_time = 00:00:00   ARRIVAL_ORDER         [queue size = 1]
2026-07-11 18:43:22 DEBUG: Order 0 arrived: items_required = [1475, 2979].     [orders_in_system = 1]
2026-07-11 18:43:22 DEBUG: Order 1 arrived: items_required = [2405].     [orders_in_system = 2]
2026-07-11 18:43:22 DEBUG: Order 2 arrived: items_required = [2659].     [orders_in_system = 3]
2026-07-11 18:43:22 DEBUG: Order 3 arrived: items_required = [1742, 2252].     [orders_in_system = 4]
2026-07-11 18:43:22 DEBUG: Order 4 arrived: items_required = [2936].     [orders_in_system = 5]
2026-07-11 18:43:22 DEBUG: Order 5 arrived: items_required = [1277, 4138, 1395].     [orders_in_system = 6]
2026-07-11 18:43:22 DEBUG: Order 6 arrived: items_required = [2362].     [orders_in_system = 7]
2026-07-11 18:43:22 DEBUG: Order 7 arrived: items_required = [3571].     [orders_in_system = 8]
2026-07-11 18:43:22 DEBUG: Order 8 arrived: items_required = [2741].     [orders_in_system = 9]
2026-07-11 18:43:22 DEBUG: Order 9 arrived: items_required = [3921].     [orders_in_system = 10]
2026-07-11 18:43:22 DEBUG: Order 10 arrived: items_required = [2961].     [orders_in_system = 11]
2026-07-11 18:43:22 DEBUG: Order 11 arrived: items_required = [651].     [orders_in_system = 12]
2026-07-11 18:43:22 DEBUG: Order 12 arrived: items_required = [1846, 4312, 2419].     [orders_in_system = 13]
2026-07-11 18:43:22 DEBUG: Order 13 arrived: items_required = [4498, 1456, 1114].     [orders_in_system = 14]
2026-07-11 18:43:22 DEBUG: Order 14 arrived: items_required = [1949, 1131, 2849, 1916, 2419, 2933].     [orders_in_system = 15]
2026-07-11 18:43:22 DEBUG: Order 15 arrived: items_required = [232, 1893, 3910, 1813, 3382].     [orders_in_system = 16]
2026-07-11 18:43:22 DEBUG: Order 16 arrived: items_required = [2845, 1617].     [orders_in_system = 17]
2026-07-11 18:43:22 DEBUG: Order 17 arrived: items_required = [789, 3209, 1424, 4045].     [orders_in_system = 18]
2026-07-11 18:43:22 DEBUG: Order 18 arrived: items_required = [2405, 2637, 2225, 2428, 2944].     [orders_in_system = 19]
2026-07-11 18:43:22 DEBUG: Order 19 arrived: items_required = [2252, 1786, 1569].     [orders_in_system = 20]
2026-07-11 18:43:22 DEBUG: Order 20 arrived: items_required = [2057, 2091, 4288, 3055].     [orders_in_system = 21]
2026-07-11 18:43:22 DEBUG: Order 21 arrived: items_required = [2159, 2939].     [orders_in_system = 22]
2026-07-11 18:43:22 DEBUG: Order 22 arrived: items_required = [2295, 2089].     [orders_in_system = 23]
2026-07-11 18:43:22 DEBUG: Order 23 arrived: items_required = [4097, 2845, 2920, 1263, 2305].     [orders_in_system = 24]
2026-07-11 18:43:22 DEBUG: Order 24 arrived: items_required = [3625, 3377].     [orders_in_system = 25]
2026-07-11 18:43:22 DEBUG: Order 25 arrived: items_required = [2058, 2096, 2315].     [orders_in_system = 26]
2026-07-11 18:43:22 DEBUG: Order 26 arrived: items_required = [2631, 1737, 1394, 350].     [orders_in_system = 27]
2026-07-11 18:43:22 DEBUG: Order 27 arrived: items_required = [2037, 2298].     [orders_in_system = 28]
2026-07-11 18:43:22 DEBUG: Order 28 arrived: items_required = [3102].     [orders_in_system = 29]
2026-07-11 18:43:22 DEBUG: Order 29 arrived: items_required = [2208].     [orders_in_system = 30]
2026-07-11 18:43:22 DEBUG: Order 30 arrived: items_required = [2279].     [orders_in_system = 31]
2026-07-11 18:43:22 DEBUG: Order 31 arrived: items_required = [2703].     [orders_in_system = 32]
2026-07-11 18:43:22 DEBUG: Order 32 arrived: items_required = [809, 1670, 891].     [orders_in_system = 33]
2026-07-11 18:43:22 DEBUG: Order 33 arrived: items_required = [66, 2137, 2364].     [orders_in_system = 34]
2026-07-11 18:43:22 DEBUG: Order 34 arrived: items_required = [2125, 489].     [orders_in_system = 35]
2026-07-11 18:43:22 DEBUG: Order 35 arrived: items_required = [4094].     [orders_in_system = 36]
2026-07-11 18:43:22 DEBUG: Order 36 arrived: items_required = [1312].     [orders_in_system = 37]
2026-07-11 18:43:22 DEBUG: Order 37 arrived: items_required = [845, 2952, 2559].     [orders_in_system = 38]
2026-07-11 18:43:22 DEBUG: Order 38 arrived: items_required = [2223, 1750, 2575, 2983, 2822, 4063].     [orders_in_system = 39]
2026-07-11 18:43:22 DEBUG: Order 39 arrived: items_required = [2979, 3279].     [orders_in_system = 40]
2026-07-11 18:43:22 DEBUG: Order 40 arrived: items_required = [1711, 2483, 2005].     [orders_in_system = 41]
2026-07-11 18:43:22 DEBUG: Order 41 arrived: items_required = [1782, 1879].     [orders_in_system = 42]
2026-07-11 18:43:22 DEBUG: Order 42 arrived: items_required = [3653, 1034].     [orders_in_system = 43]
2026-07-11 18:43:22 DEBUG: Order 43 arrived: items_required = [934, 1788, 2801].     [orders_in_system = 44]
2026-07-11 18:43:22 DEBUG: Order 44 arrived: items_required = [3274].     [orders_in_system = 45]
2026-07-11 18:43:22 DEBUG: Order 45 arrived: items_required = [890, 1173, 3506, 3458, 3917].     [orders_in_system = 46]
2026-07-11 18:43:22 DEBUG: Order 46 arrived: items_required = [2833, 2511, 2058].     [orders_in_system = 47]
2026-07-11 18:43:22 DEBUG: Order 47 arrived: items_required = [1076, 2218, 1581].     [orders_in_system = 48]
2026-07-11 18:43:22 DEBUG: Order 48 arrived: items_required = [2473].     [orders_in_system = 49]
2026-07-11 18:43:22 DEBUG: Order 49 arrived: items_required = [2192].     [orders_in_system = 50]
2026-07-11 18:43:22 DEBUG: Order 50 arrived: items_required = [3966].     [orders_in_system = 51]
2026-07-11 18:43:22 DEBUG: Order 51 arrived: items_required = [2209].     [orders_in_system = 52]
2026-07-11 18:43:22 DEBUG: Order 52 arrived: items_required = [4144].     [orders_in_system = 53]
2026-07-11 18:43:22 DEBUG: Order 53 arrived: items_required = [1718].     [orders_in_system = 54]
2026-07-11 18:43:22 DEBUG: Order 54 arrived: items_required = [3845, 2288].     [orders_in_system = 55]
2026-07-11 18:43:22 DEBUG: Order 55 arrived: items_required = [3525, 2991, 2035, 3531].     [orders_in_system = 56]
2026-07-11 18:43:22 DEBUG: Order 56 arrived: items_required = [1627].     [orders_in_system = 57]
2026-07-11 18:43:22 DEBUG: Order 57 arrived: items_required = [3328, 2546, 2069, 1290, 3318].     [orders_in_system = 58]
2026-07-11 18:43:22 DEBUG: Order 58 arrived: items_required = [1229].     [orders_in_system = 59]
2026-07-11 18:43:22 DEBUG: Order 59 arrived: items_required = [2171, 331].     [orders_in_system = 60]
2026-07-11 18:43:22 DEBUG: Order 60 arrived: items_required = [959].     [orders_in_system = 61]
2026-07-11 18:43:22 DEBUG: Order 61 arrived: items_required = [1978, 1228, 1429, 3873].     [orders_in_system = 62]
2026-07-11 18:43:22 DEBUG: Order 62 arrived: items_required = [2794, 2778, 2143, 2759].     [orders_in_system = 63]
2026-07-11 18:43:22 DEBUG: Order 63 arrived: items_required = [2373, 3963, 2589, 1606, 3884].     [orders_in_system = 64]
2026-07-11 18:43:22 DEBUG: Order 64 arrived: items_required = [2044].     [orders_in_system = 65]
2026-07-11 18:43:22 DEBUG: Order 65 arrived: items_required = [2253, 2830].     [orders_in_system = 66]
2026-07-11 18:43:22 DEBUG: Order 66 arrived: items_required = [2899, 1633].     [orders_in_system = 67]
2026-07-11 18:43:22 DEBUG: Order 67 arrived: items_required = [3922, 1795, 3742].     [orders_in_system = 68]
2026-07-11 18:43:22 DEBUG: Order 68 arrived: items_required = [3873, 1758].     [orders_in_system = 69]
2026-07-11 18:43:22 DEBUG: Order 69 arrived: items_required = [2418, 3513].     [orders_in_system = 70]
2026-07-11 18:43:22 DEBUG: Order 70 arrived: items_required = [947].     [orders_in_system = 71]
2026-07-11 18:43:22 DEBUG: Order 71 arrived: items_required = [3178, 2524].     [orders_in_system = 72]
2026-07-11 18:43:22 DEBUG: Order 72 arrived: items_required = [4074].     [orders_in_system = 73]
2026-07-11 18:43:22 DEBUG: Order 73 arrived: items_required = [2889, 760].     [orders_in_system = 74]
2026-07-11 18:43:22 DEBUG: Order 74 arrived: items_required = [4348, 2225].     [orders_in_system = 75]
2026-07-11 18:43:22 DEBUG: Order 75 arrived: items_required = [2274].     [orders_in_system = 76]
2026-07-11 18:43:22 DEBUG: Order 76 arrived: items_required = [2622].     [orders_in_system = 77]
2026-07-11 18:43:22 DEBUG: Order 77 arrived: items_required = [2494, 699].     [orders_in_system = 78]
2026-07-11 18:43:22 DEBUG: Order 78 arrived: items_required = [765].     [orders_in_system = 79]
2026-07-11 18:43:22 DEBUG: Order 79 arrived: items_required = [3331].     [orders_in_system = 80]
2026-07-11 18:43:22 DEBUG: Order 80 arrived: items_required = [1922, 1952].     [orders_in_system = 81]
2026-07-11 18:43:22 DEBUG: Order 81 arrived: items_required = [1336].     [orders_in_system = 82]
2026-07-11 18:43:22 DEBUG: Order 82 arrived: items_required = [4212, 2758, 1050].     [orders_in_system = 83]
2026-07-11 18:43:22 DEBUG: Order 83 arrived: items_required = [3956, 2206].     [orders_in_system = 84]
2026-07-11 18:43:22 DEBUG: Order 84 arrived: items_required = [2221, 2298].     [orders_in_system = 85]
2026-07-11 18:43:22 DEBUG: Order 85 arrived: items_required = [1702].     [orders_in_system = 86]
2026-07-11 18:43:22 DEBUG: Order 86 arrived: items_required = [4134, 1804].     [orders_in_system = 87]
2026-07-11 18:43:22 DEBUG: Order 87 arrived: items_required = [2005].     [orders_in_system = 88]
2026-07-11 18:43:22 DEBUG: Order 88 arrived: items_required = [786].     [orders_in_system = 89]
2026-07-11 18:43:22 DEBUG: Order 89 arrived: items_required = [3039, 1602, 3303].     [orders_in_system = 90]
2026-07-11 18:43:22 DEBUG: Order 90 arrived: items_required = [2632, 2154, 885].     [orders_in_system = 91]
2026-07-11 18:43:22 DEBUG: Order 91 arrived: items_required = [2611].     [orders_in_system = 92]
2026-07-11 18:43:22 DEBUG: Order 92 arrived: items_required = [2889].     [orders_in_system = 93]
2026-07-11 18:43:22 DEBUG: Order 93 arrived: items_required = [2287, 4236].     [orders_in_system = 94]
2026-07-11 18:43:22 DEBUG: Order 94 arrived: items_required = [2981].     [orders_in_system = 95]
2026-07-11 18:43:22 DEBUG: Order 95 arrived: items_required = [2706, 2288, 38].     [orders_in_system = 96]
2026-07-11 18:43:22 DEBUG: Order 96 arrived: items_required = [2812, 4319].     [orders_in_system = 97]
2026-07-11 18:43:22 DEBUG: Order 97 arrived: items_required = [2932, 2384].     [orders_in_system = 98]
2026-07-11 18:43:22 DEBUG: Order 98 arrived: items_required = [2985, 1438].     [orders_in_system = 99]
2026-07-11 18:43:22 DEBUG: Order 99 arrived: items_required = [4009, 3097].     [orders_in_system = 100]
2026-07-11 18:43:22 DEBUG:    EVENT NUM 2     current_time = 00:00:01   RUN_OPTIMIZER         [queue size = 1]
2026-07-11 18:43:22 INFO: Solving stage 1 ... 
2026-07-11 18:43:22 INFO: [ls_stage1] Building initial solution ...
2026-07-11 18:43:22 INFO: [ls_stage1] Initial objective = 217.1800
2026-07-11 18:43:22 WARNING: 
Variables size:
  shape x = (216, 300)
  shape y = (4, 300)
  shape z = (100, 4)
  constraints_satisfied = 259524

2026-07-11 18:43:23 INFO: [ls_stage1] Iter 1: IMPROVEMENT move=('swap', 77, 89) obj=213.2700
2026-07-11 18:43:25 INFO: [ls_stage1] Iter 2: IMPROVEMENT move=('swap', 23, 95) obj=210.7600
2026-07-11 18:43:27 INFO: [ls_stage1] Iter 3: IMPROVEMENT move=('moveto', 3, 1) obj=208.3300
2026-07-11 18:43:28 INFO: [ls_stage1] Iter 4: IMPROVEMENT move=('swap', 19, 95) obj=204.7200
2026-07-11 18:43:30 INFO: [ls_stage1] Iter 5: IMPROVEMENT move=('swap', 17, 60) obj=203.4100
2026-07-11 18:43:32 INFO: [ls_stage1] Iter 6: IMPROVEMENT move=('swap', 7, 98) obj=202.0800
2026-07-11 18:43:33 INFO: [ls_stage1] Iter 7: IMPROVEMENT move=('swap', 7, 69) obj=199.6700
2026-07-11 18:43:35 INFO: [ls_stage1] Iter 8: IMPROVEMENT move=('swap', 37, 80) obj=198.5000
2026-07-11 18:43:37 INFO: [ls_stage1] Iter 9: IMPROVEMENT move=('swap', 42, 68) obj=197.2500
2026-07-11 18:43:38 INFO: [ls_stage1] Iter 10: IMPROVEMENT move=('moveto', 6, 2) obj=196.0800
2026-07-11 18:43:40 INFO: [ls_stage1] Iter 11: IMPROVEMENT move=('swap', 11, 34) obj=194.8500
2026-07-11 18:43:42 INFO: [ls_stage1] Iter 12: IMPROVEMENT move=('swap', 9, 64) obj=193.6800
2026-07-11 18:43:43 INFO: [ls_stage1] Iter 13: IMPROVEMENT move=('swap', 49, 91) obj=192.4200
2026-07-11 18:43:45 INFO: [ls_stage1] Iter 14: IMPROVEMENT move=('repod', 65, 236) obj=192.2800
2026-07-11 18:43:47 INFO: [ls_stage1] Iter 15: IMPROVEMENT move=('repod', 56, 190) obj=191.0800
2026-07-11 18:43:48 INFO: [ls_stage1] Iter 16: IMPROVEMENT move=('swap', 20, 37) obj=190.9700
2026-07-11 18:43:50 INFO: [ls_stage1] Iter 17: IMPROVEMENT move=('repod', 147, 143) obj=190.7700
2026-07-11 18:43:52 INFO: [ls_stage1] Iter 18: IMPROVEMENT move=('swap', 5, 90) obj=189.6700
2026-07-11 18:43:53 INFO: [ls_stage1] Iter 19: IMPROVEMENT move=('repod', 74, 202) obj=189.4800
2026-07-11 18:43:55 INFO: [ls_stage1] Iter 20: IMPROVEMENT move=('swap', 76, 77) obj=188.2400
2026-07-11 18:43:57 INFO: [ls_stage1] Iter 21: IMPROVEMENT move=('repod', 85, 242) obj=188.0600
2026-07-11 18:43:58 INFO: [ls_stage1] Iter 22: IMPROVEMENT move=('repod', 8, 295) obj=187.8800
2026-07-11 18:44:00 INFO: [ls_stage1] Iter 23: IMPROVEMENT move=('swap', 31, 57) obj=186.7000
2026-07-11 18:44:02 INFO: [ls_stage1] Iter 24: IMPROVEMENT move=('repod', 0, 143) obj=186.5400
2026-07-11 18:44:04 INFO: [ls_stage1] Iter 25: IMPROVEMENT move=('repod', 152, 185) obj=186.4100
2026-07-11 18:44:05 INFO: [ls_stage1] Iter 26: IMPROVEMENT move=('repod', 95, 261) obj=186.1900
2026-07-11 18:44:07 INFO: [ls_stage1] Iter 27: IMPROVEMENT move=('repod', 198, 246) obj=186.0800
2026-07-11 18:44:09 INFO: [ls_stage1] Iter 28: IMPROVEMENT move=('repod', 103, 291) obj=185.9600
2026-07-11 18:44:10 INFO: [ls_stage1] Iter 29: IMPROVEMENT move=('repod', 118, 220) obj=185.8800
2026-07-11 18:44:12 INFO: [ls_stage1] Iter 30: IMPROVEMENT move=('repod', 110, 143) obj=184.6200
2026-07-11 18:44:14 INFO: [ls_stage1] Iter 31: IMPROVEMENT move=('swap', 52, 76) obj=184.5400
2026-07-11 18:44:15 INFO: [ls_stage1] Iter 32: IMPROVEMENT move=('repod', 80, 278) obj=184.3400
2026-07-11 18:44:17 INFO: [ls_stage1] Iter 33: IMPROVEMENT move=('swap', 33, 58) obj=184.2600
2026-07-11 18:44:19 INFO: [ls_stage1] Iter 34: IMPROVEMENT move=('swap', 33, 75) obj=184.1800
2026-07-11 18:44:20 INFO: [ls_stage1] Iter 35: IMPROVEMENT move=('repod', 112, 279) obj=183.8600
2026-07-11 18:44:22 INFO: [ls_stage1] Iter 36: IMPROVEMENT move=('swap', 5, 57) obj=182.6400
2026-07-11 18:44:24 INFO: [ls_stage1] Iter 37: IMPROVEMENT move=('swap', 4, 75) obj=182.6000
2026-07-11 18:44:25 INFO: [ls_stage1] Iter 38: IMPROVEMENT move=('repod', 28, 69) obj=182.5000
2026-07-11 18:44:27 INFO: [ls_stage1] Iter 39: IMPROVEMENT move=('repod', 190, 196) obj=182.4500
2026-07-11 18:44:29 INFO: [ls_stage1] Iter 40: IMPROVEMENT move=('repod', 31, 168) obj=182.3900
2026-07-11 18:44:30 INFO: [ls_stage1] Iter 41: IMPROVEMENT move=('repod', 92, 251) obj=182.2700
2026-07-11 18:44:32 INFO: [ls_stage1] Iter 42: IMPROVEMENT move=('repod', 64, 264) obj=182.1900
2026-07-11 18:44:34 INFO: [ls_stage1] Iter 43: IMPROVEMENT move=('swap', 33, 60) obj=182.1500
2026-07-11 18:44:35 INFO: [ls_stage1] Iter 44: IMPROVEMENT move=('swap', 4, 78) obj=181.0400
2026-07-11 18:44:37 INFO: [ls_stage1] Iter 45: IMPROVEMENT move=('repod', 118, 201) obj=180.9700
2026-07-11 18:44:39 INFO: [ls_stage1] Iter 46: IMPROVEMENT move=('swap', 30, 89) obj=180.9500
2026-07-11 18:44:40 INFO: [ls_stage1] Iter 47: IMPROVEMENT move=('swap', 53, 72) obj=179.7000
2026-07-11 18:44:42 INFO: [ls_stage1] Iter 48: IMPROVEMENT move=('swap', 34, 37) obj=179.6500
2026-07-11 18:44:44 INFO: [ls_stage1] Iter 49: IMPROVEMENT move=('repod', 31, 173) obj=179.6200
2026-07-11 18:44:45 INFO: [ls_stage1] Iter 50: IMPROVEMENT move=('moveto', 85, 2) obj=179.5800
2026-07-11 18:44:47 INFO: [ls_stage1] Iter 51: IMPROVEMENT move=('moveto', 11, 2) obj=179.5600
2026-07-11 18:44:49 INFO: [ls_stage1] Iter 52: IMPROVEMENT move=('moveto', 52, 3) obj=179.5400
2026-07-11 18:44:50 INFO: [ls_stage1] Iter 53: IMPROVEMENT move=('moveto', 89, 3) obj=179.5300
2026-07-11 18:44:52 INFO: [ls_stage1] Iter 54: IMPROVEMENT move=('repod', 194, 283) obj=179.3700
2026-07-11 18:44:54 INFO: [ls_stage1] Iter 55: IMPROVEMENT move=('repod', 48, 102) obj=178.1000
2026-07-11 18:44:55 INFO: [ls_stage1] Iter 56: PLATEAU move=('swap', 26, 29) obj=178.1000
2026-07-11 18:44:57 INFO: [ls_stage1] Iter 57: IMPROVEMENT move=('repod', 133, 213) obj=177.9600
2026-07-11 18:44:59 INFO: [ls_stage1] Iter 58: IMPROVEMENT move=('repod', 145, 286) obj=177.9500
2026-07-11 18:45:00 INFO: [ls_stage1] Iter 59: IMPROVEMENT move=('moveto', 78, 3) obj=177.9100
2026-07-11 18:45:02 INFO: [ls_stage1] Iter 60: PLATEAU move=('repod', 208, 219) obj=177.9100
2026-07-11 18:45:04 INFO: [ls_stage1] Iter 61: PLATEAU move=('repod', 163, 148) obj=177.9100
2026-07-11 18:45:05 INFO: [ls_stage1] Iter 62: PLATEAU move=('swap', 68, 75) obj=177.9100
2026-07-11 18:45:07 INFO: [ls_stage1] Iter 63: PLATEAU move=('swap', 31, 77) obj=177.9100
2026-07-11 18:45:09 INFO: [ls_stage1] Iter 64: IMPROVEMENT move=('moveto', 85, 3) obj=177.8900
2026-07-11 18:45:11 INFO: [ls_stage1] Iter 65: PLATEAU move=('swap', 22, 58) obj=177.8900
2026-07-11 18:45:12 INFO: [ls_stage1] Iter 66: IMPROVEMENT move=('repod', 196, 206) obj=177.7500
2026-07-11 18:45:14 INFO: [ls_stage1] Iter 67: PLATEAU move=('swap', 38, 98) obj=177.7500
2026-07-11 18:45:16 INFO: [ls_stage1] Iter 68: PLATEAU move=('swap', 19, 88) obj=177.7500
2026-07-11 18:45:17 INFO: [ls_stage1] Iter 69: PLATEAU move=('swap', 70, 98) obj=177.7500
2026-07-11 18:45:19 INFO: [ls_stage1] Iter 70: IMPROVEMENT move=('repod', 173, 63) obj=177.7400
2026-07-11 18:45:21 INFO: [ls_stage1] Iter 71: PLATEAU move=('swap', 49, 60) obj=177.7400
2026-07-11 18:45:22 INFO: [ls_stage1] Iter 72: IMPROVEMENT move=('moveto', 60, 3) obj=177.7200
2026-07-11 18:45:24 INFO: [ls_stage1] Iter 73: PLATEAU move=('swap', 27, 73) obj=177.7200
2026-07-11 18:45:26 INFO: [ls_stage1] Iter 74: PLATEAU move=('swap', 5, 15) obj=177.7200
2026-07-11 18:45:27 INFO: [ls_stage1] Iter 75: PLATEAU move=('moveto', 80, 2) obj=177.7200
2026-07-11 18:45:29 INFO: [ls_stage1] Iter 76: PLATEAU move=('swap', 19, 96) obj=177.7200
2026-07-11 18:45:31 INFO: [ls_stage1] Iter 77: PLATEAU move=('swap', 28, 86) obj=177.7200
2026-07-11 18:45:32 INFO: [ls_stage1] Iter 78: PLATEAU move=('swap', 32, 40) obj=177.7200
2026-07-11 18:45:34 INFO: [ls_stage1] Iter 79: PLATEAU move=('swap', 33, 79) obj=177.7200
2026-07-11 18:45:35 INFO: [ls_stage1] Iter 80: IMPROVEMENT move=('moveto', 11, 3) obj=177.7000
2026-07-11 18:45:37 INFO: [ls_stage1] Iter 81: PLATEAU move=('moveto', 76, 0) obj=177.7000
2026-07-11 18:45:39 INFO: [ls_stage1] Iter 82: PLATEAU move=('swap', 34, 73) obj=177.7000
2026-07-11 18:45:40 INFO: [ls_stage1] Iter 83: IMPROVEMENT move=('moveto', 36, 1) obj=177.6800
2026-07-11 18:45:42 INFO: [ls_stage1] Iter 84: PLATEAU move=('swap', 0, 28) obj=177.6800
2026-07-11 18:45:44 INFO: [ls_stage1] Iter 85: PLATEAU move=('swap', 8, 99) obj=177.6800
2026-07-11 18:45:45 INFO: [ls_stage1] Iter 86: PLATEAU move=('swap', 9, 91) obj=177.6800
2026-07-11 18:45:47 INFO: [ls_stage1] Iter 87: PLATEAU move=('swap', 59, 68) obj=177.6800
2026-07-11 18:45:49 INFO: [ls_stage1] Iter 88: PLATEAU move=('swap', 15, 64) obj=177.6800
2026-07-11 18:45:50 INFO: [ls_stage1] Iter 89: PLATEAU move=('swap', 19, 44) obj=177.6800
2026-07-11 18:45:52 INFO: [ls_stage1] Iter 90: IMPROVEMENT move=('repod', 65, 178) obj=176.5600
2026-07-11 18:45:54 INFO: [ls_stage1] Iter 91: PLATEAU move=('swap', 23, 80) obj=176.5600
2026-07-11 18:45:55 INFO: [ls_stage1] Iter 92: PLATEAU move=('swap', 66, 95) obj=176.5600
2026-07-11 18:45:57 INFO: [ls_stage1] Iter 93: PLATEAU move=('swap', 72, 76) obj=176.5600
2026-07-11 18:45:59 INFO: [ls_stage1] Iter 94: PLATEAU move=('swap', 62, 94) obj=176.5600
2026-07-11 18:46:00 INFO: [ls_stage1] Iter 95: PLATEAU move=('swap', 13, 58) obj=176.5600
2026-07-11 18:46:02 INFO: [ls_stage1] Iter 96: PLATEAU move=('swap', 37, 68) obj=176.5600
2026-07-11 18:46:04 INFO: [ls_stage1] Iter 97: PLATEAU move=('swap', 10, 39) obj=176.5600
2026-07-11 18:46:06 INFO: [ls_stage1] Iter 98: PLATEAU move=('swap', 3, 15) obj=176.5600
2026-07-11 18:46:07 INFO: [ls_stage1] Iter 99: PLATEAU move=('repod', 200, 49) obj=176.5600
2026-07-11 18:46:09 INFO: [ls_stage1] Iter 100: PLATEAU move=('swap', 19, 71) obj=176.5600
2026-07-11 18:46:09 INFO: [ls_stage1] Converged after 10 iterations without imprevement.
2026-07-11 18:46:09 INFO: [ls_stage1] Final objective = 176.5600
2026-07-11 18:46:09 INFO: Stage 1 solved.
2026-07-11 18:46:09 INFO: Solving stage 2 ... 
2026-07-11 18:46:09 INFO: [ls_stage2] Building initial solution ...
