2026-09-04 20:04:40 INFO: Warehouse initialization | grid=25x24, physical=54x29, num_skus=5000, num_robots=30, num_ws=6
2026-09-04 20:04:40 INFO: Warehouse initialized | 600 pods  (average number of skus per pod = 30.00), 6 workstations, 30 robots
2026-09-04 20:04:40 INFO: [OptManager] Building time-space network ...
2026-09-04 20:04:41 INFO: [OptManager] Network ready: 42420 nodes, 468064 travelling arcs, 41814 idle arcs.
2026-09-04 20:04:41 INFO: 
=============================================
2026-09-04 20:04:41 INFO:   START SIMULATION  {TIME HORIZON = 01:00:00}
2026-09-04 20:04:41 DEBUG:    EVENT NUM 1     current_time = 00:00:00   ARRIVAL_ORDER         [queue size = 1]
2026-09-04 20:04:41 DEBUG: Order 0 arrived: items_required = [705, 2652, 2887, 2775, 1630, 2055].     [orders_in_system = 1]
2026-09-04 20:04:41 DEBUG: Order 1 arrived: items_required = [1259].     [orders_in_system = 2]
2026-09-04 20:04:41 DEBUG: Order 2 arrived: items_required = [2617, 1823, 2466, 3256, 4657].     [orders_in_system = 3]
2026-09-04 20:04:41 DEBUG: Order 3 arrived: items_required = [3162, 2954, 2728, 2485, 4314].     [orders_in_system = 4]
2026-09-04 20:04:41 DEBUG: Order 4 arrived: items_required = [1901].     [orders_in_system = 5]
2026-09-04 20:04:41 DEBUG: Order 5 arrived: items_required = [4211, 1904].     [orders_in_system = 6]
2026-09-04 20:04:41 DEBUG: Order 6 arrived: items_required = [3436, 2013, 1477, 1028, 1838].     [orders_in_system = 7]
2026-09-04 20:04:41 DEBUG: Order 7 arrived: items_required = [2736, 2162].     [orders_in_system = 8]
2026-09-04 20:04:41 DEBUG: Order 8 arrived: items_required = [1560, 4084].     [orders_in_system = 9]
2026-09-04 20:04:41 DEBUG: Order 9 arrived: items_required = [1944, 2909].     [orders_in_system = 10]
2026-09-04 20:04:41 DEBUG: Order 10 arrived: items_required = [3893, 2442, 2489].     [orders_in_system = 11]
2026-09-04 20:04:41 DEBUG: Order 11 arrived: items_required = [2465, 1279, 2915].     [orders_in_system = 12]
2026-09-04 20:04:41 DEBUG: Order 12 arrived: items_required = [932].     [orders_in_system = 13]
2026-09-04 20:04:41 DEBUG: Order 13 arrived: items_required = [999].     [orders_in_system = 14]
2026-09-04 20:04:41 DEBUG: Order 14 arrived: items_required = [4124, 2491].     [orders_in_system = 15]
2026-09-04 20:04:41 DEBUG: Order 15 arrived: items_required = [3269].     [orders_in_system = 16]
2026-09-04 20:04:41 DEBUG: Order 16 arrived: items_required = [3287, 1984, 1477].     [orders_in_system = 17]
2026-09-04 20:04:41 DEBUG: Order 17 arrived: items_required = [1949, 3024, 2653, 2376, 3446].     [orders_in_system = 18]
2026-09-04 20:04:41 DEBUG: Order 18 arrived: items_required = [1984, 3268, 2223].     [orders_in_system = 19]
2026-09-04 20:04:41 DEBUG: Order 19 arrived: items_required = [2743].     [orders_in_system = 20]
2026-09-04 20:04:41 DEBUG: Order 20 arrived: items_required = [3225].     [orders_in_system = 21]
2026-09-04 20:04:41 DEBUG: Order 21 arrived: items_required = [2307, 1096, 2447, 4257, 2861, 2073, 2440].     [orders_in_system = 22]
2026-09-04 20:04:41 DEBUG: Order 22 arrived: items_required = [2668, 2775, 3273, 2228, 1753].     [orders_in_system = 23]
2026-09-04 20:04:41 DEBUG: Order 23 arrived: items_required = [2539, 2479, 2472, 2512, 1242, 2475, 3074, 2525].     [orders_in_system = 24]
2026-09-04 20:04:41 DEBUG: Order 24 arrived: items_required = [3552, 3218].     [orders_in_system = 25]
2026-09-04 20:04:41 DEBUG: Order 25 arrived: items_required = [1125, 2723].     [orders_in_system = 26]
2026-09-04 20:04:41 DEBUG: Order 26 arrived: items_required = [1040].     [orders_in_system = 27]
2026-09-04 20:04:41 DEBUG: Order 27 arrived: items_required = [2255, 2087].     [orders_in_system = 28]
2026-09-04 20:04:41 DEBUG: Order 28 arrived: items_required = [2953].     [orders_in_system = 29]
2026-09-04 20:04:41 DEBUG: Order 29 arrived: items_required = [1993].     [orders_in_system = 30]
2026-09-04 20:04:41 DEBUG: Order 30 arrived: items_required = [2714, 3109, 1806, 3333].     [orders_in_system = 31]
2026-09-04 20:04:41 DEBUG: Order 31 arrived: items_required = [2373].     [orders_in_system = 32]
2026-09-04 20:04:41 DEBUG: Order 32 arrived: items_required = [4076, 3468, 1361, 2463].     [orders_in_system = 33]
2026-09-04 20:04:41 DEBUG: Order 33 arrived: items_required = [2540].     [orders_in_system = 34]
2026-09-04 20:04:41 DEBUG: Order 34 arrived: items_required = [2505].     [orders_in_system = 35]
2026-09-04 20:04:41 DEBUG: Order 35 arrived: items_required = [1361, 3032].     [orders_in_system = 36]
2026-09-04 20:04:41 DEBUG: Order 36 arrived: items_required = [3684, 2621].     [orders_in_system = 37]
2026-09-04 20:04:41 DEBUG: Order 37 arrived: items_required = [2863].     [orders_in_system = 38]
2026-09-04 20:04:41 DEBUG: Order 38 arrived: items_required = [1942].     [orders_in_system = 39]
2026-09-04 20:04:41 DEBUG: Order 39 arrived: items_required = [2792].     [orders_in_system = 40]
2026-09-04 20:04:41 DEBUG: Order 40 arrived: items_required = [1053, 1664, 2867, 2076, 2462, 929].     [orders_in_system = 41]
2026-09-04 20:04:41 DEBUG: Order 41 arrived: items_required = [2840].     [orders_in_system = 42]
2026-09-04 20:04:41 DEBUG: Order 42 arrived: items_required = [1031, 2126].     [orders_in_system = 43]
2026-09-04 20:04:41 DEBUG: Order 43 arrived: items_required = [1784, 3184].     [orders_in_system = 44]
2026-09-04 20:04:41 DEBUG: Order 44 arrived: items_required = [2381].     [orders_in_system = 45]
2026-09-04 20:04:41 DEBUG: Order 45 arrived: items_required = [2984, 2261].     [orders_in_system = 46]
2026-09-04 20:04:41 DEBUG: Order 46 arrived: items_required = [3172, 2677, 3044, 1633].     [orders_in_system = 47]
2026-09-04 20:04:41 DEBUG: Order 47 arrived: items_required = [2048, 2912, 2395, 3377].     [orders_in_system = 48]
2026-09-04 20:04:41 DEBUG: Order 48 arrived: items_required = [2817, 894].     [orders_in_system = 49]
2026-09-04 20:04:41 DEBUG: Order 49 arrived: items_required = [2546, 3866].     [orders_in_system = 50]
2026-09-04 20:04:41 DEBUG: Order 50 arrived: items_required = [3232, 3297, 2480].     [orders_in_system = 51]
2026-09-04 20:04:41 DEBUG: Order 51 arrived: items_required = [3017, 576, 2290, 2834, 2686].     [orders_in_system = 52]
2026-09-04 20:04:41 DEBUG: Order 52 arrived: items_required = [884].     [orders_in_system = 53]
2026-09-04 20:04:41 DEBUG: Order 53 arrived: items_required = [2814].     [orders_in_system = 54]
2026-09-04 20:04:41 DEBUG: Order 54 arrived: items_required = [1567, 2622, 2369].     [orders_in_system = 55]
2026-09-04 20:04:41 DEBUG: Order 55 arrived: items_required = [1996].     [orders_in_system = 56]
2026-09-04 20:04:41 DEBUG: Order 56 arrived: items_required = [3715, 2529, 3103, 2545].     [orders_in_system = 57]
2026-09-04 20:04:41 DEBUG: Order 57 arrived: items_required = [2900, 2381].     [orders_in_system = 58]
2026-09-04 20:04:41 DEBUG: Order 58 arrived: items_required = [2346, 3249].     [orders_in_system = 59]
2026-09-04 20:04:41 DEBUG: Order 59 arrived: items_required = [1704].     [orders_in_system = 60]
2026-09-04 20:04:41 DEBUG: Order 60 arrived: items_required = [2830].     [orders_in_system = 61]
2026-09-04 20:04:41 DEBUG: Order 61 arrived: items_required = [2353, 1934].     [orders_in_system = 62]
2026-09-04 20:04:41 DEBUG: Order 62 arrived: items_required = [2381].     [orders_in_system = 63]
2026-09-04 20:04:41 DEBUG: Order 63 arrived: items_required = [2731, 2876, 4453, 1971].     [orders_in_system = 64]
2026-09-04 20:04:41 DEBUG: Order 64 arrived: items_required = [3297].     [orders_in_system = 65]
2026-09-04 20:04:41 DEBUG: Order 65 arrived: items_required = [2769, 1772].     [orders_in_system = 66]
2026-09-04 20:04:41 DEBUG: Order 66 arrived: items_required = [2483, 1231].     [orders_in_system = 67]
2026-09-04 20:04:41 DEBUG: Order 67 arrived: items_required = [1295, 2064].     [orders_in_system = 68]
2026-09-04 20:04:41 DEBUG: Order 68 arrived: items_required = [1341].     [orders_in_system = 69]
2026-09-04 20:04:41 DEBUG: Order 69 arrived: items_required = [3040, 2617, 2122, 1981].     [orders_in_system = 70]
2026-09-04 20:04:41 DEBUG: Order 70 arrived: items_required = [3104].     [orders_in_system = 71]
2026-09-04 20:04:41 DEBUG: Order 71 arrived: items_required = [3687, 997].     [orders_in_system = 72]
2026-09-04 20:04:41 DEBUG: Order 72 arrived: items_required = [2953].     [orders_in_system = 73]
2026-09-04 20:04:41 DEBUG: Order 73 arrived: items_required = [1257].     [orders_in_system = 74]
2026-09-04 20:04:41 DEBUG: Order 74 arrived: items_required = [1536, 1335].     [orders_in_system = 75]
2026-09-04 20:04:41 DEBUG: Order 75 arrived: items_required = [2694].     [orders_in_system = 76]
2026-09-04 20:04:41 DEBUG: Order 76 arrived: items_required = [1349].     [orders_in_system = 77]
2026-09-04 20:04:41 DEBUG: Order 77 arrived: items_required = [1114, 3056, 3436, 2264, 2357].     [orders_in_system = 78]
2026-09-04 20:04:41 DEBUG: Order 78 arrived: items_required = [3022, 3685].     [orders_in_system = 79]
2026-09-04 20:04:41 DEBUG: Order 79 arrived: items_required = [1515, 3370].     [orders_in_system = 80]
2026-09-04 20:04:41 DEBUG: Order 80 arrived: items_required = [2503, 3253, 2110].     [orders_in_system = 81]
2026-09-04 20:04:41 DEBUG: Order 81 arrived: items_required = [3902, 1865].     [orders_in_system = 82]
2026-09-04 20:04:41 DEBUG: Order 82 arrived: items_required = [2894].     [orders_in_system = 83]
2026-09-04 20:04:41 DEBUG: Order 83 arrived: items_required = [3604, 3372].     [orders_in_system = 84]
2026-09-04 20:04:41 DEBUG: Order 84 arrived: items_required = [3456].     [orders_in_system = 85]
2026-09-04 20:04:41 DEBUG: Order 85 arrived: items_required = [683].     [orders_in_system = 86]
2026-09-04 20:04:41 DEBUG: Order 86 arrived: items_required = [1233, 1985].     [orders_in_system = 87]
2026-09-04 20:04:41 DEBUG: Order 87 arrived: items_required = [1054, 1721, 1733, 3164].     [orders_in_system = 88]
2026-09-04 20:04:41 DEBUG: Order 88 arrived: items_required = [2444].     [orders_in_system = 89]
2026-09-04 20:04:41 DEBUG: Order 89 arrived: items_required = [1252, 1931, 3104].     [orders_in_system = 90]
2026-09-04 20:04:41 DEBUG: Order 90 arrived: items_required = [1083].     [orders_in_system = 91]
2026-09-04 20:04:41 DEBUG: Order 91 arrived: items_required = [2785].     [orders_in_system = 92]
2026-09-04 20:04:41 DEBUG: Order 92 arrived: items_required = [3097, 2870].     [orders_in_system = 93]
2026-09-04 20:04:41 DEBUG: Order 93 arrived: items_required = [1646, 2694, 3188].     [orders_in_system = 94]
2026-09-04 20:04:41 DEBUG: Order 94 arrived: items_required = [3061].     [orders_in_system = 95]
2026-09-04 20:04:41 DEBUG: Order 95 arrived: items_required = [534, 1860, 2655].     [orders_in_system = 96]
2026-09-04 20:04:41 DEBUG: Order 96 arrived: items_required = [2549, 2886].     [orders_in_system = 97]
2026-09-04 20:04:41 DEBUG: Order 97 arrived: items_required = [2520].     [orders_in_system = 98]
2026-09-04 20:04:41 DEBUG: Order 98 arrived: items_required = [1502].     [orders_in_system = 99]
2026-09-04 20:04:41 DEBUG: Order 99 arrived: items_required = [2442].     [orders_in_system = 100]
2026-09-04 20:04:41 DEBUG: Order 100 arrived: items_required = [1844, 2428].     [orders_in_system = 101]
2026-09-04 20:04:41 DEBUG: Order 101 arrived: items_required = [2214, 2412].     [orders_in_system = 102]
2026-09-04 20:04:41 DEBUG: Order 102 arrived: items_required = [3427, 2056, 1335].     [orders_in_system = 103]
2026-09-04 20:04:41 DEBUG: Order 103 arrived: items_required = [1969].     [orders_in_system = 104]
2026-09-04 20:04:41 DEBUG: Order 104 arrived: items_required = [2230, 2279].     [orders_in_system = 105]
2026-09-04 20:04:41 DEBUG: Order 105 arrived: items_required = [1460].     [orders_in_system = 106]
2026-09-04 20:04:41 DEBUG: Order 106 arrived: items_required = [1486].     [orders_in_system = 107]
2026-09-04 20:04:41 DEBUG: Order 107 arrived: items_required = [1488].     [orders_in_system = 108]
2026-09-04 20:04:41 DEBUG: Order 108 arrived: items_required = [2676, 2583, 1809, 3122].     [orders_in_system = 109]
2026-09-04 20:04:41 DEBUG: Order 109 arrived: items_required = [1838, 2544].     [orders_in_system = 110]
2026-09-04 20:04:41 DEBUG: Order 110 arrived: items_required = [2297, 2986].     [orders_in_system = 111]
2026-09-04 20:04:41 DEBUG: Order 111 arrived: items_required = [809, 2102].     [orders_in_system = 112]
2026-09-04 20:04:41 DEBUG: Order 112 arrived: items_required = [2630, 1584, 1573].     [orders_in_system = 113]
2026-09-04 20:04:41 DEBUG: Order 113 arrived: items_required = [2806, 2706].     [orders_in_system = 114]
2026-09-04 20:04:41 DEBUG: Order 114 arrived: items_required = [2541].     [orders_in_system = 115]
2026-09-04 20:04:41 DEBUG: Order 115 arrived: items_required = [1663].     [orders_in_system = 116]
2026-09-04 20:04:41 DEBUG: Order 116 arrived: items_required = [4436].     [orders_in_system = 117]
2026-09-04 20:04:41 DEBUG: Order 117 arrived: items_required = [2039].     [orders_in_system = 118]
2026-09-04 20:04:41 DEBUG: Order 118 arrived: items_required = [1396, 3256].     [orders_in_system = 119]
2026-09-04 20:04:41 DEBUG: Order 119 arrived: items_required = [1928, 4170].     [orders_in_system = 120]
2026-09-04 20:04:41 DEBUG: Order 120 arrived: items_required = [4154].     [orders_in_system = 121]
2026-09-04 20:04:41 DEBUG: Order 121 arrived: items_required = [3895, 2540].     [orders_in_system = 122]
2026-09-04 20:04:41 DEBUG: Order 122 arrived: items_required = [2617, 1299].     [orders_in_system = 123]
2026-09-04 20:04:41 DEBUG: Order 123 arrived: items_required = [2725, 1069, 2181].     [orders_in_system = 124]
2026-09-04 20:04:41 DEBUG: Order 124 arrived: items_required = [2818, 3640].     [orders_in_system = 125]
2026-09-04 20:04:41 DEBUG: Order 125 arrived: items_required = [2366, 2877, 2404, 1949].     [orders_in_system = 126]
2026-09-04 20:04:41 DEBUG: Order 126 arrived: items_required = [2891, 3622].     [orders_in_system = 127]
2026-09-04 20:04:41 DEBUG: Order 127 arrived: items_required = [1398, 3374].     [orders_in_system = 128]
2026-09-04 20:04:41 DEBUG: Order 128 arrived: items_required = [2721].     [orders_in_system = 129]
2026-09-04 20:04:41 DEBUG: Order 129 arrived: items_required = [2569, 3865, 2767].     [orders_in_system = 130]
2026-09-04 20:04:41 DEBUG: Order 130 arrived: items_required = [2163, 1126, 2653].     [orders_in_system = 131]
2026-09-04 20:04:41 DEBUG: Order 131 arrived: items_required = [2628].     [orders_in_system = 132]
2026-09-04 20:04:41 DEBUG: Order 132 arrived: items_required = [2734, 1274, 2073, 1732, 3509, 2314, 2822, 2179].     [orders_in_system = 133]
2026-09-04 20:04:41 DEBUG: Order 133 arrived: items_required = [2991, 1059, 3748, 4021, 3389, 1906].     [orders_in_system = 134]
2026-09-04 20:04:41 DEBUG: Order 134 arrived: items_required = [3718, 2644].     [orders_in_system = 135]
2026-09-04 20:04:41 DEBUG: Order 135 arrived: items_required = [2321, 1200].     [orders_in_system = 136]
2026-09-04 20:04:41 DEBUG: Order 136 arrived: items_required = [3180, 2685].     [orders_in_system = 137]
2026-09-04 20:04:41 DEBUG: Order 137 arrived: items_required = [2822].     [orders_in_system = 138]
2026-09-04 20:04:41 DEBUG: Order 138 arrived: items_required = [2350, 3736].     [orders_in_system = 139]
2026-09-04 20:04:41 DEBUG: Order 139 arrived: items_required = [3403, 2959].     [orders_in_system = 140]
2026-09-04 20:04:41 DEBUG: Order 140 arrived: items_required = [4869].     [orders_in_system = 141]
2026-09-04 20:04:41 DEBUG: Order 141 arrived: items_required = [2095].     [orders_in_system = 142]
2026-09-04 20:04:41 DEBUG: Order 142 arrived: items_required = [2502].     [orders_in_system = 143]
2026-09-04 20:04:41 DEBUG: Order 143 arrived: items_required = [1879, 4037].     [orders_in_system = 144]
2026-09-04 20:04:41 DEBUG: Order 144 arrived: items_required = [2146, 2040, 2348].     [orders_in_system = 145]
2026-09-04 20:04:41 DEBUG: Order 145 arrived: items_required = [2198].     [orders_in_system = 146]
2026-09-04 20:04:41 DEBUG: Order 146 arrived: items_required = [3345, 2837, 2619].     [orders_in_system = 147]
2026-09-04 20:04:41 DEBUG: Order 147 arrived: items_required = [1364, 1515, 3387].     [orders_in_system = 148]
2026-09-04 20:04:41 DEBUG: Order 148 arrived: items_required = [3258].     [orders_in_system = 149]
2026-09-04 20:04:41 DEBUG: Order 149 arrived: items_required = [1447].     [orders_in_system = 150]
2026-09-04 20:04:41 DEBUG:    EVENT NUM 2     current_time = 00:00:01   RUN_OPTIMIZER         [queue size = 1]
2026-09-04 20:04:41 INFO: Solving stage 1 ... 
2026-09-04 20:04:41 INFO: 
[lns_stage1] start | 150 orders, 600 pods, 6 workstations (150 free to move) | budget 30s
2026-09-04 20:04:42 INFO: [lns_stage1] initial objective 275.6415
2026-09-04 20:04:43 INFO: [lns_stage1] iter 1 | objective 263.5755 | improved by 12.0660 | hole 30 orders | 2s elapsed
2026-09-04 20:04:44 INFO: [lns_stage1] iter 2 | objective 262.3491 | improved by 1.2264 | hole 30 orders | 2s elapsed
2026-09-04 20:04:45 INFO: [lns_stage1] iter 3 | objective 258.6415 | improved by 3.7075 | hole 30 orders | 4s elapsed
2026-09-04 20:04:46 INFO: [lns_stage1] iter 4 | objective 257.2453 | improved by 1.3962 | hole 30 orders | 4s elapsed
2026-09-04 20:04:46 INFO: [lns_stage1] iter 5 | objective 255.4811 | improved by 1.7642 | hole 30 orders | 5s elapsed
2026-09-04 20:04:47 INFO: [lns_stage1] iter 6 | objective 255.4528 | improved by 0.0283 | hole 30 orders | 6s elapsed
2026-09-04 20:04:48 INFO: [lns_stage1] iter 7 | objective 255.0755 | improved by 0.3774 | hole 35 orders | 7s elapsed
2026-09-04 20:04:49 INFO: [lns_stage1] iter 8 | objective 251.1321 | improved by 3.9434 | hole 35 orders | 7s elapsed
2026-09-04 20:04:49 INFO: [lns_stage1] iter 9 | objective 248.0000 | improved by 3.1321 | hole 35 orders | 8s elapsed
2026-09-04 20:04:50 INFO: [lns_stage1] iter 10 | objective 247.7736 | improved by 0.2264 | hole 35 orders | 9s elapsed
2026-09-04 20:04:52 INFO: [lns_stage1] iter 11 | objective 242.4151 | improved by 5.3585 | hole 40 orders | 10s elapsed
2026-09-04 20:04:53 INFO: [lns_stage1] iter 12 | objective 237.9151 | improved by 4.5000 | hole 40 orders | 11s elapsed
2026-09-04 20:04:54 INFO: [lns_stage1] iter 13 | objective 236.4057 | improved by 1.5094 | hole 40 orders | 12s elapsed
2026-09-04 20:04:55 INFO: [lns_stage1] iter 14 | objective 234.1509 | improved by 2.2547 | hole 40 orders | 13s elapsed
2026-09-04 20:04:55 INFO: [lns_stage1] iter 15 | objective 232.8962 | improved by 1.2547 | hole 40 orders | 14s elapsed
2026-09-04 20:04:56 INFO: [lns_stage1] iter 16 | objective 231.4717 | improved by 1.4245 | hole 40 orders | 15s elapsed
2026-09-04 20:04:58 INFO: [lns_stage1] iter 17 | objective 229.9057 | improved by 1.5660 | hole 40 orders | 16s elapsed
2026-09-04 20:04:58 INFO: [lns_stage1] iter 18 | objective 229.8491 | improved by 0.0566 | hole 40 orders | 17s elapsed
2026-09-04 20:05:05 INFO: [lns_stage1] iter 23 | objective 228.4245 | improved by 1.4245 | hole 55 orders | 24s elapsed
2026-09-04 20:05:06 INFO: [lns_stage1] iter 24 | objective 224.3679 | improved by 4.0566 | hole 55 orders | 25s elapsed
2026-09-04 20:05:08 INFO: [lns_stage1] iter 25 | objective 222.4811 | improved by 1.8868 | hole 55 orders | 26s elapsed
2026-09-04 20:05:09 INFO: [lns_stage1] iter 26 | objective 222.3396 | improved by 0.1415 | hole 55 orders | 28s elapsed
2026-09-04 20:05:10 INFO: [lns_stage1] iter 27 | objective 221.9434 | improved by 0.3962 | hole 60 orders | 29s elapsed
2026-09-04 20:05:11 INFO: [lns_stage1] iter 28 | objective 221.7736 | improved by 0.1698 | hole 60 orders | 30s elapsed
2026-09-04 20:05:12 INFO: [lns_stage1] done | 31.1s, 29 iterations | final objective 221.7736 | feasible True
2026-09-04 20:05:12 INFO: Stage 1 solved.
2026-09-04 20:05:12 INFO: Solving stage 2 ... 
2026-09-04 20:05:13 INFO: 
[lns_stage2] start | 329 item order pairs, 132 pods, 6 workstations, 70 time steps | budget 400s
2026-09-04 20:05:45 INFO: [lns_stage2] initial objective 77.6009
2026-09-04 20:06:14 INFO: [lns_stage2] iter 1 | objective 83.0691 | improved by 5.4682 | hole 10 pods | 62s elapsed
2026-09-04 20:06:44 INFO: [lns_stage2] iter 2 | objective 92.1716 | improved by 9.1024 | hole 10 pods | 91s elapsed
2026-09-04 20:07:13 INFO: [lns_stage2] iter 3 | objective 94.6183 | improved by 2.4467 | hole 10 pods | 121s elapsed
2026-09-04 20:07:43 INFO: [lns_stage2] iter 4 | objective 94.6770 | improved by 0.0587 | hole 10 pods | 150s elapsed
2026-09-04 20:08:15 INFO: [lns_stage2] iter 5 | objective 99.7059 | improved by 5.0289 | hole 13 pods | 182s elapsed
2026-09-04 20:08:17 INFO: [lns_stage2] iter 6 | objective 107.9369 | improved by 8.2311 | hole 13 pods | 184s elapsed
2026-09-04 20:08:22 INFO: [lns_stage2] iter 7 | objective 112.5191 | improved by 4.5822 | hole 13 pods | 189s elapsed
2026-09-04 20:08:26 INFO: [lns_stage2] iter 8 | objective 115.8186 | improved by 3.2994 | hole 13 pods | 193s elapsed
2026-09-04 20:08:27 INFO: [lns_stage2] iter 9 | objective 129.5802 | improved by 13.7616 | hole 13 pods | 194s elapsed
2026-09-04 20:08:30 INFO: [lns_stage2] iter 10 | objective 132.5994 | improved by 3.0192 | hole 13 pods | 198s elapsed
2026-09-04 20:08:32 INFO: [lns_stage2] iter 11 | objective 138.7860 | improved by 6.1866 | hole 13 pods | 199s elapsed
2026-09-04 20:08:39 INFO: [lns_stage2] iter 12 | objective 145.0579 | improved by 6.2719 | hole 13 pods | 206s elapsed
2026-09-04 20:08:41 INFO: [lns_stage2] iter 13 | objective 147.8937 | improved by 2.8358 | hole 13 pods | 209s elapsed
2026-09-04 20:08:42 INFO: [lns_stage2] iter 14 | objective 148.0211 | improved by 0.1274 | hole 13 pods | 210s elapsed
2026-09-04 20:08:47 INFO: [lns_stage2] iter 15 | objective 154.6500 | improved by 6.6289 | hole 16 pods | 214s elapsed
2026-09-04 20:08:50 INFO: [lns_stage2] iter 16 | objective 155.1999 | improved by 0.5499 | hole 16 pods | 217s elapsed
2026-09-04 20:08:53 INFO: [lns_stage2] iter 17 | objective 162.0570 | improved by 6.8571 | hole 16 pods | 220s elapsed
2026-09-04 20:08:55 INFO: [lns_stage2] iter 18 | objective 164.6841 | improved by 2.6271 | hole 16 pods | 222s elapsed
2026-09-04 20:09:00 INFO: [lns_stage2] iter 19 | objective 165.9434 | improved by 1.2592 | hole 16 pods | 227s elapsed
2026-09-04 20:09:02 INFO: [lns_stage2] iter 20 | objective 167.5597 | improved by 1.6164 | hole 16 pods | 230s elapsed
2026-09-04 20:09:06 INFO: [lns_stage2] iter 21 | objective 172.2787 | improved by 4.7190 | hole 16 pods | 233s elapsed
2026-09-04 20:09:12 INFO: [lns_stage2] iter 22 | objective 179.6151 | improved by 7.3364 | hole 16 pods | 239s elapsed
2026-09-04 20:09:17 INFO: [lns_stage2] iter 23 | objective 183.2836 | improved by 3.6685 | hole 16 pods | 244s elapsed
2026-09-04 20:09:20 INFO: [lns_stage2] iter 24 | objective 192.5112 | improved by 9.2276 | hole 16 pods | 248s elapsed
2026-09-04 20:09:24 INFO: [lns_stage2] iter 26 | objective 195.7799 | improved by 3.2687 | hole 16 pods | 252s elapsed
2026-09-04 20:09:26 INFO: [lns_stage2] iter 27 | objective 197.6292 | improved by 1.8493 | hole 16 pods | 253s elapsed
2026-09-04 20:09:31 INFO: [lns_stage2] iter 28 | objective 198.7924 | improved by 1.1631 | hole 16 pods | 259s elapsed
2026-09-04 20:09:35 INFO: [lns_stage2] iter 29 | objective 204.6461 | improved by 5.8538 | hole 16 pods | 262s elapsed
2026-09-04 20:09:38 INFO: [lns_stage2] iter 30 | objective 208.1696 | improved by 3.5235 | hole 16 pods | 265s elapsed
2026-09-04 20:10:09 INFO: [lns_stage2] iter 31 | objective 209.3056 | improved by 1.1359 | hole 16 pods | 296s elapsed
2026-09-04 20:10:11 INFO: [lns_stage2] iter 32 | objective 214.8946 | improved by 5.5891 | hole 16 pods | 298s elapsed
2026-09-04 20:10:15 INFO: [lns_stage2] iter 33 | objective 215.0594 | improved by 0.1647 | hole 16 pods | 303s elapsed
2026-09-04 20:10:51 INFO: [lns_stage2] iter 34 | objective 224.7219 | improved by 9.6625 | hole 19 pods | 339s elapsed
2026-09-04 20:11:01 INFO: [lns_stage2] iter 35 | objective 225.6769 | improved by 0.9550 | hole 19 pods | 348s elapsed
2026-09-04 20:11:07 INFO: [lns_stage2] iter 36 | objective 227.0618 | improved by 1.3849 | hole 19 pods | 354s elapsed
2026-09-04 20:11:13 INFO: [lns_stage2] iter 37 | objective 233.0852 | improved by 6.0234 | hole 19 pods | 360s elapsed
2026-09-04 20:11:19 INFO: [lns_stage2] iter 38 | objective 234.4904 | improved by 1.4052 | hole 19 pods | 366s elapsed
2026-09-04 20:11:50 INFO: [lns_stage2] iter 39 | objective 234.9727 | improved by 0.4823 | hole 19 pods | 397s elapsed
2026-09-04 20:11:54 INFO: [lns_stage2] iter 40 | objective 236.6568 | improved by 1.6841 | hole 19 pods | 401s elapsed
2026-09-04 20:12:22 INFO: [lns_stage2] done | 429.3s, 40 iterations | final objective 236.6568 | feasible True
2026-09-04 20:12:22 INFO: Stage 2 solved.
