2026-09-04 19:49:43 INFO: Warehouse initialization | grid=30x30, physical=63x35, num_skus=10000, num_robots=40, num_ws=9
2026-09-04 19:49:43 INFO: Warehouse initialized | 900 pods  (average number of skus per pod = 30.00), 9 workstations, 40 robots
2026-09-04 19:49:43 INFO: [OptManager] Building time-space network ...
2026-09-04 19:49:46 INFO: [OptManager] Network ready: 63630 nodes, 1037170 travelling arcs, 62721 idle arcs.
2026-09-04 19:49:46 INFO: 
=============================================
2026-09-04 19:49:46 INFO:   START SIMULATION  {TIME HORIZON = 01:00:00}
2026-09-04 19:49:46 DEBUG:    EVENT NUM 1     current_time = 00:00:00   ARRIVAL_ORDER         [queue size = 1]
2026-09-04 19:49:46 DEBUG: Order 0 arrived: items_required = [6055].     [orders_in_system = 1]
2026-09-04 19:49:46 DEBUG: Order 1 arrived: items_required = [4467].     [orders_in_system = 2]
2026-09-04 19:49:46 DEBUG: Order 2 arrived: items_required = [7429, 9526].     [orders_in_system = 3]
2026-09-04 19:49:46 DEBUG: Order 3 arrived: items_required = [5323, 2742].     [orders_in_system = 4]
2026-09-04 19:49:46 DEBUG: Order 4 arrived: items_required = [5298].     [orders_in_system = 5]
2026-09-04 19:49:46 DEBUG: Order 5 arrived: items_required = [4194, 7308].     [orders_in_system = 6]
2026-09-04 19:49:46 DEBUG: Order 6 arrived: items_required = [8309].     [orders_in_system = 7]
2026-09-04 19:49:46 DEBUG: Order 7 arrived: items_required = [5373, 6298, 5929, 3753].     [orders_in_system = 8]
2026-09-04 19:49:46 DEBUG: Order 8 arrived: items_required = [5964].     [orders_in_system = 9]
2026-09-04 19:49:46 DEBUG: Order 9 arrived: items_required = [6437].     [orders_in_system = 10]
2026-09-04 19:49:46 DEBUG: Order 10 arrived: items_required = [3725].     [orders_in_system = 11]
2026-09-04 19:49:46 DEBUG: Order 11 arrived: items_required = [3815, 5440, 6548].     [orders_in_system = 12]
2026-09-04 19:49:46 DEBUG: Order 12 arrived: items_required = [3720, 5524].     [orders_in_system = 13]
2026-09-04 19:49:46 DEBUG: Order 13 arrived: items_required = [3761, 4055].     [orders_in_system = 14]
2026-09-04 19:49:46 DEBUG: Order 14 arrived: items_required = [8039].     [orders_in_system = 15]
2026-09-04 19:49:46 DEBUG: Order 15 arrived: items_required = [4746].     [orders_in_system = 16]
2026-09-04 19:49:46 DEBUG: Order 16 arrived: items_required = [4980].     [orders_in_system = 17]
2026-09-04 19:49:46 DEBUG: Order 17 arrived: items_required = [4273].     [orders_in_system = 18]
2026-09-04 19:49:46 DEBUG: Order 18 arrived: items_required = [5168, 6384, 4838].     [orders_in_system = 19]
2026-09-04 19:49:46 DEBUG: Order 19 arrived: items_required = [2312, 7547].     [orders_in_system = 20]
2026-09-04 19:49:46 DEBUG: Order 20 arrived: items_required = [3951, 6345].     [orders_in_system = 21]
2026-09-04 19:49:46 DEBUG: Order 21 arrived: items_required = [5963, 5985].     [orders_in_system = 22]
2026-09-04 19:49:46 DEBUG: Order 22 arrived: items_required = [5678, 6516].     [orders_in_system = 23]
2026-09-04 19:49:46 DEBUG: Order 23 arrived: items_required = [2944].     [orders_in_system = 24]
2026-09-04 19:49:46 DEBUG: Order 24 arrived: items_required = [4030].     [orders_in_system = 25]
2026-09-04 19:49:46 DEBUG: Order 25 arrived: items_required = [4323, 520].     [orders_in_system = 26]
2026-09-04 19:49:46 DEBUG: Order 26 arrived: items_required = [5296, 7425, 5561, 4859, 5385].     [orders_in_system = 27]
2026-09-04 19:49:46 DEBUG: Order 27 arrived: items_required = [6610].     [orders_in_system = 28]
2026-09-04 19:49:46 DEBUG: Order 28 arrived: items_required = [5354].     [orders_in_system = 29]
2026-09-04 19:49:46 DEBUG: Order 29 arrived: items_required = [6450].     [orders_in_system = 30]
2026-09-04 19:49:46 DEBUG: Order 30 arrived: items_required = [5954].     [orders_in_system = 31]
2026-09-04 19:49:46 DEBUG: Order 31 arrived: items_required = [5966, 4493].     [orders_in_system = 32]
2026-09-04 19:49:46 DEBUG: Order 32 arrived: items_required = [4586, 3448].     [orders_in_system = 33]
2026-09-04 19:49:46 DEBUG: Order 33 arrived: items_required = [5637].     [orders_in_system = 34]
2026-09-04 19:49:46 DEBUG: Order 34 arrived: items_required = [6218].     [orders_in_system = 35]
2026-09-04 19:49:46 DEBUG: Order 35 arrived: items_required = [6670, 2406, 5344].     [orders_in_system = 36]
2026-09-04 19:49:46 DEBUG: Order 36 arrived: items_required = [4012].     [orders_in_system = 37]
2026-09-04 19:49:46 DEBUG: Order 37 arrived: items_required = [7007].     [orders_in_system = 38]
2026-09-04 19:49:46 DEBUG: Order 38 arrived: items_required = [7315, 6139, 4740].     [orders_in_system = 39]
2026-09-04 19:49:46 DEBUG: Order 39 arrived: items_required = [5272].     [orders_in_system = 40]
2026-09-04 19:49:46 DEBUG: Order 40 arrived: items_required = [4945].     [orders_in_system = 41]
2026-09-04 19:49:46 DEBUG: Order 41 arrived: items_required = [3799].     [orders_in_system = 42]
2026-09-04 19:49:46 DEBUG: Order 42 arrived: items_required = [6548].     [orders_in_system = 43]
2026-09-04 19:49:46 DEBUG: Order 43 arrived: items_required = [5452].     [orders_in_system = 44]
2026-09-04 19:49:46 DEBUG: Order 44 arrived: items_required = [3958].     [orders_in_system = 45]
2026-09-04 19:49:46 DEBUG: Order 45 arrived: items_required = [5044].     [orders_in_system = 46]
2026-09-04 19:49:46 DEBUG: Order 46 arrived: items_required = [6328, 4674].     [orders_in_system = 47]
2026-09-04 19:49:46 DEBUG: Order 47 arrived: items_required = [5468].     [orders_in_system = 48]
2026-09-04 19:49:46 DEBUG: Order 48 arrived: items_required = [3552].     [orders_in_system = 49]
2026-09-04 19:49:46 DEBUG: Order 49 arrived: items_required = [5079, 7682].     [orders_in_system = 50]
2026-09-04 19:49:46 DEBUG: Order 50 arrived: items_required = [1157].     [orders_in_system = 51]
2026-09-04 19:49:46 DEBUG: Order 51 arrived: items_required = [3381].     [orders_in_system = 52]
2026-09-04 19:49:46 DEBUG: Order 52 arrived: items_required = [6161, 3188, 6341].     [orders_in_system = 53]
2026-09-04 19:49:46 DEBUG: Order 53 arrived: items_required = [3379].     [orders_in_system = 54]
2026-09-04 19:49:46 DEBUG: Order 54 arrived: items_required = [6538].     [orders_in_system = 55]
2026-09-04 19:49:46 DEBUG: Order 55 arrived: items_required = [5679].     [orders_in_system = 56]
2026-09-04 19:49:46 DEBUG: Order 56 arrived: items_required = [2997, 4952].     [orders_in_system = 57]
2026-09-04 19:49:46 DEBUG: Order 57 arrived: items_required = [2037].     [orders_in_system = 58]
2026-09-04 19:49:46 DEBUG: Order 58 arrived: items_required = [2914, 7073].     [orders_in_system = 59]
2026-09-04 19:49:46 DEBUG: Order 59 arrived: items_required = [6859, 6769, 5871].     [orders_in_system = 60]
2026-09-04 19:49:46 DEBUG: Order 60 arrived: items_required = [5677, 5541].     [orders_in_system = 61]
2026-09-04 19:49:46 DEBUG: Order 61 arrived: items_required = [5268].     [orders_in_system = 62]
2026-09-04 19:49:46 DEBUG: Order 62 arrived: items_required = [6300].     [orders_in_system = 63]
2026-09-04 19:49:46 DEBUG: Order 63 arrived: items_required = [1687, 5710, 5515].     [orders_in_system = 64]
2026-09-04 19:49:46 DEBUG: Order 64 arrived: items_required = [6172, 5851].     [orders_in_system = 65]
2026-09-04 19:49:46 DEBUG: Order 65 arrived: items_required = [2817].     [orders_in_system = 66]
2026-09-04 19:49:46 DEBUG: Order 66 arrived: items_required = [3217, 4599, 3491].     [orders_in_system = 67]
2026-09-04 19:49:46 DEBUG: Order 67 arrived: items_required = [6911, 2687].     [orders_in_system = 68]
2026-09-04 19:49:46 DEBUG: Order 68 arrived: items_required = [4119, 4649, 3445, 6411].     [orders_in_system = 69]
2026-09-04 19:49:46 DEBUG: Order 69 arrived: items_required = [5271, 3278].     [orders_in_system = 70]
2026-09-04 19:49:46 DEBUG: Order 70 arrived: items_required = [1913, 6345, 1751].     [orders_in_system = 71]
2026-09-04 19:49:46 DEBUG: Order 71 arrived: items_required = [4477, 2316].     [orders_in_system = 72]
2026-09-04 19:49:46 DEBUG: Order 72 arrived: items_required = [4434].     [orders_in_system = 73]
2026-09-04 19:49:46 DEBUG: Order 73 arrived: items_required = [6113, 3868].     [orders_in_system = 74]
2026-09-04 19:49:46 DEBUG: Order 74 arrived: items_required = [5647, 6559].     [orders_in_system = 75]
2026-09-04 19:49:46 DEBUG: Order 75 arrived: items_required = [4846, 3438].     [orders_in_system = 76]
2026-09-04 19:49:46 DEBUG: Order 76 arrived: items_required = [5386].     [orders_in_system = 77]
2026-09-04 19:49:46 DEBUG: Order 77 arrived: items_required = [3970, 4715].     [orders_in_system = 78]
2026-09-04 19:49:46 DEBUG: Order 78 arrived: items_required = [4077, 7184].     [orders_in_system = 79]
2026-09-04 19:49:46 DEBUG: Order 79 arrived: items_required = [3775].     [orders_in_system = 80]
2026-09-04 19:49:46 DEBUG: Order 80 arrived: items_required = [4708, 4989, 4979, 4899].     [orders_in_system = 81]
2026-09-04 19:49:46 DEBUG: Order 81 arrived: items_required = [6951].     [orders_in_system = 82]
2026-09-04 19:49:46 DEBUG: Order 82 arrived: items_required = [5252, 6897].     [orders_in_system = 83]
2026-09-04 19:49:46 DEBUG: Order 83 arrived: items_required = [7895].     [orders_in_system = 84]
2026-09-04 19:49:46 DEBUG: Order 84 arrived: items_required = [5762].     [orders_in_system = 85]
2026-09-04 19:49:46 DEBUG: Order 85 arrived: items_required = [5477].     [orders_in_system = 86]
2026-09-04 19:49:46 DEBUG: Order 86 arrived: items_required = [4094].     [orders_in_system = 87]
2026-09-04 19:49:46 DEBUG: Order 87 arrived: items_required = [3549, 1380].     [orders_in_system = 88]
2026-09-04 19:49:46 DEBUG: Order 88 arrived: items_required = [6313].     [orders_in_system = 89]
2026-09-04 19:49:46 DEBUG: Order 89 arrived: items_required = [2793, 3635, 3454].     [orders_in_system = 90]
2026-09-04 19:49:46 DEBUG: Order 90 arrived: items_required = [7015, 4453].     [orders_in_system = 91]
2026-09-04 19:49:46 DEBUG: Order 91 arrived: items_required = [3305].     [orders_in_system = 92]
2026-09-04 19:49:46 DEBUG: Order 92 arrived: items_required = [3975, 6479, 3773, 5361, 5879, 6020].     [orders_in_system = 93]
2026-09-04 19:49:46 DEBUG: Order 93 arrived: items_required = [7771].     [orders_in_system = 94]
2026-09-04 19:49:46 DEBUG: Order 94 arrived: items_required = [1968].     [orders_in_system = 95]
2026-09-04 19:49:46 DEBUG: Order 95 arrived: items_required = [6357].     [orders_in_system = 96]
2026-09-04 19:49:46 DEBUG: Order 96 arrived: items_required = [7009, 4041].     [orders_in_system = 97]
2026-09-04 19:49:46 DEBUG: Order 97 arrived: items_required = [5247].     [orders_in_system = 98]
2026-09-04 19:49:46 DEBUG: Order 98 arrived: items_required = [5097, 5399, 1426].     [orders_in_system = 99]
2026-09-04 19:49:46 DEBUG: Order 99 arrived: items_required = [3884].     [orders_in_system = 100]
2026-09-04 19:49:46 DEBUG: Order 100 arrived: items_required = [3526, 2166].     [orders_in_system = 101]
2026-09-04 19:49:46 DEBUG: Order 101 arrived: items_required = [3445, 2771].     [orders_in_system = 102]
2026-09-04 19:49:46 DEBUG: Order 102 arrived: items_required = [3683].     [orders_in_system = 103]
2026-09-04 19:49:46 DEBUG: Order 103 arrived: items_required = [3954, 2914].     [orders_in_system = 104]
2026-09-04 19:49:46 DEBUG: Order 104 arrived: items_required = [1368].     [orders_in_system = 105]
2026-09-04 19:49:46 DEBUG: Order 105 arrived: items_required = [6040].     [orders_in_system = 106]
2026-09-04 19:49:46 DEBUG: Order 106 arrived: items_required = [2846, 4806].     [orders_in_system = 107]
2026-09-04 19:49:46 DEBUG: Order 107 arrived: items_required = [7166, 7526].     [orders_in_system = 108]
2026-09-04 19:49:46 DEBUG: Order 108 arrived: items_required = [7088].     [orders_in_system = 109]
2026-09-04 19:49:46 DEBUG: Order 109 arrived: items_required = [5792, 3096].     [orders_in_system = 110]
2026-09-04 19:49:46 DEBUG: Order 110 arrived: items_required = [5229, 7599].     [orders_in_system = 111]
2026-09-04 19:49:46 DEBUG: Order 111 arrived: items_required = [2373].     [orders_in_system = 112]
2026-09-04 19:49:46 DEBUG: Order 112 arrived: items_required = [5505, 6515, 6960, 3456, 4661].     [orders_in_system = 113]
2026-09-04 19:49:46 DEBUG: Order 113 arrived: items_required = [4484, 3774].     [orders_in_system = 114]
2026-09-04 19:49:46 DEBUG: Order 114 arrived: items_required = [4125].     [orders_in_system = 115]
2026-09-04 19:49:46 DEBUG: Order 115 arrived: items_required = [3686, 5331].     [orders_in_system = 116]
2026-09-04 19:49:46 DEBUG: Order 116 arrived: items_required = [3783].     [orders_in_system = 117]
2026-09-04 19:49:46 DEBUG: Order 117 arrived: items_required = [7590].     [orders_in_system = 118]
2026-09-04 19:49:46 DEBUG: Order 118 arrived: items_required = [3364, 6489].     [orders_in_system = 119]
2026-09-04 19:49:46 DEBUG: Order 119 arrived: items_required = [5407].     [orders_in_system = 120]
2026-09-04 19:49:46 DEBUG: Order 120 arrived: items_required = [4153].     [orders_in_system = 121]
2026-09-04 19:49:46 DEBUG: Order 121 arrived: items_required = [4468, 5527, 7493, 4914].     [orders_in_system = 122]
2026-09-04 19:49:46 DEBUG: Order 122 arrived: items_required = [5879, 7197].     [orders_in_system = 123]
2026-09-04 19:49:46 DEBUG: Order 123 arrived: items_required = [2513, 3153].     [orders_in_system = 124]
2026-09-04 19:49:46 DEBUG: Order 124 arrived: items_required = [5964].     [orders_in_system = 125]
2026-09-04 19:49:46 DEBUG: Order 125 arrived: items_required = [5295].     [orders_in_system = 126]
2026-09-04 19:49:46 DEBUG: Order 126 arrived: items_required = [5868].     [orders_in_system = 127]
2026-09-04 19:49:46 DEBUG: Order 127 arrived: items_required = [7802, 5322].     [orders_in_system = 128]
2026-09-04 19:49:46 DEBUG: Order 128 arrived: items_required = [2434].     [orders_in_system = 129]
2026-09-04 19:49:46 DEBUG: Order 129 arrived: items_required = [5046, 4120, 4646].     [orders_in_system = 130]
2026-09-04 19:49:46 DEBUG: Order 130 arrived: items_required = [4635, 6480].     [orders_in_system = 131]
2026-09-04 19:49:46 DEBUG: Order 131 arrived: items_required = [5224].     [orders_in_system = 132]
2026-09-04 19:49:46 DEBUG: Order 132 arrived: items_required = [4781].     [orders_in_system = 133]
2026-09-04 19:49:46 DEBUG: Order 133 arrived: items_required = [2924, 7123].     [orders_in_system = 134]
2026-09-04 19:49:46 DEBUG: Order 134 arrived: items_required = [3555].     [orders_in_system = 135]
2026-09-04 19:49:46 DEBUG: Order 135 arrived: items_required = [5888, 8155, 3325, 4317, 6409, 4304].     [orders_in_system = 136]
2026-09-04 19:49:46 DEBUG: Order 136 arrived: items_required = [4570].     [orders_in_system = 137]
2026-09-04 19:49:46 DEBUG: Order 137 arrived: items_required = [4202, 5548].     [orders_in_system = 138]
2026-09-04 19:49:46 DEBUG: Order 138 arrived: items_required = [4376].     [orders_in_system = 139]
2026-09-04 19:49:46 DEBUG: Order 139 arrived: items_required = [3768].     [orders_in_system = 140]
2026-09-04 19:49:46 DEBUG: Order 140 arrived: items_required = [3524, 2550].     [orders_in_system = 141]
2026-09-04 19:49:46 DEBUG: Order 141 arrived: items_required = [4639].     [orders_in_system = 142]
2026-09-04 19:49:46 DEBUG: Order 142 arrived: items_required = [4746].     [orders_in_system = 143]
2026-09-04 19:49:46 DEBUG: Order 143 arrived: items_required = [6536].     [orders_in_system = 144]
2026-09-04 19:49:46 DEBUG: Order 144 arrived: items_required = [7227, 7265, 2467].     [orders_in_system = 145]
2026-09-04 19:49:46 DEBUG: Order 145 arrived: items_required = [4703].     [orders_in_system = 146]
2026-09-04 19:49:46 DEBUG: Order 146 arrived: items_required = [3758, 4985, 7177, 3530, 3975, 5049].     [orders_in_system = 147]
2026-09-04 19:49:46 DEBUG: Order 147 arrived: items_required = [6078].     [orders_in_system = 148]
2026-09-04 19:49:46 DEBUG: Order 148 arrived: items_required = [4990, 4116].     [orders_in_system = 149]
2026-09-04 19:49:46 DEBUG: Order 149 arrived: items_required = [5322].     [orders_in_system = 150]
2026-09-04 19:49:46 DEBUG:    EVENT NUM 2     current_time = 00:00:01   RUN_OPTIMIZER         [queue size = 1]
2026-09-04 19:49:46 INFO: Solving stage 1 ... 
2026-09-04 19:49:46 INFO: 
[lns_stage1] start | 150 orders, 900 pods, 9 workstations (150 free to move) | budget 30s
2026-09-04 19:49:47 INFO: [lns_stage1] initial objective 272.5000
2026-09-04 19:49:48 INFO: [lns_stage1] iter 1 | objective 266.8182 | improved by 5.6818 | hole 30 orders | 2s elapsed
2026-09-04 19:49:50 INFO: [lns_stage1] iter 2 | objective 261.9091 | improved by 4.9091 | hole 30 orders | 4s elapsed
2026-09-04 19:49:51 INFO: [lns_stage1] iter 3 | objective 255.9545 | improved by 5.9545 | hole 30 orders | 5s elapsed
2026-09-04 19:49:52 INFO: [lns_stage1] iter 4 | objective 249.3409 | improved by 6.6136 | hole 30 orders | 6s elapsed
2026-09-04 19:49:54 INFO: [lns_stage1] iter 6 | objective 248.1591 | improved by 1.1818 | hole 30 orders | 7s elapsed
2026-09-04 19:49:54 INFO: [lns_stage1] iter 7 | objective 248.1136 | improved by 0.0455 | hole 30 orders | 8s elapsed
2026-09-04 19:49:55 INFO: [lns_stage1] iter 8 | objective 242.4545 | improved by 5.6591 | hole 35 orders | 9s elapsed
2026-09-04 19:49:56 INFO: [lns_stage1] iter 9 | objective 239.9091 | improved by 2.5455 | hole 35 orders | 10s elapsed
2026-09-04 19:49:57 INFO: [lns_stage1] iter 10 | objective 238.6136 | improved by 1.2955 | hole 35 orders | 11s elapsed
2026-09-04 19:49:59 INFO: [lns_stage1] iter 11 | objective 234.5455 | improved by 4.0682 | hole 35 orders | 13s elapsed
2026-09-04 19:50:00 INFO: [lns_stage1] iter 12 | objective 234.0909 | improved by 0.4545 | hole 35 orders | 14s elapsed
2026-09-04 19:50:01 INFO: [lns_stage1] iter 13 | objective 233.9545 | improved by 0.1364 | hole 35 orders | 14s elapsed
2026-09-04 19:50:02 INFO: [lns_stage1] iter 14 | objective 232.5000 | improved by 1.4545 | hole 40 orders | 16s elapsed
2026-09-04 19:50:03 INFO: [lns_stage1] iter 15 | objective 231.3409 | improved by 1.1591 | hole 40 orders | 17s elapsed
2026-09-04 19:50:04 INFO: [lns_stage1] iter 16 | objective 226.2727 | improved by 5.0682 | hole 40 orders | 18s elapsed
2026-09-04 19:50:05 INFO: [lns_stage1] iter 17 | objective 224.9773 | improved by 1.2955 | hole 40 orders | 18s elapsed
2026-09-04 19:50:06 INFO: [lns_stage1] iter 18 | objective 223.8182 | improved by 1.1591 | hole 40 orders | 20s elapsed
2026-09-04 19:50:07 INFO: [lns_stage1] iter 19 | objective 223.5455 | improved by 0.2727 | hole 40 orders | 21s elapsed
2026-09-04 19:50:08 INFO: [lns_stage1] iter 20 | objective 223.4091 | improved by 0.1364 | hole 45 orders | 22s elapsed
2026-09-04 19:50:09 INFO: [lns_stage1] iter 21 | objective 222.8864 | improved by 0.5227 | hole 50 orders | 23s elapsed
2026-09-04 19:50:12 INFO: [lns_stage1] iter 22 | objective 222.1818 | improved by 0.7045 | hole 50 orders | 25s elapsed
2026-09-04 19:50:13 INFO: [lns_stage1] iter 23 | objective 222.1364 | improved by 0.0455 | hole 50 orders | 27s elapsed
2026-09-04 19:50:15 INFO: [lns_stage1] iter 24 | objective 219.7273 | improved by 2.4091 | hole 55 orders | 28s elapsed
2026-09-04 19:50:16 INFO: [lns_stage1] iter 25 | objective 218.2727 | improved by 1.4545 | hole 55 orders | 30s elapsed
2026-09-04 19:50:17 INFO: [lns_stage1] iter 26 | objective 217.9091 | improved by 0.3636 | hole 55 orders | 31s elapsed
2026-09-04 19:50:17 INFO: [lns_stage1] done | 30.5s, 26 iterations | final objective 217.9091 | feasible True
2026-09-04 19:50:17 INFO: Stage 1 solved.
2026-09-04 19:50:17 INFO: Solving stage 2 ... 
2026-09-04 19:50:17 INFO: 
[lns_stage2] start | 259 item order pairs, 143 pods, 9 workstations, 70 time steps | budget 400s
2026-09-04 19:51:07 INFO: [lns_stage2] initial objective 153.9957
2026-09-04 19:51:50 INFO: [lns_stage2] iter 1 | objective 158.3496 | improved by 4.3539 | hole 10 pods | 92s elapsed
