2026-07-11 18:42:59 INFO: Warehouse initialization | grid=15x20, physical=34x25, num_skus=4500, num_robots=20, num_ws=4
2026-07-11 18:42:59 INFO: Warehouse initialized | 300 pods  (average number of skus per pod = 20.92), 4 workstations, 20 robots
2026-07-11 18:42:59 INFO: [OptManager] Building time-space network ...
2026-07-11 18:43:00 INFO: [OptManager] Network ready: 30400 nodes, 231514 travelling arcs, 30096 idle arcs.
2026-07-11 18:43:00 INFO: 
=============================================
2026-07-11 18:43:00 INFO:   START SIMULATION  {TIME HORIZON = 01:00:00}
2026-07-11 18:43:00 DEBUG:    EVENT NUM 1     current_time = 00:00:00   ARRIVAL_ORDER         [queue size = 1]
2026-07-11 18:43:00 DEBUG: Order 0 arrived: items_required = [2118].     [orders_in_system = 1]
2026-07-11 18:43:00 DEBUG: Order 1 arrived: items_required = [3456, 2635].     [orders_in_system = 2]
2026-07-11 18:43:00 DEBUG: Order 2 arrived: items_required = [1580].     [orders_in_system = 3]
2026-07-11 18:43:00 DEBUG: Order 3 arrived: items_required = [2590].     [orders_in_system = 4]
2026-07-11 18:43:00 DEBUG: Order 4 arrived: items_required = [2916].     [orders_in_system = 5]
2026-07-11 18:43:00 DEBUG: Order 5 arrived: items_required = [2432].     [orders_in_system = 6]
2026-07-11 18:43:00 DEBUG: Order 6 arrived: items_required = [2834, 3537, 1811, 4223, 942].     [orders_in_system = 7]
2026-07-11 18:43:00 DEBUG: Order 7 arrived: items_required = [3772, 3670].     [orders_in_system = 8]
2026-07-11 18:43:00 DEBUG: Order 8 arrived: items_required = [4190].     [orders_in_system = 9]
2026-07-11 18:43:00 DEBUG: Order 9 arrived: items_required = [2627].     [orders_in_system = 10]
2026-07-11 18:43:00 DEBUG: Order 10 arrived: items_required = [2388, 1979].     [orders_in_system = 11]
2026-07-11 18:43:00 DEBUG: Order 11 arrived: items_required = [1223].     [orders_in_system = 12]
2026-07-11 18:43:00 DEBUG: Order 12 arrived: items_required = [1619].     [orders_in_system = 13]
2026-07-11 18:43:00 DEBUG: Order 13 arrived: items_required = [2549, 2039, 1377].     [orders_in_system = 14]
2026-07-11 18:43:00 DEBUG: Order 14 arrived: items_required = [2120].     [orders_in_system = 15]
2026-07-11 18:43:00 DEBUG: Order 15 arrived: items_required = [1321].     [orders_in_system = 16]
2026-07-11 18:43:00 DEBUG: Order 16 arrived: items_required = [2039, 2737, 1197].     [orders_in_system = 17]
2026-07-11 18:43:00 DEBUG: Order 17 arrived: items_required = [2964].     [orders_in_system = 18]
2026-07-11 18:43:00 DEBUG: Order 18 arrived: items_required = [2527].     [orders_in_system = 19]
2026-07-11 18:43:00 DEBUG: Order 19 arrived: items_required = [2514, 2232].     [orders_in_system = 20]
2026-07-11 18:43:00 DEBUG: Order 20 arrived: items_required = [3239].     [orders_in_system = 21]
2026-07-11 18:43:00 DEBUG: Order 21 arrived: items_required = [1455, 1174, 2507].     [orders_in_system = 22]
2026-07-11 18:43:00 DEBUG: Order 22 arrived: items_required = [1870].     [orders_in_system = 23]
2026-07-11 18:43:00 DEBUG: Order 23 arrived: items_required = [2618].     [orders_in_system = 24]
2026-07-11 18:43:00 DEBUG: Order 24 arrived: items_required = [3092, 3368, 2262].     [orders_in_system = 25]
2026-07-11 18:43:00 DEBUG: Order 25 arrived: items_required = [1207, 3272, 901].     [orders_in_system = 26]
2026-07-11 18:43:00 DEBUG: Order 26 arrived: items_required = [1658, 1255].     [orders_in_system = 27]
2026-07-11 18:43:00 DEBUG: Order 27 arrived: items_required = [1199, 2138].     [orders_in_system = 28]
2026-07-11 18:43:00 DEBUG: Order 28 arrived: items_required = [1115, 125].     [orders_in_system = 29]
2026-07-11 18:43:00 DEBUG: Order 29 arrived: items_required = [344].     [orders_in_system = 30]
2026-07-11 18:43:00 DEBUG: Order 30 arrived: items_required = [3815, 1547, 2472].     [orders_in_system = 31]
2026-07-11 18:43:00 DEBUG: Order 31 arrived: items_required = [2358, 926, 2127].     [orders_in_system = 32]
2026-07-11 18:43:00 DEBUG: Order 32 arrived: items_required = [2510, 1154].     [orders_in_system = 33]
2026-07-11 18:43:00 DEBUG: Order 33 arrived: items_required = [2722].     [orders_in_system = 34]
2026-07-11 18:43:00 DEBUG: Order 34 arrived: items_required = [1197].     [orders_in_system = 35]
2026-07-11 18:43:00 DEBUG: Order 35 arrived: items_required = [3216, 2318].     [orders_in_system = 36]
2026-07-11 18:43:00 DEBUG: Order 36 arrived: items_required = [2090, 1955, 2732].     [orders_in_system = 37]
2026-07-11 18:43:00 DEBUG: Order 37 arrived: items_required = [3201].     [orders_in_system = 38]
2026-07-11 18:43:00 DEBUG: Order 38 arrived: items_required = [2489].     [orders_in_system = 39]
2026-07-11 18:43:00 DEBUG: Order 39 arrived: items_required = [2728, 2216, 3122].     [orders_in_system = 40]
2026-07-11 18:43:00 DEBUG: Order 40 arrived: items_required = [503, 1874, 219].     [orders_in_system = 41]
2026-07-11 18:43:00 DEBUG: Order 41 arrived: items_required = [1436, 982, 2734].     [orders_in_system = 42]
2026-07-11 18:43:00 DEBUG: Order 42 arrived: items_required = [1862].     [orders_in_system = 43]
2026-07-11 18:43:00 DEBUG: Order 43 arrived: items_required = [2278, 2978, 1329].     [orders_in_system = 44]
2026-07-11 18:43:00 DEBUG: Order 44 arrived: items_required = [3093, 1839].     [orders_in_system = 45]
2026-07-11 18:43:00 DEBUG: Order 45 arrived: items_required = [3478, 1921].     [orders_in_system = 46]
2026-07-11 18:43:00 DEBUG: Order 46 arrived: items_required = [2916, 3284, 2112, 2741].     [orders_in_system = 47]
2026-07-11 18:43:00 DEBUG: Order 47 arrived: items_required = [1230].     [orders_in_system = 48]
2026-07-11 18:43:00 DEBUG: Order 48 arrived: items_required = [2126, 862, 1188].     [orders_in_system = 49]
2026-07-11 18:43:00 DEBUG: Order 49 arrived: items_required = [3824, 2328, 1442, 2144, 2567].     [orders_in_system = 50]
2026-07-11 18:43:00 DEBUG: Order 50 arrived: items_required = [3577, 2499, 1750].     [orders_in_system = 51]
2026-07-11 18:43:00 DEBUG: Order 51 arrived: items_required = [3326, 2059].     [orders_in_system = 52]
2026-07-11 18:43:00 DEBUG: Order 52 arrived: items_required = [913, 3603, 53, 2379, 2163, 3277].     [orders_in_system = 53]
2026-07-11 18:43:00 DEBUG: Order 53 arrived: items_required = [3538].     [orders_in_system = 54]
2026-07-11 18:43:00 DEBUG: Order 54 arrived: items_required = [2388, 2035, 2822].     [orders_in_system = 55]
2026-07-11 18:43:00 DEBUG: Order 55 arrived: items_required = [1995, 94, 1407].     [orders_in_system = 56]
2026-07-11 18:43:00 DEBUG: Order 56 arrived: items_required = [1493, 3057, 2600, 1589, 3265, 1653, 2173, 88].     [orders_in_system = 57]
2026-07-11 18:43:00 DEBUG: Order 57 arrived: items_required = [1019].     [orders_in_system = 58]
2026-07-11 18:43:00 DEBUG: Order 58 arrived: items_required = [1455, 768, 1728].     [orders_in_system = 59]
2026-07-11 18:43:00 DEBUG: Order 59 arrived: items_required = [878, 1748, 1371, 3517].     [orders_in_system = 60]
2026-07-11 18:43:00 DEBUG: Order 60 arrived: items_required = [1955, 2646].     [orders_in_system = 61]
2026-07-11 18:43:00 DEBUG: Order 61 arrived: items_required = [1474, 1947, 3032].     [orders_in_system = 62]
2026-07-11 18:43:00 DEBUG: Order 62 arrived: items_required = [1096, 3054].     [orders_in_system = 63]
2026-07-11 18:43:00 DEBUG: Order 63 arrived: items_required = [2277, 1260, 2684].     [orders_in_system = 64]
2026-07-11 18:43:00 DEBUG: Order 64 arrived: items_required = [2157].     [orders_in_system = 65]
2026-07-11 18:43:00 DEBUG: Order 65 arrived: items_required = [425].     [orders_in_system = 66]
2026-07-11 18:43:00 DEBUG: Order 66 arrived: items_required = [4023, 764].     [orders_in_system = 67]
2026-07-11 18:43:00 DEBUG: Order 67 arrived: items_required = [2083, 2779].     [orders_in_system = 68]
2026-07-11 18:43:00 DEBUG: Order 68 arrived: items_required = [2533].     [orders_in_system = 69]
2026-07-11 18:43:00 DEBUG: Order 69 arrived: items_required = [2096].     [orders_in_system = 70]
2026-07-11 18:43:00 DEBUG: Order 70 arrived: items_required = [652].     [orders_in_system = 71]
2026-07-11 18:43:00 DEBUG: Order 71 arrived: items_required = [220].     [orders_in_system = 72]
2026-07-11 18:43:00 DEBUG: Order 72 arrived: items_required = [3104].     [orders_in_system = 73]
2026-07-11 18:43:00 DEBUG: Order 73 arrived: items_required = [1031].     [orders_in_system = 74]
2026-07-11 18:43:00 DEBUG: Order 74 arrived: items_required = [3942].     [orders_in_system = 75]
2026-07-11 18:43:00 DEBUG: Order 75 arrived: items_required = [2358].     [orders_in_system = 76]
2026-07-11 18:43:00 DEBUG: Order 76 arrived: items_required = [2685, 2606].     [orders_in_system = 77]
2026-07-11 18:43:00 DEBUG: Order 77 arrived: items_required = [2310].     [orders_in_system = 78]
2026-07-11 18:43:00 DEBUG: Order 78 arrived: items_required = [2466].     [orders_in_system = 79]
2026-07-11 18:43:00 DEBUG: Order 79 arrived: items_required = [3331].     [orders_in_system = 80]
2026-07-11 18:43:00 DEBUG: Order 80 arrived: items_required = [973, 3821, 2184].     [orders_in_system = 81]
2026-07-11 18:43:00 DEBUG: Order 81 arrived: items_required = [2798, 2575, 2031].     [orders_in_system = 82]
2026-07-11 18:43:00 DEBUG: Order 82 arrived: items_required = [3580].     [orders_in_system = 83]
2026-07-11 18:43:00 DEBUG: Order 83 arrived: items_required = [1435].     [orders_in_system = 84]
2026-07-11 18:43:00 DEBUG: Order 84 arrived: items_required = [2858, 3537].     [orders_in_system = 85]
2026-07-11 18:43:00 DEBUG: Order 85 arrived: items_required = [2107, 1067].     [orders_in_system = 86]
2026-07-11 18:43:00 DEBUG: Order 86 arrived: items_required = [1577, 1065].     [orders_in_system = 87]
2026-07-11 18:43:00 DEBUG: Order 87 arrived: items_required = [2631].     [orders_in_system = 88]
2026-07-11 18:43:00 DEBUG: Order 88 arrived: items_required = [1605].     [orders_in_system = 89]
2026-07-11 18:43:00 DEBUG: Order 89 arrived: items_required = [2324].     [orders_in_system = 90]
2026-07-11 18:43:00 DEBUG: Order 90 arrived: items_required = [2982, 2832].     [orders_in_system = 91]
2026-07-11 18:43:00 DEBUG: Order 91 arrived: items_required = [1700].     [orders_in_system = 92]
2026-07-11 18:43:00 DEBUG: Order 92 arrived: items_required = [3348, 4397].     [orders_in_system = 93]
2026-07-11 18:43:00 DEBUG: Order 93 arrived: items_required = [2359, 2901, 1042].     [orders_in_system = 94]
2026-07-11 18:43:00 DEBUG: Order 94 arrived: items_required = [1019, 4406, 2934].     [orders_in_system = 95]
2026-07-11 18:43:00 DEBUG: Order 95 arrived: items_required = [2387].     [orders_in_system = 96]
2026-07-11 18:43:00 DEBUG: Order 96 arrived: items_required = [2373, 2016, 2707].     [orders_in_system = 97]
2026-07-11 18:43:00 DEBUG: Order 97 arrived: items_required = [3220, 2227].     [orders_in_system = 98]
2026-07-11 18:43:00 DEBUG: Order 98 arrived: items_required = [1274].     [orders_in_system = 99]
2026-07-11 18:43:00 DEBUG: Order 99 arrived: items_required = [2755].     [orders_in_system = 100]
2026-07-11 18:43:00 DEBUG:    EVENT NUM 2     current_time = 00:00:01   RUN_OPTIMIZER         [queue size = 1]
2026-07-11 18:43:00 INFO: Solving stage 1 ... 
2026-07-11 18:43:00 INFO: [ls_stage1] Building initial solution ...
2026-07-11 18:43:00 INFO: [ls_stage1] Initial objective = 200.3300
2026-07-11 18:43:00 WARNING: 
Variables size:
  shape x = (197, 300)
  shape y = (4, 300)
  shape z = (100, 4)
  constraints_satisfied = 236705

2026-07-11 18:43:02 INFO: [ls_stage1] Iter 1: IMPROVEMENT move=('swap', 6, 51) obj=197.6800
2026-07-11 18:43:03 INFO: [ls_stage1] Iter 2: IMPROVEMENT move=('swap', 23, 96) obj=195.1300
2026-07-11 18:43:05 INFO: [ls_stage1] Iter 3: IMPROVEMENT move=('swap', 10, 67) obj=192.7000
2026-07-11 18:43:07 INFO: [ls_stage1] Iter 4: IMPROVEMENT move=('swap', 7, 98) obj=190.4200
2026-07-11 18:43:09 INFO: [ls_stage1] Iter 5: IMPROVEMENT move=('swap', 75, 81) obj=188.0300
2026-07-11 18:43:10 INFO: [ls_stage1] Iter 6: IMPROVEMENT move=('swap', 48, 97) obj=186.6700
2026-07-11 18:43:12 INFO: [ls_stage1] Iter 7: IMPROVEMENT move=('swap', 14, 99) obj=184.3300
2026-07-11 18:43:14 INFO: [ls_stage1] Iter 8: IMPROVEMENT move=('swap', 17, 44) obj=183.0200
2026-07-11 18:43:16 INFO: [ls_stage1] Iter 9: IMPROVEMENT move=('swap', 15, 90) obj=181.7300
2026-07-11 18:43:17 INFO: [ls_stage1] Iter 10: IMPROVEMENT move=('swap', 27, 73) obj=179.4700
2026-07-11 18:43:19 INFO: [ls_stage1] Iter 11: IMPROVEMENT move=('swap', 13, 43) obj=178.1300
2026-07-11 18:43:21 INFO: [ls_stage1] Iter 12: IMPROVEMENT move=('moveto', 64, 1) obj=176.8700
2026-07-11 18:43:22 INFO: [ls_stage1] Iter 13: IMPROVEMENT move=('moveto', 50, 2) obj=174.5800
2026-07-11 18:43:24 INFO: [ls_stage1] Iter 14: IMPROVEMENT move=('repod', 4, 123) obj=173.3200
2026-07-11 18:43:26 INFO: [ls_stage1] Iter 15: IMPROVEMENT move=('repod', 179, 145) obj=172.0100
2026-07-11 18:43:28 INFO: [ls_stage1] Iter 16: IMPROVEMENT move=('swap', 22, 93) obj=171.7900
2026-07-11 18:43:29 INFO: [ls_stage1] Iter 17: IMPROVEMENT move=('repod', 51, 183) obj=171.6500
2026-07-11 18:43:31 INFO: [ls_stage1] Iter 18: IMPROVEMENT move=('repod', 16, 259) obj=171.4900
2026-07-11 18:43:33 INFO: [ls_stage1] Iter 19: IMPROVEMENT move=('swap', 24, 26) obj=171.3800
2026-07-11 18:43:35 INFO: [ls_stage1] Iter 20: IMPROVEMENT move=('swap', 20, 78) obj=170.2400
2026-07-11 18:43:36 INFO: [ls_stage1] Iter 21: IMPROVEMENT move=('swap', 36, 38) obj=170.1200
2026-07-11 18:43:38 INFO: [ls_stage1] Iter 22: IMPROVEMENT move=('swap', 5, 35) obj=170.0600
2026-07-11 18:43:40 INFO: [ls_stage1] Iter 23: IMPROVEMENT move=('repod', 64, 262) obj=169.9200
2026-07-11 18:43:41 INFO: [ls_stage1] Iter 24: IMPROVEMENT move=('swap', 70, 72) obj=169.8800
2026-07-11 18:43:43 INFO: [ls_stage1] Iter 25: IMPROVEMENT move=('repod', 141, 259) obj=169.7200
2026-07-11 18:43:45 INFO: [ls_stage1] Iter 26: IMPROVEMENT move=('repod', 21, 140) obj=169.5500
2026-07-11 18:43:47 INFO: [ls_stage1] Iter 27: IMPROVEMENT move=('repod', 52, 258) obj=169.4400
2026-07-11 18:43:48 INFO: [ls_stage1] Iter 28: IMPROVEMENT move=('swap', 0, 22) obj=169.4000
2026-07-11 18:43:50 INFO: [ls_stage1] Iter 29: IMPROVEMENT move=('swap', 5, 55) obj=169.3600
2026-07-11 18:43:52 INFO: [ls_stage1] Iter 30: IMPROVEMENT move=('swap', 37, 51) obj=169.3000
2026-07-11 18:43:53 INFO: [ls_stage1] Iter 31: IMPROVEMENT move=('swap', 30, 53) obj=169.2200
2026-07-11 18:43:55 INFO: [ls_stage1] Iter 32: IMPROVEMENT move=('repod', 78, 184) obj=169.1400
2026-07-11 18:43:57 INFO: [ls_stage1] Iter 33: IMPROVEMENT move=('swap', 26, 38) obj=168.0000
2026-07-11 18:43:59 INFO: [ls_stage1] Iter 34: IMPROVEMENT move=('repod', 159, 292) obj=167.9600
2026-07-11 18:44:00 INFO: [ls_stage1] Iter 35: IMPROVEMENT move=('repod', 136, 249) obj=167.7800
2026-07-11 18:44:02 INFO: [ls_stage1] Iter 36: IMPROVEMENT move=('repod', 158, 214) obj=167.6600
2026-07-11 18:44:04 INFO: [ls_stage1] Iter 37: IMPROVEMENT move=('swap', 74, 75) obj=167.6200
2026-07-11 18:44:06 INFO: [ls_stage1] Iter 38: IMPROVEMENT move=('repod', 88, 170) obj=167.5400
2026-07-11 18:44:07 INFO: [ls_stage1] Iter 39: IMPROVEMENT move=('repod', 107, 248) obj=167.4000
2026-07-11 18:44:09 INFO: [ls_stage1] Iter 40: IMPROVEMENT move=('repod', 96, 214) obj=166.2400
2026-07-11 18:44:11 INFO: [ls_stage1] Iter 41: IMPROVEMENT move=('moveto', 47, 3) obj=165.1200
2026-07-11 18:44:12 INFO: [ls_stage1] Iter 42: IMPROVEMENT move=('repod', 191, 169) obj=165.0100
2026-07-11 18:44:14 INFO: [ls_stage1] Iter 43: IMPROVEMENT move=('repod', 67, 159) obj=163.8200
2026-07-11 18:44:16 INFO: [ls_stage1] Iter 44: IMPROVEMENT move=('swap', 0, 37) obj=163.8000
2026-07-11 18:44:18 INFO: [ls_stage1] Iter 45: IMPROVEMENT move=('repod', 194, 146) obj=163.7500
2026-07-11 18:44:19 INFO: [ls_stage1] Iter 46: IMPROVEMENT move=('swap', 35, 97) obj=162.5700
2026-07-11 18:44:21 INFO: [ls_stage1] Iter 47: IMPROVEMENT move=('swap', 0, 29) obj=162.5100
2026-07-11 18:44:23 INFO: [ls_stage1] Iter 48: IMPROVEMENT move=('swap', 19, 89) obj=162.4800
2026-07-11 18:44:25 INFO: [ls_stage1] Iter 49: IMPROVEMENT move=('swap', 66, 92) obj=162.4100
2026-07-11 18:44:26 INFO: [ls_stage1] Iter 50: IMPROVEMENT move=('swap', 92, 95) obj=161.2900
2026-07-11 18:44:28 INFO: [ls_stage1] Iter 51: IMPROVEMENT move=('moveto', 17, 3) obj=161.2500
2026-07-11 18:44:30 INFO: [ls_stage1] Iter 52: IMPROVEMENT move=('swap', 13, 62) obj=161.2300
2026-07-11 18:44:31 INFO: [ls_stage1] Iter 53: IMPROVEMENT move=('moveto', 72, 3) obj=161.2100
2026-07-11 18:44:33 INFO: [ls_stage1] Iter 54: IMPROVEMENT move=('moveto', 37, 3) obj=161.1900
2026-07-11 18:44:35 INFO: [ls_stage1] Iter 55: IMPROVEMENT move=('repod', 76, 268) obj=161.1700
2026-07-11 18:44:37 INFO: [ls_stage1] Iter 56: IMPROVEMENT move=('moveto', 69, 3) obj=161.1300
2026-07-11 18:44:38 INFO: [ls_stage1] Iter 57: IMPROVEMENT move=('moveto', 35, 2) obj=161.1100
2026-07-11 18:44:40 INFO: [ls_stage1] Iter 58: IMPROVEMENT move=('repod', 172, 234) obj=161.0400
2026-07-11 18:44:42 INFO: [ls_stage1] Iter 59: IMPROVEMENT move=('moveto', 95, 2) obj=161.0000
2026-07-11 18:44:44 INFO: [ls_stage1] Iter 60: PLATEAU move=('swap', 15, 70) obj=161.0000
2026-07-11 18:44:45 INFO: [ls_stage1] Iter 61: IMPROVEMENT move=('repod', 47, 293) obj=160.9800
2026-07-11 18:44:47 INFO: [ls_stage1] Iter 62: IMPROVEMENT move=('repod', 76, 286) obj=160.9000
2026-07-11 18:44:49 INFO: [ls_stage1] Iter 63: IMPROVEMENT move=('moveto', 88, 0) obj=160.8800
2026-07-11 18:44:50 INFO: [ls_stage1] Iter 64: IMPROVEMENT move=('swap', 37, 78) obj=159.8700
2026-07-11 18:44:52 INFO: [ls_stage1] Iter 65: IMPROVEMENT move=('swap', 75, 78) obj=159.8500
2026-07-11 18:44:54 INFO: [ls_stage1] Iter 66: IMPROVEMENT move=('moveto', 95, 3) obj=159.8300
2026-07-11 18:44:56 INFO: [ls_stage1] Iter 67: PLATEAU move=('repod', 43, 164) obj=159.8300
2026-07-11 18:44:57 INFO: [ls_stage1] Iter 68: PLATEAU move=('swap', 29, 99) obj=159.8300
2026-07-11 18:44:59 INFO: [ls_stage1] Iter 69: PLATEAU move=('swap', 38, 45) obj=159.8300
2026-07-11 18:45:01 INFO: [ls_stage1] Iter 70: PLATEAU move=('swap', 11, 77) obj=159.8300
2026-07-11 18:45:02 INFO: [ls_stage1] Iter 71: PLATEAU move=('swap', 62, 68) obj=159.8300
2026-07-11 18:45:04 INFO: [ls_stage1] Iter 72: PLATEAU move=('swap', 1, 84) obj=159.8300
2026-07-11 18:45:06 INFO: [ls_stage1] Iter 73: IMPROVEMENT move=('repod', 16, 277) obj=159.7900
2026-07-11 18:45:08 INFO: [ls_stage1] Iter 74: PLATEAU move=('repod', 65, 88) obj=159.7900
2026-07-11 18:45:09 INFO: [ls_stage1] Iter 75: PLATEAU move=('repod', 143, 3) obj=159.7900
2026-07-11 18:45:11 INFO: [ls_stage1] Iter 76: PLATEAU move=('swap', 2, 11) obj=159.7900
2026-07-11 18:45:13 INFO: [ls_stage1] Iter 77: IMPROVEMENT move=('repod', 91, 291) obj=159.7700
2026-07-11 18:45:15 INFO: [ls_stage1] Iter 78: IMPROVEMENT move=('repod', 79, 295) obj=159.7200
2026-07-11 18:45:16 INFO: [ls_stage1] Iter 79: IMPROVEMENT move=('moveto', 15, 0) obj=159.7000
2026-07-11 18:45:18 INFO: [ls_stage1] Iter 80: PLATEAU move=('swap', 66, 87) obj=159.7000
2026-07-11 18:45:20 INFO: [ls_stage1] Iter 81: PLATEAU move=('swap', 18, 32) obj=159.7000
2026-07-11 18:45:22 INFO: [ls_stage1] Iter 82: PLATEAU move=('swap', 8, 88) obj=159.7000
2026-07-11 18:45:23 INFO: [ls_stage1] Iter 83: PLATEAU move=('swap', 42, 52) obj=159.7000
2026-07-11 18:45:25 INFO: [ls_stage1] Iter 84: PLATEAU move=('swap', 50, 97) obj=159.7000
2026-07-11 18:45:27 INFO: [ls_stage1] Iter 85: PLATEAU move=('swap', 81, 97) obj=159.7000
2026-07-11 18:45:28 INFO: [ls_stage1] Iter 86: PLATEAU move=('swap', 84, 97) obj=159.7000
2026-07-11 18:45:30 INFO: [ls_stage1] Iter 87: PLATEAU move=('swap', 15, 93) obj=159.7000
2026-07-11 18:45:32 INFO: [ls_stage1] Iter 88: PLATEAU move=('swap', 45, 91) obj=159.7000
2026-07-11 18:45:34 INFO: [ls_stage1] Iter 89: PLATEAU move=('moveto', 33, 0) obj=159.7000
2026-07-11 18:45:34 INFO: [ls_stage1] Converged after 10 iterations without imprevement.
2026-07-11 18:45:34 INFO: [ls_stage1] Final objective = 159.7000
2026-07-11 18:45:34 INFO: Stage 1 solved.
2026-07-11 18:45:34 INFO: Solving stage 2 ... 
2026-07-11 18:45:34 INFO: [ls_stage2] Building initial solution ...
2026-07-11 18:46:13 INFO: [ls_stage2] Feasible initial solution: obj = 47.6044
2026-07-11 18:46:13 WARNING: 
Variables size:
  x shape = (197, 100)
  f0 = (100, 100)
  g0 = (100, 100)
  v0 = (100, 100)
  y shape = (125, 261610)
  num constraints satisfied = 1741328

