2026-09-04 19:44:27 INFO: Warehouse initialization | grid=25x24, physical=54x29, num_skus=5000, num_robots=30, num_ws=6
2026-09-04 19:44:27 INFO: Warehouse initialized | 600 pods  (average number of skus per pod = 30.00), 6 workstations, 30 robots
2026-09-04 19:44:27 INFO: [OptManager] Building time-space network ...
2026-09-04 19:44:29 INFO: [OptManager] Network ready: 42420 nodes, 468064 travelling arcs, 41814 idle arcs.
2026-09-04 19:44:29 INFO: 
=============================================
2026-09-04 19:44:29 INFO:   START SIMULATION  {TIME HORIZON = 01:00:00}
2026-09-04 19:44:29 DEBUG:    EVENT NUM 1     current_time = 00:00:00   ARRIVAL_ORDER         [queue size = 1]
2026-09-04 19:44:29 DEBUG: Order 0 arrived: items_required = [1525].     [orders_in_system = 1]
2026-09-04 19:44:29 DEBUG: Order 1 arrived: items_required = [2131, 2922].     [orders_in_system = 2]
2026-09-04 19:44:29 DEBUG: Order 2 arrived: items_required = [3669, 3265].     [orders_in_system = 3]
2026-09-04 19:44:29 DEBUG: Order 3 arrived: items_required = [1951].     [orders_in_system = 4]
2026-09-04 19:44:29 DEBUG: Order 4 arrived: items_required = [1620].     [orders_in_system = 5]
2026-09-04 19:44:29 DEBUG: Order 5 arrived: items_required = [2683, 2946].     [orders_in_system = 6]
2026-09-04 19:44:29 DEBUG: Order 6 arrived: items_required = [2181, 2302].     [orders_in_system = 7]
2026-09-04 19:44:29 DEBUG: Order 7 arrived: items_required = [1738].     [orders_in_system = 8]
2026-09-04 19:44:29 DEBUG: Order 8 arrived: items_required = [2645, 2608, 2680].     [orders_in_system = 9]
2026-09-04 19:44:29 DEBUG: Order 9 arrived: items_required = [2458, 3375, 2992].     [orders_in_system = 10]
2026-09-04 19:44:29 DEBUG: Order 10 arrived: items_required = [2899].     [orders_in_system = 11]
2026-09-04 19:44:29 DEBUG: Order 11 arrived: items_required = [757, 2829].     [orders_in_system = 12]
2026-09-04 19:44:29 DEBUG: Order 12 arrived: items_required = [3060, 2711, 949].     [orders_in_system = 13]
2026-09-04 19:44:29 DEBUG: Order 13 arrived: items_required = [2057].     [orders_in_system = 14]
2026-09-04 19:44:29 DEBUG: Order 14 arrived: items_required = [3055, 2376, 2648, 3131].     [orders_in_system = 15]
2026-09-04 19:44:29 DEBUG: Order 15 arrived: items_required = [1812].     [orders_in_system = 16]
2026-09-04 19:44:29 DEBUG: Order 16 arrived: items_required = [3020].     [orders_in_system = 17]
2026-09-04 19:44:29 DEBUG: Order 17 arrived: items_required = [830, 2054, 2506, 1147].     [orders_in_system = 18]
2026-09-04 19:44:29 DEBUG: Order 18 arrived: items_required = [3834, 4249].     [orders_in_system = 19]
2026-09-04 19:44:29 DEBUG: Order 19 arrived: items_required = [1607].     [orders_in_system = 20]
2026-09-04 19:44:29 DEBUG: Order 20 arrived: items_required = [4254].     [orders_in_system = 21]
2026-09-04 19:44:29 DEBUG: Order 21 arrived: items_required = [2497, 2772].     [orders_in_system = 22]
2026-09-04 19:44:29 DEBUG: Order 22 arrived: items_required = [2342].     [orders_in_system = 23]
2026-09-04 19:44:29 DEBUG: Order 23 arrived: items_required = [3138].     [orders_in_system = 24]
2026-09-04 19:44:29 DEBUG: Order 24 arrived: items_required = [1854].     [orders_in_system = 25]
2026-09-04 19:44:29 DEBUG: Order 25 arrived: items_required = [2507].     [orders_in_system = 26]
2026-09-04 19:44:29 DEBUG: Order 26 arrived: items_required = [3575].     [orders_in_system = 27]
2026-09-04 19:44:29 DEBUG: Order 27 arrived: items_required = [3141, 1602].     [orders_in_system = 28]
2026-09-04 19:44:29 DEBUG: Order 28 arrived: items_required = [2807].     [orders_in_system = 29]
2026-09-04 19:44:29 DEBUG: Order 29 arrived: items_required = [1983, 1863, 1569].     [orders_in_system = 30]
2026-09-04 19:44:29 DEBUG: Order 30 arrived: items_required = [1588].     [orders_in_system = 31]
2026-09-04 19:44:29 DEBUG: Order 31 arrived: items_required = [1626, 2496, 1855].     [orders_in_system = 32]
2026-09-04 19:44:29 DEBUG: Order 32 arrived: items_required = [2625].     [orders_in_system = 33]
2026-09-04 19:44:29 DEBUG: Order 33 arrived: items_required = [3230, 3308].     [orders_in_system = 34]
2026-09-04 19:44:29 DEBUG: Order 34 arrived: items_required = [1443, 3956].     [orders_in_system = 35]
2026-09-04 19:44:29 DEBUG: Order 35 arrived: items_required = [3835, 3785].     [orders_in_system = 36]
2026-09-04 19:44:29 DEBUG: Order 36 arrived: items_required = [1816, 3047].     [orders_in_system = 37]
2026-09-04 19:44:29 DEBUG: Order 37 arrived: items_required = [2852].     [orders_in_system = 38]
2026-09-04 19:44:29 DEBUG: Order 38 arrived: items_required = [3447].     [orders_in_system = 39]
2026-09-04 19:44:29 DEBUG: Order 39 arrived: items_required = [3668].     [orders_in_system = 40]
2026-09-04 19:44:29 DEBUG: Order 40 arrived: items_required = [2600].     [orders_in_system = 41]
2026-09-04 19:44:29 DEBUG: Order 41 arrived: items_required = [2529, 3488].     [orders_in_system = 42]
2026-09-04 19:44:29 DEBUG: Order 42 arrived: items_required = [2093, 3275, 2760].     [orders_in_system = 43]
2026-09-04 19:44:29 DEBUG: Order 43 arrived: items_required = [2950].     [orders_in_system = 44]
2026-09-04 19:44:29 DEBUG: Order 44 arrived: items_required = [2124].     [orders_in_system = 45]
2026-09-04 19:44:29 DEBUG: Order 45 arrived: items_required = [3505].     [orders_in_system = 46]
2026-09-04 19:44:29 DEBUG: Order 46 arrived: items_required = [3169, 1425, 2816].     [orders_in_system = 47]
2026-09-04 19:44:29 DEBUG: Order 47 arrived: items_required = [3676].     [orders_in_system = 48]
2026-09-04 19:44:29 DEBUG: Order 48 arrived: items_required = [2058].     [orders_in_system = 49]
2026-09-04 19:44:29 DEBUG: Order 49 arrived: items_required = [2410].     [orders_in_system = 50]
2026-09-04 19:44:29 DEBUG: Order 50 arrived: items_required = [2888, 1396].     [orders_in_system = 51]
2026-09-04 19:44:29 DEBUG: Order 51 arrived: items_required = [3412].     [orders_in_system = 52]
2026-09-04 19:44:29 DEBUG: Order 52 arrived: items_required = [2277, 2699].     [orders_in_system = 53]
2026-09-04 19:44:29 DEBUG: Order 53 arrived: items_required = [2403, 3844].     [orders_in_system = 54]
2026-09-04 19:44:29 DEBUG: Order 54 arrived: items_required = [3673].     [orders_in_system = 55]
2026-09-04 19:44:29 DEBUG: Order 55 arrived: items_required = [2807, 3079].     [orders_in_system = 56]
2026-09-04 19:44:29 DEBUG: Order 56 arrived: items_required = [1942, 2082].     [orders_in_system = 57]
2026-09-04 19:44:29 DEBUG: Order 57 arrived: items_required = [2116, 3132].     [orders_in_system = 58]
2026-09-04 19:44:29 DEBUG: Order 58 arrived: items_required = [2185, 2041].     [orders_in_system = 59]
2026-09-04 19:44:29 DEBUG: Order 59 arrived: items_required = [2094, 2597].     [orders_in_system = 60]
2026-09-04 19:44:29 DEBUG: Order 60 arrived: items_required = [1160, 4134].     [orders_in_system = 61]
2026-09-04 19:44:29 DEBUG: Order 61 arrived: items_required = [3633].     [orders_in_system = 62]
2026-09-04 19:44:29 DEBUG: Order 62 arrived: items_required = [1379, 3798].     [orders_in_system = 63]
2026-09-04 19:44:29 DEBUG: Order 63 arrived: items_required = [1760, 1519, 2017].     [orders_in_system = 64]
2026-09-04 19:44:29 DEBUG: Order 64 arrived: items_required = [1737].     [orders_in_system = 65]
2026-09-04 19:44:29 DEBUG: Order 65 arrived: items_required = [1512, 2197].     [orders_in_system = 66]
2026-09-04 19:44:29 DEBUG: Order 66 arrived: items_required = [2205].     [orders_in_system = 67]
2026-09-04 19:44:29 DEBUG: Order 67 arrived: items_required = [1579].     [orders_in_system = 68]
2026-09-04 19:44:29 DEBUG: Order 68 arrived: items_required = [2860].     [orders_in_system = 69]
2026-09-04 19:44:29 DEBUG: Order 69 arrived: items_required = [2093, 1951].     [orders_in_system = 70]
2026-09-04 19:44:29 DEBUG: Order 70 arrived: items_required = [2563].     [orders_in_system = 71]
2026-09-04 19:44:29 DEBUG: Order 71 arrived: items_required = [2679].     [orders_in_system = 72]
2026-09-04 19:44:29 DEBUG: Order 72 arrived: items_required = [4016, 2291].     [orders_in_system = 73]
2026-09-04 19:44:29 DEBUG: Order 73 arrived: items_required = [4206].     [orders_in_system = 74]
2026-09-04 19:44:29 DEBUG: Order 74 arrived: items_required = [3974].     [orders_in_system = 75]
2026-09-04 19:44:29 DEBUG: Order 75 arrived: items_required = [1748].     [orders_in_system = 76]
2026-09-04 19:44:29 DEBUG: Order 76 arrived: items_required = [3335, 2503, 1833].     [orders_in_system = 77]
2026-09-04 19:44:29 DEBUG: Order 77 arrived: items_required = [3245, 2094].     [orders_in_system = 78]
2026-09-04 19:44:29 DEBUG: Order 78 arrived: items_required = [2971, 1649, 2925].     [orders_in_system = 79]
2026-09-04 19:44:29 DEBUG: Order 79 arrived: items_required = [3137].     [orders_in_system = 80]
2026-09-04 19:44:29 DEBUG: Order 80 arrived: items_required = [2252].     [orders_in_system = 81]
2026-09-04 19:44:29 DEBUG: Order 81 arrived: items_required = [1865].     [orders_in_system = 82]
2026-09-04 19:44:29 DEBUG: Order 82 arrived: items_required = [2710].     [orders_in_system = 83]
2026-09-04 19:44:29 DEBUG: Order 83 arrived: items_required = [4031, 2023].     [orders_in_system = 84]
2026-09-04 19:44:29 DEBUG: Order 84 arrived: items_required = [1870].     [orders_in_system = 85]
2026-09-04 19:44:29 DEBUG: Order 85 arrived: items_required = [2263, 3170, 2496].     [orders_in_system = 86]
2026-09-04 19:44:29 DEBUG: Order 86 arrived: items_required = [1790, 2616].     [orders_in_system = 87]
2026-09-04 19:44:29 DEBUG: Order 87 arrived: items_required = [2071, 2513].     [orders_in_system = 88]
2026-09-04 19:44:29 DEBUG: Order 88 arrived: items_required = [2202].     [orders_in_system = 89]
2026-09-04 19:44:29 DEBUG: Order 89 arrived: items_required = [3400, 1842, 2187].     [orders_in_system = 90]
2026-09-04 19:44:29 DEBUG: Order 90 arrived: items_required = [3387].     [orders_in_system = 91]
2026-09-04 19:44:29 DEBUG: Order 91 arrived: items_required = [2445].     [orders_in_system = 92]
2026-09-04 19:44:29 DEBUG: Order 92 arrived: items_required = [2240, 2896, 2939].     [orders_in_system = 93]
2026-09-04 19:44:29 DEBUG: Order 93 arrived: items_required = [3165].     [orders_in_system = 94]
2026-09-04 19:44:29 DEBUG: Order 94 arrived: items_required = [3404].     [orders_in_system = 95]
2026-09-04 19:44:29 DEBUG: Order 95 arrived: items_required = [2358, 742, 1232].     [orders_in_system = 96]
2026-09-04 19:44:29 DEBUG: Order 96 arrived: items_required = [2399, 3442, 3499].     [orders_in_system = 97]
2026-09-04 19:44:29 DEBUG: Order 97 arrived: items_required = [3275, 1345].     [orders_in_system = 98]
2026-09-04 19:44:29 DEBUG: Order 98 arrived: items_required = [2942, 894].     [orders_in_system = 99]
2026-09-04 19:44:29 DEBUG: Order 99 arrived: items_required = [2839, 2921, 4147].     [orders_in_system = 100]
2026-09-04 19:44:29 DEBUG: Order 100 arrived: items_required = [1612, 1784].     [orders_in_system = 101]
2026-09-04 19:44:29 DEBUG: Order 101 arrived: items_required = [2230].     [orders_in_system = 102]
2026-09-04 19:44:29 DEBUG: Order 102 arrived: items_required = [1086].     [orders_in_system = 103]
2026-09-04 19:44:29 DEBUG: Order 103 arrived: items_required = [1520, 3202].     [orders_in_system = 104]
2026-09-04 19:44:29 DEBUG: Order 104 arrived: items_required = [4025].     [orders_in_system = 105]
2026-09-04 19:44:29 DEBUG: Order 105 arrived: items_required = [2894].     [orders_in_system = 106]
2026-09-04 19:44:29 DEBUG: Order 106 arrived: items_required = [3027, 2965, 1790].     [orders_in_system = 107]
2026-09-04 19:44:29 DEBUG: Order 107 arrived: items_required = [3761, 2157, 2377].     [orders_in_system = 108]
2026-09-04 19:44:29 DEBUG: Order 108 arrived: items_required = [1882].     [orders_in_system = 109]
2026-09-04 19:44:29 DEBUG: Order 109 arrived: items_required = [2219, 2668, 3013].     [orders_in_system = 110]
2026-09-04 19:44:29 DEBUG: Order 110 arrived: items_required = [4405, 2483, 2306].     [orders_in_system = 111]
2026-09-04 19:44:29 DEBUG: Order 111 arrived: items_required = [1838].     [orders_in_system = 112]
2026-09-04 19:44:29 DEBUG: Order 112 arrived: items_required = [2149].     [orders_in_system = 113]
2026-09-04 19:44:29 DEBUG: Order 113 arrived: items_required = [2154, 2033, 1979, 2398].     [orders_in_system = 114]
2026-09-04 19:44:29 DEBUG: Order 114 arrived: items_required = [2450, 1176, 1764, 2859].     [orders_in_system = 115]
2026-09-04 19:44:29 DEBUG: Order 115 arrived: items_required = [2556, 2267].     [orders_in_system = 116]
2026-09-04 19:44:29 DEBUG: Order 116 arrived: items_required = [1276].     [orders_in_system = 117]
2026-09-04 19:44:29 DEBUG: Order 117 arrived: items_required = [1689].     [orders_in_system = 118]
2026-09-04 19:44:29 DEBUG: Order 118 arrived: items_required = [2778, 602].     [orders_in_system = 119]
2026-09-04 19:44:29 DEBUG: Order 119 arrived: items_required = [1556].     [orders_in_system = 120]
2026-09-04 19:44:29 DEBUG: Order 120 arrived: items_required = [3235].     [orders_in_system = 121]
2026-09-04 19:44:29 DEBUG: Order 121 arrived: items_required = [3078, 2594].     [orders_in_system = 122]
2026-09-04 19:44:29 DEBUG: Order 122 arrived: items_required = [3242].     [orders_in_system = 123]
2026-09-04 19:44:29 DEBUG: Order 123 arrived: items_required = [2664, 2527].     [orders_in_system = 124]
2026-09-04 19:44:29 DEBUG: Order 124 arrived: items_required = [2172].     [orders_in_system = 125]
2026-09-04 19:44:29 DEBUG: Order 125 arrived: items_required = [2474].     [orders_in_system = 126]
2026-09-04 19:44:29 DEBUG: Order 126 arrived: items_required = [1401].     [orders_in_system = 127]
2026-09-04 19:44:29 DEBUG: Order 127 arrived: items_required = [2602, 2080].     [orders_in_system = 128]
2026-09-04 19:44:29 DEBUG: Order 128 arrived: items_required = [3423, 3043].     [orders_in_system = 129]
2026-09-04 19:44:29 DEBUG: Order 129 arrived: items_required = [4366].     [orders_in_system = 130]
2026-09-04 19:44:29 DEBUG: Order 130 arrived: items_required = [2483, 2121].     [orders_in_system = 131]
2026-09-04 19:44:29 DEBUG: Order 131 arrived: items_required = [3166, 2211].     [orders_in_system = 132]
2026-09-04 19:44:29 DEBUG: Order 132 arrived: items_required = [3412, 2495, 3004].     [orders_in_system = 133]
2026-09-04 19:44:29 DEBUG: Order 133 arrived: items_required = [3613].     [orders_in_system = 134]
2026-09-04 19:44:29 DEBUG: Order 134 arrived: items_required = [3470].     [orders_in_system = 135]
2026-09-04 19:44:29 DEBUG: Order 135 arrived: items_required = [2606].     [orders_in_system = 136]
2026-09-04 19:44:29 DEBUG: Order 136 arrived: items_required = [772].     [orders_in_system = 137]
2026-09-04 19:44:29 DEBUG: Order 137 arrived: items_required = [2034, 1928, 605].     [orders_in_system = 138]
2026-09-04 19:44:29 DEBUG: Order 138 arrived: items_required = [3354].     [orders_in_system = 139]
2026-09-04 19:44:29 DEBUG: Order 139 arrived: items_required = [1086].     [orders_in_system = 140]
2026-09-04 19:44:29 DEBUG: Order 140 arrived: items_required = [3366].     [orders_in_system = 141]
2026-09-04 19:44:29 DEBUG: Order 141 arrived: items_required = [2320, 2047].     [orders_in_system = 142]
2026-09-04 19:44:29 DEBUG: Order 142 arrived: items_required = [1198, 2834].     [orders_in_system = 143]
2026-09-04 19:44:29 DEBUG: Order 143 arrived: items_required = [4016].     [orders_in_system = 144]
2026-09-04 19:44:29 DEBUG: Order 144 arrived: items_required = [4243].     [orders_in_system = 145]
2026-09-04 19:44:29 DEBUG: Order 145 arrived: items_required = [4673].     [orders_in_system = 146]
2026-09-04 19:44:29 DEBUG: Order 146 arrived: items_required = [2896, 2738].     [orders_in_system = 147]
2026-09-04 19:44:29 DEBUG: Order 147 arrived: items_required = [3156, 2749].     [orders_in_system = 148]
2026-09-04 19:44:29 DEBUG: Order 148 arrived: items_required = [1385, 2655, 2846, 1671].     [orders_in_system = 149]
2026-09-04 19:44:29 DEBUG: Order 149 arrived: items_required = [3667, 2529, 3939].     [orders_in_system = 150]
2026-09-04 19:44:29 DEBUG:    EVENT NUM 2     current_time = 00:00:01   RUN_OPTIMIZER         [queue size = 1]
2026-09-04 19:44:29 INFO: Solving stage 1 ... 
2026-09-04 19:44:29 INFO: 
[lns_stage1] start | 150 orders, 600 pods, 6 workstations (150 free to move) | budget 30s
2026-09-04 19:44:29 INFO: [lns_stage1] initial objective 217.9245
2026-09-04 19:44:31 INFO: [lns_stage1] iter 1 | objective 214.1604 | improved by 3.7642 | hole 30 orders | 2s elapsed
2026-09-04 19:44:33 INFO: [lns_stage1] iter 2 | objective 208.0849 | improved by 6.0755 | hole 30 orders | 4s elapsed
2026-09-04 19:44:33 INFO: [lns_stage1] iter 3 | objective 202.3585 | improved by 5.7264 | hole 30 orders | 4s elapsed
2026-09-04 19:44:34 INFO: [lns_stage1] iter 4 | objective 199.8585 | improved by 2.5000 | hole 30 orders | 5s elapsed
2026-09-04 19:44:35 INFO: [lns_stage1] iter 5 | objective 194.1887 | improved by 5.6698 | hole 30 orders | 5s elapsed
2026-09-04 19:44:36 INFO: [lns_stage1] iter 6 | objective 184.8585 | improved by 9.3302 | hole 30 orders | 6s elapsed
2026-09-04 19:44:36 INFO: [lns_stage1] iter 7 | objective 183.6038 | improved by 1.2547 | hole 30 orders | 7s elapsed
2026-09-04 19:44:37 INFO: [lns_stage1] iter 8 | objective 183.4906 | improved by 0.1132 | hole 30 orders | 8s elapsed
2026-09-04 19:44:37 INFO: [lns_stage1] iter 9 | objective 182.5755 | improved by 0.9151 | hole 35 orders | 8s elapsed
2026-09-04 19:44:38 INFO: [lns_stage1] iter 10 | objective 181.2642 | improved by 1.3113 | hole 35 orders | 9s elapsed
2026-09-04 19:44:39 INFO: [lns_stage1] iter 11 | objective 178.3585 | improved by 2.9057 | hole 35 orders | 10s elapsed
2026-09-04 19:44:40 INFO: [lns_stage1] iter 12 | objective 178.1887 | improved by 0.1698 | hole 35 orders | 10s elapsed
2026-09-04 19:44:43 INFO: [lns_stage1] iter 16 | objective 177.2453 | improved by 0.9434 | hole 50 orders | 14s elapsed
2026-09-04 19:44:45 INFO: [lns_stage1] iter 17 | objective 175.8113 | improved by 1.4340 | hole 50 orders | 15s elapsed
2026-09-04 19:44:46 INFO: [lns_stage1] iter 18 | objective 174.2453 | improved by 1.5660 | hole 50 orders | 16s elapsed
2026-09-04 19:44:49 INFO: [lns_stage1] iter 21 | objective 174.1604 | improved by 0.0849 | hole 50 orders | 20s elapsed
2026-09-04 19:44:50 INFO: [lns_stage1] iter 22 | objective 173.8774 | improved by 0.2830 | hole 55 orders | 21s elapsed
2026-09-04 19:44:51 INFO: [lns_stage1] iter 23 | objective 173.7075 | improved by 0.1698 | hole 60 orders | 22s elapsed
2026-09-04 19:44:53 INFO: [lns_stage1] iter 24 | objective 169.6887 | improved by 4.0189 | hole 65 orders | 23s elapsed
2026-09-04 19:44:55 INFO: [lns_stage1] iter 25 | objective 167.2358 | improved by 2.4528 | hole 65 orders | 25s elapsed
2026-09-04 19:44:57 INFO: [lns_stage1] iter 26 | objective 164.5283 | improved by 2.7075 | hole 65 orders | 27s elapsed
2026-09-04 19:45:00 INFO: [lns_stage1] iter 29 | objective 164.5000 | improved by 0.0283 | hole 65 orders | 31s elapsed
2026-09-04 19:45:00 INFO: [lns_stage1] done | 30.6s, 29 iterations | final objective 164.5000 | feasible True
2026-09-04 19:45:00 INFO: Stage 1 solved.
2026-09-04 19:45:00 INFO: Solving stage 2 ... 
2026-09-04 19:45:00 INFO: 
[lns_stage2] start | 257 item order pairs, 102 pods, 6 workstations, 70 time steps | budget 400s
2026-09-04 19:45:25 INFO: [lns_stage2] initial objective 158.2460
2026-09-04 19:45:46 INFO: [lns_stage2] iter 1 | objective 162.5971 | improved by 4.3511 | hole 10 pods | 46s elapsed
2026-09-04 19:46:06 INFO: [lns_stage2] iter 2 | objective 171.1419 | improved by 8.5448 | hole 10 pods | 66s elapsed
2026-09-04 19:46:30 INFO: [lns_stage2] iter 3 | objective 173.9339 | improved by 2.7921 | hole 10 pods | 90s elapsed
2026-09-04 19:46:56 INFO: [lns_stage2] iter 4 | objective 176.3759 | improved by 2.4419 | hole 10 pods | 116s elapsed
2026-09-04 19:47:34 INFO: [lns_stage2] iter 5 | objective 180.7384 | improved by 4.3626 | hole 10 pods | 154s elapsed
2026-09-04 19:47:37 INFO: [lns_stage2] iter 6 | objective 182.2169 | improved by 1.4784 | hole 10 pods | 157s elapsed
2026-09-04 19:47:39 INFO: [lns_stage2] iter 7 | objective 182.3930 | improved by 0.1761 | hole 10 pods | 159s elapsed
2026-09-04 19:47:42 INFO: [lns_stage2] iter 8 | objective 185.0295 | improved by 2.6365 | hole 13 pods | 162s elapsed
2026-09-04 19:47:47 INFO: [lns_stage2] iter 9 | objective 189.5969 | improved by 4.5674 | hole 13 pods | 167s elapsed
2026-09-04 19:47:51 INFO: [lns_stage2] iter 10 | objective 190.5203 | improved by 0.9234 | hole 13 pods | 171s elapsed
2026-09-04 19:47:56 INFO: [lns_stage2] iter 11 | objective 194.0205 | improved by 3.5002 | hole 13 pods | 176s elapsed
2026-09-04 19:48:01 INFO: [lns_stage2] iter 13 | objective 197.9241 | improved by 3.9036 | hole 13 pods | 181s elapsed
2026-09-04 19:48:05 INFO: [lns_stage2] iter 14 | objective 200.1912 | improved by 2.2671 | hole 13 pods | 185s elapsed
2026-09-04 19:48:09 INFO: [lns_stage2] iter 15 | objective 203.2303 | improved by 3.0391 | hole 13 pods | 189s elapsed
2026-09-04 19:48:10 INFO: [lns_stage2] iter 16 | objective 203.6246 | improved by 0.3944 | hole 13 pods | 190s elapsed
2026-09-04 19:48:12 INFO: [lns_stage2] iter 17 | objective 203.8635 | improved by 0.2389 | hole 13 pods | 192s elapsed
2026-09-04 19:48:16 INFO: [lns_stage2] iter 18 | objective 204.2110 | improved by 0.3475 | hole 16 pods | 196s elapsed
2026-09-04 19:48:23 INFO: [lns_stage2] iter 19 | objective 206.5924 | improved by 2.3814 | hole 16 pods | 203s elapsed
2026-09-04 19:48:25 INFO: [lns_stage2] iter 20 | objective 207.2693 | improved by 0.6769 | hole 16 pods | 205s elapsed
2026-09-04 19:48:26 INFO: [lns_stage2] iter 21 | objective 207.5340 | improved by 0.2647 | hole 16 pods | 206s elapsed
2026-09-04 19:48:32 INFO: [lns_stage2] iter 22 | objective 208.7093 | improved by 1.1753 | hole 19 pods | 212s elapsed
2026-09-04 19:48:38 INFO: [lns_stage2] iter 23 | objective 211.1793 | improved by 2.4700 | hole 19 pods | 218s elapsed
2026-09-04 19:48:42 INFO: [lns_stage2] iter 25 | objective 212.7017 | improved by 1.5224 | hole 19 pods | 222s elapsed
2026-09-04 19:48:50 INFO: [lns_stage2] iter 26 | objective 214.8889 | improved by 2.1871 | hole 19 pods | 230s elapsed
2026-09-04 19:48:51 INFO: [lns_stage2] iter 27 | objective 215.2152 | improved by 0.3264 | hole 19 pods | 231s elapsed
2026-09-04 19:48:55 INFO: [lns_stage2] iter 28 | objective 215.5809 | improved by 0.3656 | hole 19 pods | 235s elapsed
2026-09-04 19:49:00 INFO: [lns_stage2] iter 29 | objective 216.3892 | improved by 0.8084 | hole 19 pods | 240s elapsed
2026-09-04 19:49:05 INFO: [lns_stage2] iter 30 | objective 218.6117 | improved by 2.2225 | hole 19 pods | 245s elapsed
2026-09-04 19:49:07 INFO: [lns_stage2] iter 31 | objective 218.7649 | improved by 0.1532 | hole 19 pods | 247s elapsed
2026-09-04 19:49:38 INFO: [lns_stage2] iter 32 | objective 220.2581 | improved by 1.4931 | hole 22 pods | 278s elapsed
2026-09-04 19:49:45 INFO: [lns_stage2] iter 33 | objective 220.7424 | improved by 0.4843 | hole 22 pods | 285s elapsed
2026-09-04 19:49:54 INFO: [lns_stage2] iter 34 | objective 222.4020 | improved by 1.6596 | hole 22 pods | 294s elapsed
2026-09-04 19:49:58 INFO: [lns_stage2] iter 35 | objective 222.5751 | improved by 0.1731 | hole 22 pods | 298s elapsed
2026-09-04 19:50:05 INFO: [lns_stage2] iter 36 | objective 222.7025 | improved by 0.1274 | hole 25 pods | 305s elapsed
2026-09-04 19:50:10 INFO: [lns_stage2] iter 38 | objective 223.2123 | improved by 0.5098 | hole 28 pods | 310s elapsed
2026-09-04 19:50:34 INFO: [lns_stage2] iter 40 | objective 225.5213 | improved by 2.3090 | hole 28 pods | 334s elapsed
2026-09-04 19:50:39 INFO: [lns_stage2] iter 41 | objective 227.3201 | improved by 1.7988 | hole 28 pods | 339s elapsed
2026-09-04 19:50:49 INFO: [lns_stage2] iter 43 | objective 228.1761 | improved by 0.8560 | hole 28 pods | 349s elapsed
2026-09-04 19:51:00 INFO: [lns_stage2] iter 44 | objective 228.5588 | improved by 0.3827 | hole 28 pods | 360s elapsed
2026-09-04 19:51:09 INFO: [lns_stage2] iter 45 | objective 231.4549 | improved by 2.8961 | hole 28 pods | 369s elapsed
2026-09-04 19:51:25 INFO: [lns_stage2] iter 47 | objective 231.7126 | improved by 0.2576 | hole 28 pods | 385s elapsed
2026-09-04 19:51:44 INFO: [lns_stage2] iter 49 | objective 235.6911 | improved by 3.9786 | hole 31 pods | 404s elapsed
