2026-07-11 18:43:21 INFO: Warehouse initialization | grid=15x20, physical=34x25, num_skus=4500, num_robots=20, num_ws=4
2026-07-11 18:43:21 INFO: Warehouse initialized | 300 pods  (average number of skus per pod = 20.87), 4 workstations, 20 robots
2026-07-11 18:43:21 INFO: [OptManager] Building time-space network ...
2026-07-11 18:43:22 INFO: [OptManager] Network ready: 30400 nodes, 231514 travelling arcs, 30096 idle arcs.
2026-07-11 18:43:22 INFO: 
=============================================
2026-07-11 18:43:22 INFO:   START SIMULATION  {TIME HORIZON = 01:00:00}
2026-07-11 18:43:22 DEBUG:    EVENT NUM 1     current_time = 00:00:00   ARRIVAL_ORDER         [queue size = 1]
2026-07-11 18:43:22 DEBUG: Order 0 arrived: items_required = [1475, 2979].     [orders_in_system = 1]
2026-07-11 18:43:22 DEBUG: Order 1 arrived: items_required = [2405].     [orders_in_system = 2]
2026-07-11 18:43:22 DEBUG: Order 2 arrived: items_required = [2659].     [orders_in_system = 3]
2026-07-11 18:43:22 DEBUG: Order 3 arrived: items_required = [0].     [orders_in_system = 4]
2026-07-11 18:43:22 DEBUG: Order 4 arrived: items_required = [3455, 2936, 3689].     [orders_in_system = 5]
2026-07-11 18:43:22 DEBUG: Order 5 arrived: items_required = [4138, 1395, 1723, 2362, 2994].     [orders_in_system = 6]
2026-07-11 18:43:22 DEBUG: Order 6 arrived: items_required = [2741, 3938].     [orders_in_system = 7]
2026-07-11 18:43:22 DEBUG: Order 7 arrived: items_required = [2246].     [orders_in_system = 8]
2026-07-11 18:43:22 DEBUG: Order 8 arrived: items_required = [2271, 651].     [orders_in_system = 9]
2026-07-11 18:43:22 DEBUG: Order 9 arrived: items_required = [1846, 4312].     [orders_in_system = 10]
2026-07-11 18:43:22 DEBUG: Order 10 arrived: items_required = [4415, 4498, 1456].     [orders_in_system = 11]
2026-07-11 18:43:22 DEBUG: Order 11 arrived: items_required = [409, 1949, 1131, 2849].     [orders_in_system = 12]
2026-07-11 18:43:22 DEBUG: Order 12 arrived: items_required = [2933, 1438, 2421].     [orders_in_system = 13]
2026-07-11 18:43:22 DEBUG: Order 13 arrived: items_required = [1893].     [orders_in_system = 14]
2026-07-11 18:43:22 DEBUG: Order 14 arrived: items_required = [1813].     [orders_in_system = 15]
2026-07-11 18:43:22 DEBUG: Order 15 arrived: items_required = [1372].     [orders_in_system = 16]
2026-07-11 18:43:22 DEBUG: Order 16 arrived: items_required = [2845].     [orders_in_system = 17]
2026-07-11 18:43:22 DEBUG: Order 17 arrived: items_required = [133, 789, 3209, 1424].     [orders_in_system = 18]
2026-07-11 18:43:22 DEBUG: Order 18 arrived: items_required = [1772, 1694, 2405].     [orders_in_system = 19]
2026-07-11 18:43:22 DEBUG: Order 19 arrived: items_required = [2225].     [orders_in_system = 20]
2026-07-11 18:43:22 DEBUG: Order 20 arrived: items_required = [2944].     [orders_in_system = 21]
2026-07-11 18:43:22 DEBUG: Order 21 arrived: items_required = [2252, 1786].     [orders_in_system = 22]
2026-07-11 18:43:22 DEBUG: Order 22 arrived: items_required = [1634, 2057].     [orders_in_system = 23]
2026-07-11 18:43:22 DEBUG: Order 23 arrived: items_required = [3055, 2222, 2713].     [orders_in_system = 24]
2026-07-11 18:43:22 DEBUG: Order 24 arrived: items_required = [1929, 2106].     [orders_in_system = 25]
2026-07-11 18:43:22 DEBUG: Order 25 arrived: items_required = [788, 1480].     [orders_in_system = 26]
2026-07-11 18:43:22 DEBUG: Order 26 arrived: items_required = [2920, 1263].     [orders_in_system = 27]
2026-07-11 18:43:22 DEBUG: Order 27 arrived: items_required = [2889, 3625, 3377, 1669, 1979].     [orders_in_system = 28]
2026-07-11 18:43:22 DEBUG: Order 28 arrived: items_required = [2315, 2187].     [orders_in_system = 29]
2026-07-11 18:43:22 DEBUG: Order 29 arrived: items_required = [1737, 1394, 350].     [orders_in_system = 30]
2026-07-11 18:43:22 DEBUG: Order 30 arrived: items_required = [2037, 2298].     [orders_in_system = 31]
2026-07-11 18:43:22 DEBUG: Order 31 arrived: items_required = [3102].     [orders_in_system = 32]
2026-07-11 18:43:22 DEBUG: Order 32 arrived: items_required = [2208].     [orders_in_system = 33]
2026-07-11 18:43:22 DEBUG: Order 33 arrived: items_required = [2279].     [orders_in_system = 34]
2026-07-11 18:43:22 DEBUG: Order 34 arrived: items_required = [2703].     [orders_in_system = 35]
2026-07-11 18:43:22 DEBUG: Order 35 arrived: items_required = [809, 1670].     [orders_in_system = 36]
2026-07-11 18:43:22 DEBUG: Order 36 arrived: items_required = [810].     [orders_in_system = 37]
2026-07-11 18:43:22 DEBUG: Order 37 arrived: items_required = [2137, 2364].     [orders_in_system = 38]
2026-07-11 18:43:22 DEBUG: Order 38 arrived: items_required = [2125, 489].     [orders_in_system = 39]
2026-07-11 18:43:22 DEBUG: Order 39 arrived: items_required = [4094].     [orders_in_system = 40]
2026-07-11 18:43:22 DEBUG: Order 40 arrived: items_required = [1312].     [orders_in_system = 41]
2026-07-11 18:43:22 DEBUG: Order 41 arrived: items_required = [845, 2952].     [orders_in_system = 42]
2026-07-11 18:43:22 DEBUG: Order 42 arrived: items_required = [819, 2223, 1750].     [orders_in_system = 43]
2026-07-11 18:43:22 DEBUG: Order 43 arrived: items_required = [2983].     [orders_in_system = 44]
2026-07-11 18:43:22 DEBUG: Order 44 arrived: items_required = [4063].     [orders_in_system = 45]
2026-07-11 18:43:22 DEBUG: Order 45 arrived: items_required = [2979, 3279].     [orders_in_system = 46]
2026-07-11 18:43:22 DEBUG: Order 46 arrived: items_required = [1711, 2483, 2005].     [orders_in_system = 47]
2026-07-11 18:43:22 DEBUG: Order 47 arrived: items_required = [1782, 1879].     [orders_in_system = 48]
2026-07-11 18:43:22 DEBUG: Order 48 arrived: items_required = [3653, 1034].     [orders_in_system = 49]
2026-07-11 18:43:22 DEBUG: Order 49 arrived: items_required = [934, 1788].     [orders_in_system = 50]
2026-07-11 18:43:22 DEBUG: Order 50 arrived: items_required = [3915].     [orders_in_system = 51]
2026-07-11 18:43:22 DEBUG: Order 51 arrived: items_required = [2074].     [orders_in_system = 52]
2026-07-11 18:43:22 DEBUG: Order 52 arrived: items_required = [1173, 3506, 3458, 3917].     [orders_in_system = 53]
2026-07-11 18:43:22 DEBUG: Order 53 arrived: items_required = [2833, 2511].     [orders_in_system = 54]
2026-07-11 18:43:22 DEBUG: Order 54 arrived: items_required = [3722, 1076].     [orders_in_system = 55]
2026-07-11 18:43:22 DEBUG: Order 55 arrived: items_required = [1322, 2473].     [orders_in_system = 56]
2026-07-11 18:43:22 DEBUG: Order 56 arrived: items_required = [2192].     [orders_in_system = 57]
2026-07-11 18:43:22 DEBUG: Order 57 arrived: items_required = [3966].     [orders_in_system = 58]
2026-07-11 18:43:22 DEBUG: Order 58 arrived: items_required = [2209].     [orders_in_system = 59]
2026-07-11 18:43:22 DEBUG: Order 59 arrived: items_required = [4144].     [orders_in_system = 60]
2026-07-11 18:43:22 DEBUG: Order 60 arrived: items_required = [1718].     [orders_in_system = 61]
2026-07-11 18:43:22 DEBUG: Order 61 arrived: items_required = [3845, 2288].     [orders_in_system = 62]
2026-07-11 18:43:22 DEBUG: Order 62 arrived: items_required = [3525, 2991, 2035].     [orders_in_system = 63]
2026-07-11 18:43:22 DEBUG: Order 63 arrived: items_required = [1627, 1802].     [orders_in_system = 64]
2026-07-11 18:43:22 DEBUG: Order 64 arrived: items_required = [2546, 2069].     [orders_in_system = 65]
2026-07-11 18:43:22 DEBUG: Order 65 arrived: items_required = [2891, 1229].     [orders_in_system = 66]
2026-07-11 18:43:22 DEBUG: Order 66 arrived: items_required = [1989].     [orders_in_system = 67]
2026-07-11 18:43:22 DEBUG: Order 67 arrived: items_required = [331].     [orders_in_system = 68]
2026-07-11 18:43:22 DEBUG: Order 68 arrived: items_required = [959].     [orders_in_system = 69]
2026-07-11 18:43:22 DEBUG: Order 69 arrived: items_required = [1978, 1228, 1429].     [orders_in_system = 70]
2026-07-11 18:43:22 DEBUG: Order 70 arrived: items_required = [1481, 2794, 2778].     [orders_in_system = 71]
2026-07-11 18:43:22 DEBUG: Order 71 arrived: items_required = [2759].     [orders_in_system = 72]
2026-07-11 18:43:22 DEBUG: Order 72 arrived: items_required = [2373, 3963, 2589].     [orders_in_system = 73]
2026-07-11 18:43:22 DEBUG: Order 73 arrived: items_required = [3884].     [orders_in_system = 74]
2026-07-11 18:43:22 DEBUG: Order 74 arrived: items_required = [2044].     [orders_in_system = 75]
2026-07-11 18:43:22 DEBUG: Order 75 arrived: items_required = [2253, 2830].     [orders_in_system = 76]
2026-07-11 18:43:22 DEBUG: Order 76 arrived: items_required = [2899, 1633].     [orders_in_system = 77]
2026-07-11 18:43:22 DEBUG: Order 77 arrived: items_required = [3922, 1795].     [orders_in_system = 78]
2026-07-11 18:43:22 DEBUG: Order 78 arrived: items_required = [94].     [orders_in_system = 79]
2026-07-11 18:43:22 DEBUG: Order 79 arrived: items_required = [3873].     [orders_in_system = 80]
2026-07-11 18:43:22 DEBUG: Order 80 arrived: items_required = [3669].     [orders_in_system = 81]
2026-07-11 18:43:22 DEBUG: Order 81 arrived: items_required = [2418].     [orders_in_system = 82]
2026-07-11 18:43:22 DEBUG: Order 82 arrived: items_required = [2621].     [orders_in_system = 83]
2026-07-11 18:43:22 DEBUG: Order 83 arrived: items_required = [3178, 2524, 2539].     [orders_in_system = 84]
2026-07-11 18:43:22 DEBUG: Order 84 arrived: items_required = [3430].     [orders_in_system = 85]
2026-07-11 18:43:22 DEBUG: Order 85 arrived: items_required = [2889].     [orders_in_system = 86]
2026-07-11 18:43:22 DEBUG: Order 86 arrived: items_required = [2913, 4348, 2225].     [orders_in_system = 87]
2026-07-11 18:43:22 DEBUG: Order 87 arrived: items_required = [2274].     [orders_in_system = 88]
2026-07-11 18:43:22 DEBUG: Order 88 arrived: items_required = [2622].     [orders_in_system = 89]
2026-07-11 18:43:22 DEBUG: Order 89 arrived: items_required = [2494, 699].     [orders_in_system = 90]
2026-07-11 18:43:22 DEBUG: Order 90 arrived: items_required = [765].     [orders_in_system = 91]
2026-07-11 18:43:22 DEBUG: Order 91 arrived: items_required = [3331].     [orders_in_system = 92]
2026-07-11 18:43:22 DEBUG: Order 92 arrived: items_required = [1922, 1952].     [orders_in_system = 93]
2026-07-11 18:43:22 DEBUG: Order 93 arrived: items_required = [1336].     [orders_in_system = 94]
2026-07-11 18:43:22 DEBUG: Order 94 arrived: items_required = [4212, 2758].     [orders_in_system = 95]
2026-07-11 18:43:22 DEBUG: Order 95 arrived: items_required = [618, 3956, 2206].     [orders_in_system = 96]
2026-07-11 18:43:22 DEBUG: Order 96 arrived: items_required = [2221, 2298].     [orders_in_system = 97]
2026-07-11 18:43:22 DEBUG: Order 97 arrived: items_required = [1702].     [orders_in_system = 98]
2026-07-11 18:43:22 DEBUG: Order 98 arrived: items_required = [4134, 1804].     [orders_in_system = 99]
2026-07-11 18:43:22 DEBUG: Order 99 arrived: items_required = [2005].     [orders_in_system = 100]
2026-07-11 18:43:22 DEBUG:    EVENT NUM 2     current_time = 00:00:01   RUN_OPTIMIZER         [queue size = 1]
2026-07-11 18:43:22 INFO: Solving stage 1 ... 
2026-07-11 18:43:22 INFO: [ls_stage1] Building initial solution ...
2026-07-11 18:43:22 INFO: [ls_stage1] Initial objective = 184.0400
2026-07-11 18:43:22 WARNING: 
Variables size:
  shape x = (181, 300)
  shape y = (4, 300)
  shape z = (100, 4)
  constraints_satisfied = 217489

2026-07-11 18:43:23 INFO: [ls_stage1] Iter 1: IMPROVEMENT move=('swap', 37, 73) obj=181.4200
2026-07-11 18:43:25 INFO: [ls_stage1] Iter 2: IMPROVEMENT move=('swap', 31, 38) obj=178.8800
2026-07-11 18:43:26 INFO: [ls_stage1] Iter 3: IMPROVEMENT move=('swap', 4, 52) obj=176.2300
2026-07-11 18:43:27 INFO: [ls_stage1] Iter 4: IMPROVEMENT move=('swap', 45, 78) obj=173.6900
2026-07-11 18:43:29 INFO: [ls_stage1] Iter 5: IMPROVEMENT move=('swap', 15, 47) obj=171.2100
2026-07-11 18:43:30 INFO: [ls_stage1] Iter 6: IMPROVEMENT move=('swap', 85, 86) obj=169.8800
2026-07-11 18:43:32 INFO: [ls_stage1] Iter 7: IMPROVEMENT move=('swap', 16, 64) obj=168.5500
2026-07-11 18:43:33 INFO: [ls_stage1] Iter 8: IMPROVEMENT move=('swap', 60, 87) obj=167.2800
2026-07-11 18:43:35 INFO: [ls_stage1] Iter 9: IMPROVEMENT move=('swap', 30, 97) obj=166.0500
2026-07-11 18:43:36 INFO: [ls_stage1] Iter 10: IMPROVEMENT move=('swap', 64, 70) obj=164.8000
2026-07-11 18:43:37 INFO: [ls_stage1] Iter 11: IMPROVEMENT move=('swap', 3, 35) obj=163.6000
2026-07-11 18:43:39 INFO: [ls_stage1] Iter 12: IMPROVEMENT move=('repod', 178, 46) obj=162.2700
2026-07-11 18:43:40 INFO: [ls_stage1] Iter 13: IMPROVEMENT move=('moveto', 14, 1) obj=161.0500
2026-07-11 18:43:42 INFO: [ls_stage1] Iter 14: IMPROVEMENT move=('swap', 6, 20) obj=159.8300
2026-07-11 18:43:43 INFO: [ls_stage1] Iter 15: IMPROVEMENT move=('swap', 34, 63) obj=158.6500
2026-07-11 18:43:44 INFO: [ls_stage1] Iter 16: IMPROVEMENT move=('swap', 44, 49) obj=157.5100
2026-07-11 18:43:46 INFO: [ls_stage1] Iter 17: IMPROVEMENT move=('swap', 35, 64) obj=156.3900
2026-07-11 18:43:47 INFO: [ls_stage1] Iter 18: IMPROVEMENT move=('swap', 57, 72) obj=155.2700
2026-07-11 18:43:49 INFO: [ls_stage1] Iter 19: IMPROVEMENT move=('repod', 39, 202) obj=154.1000
2026-07-11 18:43:50 INFO: [ls_stage1] Iter 20: IMPROVEMENT move=('repod', 48, 201) obj=153.8700
2026-07-11 18:43:51 INFO: [ls_stage1] Iter 21: IMPROVEMENT move=('swap', 29, 87) obj=152.8600
2026-07-11 18:43:53 INFO: [ls_stage1] Iter 22: IMPROVEMENT move=('swap', 80, 90) obj=152.7800
2026-07-11 18:43:54 INFO: [ls_stage1] Iter 23: IMPROVEMENT move=('repod', 154, 243) obj=152.6100
2026-07-11 18:43:56 INFO: [ls_stage1] Iter 24: IMPROVEMENT move=('repod', 89, 83) obj=152.4700
2026-07-11 18:43:57 INFO: [ls_stage1] Iter 25: IMPROVEMENT move=('repod', 2, 202) obj=152.3200
2026-07-11 18:43:59 INFO: [ls_stage1] Iter 26: IMPROVEMENT move=('repod', 71, 202) obj=151.0500
2026-07-11 18:44:00 INFO: [ls_stage1] Iter 27: IMPROVEMENT move=('repod', 171, 191) obj=150.9700
2026-07-11 18:44:01 INFO: [ls_stage1] Iter 28: IMPROVEMENT move=('swap', 88, 94) obj=149.8200
2026-07-11 18:44:03 INFO: [ls_stage1] Iter 29: IMPROVEMENT move=('repod', 49, 235) obj=149.7000
2026-07-11 18:44:04 INFO: [ls_stage1] Iter 30: IMPROVEMENT move=('repod', 113, 202) obj=149.5400
2026-07-11 18:44:06 INFO: [ls_stage1] Iter 31: IMPROVEMENT move=('swap', 58, 65) obj=148.4400
2026-07-11 18:44:07 INFO: [ls_stage1] Iter 32: IMPROVEMENT move=('repod', 161, 63) obj=147.1400
2026-07-11 18:44:08 INFO: [ls_stage1] Iter 33: IMPROVEMENT move=('swap', 23, 79) obj=147.0600
2026-07-11 18:44:10 INFO: [ls_stage1] Iter 34: IMPROVEMENT move=('repod', 63, 236) obj=145.7600
2026-07-11 18:44:11 INFO: [ls_stage1] Iter 35: IMPROVEMENT move=('repod', 61, 264) obj=145.6800
2026-07-11 18:44:13 INFO: [ls_stage1] Iter 36: IMPROVEMENT move=('repod', 103, 143) obj=145.5500
2026-07-11 18:44:14 INFO: [ls_stage1] Iter 37: IMPROVEMENT move=('swap', 32, 80) obj=145.5100
2026-07-11 18:44:15 INFO: [ls_stage1] Iter 38: IMPROVEMENT move=('repod', 163, 111) obj=145.4700
2026-07-11 18:44:17 INFO: [ls_stage1] Iter 39: IMPROVEMENT move=('moveto', 40, 1) obj=145.4500
2026-07-11 18:44:18 INFO: [ls_stage1] Iter 40: IMPROVEMENT move=('repod', 81, 242) obj=145.1900
2026-07-11 18:44:20 INFO: [ls_stage1] Iter 41: IMPROVEMENT move=('repod', 89, 261) obj=145.1100
2026-07-11 18:44:21 INFO: [ls_stage1] Iter 42: IMPROVEMENT move=('repod', 137, 185) obj=144.9800
2026-07-11 18:44:23 INFO: [ls_stage1] Iter 43: IMPROVEMENT move=('moveto', 41, 1) obj=143.8800
2026-07-11 18:44:24 INFO: [ls_stage1] Iter 44: IMPROVEMENT move=('repod', 134, 166) obj=143.8300
2026-07-11 18:44:25 INFO: [ls_stage1] Iter 45: PLATEAU move=('swap', 35, 72) obj=143.8300
2026-07-11 18:44:27 INFO: [ls_stage1] Iter 46: IMPROVEMENT move=('swap', 64, 88) obj=143.8100
2026-07-11 18:44:28 INFO: [ls_stage1] Iter 47: IMPROVEMENT move=('swap', 88, 97) obj=143.7700
2026-07-11 18:44:30 INFO: [ls_stage1] Iter 48: IMPROVEMENT move=('repod', 20, 237) obj=143.7400
2026-07-11 18:44:31 INFO: [ls_stage1] Iter 49: IMPROVEMENT move=('swap', 64, 97) obj=143.7200
2026-07-11 18:44:32 INFO: [ls_stage1] Iter 50: IMPROVEMENT move=('repod', 123, 213) obj=143.6600
2026-07-11 18:44:34 INFO: [ls_stage1] Iter 51: IMPROVEMENT move=('repod', 47, 263) obj=143.5500
2026-07-11 18:44:35 INFO: [ls_stage1] Iter 52: IMPROVEMENT move=('repod', 45, 102) obj=143.5200
2026-07-11 18:44:37 INFO: [ls_stage1] Iter 53: IMPROVEMENT move=('moveto', 91, 3) obj=143.5000
2026-07-11 18:44:38 INFO: [ls_stage1] Iter 54: IMPROVEMENT move=('repod', 49, 277) obj=143.4600
2026-07-11 18:44:40 INFO: [ls_stage1] Iter 55: IMPROVEMENT move=('moveto', 23, 0) obj=142.4300
2026-07-11 18:44:41 INFO: [ls_stage1] Iter 56: IMPROVEMENT move=('swap', 64, 88) obj=142.4100
2026-07-11 18:44:42 INFO: [ls_stage1] Iter 57: PLATEAU move=('swap', 6, 39) obj=142.4100
2026-07-11 18:44:44 INFO: [ls_stage1] Iter 58: IMPROVEMENT move=('swap', 44, 88) obj=142.3700
2026-07-11 18:44:45 INFO: [ls_stage1] Iter 59: IMPROVEMENT move=('repod', 168, 280) obj=142.3600
2026-07-11 18:44:47 INFO: [ls_stage1] Iter 60: IMPROVEMENT move=('repod', 135, 286) obj=142.3500
2026-07-11 18:44:48 INFO: [ls_stage1] Iter 61: PLATEAU move=('swap', 21, 47) obj=142.3500
2026-07-11 18:44:49 INFO: [ls_stage1] Iter 62: PLATEAU move=('swap', 38, 94) obj=142.3500
2026-07-11 18:44:51 INFO: [ls_stage1] Iter 63: IMPROVEMENT move=('moveto', 79, 0) obj=142.3300
2026-07-11 18:44:52 INFO: [ls_stage1] Iter 64: PLATEAU move=('swap', 16, 23) obj=142.3300
2026-07-11 18:44:54 INFO: [ls_stage1] Iter 65: PLATEAU move=('swap', 12, 59) obj=142.3300
2026-07-11 18:44:55 INFO: [ls_stage1] Iter 66: PLATEAU move=('swap', 43, 93) obj=142.3300
2026-07-11 18:44:57 INFO: [ls_stage1] Iter 67: IMPROVEMENT move=('repod', 50, 69) obj=142.3200
2026-07-11 18:44:58 INFO: [ls_stage1] Iter 68: PLATEAU move=('repod', 88, 24) obj=142.3200
2026-07-11 18:44:59 INFO: [ls_stage1] Iter 69: IMPROVEMENT move=('moveto', 70, 0) obj=142.3100
2026-07-11 18:45:01 INFO: [ls_stage1] Iter 70: IMPROVEMENT move=('moveto', 68, 3) obj=142.2900
2026-07-11 18:45:02 INFO: [ls_stage1] Iter 71: IMPROVEMENT move=('moveto', 74, 0) obj=141.1600
2026-07-11 18:45:04 INFO: [ls_stage1] Iter 72: PLATEAU move=('swap', 58, 86) obj=141.1600
2026-07-11 18:45:05 INFO: [ls_stage1] Iter 73: PLATEAU move=('swap', 40, 41) obj=141.1600
2026-07-11 18:45:06 INFO: [ls_stage1] Iter 74: IMPROVEMENT move=('moveto', 80, 1) obj=141.1400
2026-07-11 18:45:08 INFO: [ls_stage1] Iter 75: PLATEAU move=('swap', 6, 60) obj=141.1400
2026-07-11 18:45:09 INFO: [ls_stage1] Iter 76: PLATEAU move=('swap', 53, 70) obj=141.1400
2026-07-11 18:45:11 INFO: [ls_stage1] Iter 77: PLATEAU move=('swap', 20, 23) obj=141.1400
2026-07-11 18:45:12 INFO: [ls_stage1] Iter 78: PLATEAU move=('swap', 6, 78) obj=141.1400
2026-07-11 18:45:14 INFO: [ls_stage1] Iter 79: PLATEAU move=('swap', 31, 92) obj=141.1400
2026-07-11 18:45:15 INFO: [ls_stage1] Iter 80: PLATEAU move=('swap', 9, 56) obj=141.1400
2026-07-11 18:45:16 INFO: [ls_stage1] Iter 81: PLATEAU move=('repod', 77, 67) obj=141.1400
2026-07-11 18:45:18 INFO: [ls_stage1] Iter 82: PLATEAU move=('swap', 68, 92) obj=141.1400
2026-07-11 18:45:19 INFO: [ls_stage1] Iter 83: PLATEAU move=('swap', 12, 19) obj=141.1400
2026-07-11 18:45:21 INFO: [ls_stage1] Iter 84: PLATEAU move=('swap', 14, 96) obj=141.1400
2026-07-11 18:45:21 INFO: [ls_stage1] Converged after 10 iterations without imprevement.
2026-07-11 18:45:21 INFO: [ls_stage1] Final objective = 141.1400
2026-07-11 18:45:21 INFO: Stage 1 solved.
2026-07-11 18:45:21 INFO: Solving stage 2 ... 
2026-07-11 18:45:21 INFO: [ls_stage2] Building initial solution ...
2026-07-11 18:45:50 INFO: [ls_stage2] Feasible initial solution: obj = -32.6400
2026-07-11 18:45:50 WARNING: 
Variables size:
  x shape = (181, 100)
  f0 = (100, 100)
  g0 = (100, 100)
  v0 = (100, 100)
  y shape = (113, 261610)
  num constraints satisfied = 1444532

2026-07-11 18:46:20 INFO: [ls_stage2] Iter 1: improved move=('order', 46, -2) obj=-29.5409
