2026-07-11 18:42:59 INFO: Warehouse initialization | grid=25x24, physical=54x29, num_skus=9000, num_robots=30, num_ws=8
2026-07-11 18:42:59 INFO: Warehouse initialized | 600 pods  (average number of skus per pod = 20.93), 8 workstations, 30 robots
2026-07-11 18:42:59 INFO: [OptManager] Building time-space network ...
2026-07-11 18:43:02 INFO: [OptManager] Network ready: 60800 nodes, 914536 travelling arcs, 60192 idle arcs.
2026-07-11 18:43:02 INFO: 
=============================================
2026-07-11 18:43:02 INFO:   START SIMULATION  {TIME HORIZON = 01:00:00}
2026-07-11 18:43:02 DEBUG:    EVENT NUM 1     current_time = 00:00:00   ARRIVAL_ORDER         [queue size = 1]
2026-07-11 18:43:02 DEBUG: Order 0 arrived: items_required = [3878, 4026].     [orders_in_system = 1]
2026-07-11 18:43:02 DEBUG: Order 1 arrived: items_required = [5132, 5056].     [orders_in_system = 2]
2026-07-11 18:43:02 DEBUG: Order 2 arrived: items_required = [6133].     [orders_in_system = 3]
2026-07-11 18:43:02 DEBUG: Order 3 arrived: items_required = [6505].     [orders_in_system = 4]
2026-07-11 18:43:02 DEBUG: Order 4 arrived: items_required = [7036].     [orders_in_system = 5]
2026-07-11 18:43:02 DEBUG: Order 5 arrived: items_required = [1460].     [orders_in_system = 6]
2026-07-11 18:43:02 DEBUG: Order 6 arrived: items_required = [4892, 1814].     [orders_in_system = 7]
2026-07-11 18:43:02 DEBUG: Order 7 arrived: items_required = [3758, 5982, 3230].     [orders_in_system = 8]
2026-07-11 18:43:02 DEBUG: Order 8 arrived: items_required = [1423, 1499, 4204].     [orders_in_system = 9]
2026-07-11 18:43:02 DEBUG: Order 9 arrived: items_required = [4029].     [orders_in_system = 10]
2026-07-11 18:43:02 DEBUG: Order 10 arrived: items_required = [7644, 5904].     [orders_in_system = 11]
2026-07-11 18:43:02 DEBUG: Order 11 arrived: items_required = [6998].     [orders_in_system = 12]
2026-07-11 18:43:02 DEBUG: Order 12 arrived: items_required = [8399, 3628].     [orders_in_system = 13]
2026-07-11 18:43:02 DEBUG: Order 13 arrived: items_required = [5763, 6904, 4288].     [orders_in_system = 14]
2026-07-11 18:43:02 DEBUG: Order 14 arrived: items_required = [2676].     [orders_in_system = 15]
2026-07-11 18:43:02 DEBUG: Order 15 arrived: items_required = [5231, 3951].     [orders_in_system = 16]
2026-07-11 18:43:02 DEBUG: Order 16 arrived: items_required = [6009].     [orders_in_system = 17]
2026-07-11 18:43:02 DEBUG: Order 17 arrived: items_required = [7029].     [orders_in_system = 18]
2026-07-11 18:43:02 DEBUG: Order 18 arrived: items_required = [3475].     [orders_in_system = 19]
2026-07-11 18:43:02 DEBUG: Order 19 arrived: items_required = [4409].     [orders_in_system = 20]
2026-07-11 18:43:02 DEBUG: Order 20 arrived: items_required = [4003, 4623, 3746].     [orders_in_system = 21]
2026-07-11 18:43:02 DEBUG: Order 21 arrived: items_required = [5737, 3038].     [orders_in_system = 22]
2026-07-11 18:43:02 DEBUG: Order 22 arrived: items_required = [5680].     [orders_in_system = 23]
2026-07-11 18:43:02 DEBUG: Order 23 arrived: items_required = [5881].     [orders_in_system = 24]
2026-07-11 18:43:02 DEBUG: Order 24 arrived: items_required = [8484].     [orders_in_system = 25]
2026-07-11 18:43:02 DEBUG: Order 25 arrived: items_required = [564, 2774].     [orders_in_system = 26]
2026-07-11 18:43:02 DEBUG: Order 26 arrived: items_required = [3074, 1064, 5986].     [orders_in_system = 27]
2026-07-11 18:43:02 DEBUG: Order 27 arrived: items_required = [841, 7179].     [orders_in_system = 28]
2026-07-11 18:43:02 DEBUG: Order 28 arrived: items_required = [5884, 2572, 7911, 2878].     [orders_in_system = 29]
2026-07-11 18:43:02 DEBUG: Order 29 arrived: items_required = [4680].     [orders_in_system = 30]
2026-07-11 18:43:02 DEBUG: Order 30 arrived: items_required = [949].     [orders_in_system = 31]
2026-07-11 18:43:02 DEBUG: Order 31 arrived: items_required = [5644].     [orders_in_system = 32]
2026-07-11 18:43:02 DEBUG: Order 32 arrived: items_required = [6072, 7152, 5152].     [orders_in_system = 33]
2026-07-11 18:43:02 DEBUG: Order 33 arrived: items_required = [3306].     [orders_in_system = 34]
2026-07-11 18:43:02 DEBUG: Order 34 arrived: items_required = [6529, 4665, 1249].     [orders_in_system = 35]
2026-07-11 18:43:02 DEBUG: Order 35 arrived: items_required = [3633, 4149, 2591, 5564].     [orders_in_system = 36]
2026-07-11 18:43:02 DEBUG: Order 36 arrived: items_required = [4407].     [orders_in_system = 37]
2026-07-11 18:43:02 DEBUG: Order 37 arrived: items_required = [6444, 3838].     [orders_in_system = 38]
2026-07-11 18:43:02 DEBUG: Order 38 arrived: items_required = [2072].     [orders_in_system = 39]
2026-07-11 18:43:02 DEBUG: Order 39 arrived: items_required = [6482, 4110, 1599].     [orders_in_system = 40]
2026-07-11 18:43:02 DEBUG: Order 40 arrived: items_required = [4525].     [orders_in_system = 41]
2026-07-11 18:43:02 DEBUG: Order 41 arrived: items_required = [6839].     [orders_in_system = 42]
2026-07-11 18:43:02 DEBUG: Order 42 arrived: items_required = [7054].     [orders_in_system = 43]
2026-07-11 18:43:02 DEBUG: Order 43 arrived: items_required = [3438, 4824].     [orders_in_system = 44]
2026-07-11 18:43:02 DEBUG: Order 44 arrived: items_required = [4036].     [orders_in_system = 45]
2026-07-11 18:43:02 DEBUG: Order 45 arrived: items_required = [2462, 6932].     [orders_in_system = 46]
2026-07-11 18:43:02 DEBUG: Order 46 arrived: items_required = [5579, 2604].     [orders_in_system = 47]
2026-07-11 18:43:02 DEBUG: Order 47 arrived: items_required = [2738].     [orders_in_system = 48]
2026-07-11 18:43:02 DEBUG: Order 48 arrived: items_required = [3457].     [orders_in_system = 49]
2026-07-11 18:43:02 DEBUG: Order 49 arrived: items_required = [3283, 2461].     [orders_in_system = 50]
2026-07-11 18:43:02 DEBUG: Order 50 arrived: items_required = [5204, 5104, 6038].     [orders_in_system = 51]
2026-07-11 18:43:02 DEBUG: Order 51 arrived: items_required = [2753].     [orders_in_system = 52]
2026-07-11 18:43:02 DEBUG: Order 52 arrived: items_required = [2880, 4138].     [orders_in_system = 53]
2026-07-11 18:43:02 DEBUG: Order 53 arrived: items_required = [3675].     [orders_in_system = 54]
2026-07-11 18:43:02 DEBUG: Order 54 arrived: items_required = [8067].     [orders_in_system = 55]
2026-07-11 18:43:02 DEBUG: Order 55 arrived: items_required = [3233, 5970, 5243, 6083].     [orders_in_system = 56]
2026-07-11 18:43:02 DEBUG: Order 56 arrived: items_required = [1227, 1682].     [orders_in_system = 57]
2026-07-11 18:43:02 DEBUG: Order 57 arrived: items_required = [8183].     [orders_in_system = 58]
2026-07-11 18:43:02 DEBUG: Order 58 arrived: items_required = [7656].     [orders_in_system = 59]
2026-07-11 18:43:02 DEBUG: Order 59 arrived: items_required = [3351].     [orders_in_system = 60]
2026-07-11 18:43:02 DEBUG: Order 60 arrived: items_required = [4453, 2449].     [orders_in_system = 61]
2026-07-11 18:43:02 DEBUG: Order 61 arrived: items_required = [2926].     [orders_in_system = 62]
2026-07-11 18:43:02 DEBUG: Order 62 arrived: items_required = [6415, 4645].     [orders_in_system = 63]
2026-07-11 18:43:02 DEBUG: Order 63 arrived: items_required = [5157, 4829].     [orders_in_system = 64]
2026-07-11 18:43:02 DEBUG: Order 64 arrived: items_required = [5344].     [orders_in_system = 65]
2026-07-11 18:43:02 DEBUG: Order 65 arrived: items_required = [5973, 5612].     [orders_in_system = 66]
2026-07-11 18:43:02 DEBUG: Order 66 arrived: items_required = [2992, 3020].     [orders_in_system = 67]
2026-07-11 18:43:02 DEBUG: Order 67 arrived: items_required = [2038, 2713].     [orders_in_system = 68]
2026-07-11 18:43:02 DEBUG: Order 68 arrived: items_required = [8316, 5512].     [orders_in_system = 69]
2026-07-11 18:43:02 DEBUG: Order 69 arrived: items_required = [6140].     [orders_in_system = 70]
2026-07-11 18:43:02 DEBUG: Order 70 arrived: items_required = [287].     [orders_in_system = 71]
2026-07-11 18:43:02 DEBUG: Order 71 arrived: items_required = [5565, 1251].     [orders_in_system = 72]
2026-07-11 18:43:02 DEBUG: Order 72 arrived: items_required = [5293].     [orders_in_system = 73]
2026-07-11 18:43:02 DEBUG: Order 73 arrived: items_required = [5028].     [orders_in_system = 74]
2026-07-11 18:43:02 DEBUG: Order 74 arrived: items_required = [2582, 3661, 4531].     [orders_in_system = 75]
2026-07-11 18:43:02 DEBUG: Order 75 arrived: items_required = [3566, 4413].     [orders_in_system = 76]
2026-07-11 18:43:02 DEBUG: Order 76 arrived: items_required = [3047, 3812].     [orders_in_system = 77]
2026-07-11 18:43:02 DEBUG: Order 77 arrived: items_required = [4040].     [orders_in_system = 78]
2026-07-11 18:43:02 DEBUG: Order 78 arrived: items_required = [7687].     [orders_in_system = 79]
2026-07-11 18:43:02 DEBUG: Order 79 arrived: items_required = [1209].     [orders_in_system = 80]
2026-07-11 18:43:02 DEBUG: Order 80 arrived: items_required = [427, 3676].     [orders_in_system = 81]
2026-07-11 18:43:02 DEBUG: Order 81 arrived: items_required = [4738].     [orders_in_system = 82]
2026-07-11 18:43:02 DEBUG: Order 82 arrived: items_required = [6770, 3264, 4889].     [orders_in_system = 83]
2026-07-11 18:43:02 DEBUG: Order 83 arrived: items_required = [5027, 3842].     [orders_in_system = 84]
2026-07-11 18:43:02 DEBUG: Order 84 arrived: items_required = [4260].     [orders_in_system = 85]
2026-07-11 18:43:02 DEBUG: Order 85 arrived: items_required = [4706].     [orders_in_system = 86]
2026-07-11 18:43:02 DEBUG: Order 86 arrived: items_required = [2513, 3060].     [orders_in_system = 87]
2026-07-11 18:43:02 DEBUG: Order 87 arrived: items_required = [7771, 1640].     [orders_in_system = 88]
2026-07-11 18:43:02 DEBUG: Order 88 arrived: items_required = [4877, 6690].     [orders_in_system = 89]
2026-07-11 18:43:02 DEBUG: Order 89 arrived: items_required = [4820, 2996].     [orders_in_system = 90]
2026-07-11 18:43:02 DEBUG: Order 90 arrived: items_required = [2746, 4158].     [orders_in_system = 91]
2026-07-11 18:43:02 DEBUG: Order 91 arrived: items_required = [1689].     [orders_in_system = 92]
2026-07-11 18:43:02 DEBUG: Order 92 arrived: items_required = [2050, 6447, 2241].     [orders_in_system = 93]
2026-07-11 18:43:02 DEBUG: Order 93 arrived: items_required = [3221, 8285, 7898].     [orders_in_system = 94]
2026-07-11 18:43:02 DEBUG: Order 94 arrived: items_required = [2814].     [orders_in_system = 95]
2026-07-11 18:43:02 DEBUG: Order 95 arrived: items_required = [5409].     [orders_in_system = 96]
2026-07-11 18:43:02 DEBUG: Order 96 arrived: items_required = [5198].     [orders_in_system = 97]
2026-07-11 18:43:02 DEBUG: Order 97 arrived: items_required = [2872, 6161].     [orders_in_system = 98]
2026-07-11 18:43:02 DEBUG: Order 98 arrived: items_required = [3934, 6552, 8132, 2465, 3392].     [orders_in_system = 99]
2026-07-11 18:43:02 DEBUG: Order 99 arrived: items_required = [4404].     [orders_in_system = 100]
2026-07-11 18:43:02 DEBUG:    EVENT NUM 2     current_time = 00:00:01   RUN_OPTIMIZER         [queue size = 1]
2026-07-11 18:43:02 INFO: Solving stage 1 ... 
2026-07-11 18:43:02 INFO: [ls_stage1] Building initial solution ...
2026-07-11 18:43:02 INFO: [ls_stage1] Initial objective = 207.2400
2026-07-11 18:43:02 WARNING: 
Variables size:
  shape x = (173, 600)
  shape y = (8, 600)
  shape z = (100, 8)
  constraints_satisfied = 830689

2026-07-11 18:43:04 INFO: [ls_stage1] Iter 1: IMPROVEMENT move=('moveto', 68, 2) obj=204.5600
2026-07-11 18:43:07 INFO: [ls_stage1] Iter 2: IMPROVEMENT move=('swap', 75, 79) obj=203.1800
2026-07-11 18:43:09 INFO: [ls_stage1] Iter 3: IMPROVEMENT move=('swap', 15, 86) obj=201.8800
2026-07-11 18:43:11 INFO: [ls_stage1] Iter 4: IMPROVEMENT move=('swap', 44, 97) obj=200.5200
2026-07-11 18:43:13 INFO: [ls_stage1] Iter 5: IMPROVEMENT move=('moveto', 47, 7) obj=199.1600
2026-07-11 18:43:15 INFO: [ls_stage1] Iter 6: IMPROVEMENT move=('swap', 22, 69) obj=197.8000
2026-07-11 18:43:17 INFO: [ls_stage1] Iter 7: IMPROVEMENT move=('swap', 95, 96) obj=196.5200
2026-07-11 18:43:19 INFO: [ls_stage1] Iter 8: IMPROVEMENT move=('swap', 51, 58) obj=195.2700
2026-07-11 18:43:21 INFO: [ls_stage1] Iter 9: IMPROVEMENT move=('swap', 18, 75) obj=194.2800
2026-07-11 18:43:24 INFO: [ls_stage1] Iter 10: IMPROVEMENT move=('swap', 65, 78) obj=193.4400
2026-07-11 18:43:26 INFO: [ls_stage1] Iter 11: IMPROVEMENT move=('moveto', 34, 7) obj=193.1600
2026-07-11 18:43:28 INFO: [ls_stage1] Iter 12: IMPROVEMENT move=('repod', 19, 409) obj=192.7700
2026-07-11 18:43:30 INFO: [ls_stage1] Iter 13: IMPROVEMENT move=('swap', 10, 33) obj=192.4100
2026-07-11 18:43:32 INFO: [ls_stage1] Iter 14: IMPROVEMENT move=('repod', 31, 408) obj=192.1300
2026-07-11 18:43:34 INFO: [ls_stage1] Iter 15: IMPROVEMENT move=('repod', 58, 490) obj=191.8700
2026-07-11 18:43:36 INFO: [ls_stage1] Iter 16: IMPROVEMENT move=('swap', 0, 67) obj=191.5500
2026-07-11 18:43:38 INFO: [ls_stage1] Iter 17: IMPROVEMENT move=('repod', 58, 573) obj=190.4700
2026-07-11 18:43:40 INFO: [ls_stage1] Iter 18: IMPROVEMENT move=('repod', 5, 595) obj=190.1900
2026-07-11 18:43:43 INFO: [ls_stage1] Iter 19: IMPROVEMENT move=('repod', 167, 211) obj=189.9400
2026-07-11 18:43:45 INFO: [ls_stage1] Iter 20: IMPROVEMENT move=('repod', 47, 597) obj=189.6700
2026-07-11 18:43:47 INFO: [ls_stage1] Iter 21: IMPROVEMENT move=('swap', 40, 78) obj=189.4300
2026-07-11 18:43:49 INFO: [ls_stage1] Iter 22: IMPROVEMENT move=('repod', 69, 386) obj=189.1700
2026-07-11 18:43:51 INFO: [ls_stage1] Iter 23: IMPROVEMENT move=('swap', 18, 97) obj=188.9300
2026-07-11 18:43:53 INFO: [ls_stage1] Iter 24: IMPROVEMENT move=('swap', 17, 51) obj=188.7700
2026-07-11 18:43:55 INFO: [ls_stage1] Iter 25: IMPROVEMENT move=('repod', 154, 485) obj=188.5300
2026-07-11 18:43:57 INFO: [ls_stage1] Iter 26: IMPROVEMENT move=('swap', 24, 38) obj=188.2900
2026-07-11 18:43:59 INFO: [ls_stage1] Iter 27: IMPROVEMENT move=('repod', 73, 490) obj=188.1800
2026-07-11 18:44:02 INFO: [ls_stage1] Iter 28: IMPROVEMENT move=('repod', 75, 206) obj=188.0100
2026-07-11 18:44:04 INFO: [ls_stage1] Iter 29: IMPROVEMENT move=('swap', 54, 70) obj=187.8500
2026-07-11 18:44:06 INFO: [ls_stage1] Iter 30: IMPROVEMENT move=('swap', 23, 27) obj=187.7300
2026-07-11 18:44:08 INFO: [ls_stage1] Iter 31: IMPROVEMENT move=('repod', 53, 511) obj=187.5100
2026-07-11 18:44:10 INFO: [ls_stage1] Iter 32: IMPROVEMENT move=('repod', 63, 517) obj=187.3400
2026-07-11 18:44:12 INFO: [ls_stage1] Iter 33: IMPROVEMENT move=('repod', 151, 535) obj=187.1600
2026-07-11 18:44:14 INFO: [ls_stage1] Iter 34: IMPROVEMENT move=('swap', 64, 87) obj=186.9800
2026-07-11 18:44:16 INFO: [ls_stage1] Iter 35: IMPROVEMENT move=('repod', 171, 194) obj=186.8300
2026-07-11 18:44:18 INFO: [ls_stage1] Iter 36: IMPROVEMENT move=('swap', 17, 50) obj=186.6400
2026-07-11 18:44:20 INFO: [ls_stage1] Iter 37: IMPROVEMENT move=('repod', 20, 430) obj=186.4400
2026-07-11 18:44:22 INFO: [ls_stage1] Iter 38: IMPROVEMENT move=('swap', 0, 36) obj=185.1100
2026-07-11 18:44:25 INFO: [ls_stage1] Iter 39: IMPROVEMENT move=('repod', 12, 296) obj=184.9200
2026-07-11 18:44:27 INFO: [ls_stage1] Iter 40: IMPROVEMENT move=('repod', 32, 560) obj=184.7400
2026-07-11 18:44:29 INFO: [ls_stage1] Iter 41: IMPROVEMENT move=('repod', 130, 542) obj=184.5800
2026-07-11 18:44:31 INFO: [ls_stage1] Iter 42: IMPROVEMENT move=('swap', 88, 90) obj=184.5000
2026-07-11 18:44:33 INFO: [ls_stage1] Iter 43: IMPROVEMENT move=('swap', 72, 75) obj=184.4300
2026-07-11 18:44:35 INFO: [ls_stage1] Iter 44: IMPROVEMENT move=('repod', 8, 58) obj=184.2700
2026-07-11 18:44:37 INFO: [ls_stage1] Iter 45: IMPROVEMENT move=('repod', 6, 497) obj=184.2400
2026-07-11 18:44:39 INFO: [ls_stage1] Iter 46: IMPROVEMENT move=('repod', 145, 517) obj=184.0700
2026-07-11 18:44:41 INFO: [ls_stage1] Iter 47: IMPROVEMENT move=('swap', 25, 86) obj=182.9800
2026-07-11 18:44:44 INFO: [ls_stage1] Iter 48: IMPROVEMENT move=('swap', 21, 25) obj=182.8200
2026-07-11 18:44:46 INFO: [ls_stage1] Iter 49: IMPROVEMENT move=('swap', 29, 41) obj=182.7400
2026-07-11 18:44:48 INFO: [ls_stage1] Iter 50: IMPROVEMENT move=('repod', 132, 155) obj=182.6400
2026-07-11 18:44:50 INFO: [ls_stage1] Iter 51: IMPROVEMENT move=('repod', 128, 387) obj=182.4800
2026-07-11 18:44:52 INFO: [ls_stage1] Iter 52: IMPROVEMENT move=('moveto', 4, 7) obj=182.3600
2026-07-11 18:44:54 INFO: [ls_stage1] Iter 53: IMPROVEMENT move=('repod', 113, 563) obj=182.2500
2026-07-11 18:44:56 INFO: [ls_stage1] Iter 54: IMPROVEMENT move=('swap', 1, 66) obj=182.0700
2026-07-11 18:44:58 INFO: [ls_stage1] Iter 55: IMPROVEMENT move=('repod', 167, 458) obj=182.0000
2026-07-11 18:45:00 INFO: [ls_stage1] Iter 56: IMPROVEMENT move=('swap', 1, 87) obj=181.9600
2026-07-11 18:45:03 INFO: [ls_stage1] Iter 57: IMPROVEMENT move=('swap', 18, 29) obj=181.8800
2026-07-11 18:45:05 INFO: [ls_stage1] Iter 58: IMPROVEMENT move=('swap', 73, 91) obj=181.8000
2026-07-11 18:45:07 INFO: [ls_stage1] Iter 59: IMPROVEMENT move=('repod', 41, 425) obj=181.7600
2026-07-11 18:45:09 INFO: [ls_stage1] Iter 60: IMPROVEMENT move=('swap', 73, 76) obj=181.7400
2026-07-11 18:45:11 INFO: [ls_stage1] Iter 61: IMPROVEMENT move=('moveto', 62, 2) obj=181.7000
2026-07-11 18:45:13 INFO: [ls_stage1] Iter 62: IMPROVEMENT move=('swap', 21, 39) obj=181.6600
2026-07-11 18:45:15 INFO: [ls_stage1] Iter 63: IMPROVEMENT move=('repod', 49, 445) obj=181.6100
2026-07-11 18:45:17 INFO: [ls_stage1] Iter 64: IMPROVEMENT move=('moveto', 3, 7) obj=181.5700
2026-07-11 18:45:19 INFO: [ls_stage1] Iter 65: IMPROVEMENT move=('moveto', 18, 0) obj=181.5500
2026-07-11 18:45:21 INFO: [ls_stage1] Iter 66: IMPROVEMENT move=('moveto', 19, 0) obj=181.5300
2026-07-11 18:45:24 INFO: [ls_stage1] Iter 67: IMPROVEMENT move=('moveto', 70, 2) obj=181.5100
2026-07-11 18:45:26 INFO: [ls_stage1] Iter 68: PLATEAU move=('swap', 59, 77) obj=181.5100
2026-07-11 18:45:28 INFO: [ls_stage1] Iter 69: PLATEAU move=('swap', 2, 85) obj=181.5100
2026-07-11 18:45:30 INFO: [ls_stage1] Iter 70: PLATEAU move=('swap', 66, 83) obj=181.5100
2026-07-11 18:45:32 INFO: [ls_stage1] Iter 71: IMPROVEMENT move=('repod', 104, 395) obj=181.4500
2026-07-11 18:45:34 INFO: [ls_stage1] Iter 72: IMPROVEMENT move=('repod', 30, 425) obj=180.1400
2026-07-11 18:45:36 INFO: [ls_stage1] Iter 73: IMPROVEMENT move=('repod', 148, 283) obj=178.9400
2026-07-11 18:45:38 INFO: [ls_stage1] Iter 74: IMPROVEMENT move=('moveto', 60, 5) obj=178.8600
2026-07-11 18:45:41 INFO: [ls_stage1] Iter 75: IMPROVEMENT move=('swap', 33, 60) obj=178.8400
2026-07-11 18:45:43 INFO: [ls_stage1] Iter 76: IMPROVEMENT move=('swap', 33, 76) obj=178.8200
2026-07-11 18:45:45 INFO: [ls_stage1] Iter 77: IMPROVEMENT move=('swap', 27, 29) obj=178.8000
2026-07-11 18:45:47 INFO: [ls_stage1] Iter 78: IMPROVEMENT move=('repod', 156, 596) obj=178.7800
2026-07-11 18:45:49 INFO: [ls_stage1] Iter 79: PLATEAU move=('swap', 38, 72) obj=178.7800
2026-07-11 18:45:51 INFO: [ls_stage1] Iter 80: PLATEAU move=('swap', 48, 82) obj=178.7800
2026-07-11 18:45:53 INFO: [ls_stage1] Iter 81: PLATEAU move=('swap', 83, 93) obj=178.7800
2026-07-11 18:45:55 INFO: [ls_stage1] Iter 82: PLATEAU move=('moveto', 62, 1) obj=178.7800
2026-07-11 18:45:57 INFO: [ls_stage1] Iter 83: IMPROVEMENT move=('moveto', 84, 6) obj=178.7600
2026-07-11 18:46:00 INFO: [ls_stage1] Iter 84: IMPROVEMENT move=('moveto', 9, 2) obj=178.7400
2026-07-11 18:46:02 INFO: [ls_stage1] Iter 85: IMPROVEMENT move=('swap', 21, 93) obj=178.7200
2026-07-11 18:46:04 INFO: [ls_stage1] Iter 86: PLATEAU move=('repod', 138, 206) obj=178.7200
2026-07-11 18:46:06 INFO: [ls_stage1] Iter 87: PLATEAU move=('repod', 142, 42) obj=178.7200
2026-07-11 18:46:08 INFO: [ls_stage1] Iter 88: PLATEAU move=('swap', 12, 13) obj=178.7200
2026-07-11 18:46:10 INFO: [ls_stage1] Iter 89: PLATEAU move=('repod', 111, 358) obj=178.7200
2026-07-11 18:46:12 INFO: [ls_stage1] Iter 90: PLATEAU move=('swap', 54, 78) obj=178.7200
2026-07-11 18:46:14 INFO: [ls_stage1] Iter 91: PLATEAU move=('swap', 22, 29) obj=178.7200
2026-07-11 18:46:16 INFO: [ls_stage1] Iter 92: PLATEAU move=('repod', 60, 193) obj=178.7200
2026-07-11 18:46:19 INFO: [ls_stage1] Iter 93: IMPROVEMENT move=('repod', 172, 489) obj=178.7000
2026-07-11 18:46:21 INFO: [ls_stage1] Iter 94: IMPROVEMENT move=('moveto', 99, 6) obj=178.6000
