2026-09-04 19:46:13 INFO: Warehouse initialization | grid=15x20, physical=34x25, num_skus=3000, num_robots=20, num_ws=4
2026-09-04 19:46:13 INFO: Warehouse initialized | 300 pods  (average number of skus per pod = 30.00), 4 workstations, 20 robots
2026-09-04 19:46:13 INFO: [OptManager] Building time-space network ...
2026-09-04 19:46:14 INFO: [OptManager] Network ready: 21280 nodes, 159154 travelling arcs, 20976 idle arcs.
2026-09-04 19:46:14 INFO: 
=============================================
2026-09-04 19:46:14 INFO:   START SIMULATION  {TIME HORIZON = 01:00:00}
2026-09-04 19:46:14 DEBUG:    EVENT NUM 1     current_time = 00:00:00   ARRIVAL_ORDER         [queue size = 1]
2026-09-04 19:46:14 DEBUG: Order 0 arrived: items_required = [876, 1901].     [orders_in_system = 1]
2026-09-04 19:46:14 DEBUG: Order 1 arrived: items_required = [1784].     [orders_in_system = 2]
2026-09-04 19:46:14 DEBUG: Order 2 arrived: items_required = [1567, 1049, 1075, 1036, 966, 1741].     [orders_in_system = 3]
2026-09-04 19:46:14 DEBUG: Order 3 arrived: items_required = [1402].     [orders_in_system = 4]
2026-09-04 19:46:14 DEBUG: Order 4 arrived: items_required = [1267].     [orders_in_system = 5]
2026-09-04 19:46:14 DEBUG: Order 5 arrived: items_required = [1396].     [orders_in_system = 6]
2026-09-04 19:46:14 DEBUG: Order 6 arrived: items_required = [2131].     [orders_in_system = 7]
2026-09-04 19:46:14 DEBUG: Order 7 arrived: items_required = [1899, 1909].     [orders_in_system = 8]
2026-09-04 19:46:14 DEBUG: Order 8 arrived: items_required = [1666].     [orders_in_system = 9]
2026-09-04 19:46:14 DEBUG: Order 9 arrived: items_required = [2925].     [orders_in_system = 10]
2026-09-04 19:46:14 DEBUG: Order 10 arrived: items_required = [2482].     [orders_in_system = 11]
2026-09-04 19:46:14 DEBUG: Order 11 arrived: items_required = [1146].     [orders_in_system = 12]
2026-09-04 19:46:14 DEBUG: Order 12 arrived: items_required = [1679].     [orders_in_system = 13]
2026-09-04 19:46:14 DEBUG: Order 13 arrived: items_required = [1402].     [orders_in_system = 14]
2026-09-04 19:46:14 DEBUG: Order 14 arrived: items_required = [1790].     [orders_in_system = 15]
2026-09-04 19:46:14 DEBUG: Order 15 arrived: items_required = [2260, 1405, 2185].     [orders_in_system = 16]
2026-09-04 19:46:14 DEBUG: Order 16 arrived: items_required = [1272, 1844, 1447].     [orders_in_system = 17]
2026-09-04 19:46:14 DEBUG: Order 17 arrived: items_required = [1650].     [orders_in_system = 18]
2026-09-04 19:46:14 DEBUG: Order 18 arrived: items_required = [1227, 1838].     [orders_in_system = 19]
2026-09-04 19:46:14 DEBUG: Order 19 arrived: items_required = [1752].     [orders_in_system = 20]
2026-09-04 19:46:14 DEBUG: Order 20 arrived: items_required = [1695, 530, 1276, 2399].     [orders_in_system = 21]
2026-09-04 19:46:14 DEBUG: Order 21 arrived: items_required = [1928].     [orders_in_system = 22]
2026-09-04 19:46:14 DEBUG: Order 22 arrived: items_required = [1404].     [orders_in_system = 23]
2026-09-04 19:46:14 DEBUG: Order 23 arrived: items_required = [2254].     [orders_in_system = 24]
2026-09-04 19:46:14 DEBUG: Order 24 arrived: items_required = [1407].     [orders_in_system = 25]
2026-09-04 19:46:14 DEBUG: Order 25 arrived: items_required = [2146].     [orders_in_system = 26]
2026-09-04 19:46:14 DEBUG: Order 26 arrived: items_required = [1226, 1210].     [orders_in_system = 27]
2026-09-04 19:46:14 DEBUG: Order 27 arrived: items_required = [1147].     [orders_in_system = 28]
2026-09-04 19:46:14 DEBUG: Order 28 arrived: items_required = [1305, 882].     [orders_in_system = 29]
2026-09-04 19:46:14 DEBUG: Order 29 arrived: items_required = [1290].     [orders_in_system = 30]
2026-09-04 19:46:14 DEBUG: Order 30 arrived: items_required = [2283].     [orders_in_system = 31]
2026-09-04 19:46:14 DEBUG: Order 31 arrived: items_required = [2190, 1170, 764].     [orders_in_system = 32]
2026-09-04 19:46:14 DEBUG: Order 32 arrived: items_required = [1933, 1683, 1571].     [orders_in_system = 33]
2026-09-04 19:46:14 DEBUG: Order 33 arrived: items_required = [1586, 1070].     [orders_in_system = 34]
2026-09-04 19:46:14 DEBUG: Order 34 arrived: items_required = [1414, 1007, 1350, 1745].     [orders_in_system = 35]
2026-09-04 19:46:14 DEBUG: Order 35 arrived: items_required = [1480, 1238].     [orders_in_system = 36]
2026-09-04 19:46:14 DEBUG: Order 36 arrived: items_required = [1621, 1341].     [orders_in_system = 37]
2026-09-04 19:46:14 DEBUG: Order 37 arrived: items_required = [1476, 1769].     [orders_in_system = 38]
2026-09-04 19:46:14 DEBUG: Order 38 arrived: items_required = [1970, 1474, 1637].     [orders_in_system = 39]
2026-09-04 19:46:14 DEBUG: Order 39 arrived: items_required = [1226].     [orders_in_system = 40]
2026-09-04 19:46:14 DEBUG: Order 40 arrived: items_required = [1604].     [orders_in_system = 41]
2026-09-04 19:46:14 DEBUG: Order 41 arrived: items_required = [1753, 1269].     [orders_in_system = 42]
2026-09-04 19:46:14 DEBUG: Order 42 arrived: items_required = [926, 1716].     [orders_in_system = 43]
2026-09-04 19:46:14 DEBUG: Order 43 arrived: items_required = [1564].     [orders_in_system = 44]
2026-09-04 19:46:14 DEBUG: Order 44 arrived: items_required = [1038].     [orders_in_system = 45]
2026-09-04 19:46:14 DEBUG: Order 45 arrived: items_required = [976, 675].     [orders_in_system = 46]
2026-09-04 19:46:14 DEBUG: Order 46 arrived: items_required = [2610].     [orders_in_system = 47]
2026-09-04 19:46:14 DEBUG: Order 47 arrived: items_required = [1431].     [orders_in_system = 48]
2026-09-04 19:46:14 DEBUG: Order 48 arrived: items_required = [1561].     [orders_in_system = 49]
2026-09-04 19:46:14 DEBUG: Order 49 arrived: items_required = [1600, 2220].     [orders_in_system = 50]
2026-09-04 19:46:14 DEBUG: Order 50 arrived: items_required = [1192].     [orders_in_system = 51]
2026-09-04 19:46:14 DEBUG: Order 51 arrived: items_required = [1420].     [orders_in_system = 52]
2026-09-04 19:46:14 DEBUG: Order 52 arrived: items_required = [1777].     [orders_in_system = 53]
2026-09-04 19:46:14 DEBUG: Order 53 arrived: items_required = [1631, 1350, 2364].     [orders_in_system = 54]
2026-09-04 19:46:14 DEBUG: Order 54 arrived: items_required = [1001].     [orders_in_system = 55]
2026-09-04 19:46:14 DEBUG: Order 55 arrived: items_required = [1689].     [orders_in_system = 56]
2026-09-04 19:46:14 DEBUG: Order 56 arrived: items_required = [1630, 1421].     [orders_in_system = 57]
2026-09-04 19:46:14 DEBUG: Order 57 arrived: items_required = [2301].     [orders_in_system = 58]
2026-09-04 19:46:14 DEBUG: Order 58 arrived: items_required = [1483].     [orders_in_system = 59]
2026-09-04 19:46:14 DEBUG: Order 59 arrived: items_required = [1768, 1471].     [orders_in_system = 60]
2026-09-04 19:46:14 DEBUG: Order 60 arrived: items_required = [890, 1876].     [orders_in_system = 61]
2026-09-04 19:46:14 DEBUG: Order 61 arrived: items_required = [1319].     [orders_in_system = 62]
2026-09-04 19:46:14 DEBUG: Order 62 arrived: items_required = [1059, 1376].     [orders_in_system = 63]
2026-09-04 19:46:14 DEBUG: Order 63 arrived: items_required = [726, 1205].     [orders_in_system = 64]
2026-09-04 19:46:14 DEBUG: Order 64 arrived: items_required = [1926].     [orders_in_system = 65]
2026-09-04 19:46:14 DEBUG: Order 65 arrived: items_required = [1422, 1414].     [orders_in_system = 66]
2026-09-04 19:46:14 DEBUG: Order 66 arrived: items_required = [1419].     [orders_in_system = 67]
2026-09-04 19:46:14 DEBUG: Order 67 arrived: items_required = [1780].     [orders_in_system = 68]
2026-09-04 19:46:14 DEBUG: Order 68 arrived: items_required = [1255].     [orders_in_system = 69]
2026-09-04 19:46:14 DEBUG: Order 69 arrived: items_required = [1516, 1853].     [orders_in_system = 70]
2026-09-04 19:46:14 DEBUG: Order 70 arrived: items_required = [2305].     [orders_in_system = 71]
2026-09-04 19:46:14 DEBUG: Order 71 arrived: items_required = [1392].     [orders_in_system = 72]
2026-09-04 19:46:14 DEBUG: Order 72 arrived: items_required = [2322, 1168].     [orders_in_system = 73]
2026-09-04 19:46:14 DEBUG: Order 73 arrived: items_required = [904].     [orders_in_system = 74]
2026-09-04 19:46:14 DEBUG: Order 74 arrived: items_required = [1099].     [orders_in_system = 75]
2026-09-04 19:46:14 DEBUG: Order 75 arrived: items_required = [862, 1501, 2340].     [orders_in_system = 76]
2026-09-04 19:46:14 DEBUG: Order 76 arrived: items_required = [1369, 536, 585, 1039, 1754].     [orders_in_system = 77]
2026-09-04 19:46:14 DEBUG: Order 77 arrived: items_required = [2194].     [orders_in_system = 78]
2026-09-04 19:46:14 DEBUG: Order 78 arrived: items_required = [1836].     [orders_in_system = 79]
2026-09-04 19:46:14 DEBUG: Order 79 arrived: items_required = [1645, 850].     [orders_in_system = 80]
2026-09-04 19:46:14 DEBUG: Order 80 arrived: items_required = [1413, 1177].     [orders_in_system = 81]
2026-09-04 19:46:14 DEBUG: Order 81 arrived: items_required = [1334, 1978].     [orders_in_system = 82]
2026-09-04 19:46:14 DEBUG: Order 82 arrived: items_required = [1034].     [orders_in_system = 83]
2026-09-04 19:46:14 DEBUG: Order 83 arrived: items_required = [1278, 2024, 1987].     [orders_in_system = 84]
2026-09-04 19:46:14 DEBUG: Order 84 arrived: items_required = [900, 1405].     [orders_in_system = 85]
2026-09-04 19:46:14 DEBUG: Order 85 arrived: items_required = [1823, 2159, 1249, 1413, 2904].     [orders_in_system = 86]
2026-09-04 19:46:14 DEBUG: Order 86 arrived: items_required = [1406].     [orders_in_system = 87]
2026-09-04 19:46:14 DEBUG: Order 87 arrived: items_required = [1863].     [orders_in_system = 88]
2026-09-04 19:46:14 DEBUG: Order 88 arrived: items_required = [880, 1247].     [orders_in_system = 89]
2026-09-04 19:46:14 DEBUG: Order 89 arrived: items_required = [1616, 2257, 1559].     [orders_in_system = 90]
2026-09-04 19:46:14 DEBUG: Order 90 arrived: items_required = [2604].     [orders_in_system = 91]
2026-09-04 19:46:14 DEBUG: Order 91 arrived: items_required = [1024].     [orders_in_system = 92]
2026-09-04 19:46:14 DEBUG: Order 92 arrived: items_required = [972, 1684, 1371].     [orders_in_system = 93]
2026-09-04 19:46:14 DEBUG: Order 93 arrived: items_required = [968].     [orders_in_system = 94]
2026-09-04 19:46:14 DEBUG: Order 94 arrived: items_required = [1111, 1784].     [orders_in_system = 95]
2026-09-04 19:46:14 DEBUG: Order 95 arrived: items_required = [1064, 589, 1148].     [orders_in_system = 96]
2026-09-04 19:46:14 DEBUG: Order 96 arrived: items_required = [2882].     [orders_in_system = 97]
2026-09-04 19:46:14 DEBUG: Order 97 arrived: items_required = [1124].     [orders_in_system = 98]
2026-09-04 19:46:14 DEBUG: Order 98 arrived: items_required = [999].     [orders_in_system = 99]
2026-09-04 19:46:14 DEBUG: Order 99 arrived: items_required = [2308].     [orders_in_system = 100]
2026-09-04 19:46:14 DEBUG: Order 100 arrived: items_required = [1767].     [orders_in_system = 101]
2026-09-04 19:46:14 DEBUG: Order 101 arrived: items_required = [1388, 2231].     [orders_in_system = 102]
2026-09-04 19:46:14 DEBUG: Order 102 arrived: items_required = [1313, 2124].     [orders_in_system = 103]
2026-09-04 19:46:14 DEBUG: Order 103 arrived: items_required = [1409].     [orders_in_system = 104]
2026-09-04 19:46:14 DEBUG: Order 104 arrived: items_required = [1492].     [orders_in_system = 105]
2026-09-04 19:46:14 DEBUG: Order 105 arrived: items_required = [582, 1060].     [orders_in_system = 106]
2026-09-04 19:46:14 DEBUG: Order 106 arrived: items_required = [1577, 2309, 1545].     [orders_in_system = 107]
2026-09-04 19:46:14 DEBUG: Order 107 arrived: items_required = [1630].     [orders_in_system = 108]
2026-09-04 19:46:14 DEBUG: Order 108 arrived: items_required = [2120, 1626, 1747].     [orders_in_system = 109]
2026-09-04 19:46:14 DEBUG: Order 109 arrived: items_required = [1473].     [orders_in_system = 110]
2026-09-04 19:46:14 DEBUG: Order 110 arrived: items_required = [1382].     [orders_in_system = 111]
2026-09-04 19:46:14 DEBUG: Order 111 arrived: items_required = [1643].     [orders_in_system = 112]
2026-09-04 19:46:14 DEBUG: Order 112 arrived: items_required = [961].     [orders_in_system = 113]
2026-09-04 19:46:14 DEBUG: Order 113 arrived: items_required = [1476, 1071].     [orders_in_system = 114]
2026-09-04 19:46:14 DEBUG: Order 114 arrived: items_required = [1606].     [orders_in_system = 115]
2026-09-04 19:46:14 DEBUG: Order 115 arrived: items_required = [1359, 2394].     [orders_in_system = 116]
2026-09-04 19:46:14 DEBUG: Order 116 arrived: items_required = [819, 1449, 1585].     [orders_in_system = 117]
2026-09-04 19:46:14 DEBUG: Order 117 arrived: items_required = [1468, 1511].     [orders_in_system = 118]
2026-09-04 19:46:14 DEBUG: Order 118 arrived: items_required = [1341, 2214].     [orders_in_system = 119]
2026-09-04 19:46:14 DEBUG: Order 119 arrived: items_required = [657].     [orders_in_system = 120]
2026-09-04 19:46:14 DEBUG: Order 120 arrived: items_required = [1594].     [orders_in_system = 121]
2026-09-04 19:46:14 DEBUG: Order 121 arrived: items_required = [2374].     [orders_in_system = 122]
2026-09-04 19:46:14 DEBUG: Order 122 arrived: items_required = [2238].     [orders_in_system = 123]
2026-09-04 19:46:14 DEBUG: Order 123 arrived: items_required = [1823, 825].     [orders_in_system = 124]
2026-09-04 19:46:14 DEBUG: Order 124 arrived: items_required = [1722].     [orders_in_system = 125]
2026-09-04 19:46:14 DEBUG: Order 125 arrived: items_required = [995].     [orders_in_system = 126]
2026-09-04 19:46:14 DEBUG: Order 126 arrived: items_required = [1801].     [orders_in_system = 127]
2026-09-04 19:46:14 DEBUG: Order 127 arrived: items_required = [1232].     [orders_in_system = 128]
2026-09-04 19:46:14 DEBUG: Order 128 arrived: items_required = [1098].     [orders_in_system = 129]
2026-09-04 19:46:14 DEBUG: Order 129 arrived: items_required = [1374, 1184].     [orders_in_system = 130]
2026-09-04 19:46:14 DEBUG: Order 130 arrived: items_required = [1509].     [orders_in_system = 131]
2026-09-04 19:46:14 DEBUG: Order 131 arrived: items_required = [1313, 750].     [orders_in_system = 132]
2026-09-04 19:46:14 DEBUG: Order 132 arrived: items_required = [2244, 300].     [orders_in_system = 133]
2026-09-04 19:46:14 DEBUG: Order 133 arrived: items_required = [914, 981].     [orders_in_system = 134]
2026-09-04 19:46:14 DEBUG: Order 134 arrived: items_required = [1484].     [orders_in_system = 135]
2026-09-04 19:46:14 DEBUG: Order 135 arrived: items_required = [871, 1345, 1337].     [orders_in_system = 136]
2026-09-04 19:46:14 DEBUG: Order 136 arrived: items_required = [518].     [orders_in_system = 137]
2026-09-04 19:46:14 DEBUG: Order 137 arrived: items_required = [1768, 1576, 1378].     [orders_in_system = 138]
2026-09-04 19:46:14 DEBUG: Order 138 arrived: items_required = [1839].     [orders_in_system = 139]
2026-09-04 19:46:14 DEBUG: Order 139 arrived: items_required = [863].     [orders_in_system = 140]
2026-09-04 19:46:14 DEBUG: Order 140 arrived: items_required = [1470, 1824].     [orders_in_system = 141]
2026-09-04 19:46:14 DEBUG: Order 141 arrived: items_required = [2216, 1344].     [orders_in_system = 142]
2026-09-04 19:46:14 DEBUG: Order 142 arrived: items_required = [1973].     [orders_in_system = 143]
2026-09-04 19:46:14 DEBUG: Order 143 arrived: items_required = [1307, 1602].     [orders_in_system = 144]
2026-09-04 19:46:14 DEBUG: Order 144 arrived: items_required = [2185].     [orders_in_system = 145]
2026-09-04 19:46:14 DEBUG: Order 145 arrived: items_required = [1579].     [orders_in_system = 146]
2026-09-04 19:46:14 DEBUG: Order 146 arrived: items_required = [2128].     [orders_in_system = 147]
2026-09-04 19:46:14 DEBUG: Order 147 arrived: items_required = [1722].     [orders_in_system = 148]
2026-09-04 19:46:14 DEBUG: Order 148 arrived: items_required = [1319].     [orders_in_system = 149]
2026-09-04 19:46:14 DEBUG: Order 149 arrived: items_required = [1566].     [orders_in_system = 150]
2026-09-04 19:46:14 DEBUG:    EVENT NUM 2     current_time = 00:00:01   RUN_OPTIMIZER         [queue size = 1]
2026-09-04 19:46:14 INFO: Solving stage 1 ... 
2026-09-04 19:46:14 INFO: 
[lns_stage1] start | 150 orders, 300 pods, 4 workstations (150 free to move) | budget 30s
2026-09-04 19:46:14 INFO: [lns_stage1] initial objective 164.9324
2026-09-04 19:46:14 INFO: [lns_stage1] iter 1 | objective 163.1216 | improved by 1.8108 | hole 30 orders | 0s elapsed
2026-09-04 19:46:15 INFO: [lns_stage1] iter 2 | objective 155.2973 | improved by 7.8243 | hole 30 orders | 1s elapsed
2026-09-04 19:46:15 INFO: [lns_stage1] iter 3 | objective 154.1757 | improved by 1.1216 | hole 30 orders | 1s elapsed
2026-09-04 19:46:15 INFO: [lns_stage1] iter 4 | objective 152.4865 | improved by 1.6892 | hole 30 orders | 1s elapsed
2026-09-04 19:46:15 INFO: [lns_stage1] iter 5 | objective 151.8514 | improved by 0.6351 | hole 30 orders | 1s elapsed
2026-09-04 19:46:15 INFO: [lns_stage1] iter 6 | objective 149.8378 | improved by 2.0135 | hole 30 orders | 1s elapsed
2026-09-04 19:46:16 INFO: [lns_stage1] iter 7 | objective 149.1622 | improved by 0.6757 | hole 30 orders | 1s elapsed
2026-09-04 19:46:16 INFO: [lns_stage1] iter 11 | objective 146.4730 | improved by 2.6892 | hole 40 orders | 2s elapsed
2026-09-04 19:46:16 INFO: [lns_stage1] iter 12 | objective 143.9865 | improved by 2.4865 | hole 40 orders | 2s elapsed
2026-09-04 19:46:17 INFO: [lns_stage1] iter 14 | objective 142.7027 | improved by 1.2838 | hole 40 orders | 3s elapsed
2026-09-04 19:46:17 INFO: [lns_stage1] iter 17 | objective 142.6216 | improved by 0.0811 | hole 40 orders | 3s elapsed
2026-09-04 19:46:19 INFO: [lns_stage1] iter 22 | objective 140.1351 | improved by 2.4865 | hole 55 orders | 5s elapsed
2026-09-04 19:46:19 INFO: [lns_stage1] iter 24 | objective 139.6081 | improved by 0.5270 | hole 55 orders | 5s elapsed
2026-09-04 19:46:21 INFO: [lns_stage1] iter 29 | objective 137.9189 | improved by 1.6892 | hole 65 orders | 7s elapsed
2026-09-04 19:46:22 INFO: [lns_stage1] iter 32 | objective 137.6757 | improved by 0.2432 | hole 65 orders | 8s elapsed
2026-09-04 19:46:22 INFO: [lns_stage1] iter 33 | objective 137.3649 | improved by 0.3108 | hole 70 orders | 8s elapsed
2026-09-04 19:46:23 INFO: [lns_stage1] iter 34 | objective 136.9189 | improved by 0.4459 | hole 70 orders | 9s elapsed
2026-09-04 19:46:24 INFO: [lns_stage1] iter 37 | objective 135.9189 | improved by 1.0000 | hole 70 orders | 10s elapsed
2026-09-04 19:46:24 INFO: [lns_stage1] iter 38 | objective 135.8784 | improved by 0.0405 | hole 70 orders | 10s elapsed
2026-09-04 19:46:26 INFO: [lns_stage1] iter 42 | objective 134.6757 | improved by 1.2027 | hole 70 orders | 12s elapsed
2026-09-04 19:46:27 INFO: [lns_stage1] iter 45 | objective 134.5135 | improved by 0.1622 | hole 70 orders | 13s elapsed
2026-09-04 19:46:28 INFO: [lns_stage1] iter 48 | objective 133.3919 | improved by 1.1216 | hole 70 orders | 13s elapsed
2026-09-04 19:46:29 INFO: [lns_stage1] iter 51 | objective 133.1892 | improved by 0.2027 | hole 70 orders | 15s elapsed
2026-09-04 19:46:30 INFO: [lns_stage1] iter 54 | objective 131.9459 | improved by 1.2432 | hole 70 orders | 16s elapsed
2026-09-04 19:46:30 INFO: [lns_stage1] iter 55 | objective 131.8649 | improved by 0.0811 | hole 70 orders | 16s elapsed
2026-09-04 19:46:34 INFO: [lns_stage1] iter 67 | objective 130.7838 | improved by 1.0811 | hole 70 orders | 20s elapsed
2026-09-04 19:46:41 INFO: [lns_stage1] iter 94 | objective 129.4595 | improved by 1.3243 | hole 70 orders | 27s elapsed
2026-09-04 19:46:42 INFO: [lns_stage1] iter 100 | objective 129.2973 | improved by 0.1622 | hole 70 orders | 28s elapsed
2026-09-04 19:46:45 INFO: [lns_stage1] done | 30.7s, 108 iterations | final objective 129.2973 | feasible True
2026-09-04 19:46:45 INFO: Stage 1 solved.
2026-09-04 19:46:45 INFO: Solving stage 2 ... 
2026-09-04 19:46:45 INFO: 
[lns_stage2] start | 243 item order pairs, 82 pods, 4 workstations, 70 time steps | budget 400s
2026-09-04 19:46:59 INFO: [lns_stage2] initial objective 96.2990
2026-09-04 19:47:12 INFO: [lns_stage2] iter 1 | objective 107.9196 | improved by 11.6206 | hole 10 pods | 27s elapsed
2026-09-04 19:47:26 INFO: [lns_stage2] iter 2 | objective 126.3930 | improved by 18.4734 | hole 10 pods | 41s elapsed
2026-09-04 19:47:41 INFO: [lns_stage2] iter 3 | objective 130.3796 | improved by 3.9866 | hole 10 pods | 56s elapsed
2026-09-04 19:47:57 INFO: [lns_stage2] iter 4 | objective 138.7614 | improved by 8.3817 | hole 10 pods | 72s elapsed
2026-09-04 19:48:12 INFO: [lns_stage2] iter 5 | objective 142.7835 | improved by 4.0221 | hole 10 pods | 87s elapsed
2026-09-04 19:48:14 INFO: [lns_stage2] iter 6 | objective 145.0651 | improved by 2.2816 | hole 10 pods | 89s elapsed
2026-09-04 19:48:16 INFO: [lns_stage2] iter 7 | objective 151.5988 | improved by 6.5337 | hole 10 pods | 91s elapsed
2026-09-04 19:48:19 INFO: [lns_stage2] iter 8 | objective 151.9513 | improved by 0.3525 | hole 10 pods | 94s elapsed
2026-09-04 19:48:21 INFO: [lns_stage2] iter 9 | objective 154.3456 | improved by 2.3943 | hole 10 pods | 96s elapsed
2026-09-04 19:48:24 INFO: [lns_stage2] iter 10 | objective 158.0682 | improved by 3.7226 | hole 10 pods | 99s elapsed
2026-09-04 19:48:25 INFO: [lns_stage2] iter 11 | objective 158.9857 | improved by 0.9175 | hole 10 pods | 100s elapsed
2026-09-04 19:48:49 INFO: [lns_stage2] iter 12 | objective 166.1316 | improved by 7.1459 | hole 10 pods | 124s elapsed
2026-09-04 19:48:51 INFO: [lns_stage2] iter 13 | objective 169.6886 | improved by 3.5570 | hole 10 pods | 126s elapsed
2026-09-04 19:48:53 INFO: [lns_stage2] iter 14 | objective 171.0269 | improved by 1.3383 | hole 10 pods | 128s elapsed
2026-09-04 19:48:56 INFO: [lns_stage2] iter 15 | objective 179.4664 | improved by 8.4395 | hole 10 pods | 131s elapsed
2026-09-04 19:48:59 INFO: [lns_stage2] iter 17 | objective 180.1234 | improved by 0.6570 | hole 10 pods | 134s elapsed
2026-09-04 19:49:00 INFO: [lns_stage2] iter 18 | objective 180.3857 | improved by 0.2624 | hole 10 pods | 135s elapsed
2026-09-04 19:49:05 INFO: [lns_stage2] iter 19 | objective 184.7437 | improved by 4.3580 | hole 13 pods | 140s elapsed
2026-09-04 19:49:08 INFO: [lns_stage2] iter 20 | objective 186.5174 | improved by 1.7736 | hole 13 pods | 143s elapsed
2026-09-04 19:49:10 INFO: [lns_stage2] iter 21 | objective 191.0621 | improved by 4.5447 | hole 13 pods | 145s elapsed
2026-09-04 19:49:12 INFO: [lns_stage2] iter 22 | objective 191.3126 | improved by 0.2506 | hole 13 pods | 147s elapsed
2026-09-04 19:49:16 INFO: [lns_stage2] iter 23 | objective 193.4601 | improved by 2.1475 | hole 16 pods | 151s elapsed
2026-09-04 19:49:18 INFO: [lns_stage2] iter 24 | objective 193.5646 | improved by 0.1045 | hole 16 pods | 153s elapsed
2026-09-04 19:49:23 INFO: [lns_stage2] iter 25 | objective 194.2491 | improved by 0.6844 | hole 19 pods | 158s elapsed
2026-09-04 19:49:30 INFO: [lns_stage2] iter 26 | objective 197.5476 | improved by 3.2985 | hole 19 pods | 165s elapsed
2026-09-04 19:49:32 INFO: [lns_stage2] iter 27 | objective 197.8840 | improved by 0.3364 | hole 19 pods | 167s elapsed
2026-09-04 19:49:36 INFO: [lns_stage2] iter 28 | objective 198.0204 | improved by 0.1364 | hole 19 pods | 171s elapsed
2026-09-04 19:49:43 INFO: [lns_stage2] iter 29 | objective 199.9482 | improved by 1.9279 | hole 22 pods | 178s elapsed
2026-09-04 19:49:49 INFO: [lns_stage2] iter 30 | objective 203.2610 | improved by 3.3128 | hole 22 pods | 184s elapsed
2026-09-04 19:50:22 INFO: [lns_stage2] iter 31 | objective 206.4645 | improved by 3.2035 | hole 22 pods | 217s elapsed
2026-09-04 19:50:29 INFO: [lns_stage2] iter 32 | objective 207.5102 | improved by 1.0457 | hole 22 pods | 224s elapsed
2026-09-04 19:50:36 INFO: [lns_stage2] iter 33 | objective 207.6919 | improved by 0.1816 | hole 22 pods | 231s elapsed
2026-09-04 19:50:47 INFO: [lns_stage2] iter 34 | objective 208.0267 | improved by 0.3349 | hole 25 pods | 242s elapsed
2026-09-04 19:51:11 INFO: [lns_stage2] iter 37 | objective 212.4775 | improved by 4.4508 | hole 25 pods | 266s elapsed
2026-09-04 19:51:14 INFO: [lns_stage2] iter 38 | objective 212.6034 | improved by 0.1259 | hole 25 pods | 269s elapsed
2026-09-04 19:51:25 INFO: [lns_stage2] iter 39 | objective 213.6325 | improved by 1.0291 | hole 28 pods | 280s elapsed
2026-09-04 19:51:27 INFO: [lns_stage2] iter 41 | objective 213.6769 | improved by 0.0444 | hole 25 pods | 282s elapsed
2026-09-04 19:51:34 INFO: [lns_stage2] iter 42 | objective 213.8272 | improved by 0.1504 | hole 28 pods | 289s elapsed
2026-09-04 19:51:48 INFO: [lns_stage2] iter 43 | objective 214.4939 | improved by 0.6667 | hole 31 pods | 303s elapsed
