2026-09-04 21:21:36 INFO: Warehouse initialization | grid=15x20, physical=34x25, num_skus=3000, num_robots=20, num_ws=4
2026-09-04 21:21:36 INFO: Warehouse initialized | 300 pods  (average number of skus per pod = 30.00), 4 workstations, 20 robots
2026-09-04 21:21:36 INFO: [OptManager] Building time-space network ...
2026-09-04 21:21:36 INFO: [OptManager] Network ready: 21280 nodes, 159154 travelling arcs, 20976 idle arcs.
2026-09-04 21:21:36 INFO: 
=============================================
2026-09-04 21:21:36 INFO:   START SIMULATION  {TIME HORIZON = 01:00:00}
2026-09-04 21:21:36 DEBUG:    EVENT NUM 1     current_time = 00:00:00   ARRIVAL_ORDER         [queue size = 1]
2026-09-04 21:21:36 DEBUG: Order 0 arrived: items_required = [1768].     [orders_in_system = 1]
2026-09-04 21:21:36 DEBUG: Order 1 arrived: items_required = [1494].     [orders_in_system = 2]
2026-09-04 21:21:36 DEBUG: Order 2 arrived: items_required = [1065].     [orders_in_system = 3]
2026-09-04 21:21:36 DEBUG: Order 3 arrived: items_required = [1658, 1553, 768].     [orders_in_system = 4]
2026-09-04 21:21:36 DEBUG: Order 4 arrived: items_required = [1592, 1559].     [orders_in_system = 5]
2026-09-04 21:21:36 DEBUG: Order 5 arrived: items_required = [1850].     [orders_in_system = 6]
2026-09-04 21:21:36 DEBUG: Order 6 arrived: items_required = [610, 516, 2014].     [orders_in_system = 7]
2026-09-04 21:21:36 DEBUG: Order 7 arrived: items_required = [2128].     [orders_in_system = 8]
2026-09-04 21:21:36 DEBUG: Order 8 arrived: items_required = [1743, 2030].     [orders_in_system = 9]
2026-09-04 21:21:36 DEBUG: Order 9 arrived: items_required = [1894, 1509].     [orders_in_system = 10]
2026-09-04 21:21:36 DEBUG: Order 10 arrived: items_required = [1446, 2296].     [orders_in_system = 11]
2026-09-04 21:21:36 DEBUG: Order 11 arrived: items_required = [1214, 1478, 986].     [orders_in_system = 12]
2026-09-04 21:21:36 DEBUG: Order 12 arrived: items_required = [1140, 1362].     [orders_in_system = 13]
2026-09-04 21:21:36 DEBUG: Order 13 arrived: items_required = [1935, 2810].     [orders_in_system = 14]
2026-09-04 21:21:36 DEBUG: Order 14 arrived: items_required = [1517].     [orders_in_system = 15]
2026-09-04 21:21:36 DEBUG: Order 15 arrived: items_required = [1324, 1366, 1076].     [orders_in_system = 16]
2026-09-04 21:21:36 DEBUG: Order 16 arrived: items_required = [1442].     [orders_in_system = 17]
2026-09-04 21:21:36 DEBUG: Order 17 arrived: items_required = [1910].     [orders_in_system = 18]
2026-09-04 21:21:36 DEBUG: Order 18 arrived: items_required = [1634].     [orders_in_system = 19]
2026-09-04 21:21:36 DEBUG: Order 19 arrived: items_required = [1948, 1633].     [orders_in_system = 20]
2026-09-04 21:21:36 DEBUG: Order 20 arrived: items_required = [1817, 1229, 1574, 879].     [orders_in_system = 21]
2026-09-04 21:21:36 DEBUG: Order 21 arrived: items_required = [1414, 1496, 1721, 788].     [orders_in_system = 22]
2026-09-04 21:21:36 DEBUG: Order 22 arrived: items_required = [847].     [orders_in_system = 23]
2026-09-04 21:21:36 DEBUG: Order 23 arrived: items_required = [2147, 1242].     [orders_in_system = 24]
2026-09-04 21:21:36 DEBUG: Order 24 arrived: items_required = [1868].     [orders_in_system = 25]
2026-09-04 21:21:36 DEBUG: Order 25 arrived: items_required = [1471].     [orders_in_system = 26]
2026-09-04 21:21:36 DEBUG: Order 26 arrived: items_required = [2125].     [orders_in_system = 27]
2026-09-04 21:21:36 DEBUG: Order 27 arrived: items_required = [900, 1203, 1276].     [orders_in_system = 28]
2026-09-04 21:21:36 DEBUG: Order 28 arrived: items_required = [2655, 1335].     [orders_in_system = 29]
2026-09-04 21:21:36 DEBUG: Order 29 arrived: items_required = [1029, 1752, 1588, 1214].     [orders_in_system = 30]
2026-09-04 21:21:36 DEBUG: Order 30 arrived: items_required = [1749].     [orders_in_system = 31]
2026-09-04 21:21:36 DEBUG: Order 31 arrived: items_required = [903, 1582].     [orders_in_system = 32]
2026-09-04 21:21:36 DEBUG: Order 32 arrived: items_required = [1680, 1683].     [orders_in_system = 33]
2026-09-04 21:21:36 DEBUG: Order 33 arrived: items_required = [1545].     [orders_in_system = 34]
2026-09-04 21:21:36 DEBUG: Order 34 arrived: items_required = [1796].     [orders_in_system = 35]
2026-09-04 21:21:36 DEBUG: Order 35 arrived: items_required = [1234, 1298].     [orders_in_system = 36]
2026-09-04 21:21:36 DEBUG: Order 36 arrived: items_required = [456].     [orders_in_system = 37]
2026-09-04 21:21:36 DEBUG: Order 37 arrived: items_required = [2171].     [orders_in_system = 38]
2026-09-04 21:21:36 DEBUG: Order 38 arrived: items_required = [740].     [orders_in_system = 39]
2026-09-04 21:21:36 DEBUG: Order 39 arrived: items_required = [936, 1385].     [orders_in_system = 40]
2026-09-04 21:21:36 DEBUG: Order 40 arrived: items_required = [1479, 1253].     [orders_in_system = 41]
2026-09-04 21:21:36 DEBUG: Order 41 arrived: items_required = [1834, 1514, 1716].     [orders_in_system = 42]
2026-09-04 21:21:36 DEBUG: Order 42 arrived: items_required = [1308, 2043, 973, 905, 1018].     [orders_in_system = 43]
2026-09-04 21:21:36 DEBUG: Order 43 arrived: items_required = [1429].     [orders_in_system = 44]
2026-09-04 21:21:36 DEBUG: Order 44 arrived: items_required = [1226, 1388, 1832].     [orders_in_system = 45]
2026-09-04 21:21:36 DEBUG: Order 45 arrived: items_required = [1074, 2238].     [orders_in_system = 46]
2026-09-04 21:21:36 DEBUG: Order 46 arrived: items_required = [1035].     [orders_in_system = 47]
2026-09-04 21:21:36 DEBUG: Order 47 arrived: items_required = [1600].     [orders_in_system = 48]
2026-09-04 21:21:36 DEBUG: Order 48 arrived: items_required = [1334, 1174, 1278, 1149, 1961, 1505].     [orders_in_system = 49]
2026-09-04 21:21:36 DEBUG: Order 49 arrived: items_required = [1784, 1623, 1230, 1600].     [orders_in_system = 50]
2026-09-04 21:21:36 DEBUG: Order 50 arrived: items_required = [2004].     [orders_in_system = 51]
2026-09-04 21:21:36 DEBUG: Order 51 arrived: items_required = [1651, 1298].     [orders_in_system = 52]
2026-09-04 21:21:36 DEBUG: Order 52 arrived: items_required = [1223].     [orders_in_system = 53]
2026-09-04 21:21:36 DEBUG: Order 53 arrived: items_required = [1437].     [orders_in_system = 54]
2026-09-04 21:21:36 DEBUG: Order 54 arrived: items_required = [587].     [orders_in_system = 55]
2026-09-04 21:21:36 DEBUG: Order 55 arrived: items_required = [1239].     [orders_in_system = 56]
2026-09-04 21:21:36 DEBUG: Order 56 arrived: items_required = [1522].     [orders_in_system = 57]
2026-09-04 21:21:36 DEBUG: Order 57 arrived: items_required = [812].     [orders_in_system = 58]
2026-09-04 21:21:36 DEBUG: Order 58 arrived: items_required = [1351].     [orders_in_system = 59]
2026-09-04 21:21:36 DEBUG: Order 59 arrived: items_required = [1758].     [orders_in_system = 60]
2026-09-04 21:21:36 DEBUG: Order 60 arrived: items_required = [1146, 2549].     [orders_in_system = 61]
2026-09-04 21:21:36 DEBUG: Order 61 arrived: items_required = [1508, 2127].     [orders_in_system = 62]
2026-09-04 21:21:36 DEBUG: Order 62 arrived: items_required = [1399].     [orders_in_system = 63]
2026-09-04 21:21:36 DEBUG: Order 63 arrived: items_required = [2287].     [orders_in_system = 64]
2026-09-04 21:21:36 DEBUG: Order 64 arrived: items_required = [1293, 1045].     [orders_in_system = 65]
2026-09-04 21:21:36 DEBUG: Order 65 arrived: items_required = [1525, 2107].     [orders_in_system = 66]
2026-09-04 21:21:36 DEBUG: Order 66 arrived: items_required = [1326, 1718, 878].     [orders_in_system = 67]
2026-09-04 21:21:36 DEBUG: Order 67 arrived: items_required = [1729, 1082].     [orders_in_system = 68]
2026-09-04 21:21:36 DEBUG: Order 68 arrived: items_required = [987, 1598, 1473].     [orders_in_system = 69]
2026-09-04 21:21:36 DEBUG: Order 69 arrived: items_required = [2269].     [orders_in_system = 70]
2026-09-04 21:21:36 DEBUG: Order 70 arrived: items_required = [740].     [orders_in_system = 71]
2026-09-04 21:21:36 DEBUG: Order 71 arrived: items_required = [977, 1440].     [orders_in_system = 72]
2026-09-04 21:21:36 DEBUG: Order 72 arrived: items_required = [1823].     [orders_in_system = 73]
2026-09-04 21:21:36 DEBUG: Order 73 arrived: items_required = [1632, 1908, 1691, 1637, 836, 2559].     [orders_in_system = 74]
2026-09-04 21:21:36 DEBUG: Order 74 arrived: items_required = [901, 2010, 1478, 1597, 134, 1442, 1614, 2126].     [orders_in_system = 75]
2026-09-04 21:21:36 DEBUG: Order 75 arrived: items_required = [1531, 1273, 1920].     [orders_in_system = 76]
2026-09-04 21:21:36 DEBUG: Order 76 arrived: items_required = [1908, 1244].     [orders_in_system = 77]
2026-09-04 21:21:36 DEBUG: Order 77 arrived: items_required = [1331].     [orders_in_system = 78]
2026-09-04 21:21:36 DEBUG: Order 78 arrived: items_required = [922].     [orders_in_system = 79]
2026-09-04 21:21:36 DEBUG: Order 79 arrived: items_required = [1787].     [orders_in_system = 80]
2026-09-04 21:21:36 DEBUG: Order 80 arrived: items_required = [1619].     [orders_in_system = 81]
2026-09-04 21:21:36 DEBUG: Order 81 arrived: items_required = [1745].     [orders_in_system = 82]
2026-09-04 21:21:36 DEBUG: Order 82 arrived: items_required = [2235].     [orders_in_system = 83]
2026-09-04 21:21:36 DEBUG: Order 83 arrived: items_required = [1427, 1605, 1351].     [orders_in_system = 84]
2026-09-04 21:21:36 DEBUG: Order 84 arrived: items_required = [1192, 1503, 2689, 1149].     [orders_in_system = 85]
2026-09-04 21:21:36 DEBUG: Order 85 arrived: items_required = [2352, 47].     [orders_in_system = 86]
2026-09-04 21:21:36 DEBUG: Order 86 arrived: items_required = [1003, 1121].     [orders_in_system = 87]
2026-09-04 21:21:36 DEBUG: Order 87 arrived: items_required = [600, 1436, 1257, 1066, 1380].     [orders_in_system = 88]
2026-09-04 21:21:36 DEBUG: Order 88 arrived: items_required = [1459, 1043, 1148].     [orders_in_system = 89]
2026-09-04 21:21:36 DEBUG: Order 89 arrived: items_required = [871].     [orders_in_system = 90]
2026-09-04 21:21:36 DEBUG: Order 90 arrived: items_required = [1080, 846, 1886].     [orders_in_system = 91]
2026-09-04 21:21:36 DEBUG: Order 91 arrived: items_required = [1680].     [orders_in_system = 92]
2026-09-04 21:21:36 DEBUG: Order 92 arrived: items_required = [2198].     [orders_in_system = 93]
2026-09-04 21:21:36 DEBUG: Order 93 arrived: items_required = [2279].     [orders_in_system = 94]
2026-09-04 21:21:36 DEBUG: Order 94 arrived: items_required = [1988, 881].     [orders_in_system = 95]
2026-09-04 21:21:36 DEBUG: Order 95 arrived: items_required = [1716, 2256, 1322].     [orders_in_system = 96]
2026-09-04 21:21:36 DEBUG: Order 96 arrived: items_required = [1575, 1805, 1283].     [orders_in_system = 97]
2026-09-04 21:21:36 DEBUG: Order 97 arrived: items_required = [1074, 986].     [orders_in_system = 98]
2026-09-04 21:21:36 DEBUG: Order 98 arrived: items_required = [956, 1349, 2202, 1231].     [orders_in_system = 99]
2026-09-04 21:21:36 DEBUG: Order 99 arrived: items_required = [750, 1615, 2240, 2076].     [orders_in_system = 100]
2026-09-04 21:21:36 DEBUG: Order 100 arrived: items_required = [1271, 1166].     [orders_in_system = 101]
2026-09-04 21:21:36 DEBUG: Order 101 arrived: items_required = [1049, 1641].     [orders_in_system = 102]
2026-09-04 21:21:36 DEBUG: Order 102 arrived: items_required = [2466].     [orders_in_system = 103]
2026-09-04 21:21:36 DEBUG: Order 103 arrived: items_required = [1657, 1710].     [orders_in_system = 104]
2026-09-04 21:21:36 DEBUG: Order 104 arrived: items_required = [1415].     [orders_in_system = 105]
2026-09-04 21:21:36 DEBUG: Order 105 arrived: items_required = [2056, 1624].     [orders_in_system = 106]
2026-09-04 21:21:36 DEBUG: Order 106 arrived: items_required = [2648, 628, 1704, 923, 1616].     [orders_in_system = 107]
2026-09-04 21:21:36 DEBUG: Order 107 arrived: items_required = [1895, 1048, 2107].     [orders_in_system = 108]
2026-09-04 21:21:36 DEBUG: Order 108 arrived: items_required = [634].     [orders_in_system = 109]
2026-09-04 21:21:36 DEBUG: Order 109 arrived: items_required = [1877].     [orders_in_system = 110]
2026-09-04 21:21:36 DEBUG: Order 110 arrived: items_required = [1274, 1006, 585].     [orders_in_system = 111]
2026-09-04 21:21:36 DEBUG: Order 111 arrived: items_required = [666, 1436].     [orders_in_system = 112]
2026-09-04 21:21:36 DEBUG: Order 112 arrived: items_required = [1441, 1222, 1171, 1183].     [orders_in_system = 113]
2026-09-04 21:21:36 DEBUG: Order 113 arrived: items_required = [1425].     [orders_in_system = 114]
2026-09-04 21:21:36 DEBUG: Order 114 arrived: items_required = [887].     [orders_in_system = 115]
2026-09-04 21:21:36 DEBUG: Order 115 arrived: items_required = [1073].     [orders_in_system = 116]
2026-09-04 21:21:36 DEBUG: Order 116 arrived: items_required = [1447, 1740, 1669].     [orders_in_system = 117]
2026-09-04 21:21:36 DEBUG: Order 117 arrived: items_required = [1351].     [orders_in_system = 118]
2026-09-04 21:21:36 DEBUG: Order 118 arrived: items_required = [1123, 2646, 1425, 1885, 1619].     [orders_in_system = 119]
2026-09-04 21:21:36 DEBUG: Order 119 arrived: items_required = [1548].     [orders_in_system = 120]
2026-09-04 21:21:36 DEBUG: Order 120 arrived: items_required = [1471].     [orders_in_system = 121]
2026-09-04 21:21:36 DEBUG: Order 121 arrived: items_required = [1921, 1347, 153].     [orders_in_system = 122]
2026-09-04 21:21:36 DEBUG: Order 122 arrived: items_required = [1393].     [orders_in_system = 123]
2026-09-04 21:21:36 DEBUG: Order 123 arrived: items_required = [1983].     [orders_in_system = 124]
2026-09-04 21:21:36 DEBUG: Order 124 arrived: items_required = [2018, 2638, 1223].     [orders_in_system = 125]
2026-09-04 21:21:36 DEBUG: Order 125 arrived: items_required = [892, 1146, 1783].     [orders_in_system = 126]
2026-09-04 21:21:36 DEBUG: Order 126 arrived: items_required = [1205, 1361, 1504, 2665].     [orders_in_system = 127]
2026-09-04 21:21:36 DEBUG: Order 127 arrived: items_required = [1568].     [orders_in_system = 128]
2026-09-04 21:21:36 DEBUG: Order 128 arrived: items_required = [2677, 1585, 1830].     [orders_in_system = 129]
2026-09-04 21:21:36 DEBUG: Order 129 arrived: items_required = [288, 1687, 1603].     [orders_in_system = 130]
2026-09-04 21:21:36 DEBUG: Order 130 arrived: items_required = [1086].     [orders_in_system = 131]
2026-09-04 21:21:36 DEBUG: Order 131 arrived: items_required = [886].     [orders_in_system = 132]
2026-09-04 21:21:36 DEBUG: Order 132 arrived: items_required = [1239, 1712].     [orders_in_system = 133]
2026-09-04 21:21:36 DEBUG: Order 133 arrived: items_required = [1155, 2473, 1953, 869].     [orders_in_system = 134]
2026-09-04 21:21:36 DEBUG: Order 134 arrived: items_required = [697, 1584, 1912].     [orders_in_system = 135]
2026-09-04 21:21:36 DEBUG: Order 135 arrived: items_required = [2118, 2599].     [orders_in_system = 136]
2026-09-04 21:21:36 DEBUG: Order 136 arrived: items_required = [1067].     [orders_in_system = 137]
2026-09-04 21:21:36 DEBUG: Order 137 arrived: items_required = [1700].     [orders_in_system = 138]
2026-09-04 21:21:36 DEBUG: Order 138 arrived: items_required = [1494, 1349].     [orders_in_system = 139]
2026-09-04 21:21:36 DEBUG: Order 139 arrived: items_required = [1785, 1860].     [orders_in_system = 140]
2026-09-04 21:21:36 DEBUG: Order 140 arrived: items_required = [1348].     [orders_in_system = 141]
2026-09-04 21:21:36 DEBUG: Order 141 arrived: items_required = [1454, 2515, 1497].     [orders_in_system = 142]
2026-09-04 21:21:36 DEBUG: Order 142 arrived: items_required = [194].     [orders_in_system = 143]
2026-09-04 21:21:36 DEBUG: Order 143 arrived: items_required = [635, 530, 1902, 528, 1480, 2470, 1170].     [orders_in_system = 144]
2026-09-04 21:21:36 DEBUG: Order 144 arrived: items_required = [1558].     [orders_in_system = 145]
2026-09-04 21:21:36 DEBUG: Order 145 arrived: items_required = [1975].     [orders_in_system = 146]
2026-09-04 21:21:36 DEBUG: Order 146 arrived: items_required = [2103, 1072].     [orders_in_system = 147]
2026-09-04 21:21:36 DEBUG: Order 147 arrived: items_required = [808, 1496, 894].     [orders_in_system = 148]
2026-09-04 21:21:36 DEBUG: Order 148 arrived: items_required = [976, 2193].     [orders_in_system = 149]
2026-09-04 21:21:36 DEBUG: Order 149 arrived: items_required = [1453, 1264].     [orders_in_system = 150]
2026-09-04 21:21:36 DEBUG:    EVENT NUM 2     current_time = 00:00:01   RUN_OPTIMIZER         [queue size = 1]
2026-09-04 21:21:36 INFO: Solving stage 1 ... 
2026-09-04 21:21:36 INFO: 
[lns_stage1] start | 150 orders, 300 pods, 4 workstations (150 free to move) | budget 30s
2026-09-04 21:21:37 INFO: [lns_stage1] initial objective 219.0000
2026-09-04 21:21:37 INFO: [lns_stage1] iter 1 | objective 213.7027 | improved by 5.2973 | hole 30 orders | 1s elapsed
2026-09-04 21:21:37 INFO: [lns_stage1] iter 2 | objective 208.1216 | improved by 5.5811 | hole 30 orders | 1s elapsed
2026-09-04 21:21:38 INFO: [lns_stage1] iter 3 | objective 204.9189 | improved by 3.2027 | hole 30 orders | 2s elapsed
2026-09-04 21:21:38 INFO: [lns_stage1] iter 4 | objective 200.5811 | improved by 4.3378 | hole 30 orders | 2s elapsed
2026-09-04 21:21:39 INFO: [lns_stage1] iter 5 | objective 199.5405 | improved by 1.0405 | hole 30 orders | 2s elapsed
2026-09-04 21:21:39 INFO: [lns_stage1] iter 6 | objective 196.4865 | improved by 3.0541 | hole 30 orders | 3s elapsed
2026-09-04 21:21:39 INFO: [lns_stage1] iter 7 | objective 194.4054 | improved by 2.0811 | hole 30 orders | 3s elapsed
2026-09-04 21:21:39 INFO: [lns_stage1] iter 8 | objective 192.3919 | improved by 2.0135 | hole 30 orders | 3s elapsed
2026-09-04 21:21:39 INFO: [lns_stage1] iter 9 | objective 192.2297 | improved by 0.1622 | hole 30 orders | 3s elapsed
2026-09-04 21:21:40 INFO: [lns_stage1] iter 10 | objective 190.5811 | improved by 1.6486 | hole 35 orders | 3s elapsed
2026-09-04 21:21:40 INFO: [lns_stage1] iter 13 | objective 189.1351 | improved by 1.4459 | hole 35 orders | 4s elapsed
2026-09-04 21:21:40 INFO: [lns_stage1] iter 14 | objective 187.6892 | improved by 1.4459 | hole 35 orders | 4s elapsed
2026-09-04 21:21:42 INFO: [lns_stage1] iter 20 | objective 186.0405 | improved by 1.6486 | hole 45 orders | 5s elapsed
2026-09-04 21:21:42 INFO: [lns_stage1] iter 21 | objective 184.8378 | improved by 1.2027 | hole 45 orders | 6s elapsed
2026-09-04 21:21:44 INFO: [lns_stage1] iter 25 | objective 181.2973 | improved by 3.5405 | hole 55 orders | 7s elapsed
2026-09-04 21:21:45 INFO: [lns_stage1] iter 27 | objective 179.7703 | improved by 1.5270 | hole 55 orders | 8s elapsed
2026-09-04 21:21:45 INFO: [lns_stage1] iter 28 | objective 178.3243 | improved by 1.4459 | hole 55 orders | 9s elapsed
2026-09-04 21:21:46 INFO: [lns_stage1] iter 29 | objective 175.5135 | improved by 2.8108 | hole 55 orders | 10s elapsed
2026-09-04 21:21:47 INFO: [lns_stage1] iter 32 | objective 174.5541 | improved by 0.9595 | hole 55 orders | 11s elapsed
2026-09-04 21:21:49 INFO: [lns_stage1] iter 36 | objective 173.8378 | improved by 0.7162 | hole 65 orders | 12s elapsed
2026-09-04 21:21:49 INFO: [lns_stage1] iter 37 | objective 173.1486 | improved by 0.6892 | hole 65 orders | 13s elapsed
2026-09-04 21:21:50 INFO: [lns_stage1] iter 38 | objective 171.1757 | improved by 1.9730 | hole 65 orders | 14s elapsed
2026-09-04 21:21:51 INFO: [lns_stage1] iter 39 | objective 171.1351 | improved by 0.0405 | hole 65 orders | 14s elapsed
2026-09-04 21:21:52 INFO: [lns_stage1] iter 42 | objective 171.0541 | improved by 0.0811 | hole 65 orders | 15s elapsed
2026-09-04 21:21:54 INFO: [lns_stage1] iter 49 | objective 170.8919 | improved by 0.1622 | hole 70 orders | 18s elapsed
2026-09-04 21:21:55 INFO: [lns_stage1] iter 50 | objective 169.8108 | improved by 1.0811 | hole 75 orders | 19s elapsed
2026-09-04 21:21:58 INFO: [lns_stage1] iter 58 | objective 168.7703 | improved by 1.0405 | hole 70 orders | 22s elapsed
2026-09-04 21:22:07 INFO: [lns_stage1] done | 30.4s, 78 iterations | final objective 168.7703 | feasible True
2026-09-04 21:22:07 INFO: Stage 1 solved.
2026-09-04 21:22:07 INFO: Solving stage 2 ... 
2026-09-04 21:22:07 INFO: 
[lns_stage2] start | 310 item order pairs, 98 pods, 4 workstations, 70 time steps | budget 400s
2026-09-04 21:22:25 INFO: [lns_stage2] initial objective -10.0664
2026-09-04 21:22:44 INFO: [lns_stage2] iter 1 | objective 3.5387 | improved by 13.6051 | hole 10 pods | 37s elapsed
2026-09-04 21:23:04 INFO: [lns_stage2] iter 2 | objective 18.5911 | improved by 15.0524 | hole 10 pods | 57s elapsed
2026-09-04 21:23:24 INFO: [lns_stage2] iter 3 | objective 27.1270 | improved by 8.5359 | hole 10 pods | 78s elapsed
2026-09-04 21:23:45 INFO: [lns_stage2] iter 4 | objective 41.5060 | improved by 14.3790 | hole 10 pods | 98s elapsed
2026-09-04 21:24:05 INFO: [lns_stage2] iter 5 | objective 50.2706 | improved by 8.7646 | hole 10 pods | 118s elapsed
2026-09-04 21:24:13 INFO: [lns_stage2] iter 6 | objective 65.3182 | improved by 15.0476 | hole 10 pods | 126s elapsed
2026-09-04 21:24:14 INFO: [lns_stage2] iter 7 | objective 74.3794 | improved by 9.0611 | hole 10 pods | 127s elapsed
2026-09-04 21:24:16 INFO: [lns_stage2] iter 8 | objective 85.9931 | improved by 11.6137 | hole 10 pods | 129s elapsed
2026-09-04 21:24:17 INFO: [lns_stage2] iter 9 | objective 92.3667 | improved by 6.3736 | hole 10 pods | 130s elapsed
2026-09-04 21:24:20 INFO: [lns_stage2] iter 10 | objective 105.0103 | improved by 12.6436 | hole 10 pods | 133s elapsed
2026-09-04 21:24:23 INFO: [lns_stage2] iter 11 | objective 110.7506 | improved by 5.7403 | hole 10 pods | 136s elapsed
2026-09-04 21:24:26 INFO: [lns_stage2] iter 12 | objective 123.0469 | improved by 12.2964 | hole 10 pods | 139s elapsed
2026-09-04 21:24:28 INFO: [lns_stage2] iter 13 | objective 131.9501 | improved by 8.9032 | hole 10 pods | 141s elapsed
2026-09-04 21:24:31 INFO: [lns_stage2] iter 14 | objective 133.6071 | improved by 1.6570 | hole 10 pods | 144s elapsed
2026-09-04 21:24:36 INFO: [lns_stage2] iter 15 | objective 134.8910 | improved by 1.2839 | hole 10 pods | 149s elapsed
2026-09-04 21:24:39 INFO: [lns_stage2] iter 16 | objective 138.1741 | improved by 3.2831 | hole 10 pods | 152s elapsed
2026-09-04 21:24:40 INFO: [lns_stage2] iter 17 | objective 139.6567 | improved by 1.4826 | hole 10 pods | 153s elapsed
2026-09-04 21:25:20 INFO: [lns_stage2] iter 18 | objective 141.6223 | improved by 1.9656 | hole 10 pods | 193s elapsed
2026-09-04 21:25:21 INFO: [lns_stage2] iter 19 | objective 141.7224 | improved by 0.1001 | hole 10 pods | 194s elapsed
2026-09-04 21:26:00 INFO: [lns_stage2] iter 20 | objective 145.4895 | improved by 3.7671 | hole 13 pods | 234s elapsed
2026-09-04 21:26:02 INFO: [lns_stage2] iter 21 | objective 148.7439 | improved by 3.2544 | hole 13 pods | 235s elapsed
2026-09-04 21:26:06 INFO: [lns_stage2] iter 22 | objective 149.0474 | improved by 0.3035 | hole 13 pods | 239s elapsed
2026-09-04 21:26:09 INFO: [lns_stage2] iter 23 | objective 149.9284 | improved by 0.8810 | hole 13 pods | 242s elapsed
2026-09-04 21:26:12 INFO: [lns_stage2] iter 24 | objective 151.5575 | improved by 1.6291 | hole 13 pods | 246s elapsed
2026-09-04 21:26:16 INFO: [lns_stage2] iter 25 | objective 152.3439 | improved by 0.7864 | hole 13 pods | 249s elapsed
2026-09-04 21:26:19 INFO: [lns_stage2] iter 26 | objective 154.6395 | improved by 2.2956 | hole 13 pods | 253s elapsed
